[0.000000] (-) TimerEvent: {}
[0.000124] (-) JobUnselected: {'identifier': 'chomp_motion_planner'}
[0.000145] (-) JobUnselected: {'identifier': 'launch_param_builder'}
[0.000156] (-) JobUnselected: {'identifier': 'moveit'}
[0.000165] (-) JobUnselected: {'identifier': 'moveit2_tutorials'}
[0.000174] (-) JobUnselected: {'identifier': 'moveit_chomp_optimizer_adapter'}
[0.000182] (-) JobUnselected: {'identifier': 'moveit_common'}
[0.000191] (-) JobUnselected: {'identifier': 'moveit_configs_utils'}
[0.000227] (-) JobUnselected: {'identifier': 'moveit_core'}
[0.000240] (-) JobUnselected: {'identifier': 'moveit_hybrid_planning'}
[0.000249] (-) JobUnselected: {'identifier': 'moveit_kinematics'}
[0.000258] (-) JobUnselected: {'identifier': 'moveit_planners'}
[0.000266] (-) JobUnselected: {'identifier': 'moveit_planners_chomp'}
[0.000274] (-) JobUnselected: {'identifier': 'moveit_planners_ompl'}
[0.000282] (-) JobUnselected: {'identifier': 'moveit_plugins'}
[0.000290] (-) JobUnselected: {'identifier': 'moveit_py'}
[0.000298] (-) JobUnselected: {'identifier': 'moveit_resources'}
[0.000305] (-) JobUnselected: {'identifier': 'moveit_resources_fanuc_description'}
[0.000313] (-) JobUnselected: {'identifier': 'moveit_resources_fanuc_moveit_config'}
[0.000321] (-) JobUnselected: {'identifier': 'moveit_resources_panda_description'}
[0.000329] (-) JobUnselected: {'identifier': 'moveit_resources_panda_moveit_config'}
[0.000336] (-) JobUnselected: {'identifier': 'moveit_resources_pr2_description'}
[0.000344] (-) JobUnselected: {'identifier': 'moveit_resources_prbt_ikfast_manipulator_plugin'}
[0.000352] (-) JobUnselected: {'identifier': 'moveit_resources_prbt_moveit_config'}
[0.000359] (-) JobUnselected: {'identifier': 'moveit_resources_prbt_pg70_support'}
[0.000367] (-) JobUnselected: {'identifier': 'moveit_resources_prbt_support'}
[0.000375] (-) JobUnselected: {'identifier': 'moveit_ros'}
[0.000382] (-) JobUnselected: {'identifier': 'moveit_ros_benchmarks'}
[0.000389] (-) JobUnselected: {'identifier': 'moveit_ros_control_interface'}
[0.000397] (-) JobUnselected: {'identifier': 'moveit_ros_move_group'}
[0.000405] (-) JobUnselected: {'identifier': 'moveit_ros_occupancy_map_monitor'}
[0.000413] (-) JobUnselected: {'identifier': 'moveit_ros_perception'}
[0.000421] (-) JobUnselected: {'identifier': 'moveit_ros_planning'}
[0.000428] (-) JobUnselected: {'identifier': 'moveit_ros_planning_interface'}
[0.000436] (-) JobUnselected: {'identifier': 'moveit_ros_robot_interaction'}
[0.000444] (-) JobUnselected: {'identifier': 'moveit_ros_visualization'}
[0.000451] (-) JobUnselected: {'identifier': 'moveit_ros_warehouse'}
[0.000459] (-) JobUnselected: {'identifier': 'moveit_runtime'}
[0.000467] (-) JobUnselected: {'identifier': 'moveit_servo'}
[0.000475] (-) JobUnselected: {'identifier': 'moveit_setup_app_plugins'}
[0.000482] (-) JobUnselected: {'identifier': 'moveit_setup_assistant'}
[0.000490] (-) JobUnselected: {'identifier': 'moveit_setup_controllers'}
[0.000497] (-) JobUnselected: {'identifier': 'moveit_setup_core_plugins'}
[0.000506] (-) JobUnselected: {'identifier': 'moveit_setup_framework'}
[0.000513] (-) JobUnselected: {'identifier': 'moveit_setup_srdf_plugins'}
[0.000521] (-) JobUnselected: {'identifier': 'moveit_simple_controller_manager'}
[0.000528] (-) JobUnselected: {'identifier': 'moveit_task_constructor_capabilities'}
[0.000537] (-) JobUnselected: {'identifier': 'moveit_task_constructor_core'}
[0.000544] (-) JobUnselected: {'identifier': 'moveit_task_constructor_demo'}
[0.000552] (-) JobUnselected: {'identifier': 'moveit_task_constructor_msgs'}
[0.000559] (-) JobUnselected: {'identifier': 'moveit_task_constructor_visualization'}
[0.000567] (-) JobUnselected: {'identifier': 'moveit_visual_tools'}
[0.000574] (-) JobUnselected: {'identifier': 'pilz_industrial_motion_planner'}
[0.000582] (-) JobUnselected: {'identifier': 'pilz_industrial_motion_planner_testutils'}
[0.000590] (-) JobUnselected: {'identifier': 'rosparam_shortcuts'}
[0.000597] (-) JobUnselected: {'identifier': 'rviz_marker_tools'}
[0.000604] (-) JobUnselected: {'identifier': 'srdfdom'}
[0.000617] (-) JobUnselected: {'identifier': 'ur3e_motion'}
[0.000625] (-) JobUnselected: {'identifier': 'ur3e_motion_cpp'}
[0.000634] (-) EventReactorShutdown: {}
