[0.046s] Invoking command in '/home/b/ws_moveit2/src/build/moveit_resources_fanuc_moveit_config': AMENT_PREFIX_PATH=/home/b/ws_moveit2/src/install/moveit_resources_fanuc_description:${AMENT_PREFIX_PATH} CMAKE_PREFIX_PATH=/home/b/ws_moveit2/src/install/moveit_resources_fanuc_description:/opt/ros/humble /usr/bin/cmake /home/b/ws_moveit2/src/moveit_resources/fanuc_moveit_config -DCMAKE_INSTALL_PREFIX=/home/b/ws_moveit2/src/install/moveit_resources_fanuc_moveit_config
[0.136s] -- The C compiler identification is GNU 11.4.0
[0.446s] -- The CXX compiler identification is GNU 11.4.0
[0.704s] -- Detecting C compiler ABI info
[0.848s] -- Detecting C compiler ABI info - done
[0.853s] -- Check for working C compiler: /usr/bin/cc - skipped
[0.853s] -- Detecting C compile features
[0.854s] -- Detecting C compile features - done
[0.857s] -- Detecting CXX compiler ABI info
[1.002s] -- Detecting CXX compiler ABI info - done
[1.011s] -- Check for working CXX compiler: /usr/bin/c++ - skipped
[1.011s] -- Detecting CXX compile features
[1.012s] -- Detecting CXX compile features - done
[1.013s] -- Found ament_cmake: 1.3.13 (/opt/ros/humble/share/ament_cmake/cmake)
[1.147s] -- Found Python3: /usr/bin/python3 (found version "3.10.12") found components: Interpreter 
[1.279s] -- Configuring done
[1.283s] -- Generating done
[1.283s] -- Build files have been written to: /home/b/ws_moveit2/src/build/moveit_resources_fanuc_moveit_config
[1.289s] Invoked command in '/home/b/ws_moveit2/src/build/moveit_resources_fanuc_moveit_config' returned '0': AMENT_PREFIX_PATH=/home/b/ws_moveit2/src/install/moveit_resources_fanuc_description:${AMENT_PREFIX_PATH} CMAKE_PREFIX_PATH=/home/b/ws_moveit2/src/install/moveit_resources_fanuc_description:/opt/ros/humble /usr/bin/cmake /home/b/ws_moveit2/src/moveit_resources/fanuc_moveit_config -DCMAKE_INSTALL_PREFIX=/home/b/ws_moveit2/src/install/moveit_resources_fanuc_moveit_config
[1.292s] Invoking command in '/home/b/ws_moveit2/src/build/moveit_resources_fanuc_moveit_config': AMENT_PREFIX_PATH=/home/b/ws_moveit2/src/install/moveit_resources_fanuc_description:${AMENT_PREFIX_PATH} CMAKE_PREFIX_PATH=/home/b/ws_moveit2/src/install/moveit_resources_fanuc_description:/opt/ros/humble /usr/bin/cmake --build /home/b/ws_moveit2/src/build/moveit_resources_fanuc_moveit_config -- -j12 -l12
[1.331s] Invoked command in '/home/b/ws_moveit2/src/build/moveit_resources_fanuc_moveit_config' returned '0': AMENT_PREFIX_PATH=/home/b/ws_moveit2/src/install/moveit_resources_fanuc_description:${AMENT_PREFIX_PATH} CMAKE_PREFIX_PATH=/home/b/ws_moveit2/src/install/moveit_resources_fanuc_description:/opt/ros/humble /usr/bin/cmake --build /home/b/ws_moveit2/src/build/moveit_resources_fanuc_moveit_config -- -j12 -l12
[1.334s] Invoking command in '/home/b/ws_moveit2/src/build/moveit_resources_fanuc_moveit_config': AMENT_PREFIX_PATH=/home/b/ws_moveit2/src/install/moveit_resources_fanuc_description:${AMENT_PREFIX_PATH} CMAKE_PREFIX_PATH=/home/b/ws_moveit2/src/install/moveit_resources_fanuc_description:/opt/ros/humble /usr/bin/cmake --install /home/b/ws_moveit2/src/build/moveit_resources_fanuc_moveit_config
[1.338s] -- Install configuration: ""
[1.338s] -- Installing: /home/b/ws_moveit2/src/install/moveit_resources_fanuc_moveit_config/share/ament_index/resource_index/package_run_dependencies/moveit_resources_fanuc_moveit_config
[1.339s] -- Installing: /home/b/ws_moveit2/src/install/moveit_resources_fanuc_moveit_config/share/ament_index/resource_index/parent_prefix_path/moveit_resources_fanuc_moveit_config
[1.339s] -- Installing: /home/b/ws_moveit2/src/install/moveit_resources_fanuc_moveit_config/share/moveit_resources_fanuc_moveit_config/environment/ament_prefix_path.sh
[1.339s] -- Installing: /home/b/ws_moveit2/src/install/moveit_resources_fanuc_moveit_config/share/moveit_resources_fanuc_moveit_config/environment/ament_prefix_path.dsv
[1.340s] -- Installing: /home/b/ws_moveit2/src/install/moveit_resources_fanuc_moveit_config/share/moveit_resources_fanuc_moveit_config/environment/path.sh
[1.340s] -- Installing: /home/b/ws_moveit2/src/install/moveit_resources_fanuc_moveit_config/share/moveit_resources_fanuc_moveit_config/environment/path.dsv
[1.340s] -- Installing: /home/b/ws_moveit2/src/install/moveit_resources_fanuc_moveit_config/share/moveit_resources_fanuc_moveit_config/local_setup.bash
[1.340s] -- Installing: /home/b/ws_moveit2/src/install/moveit_resources_fanuc_moveit_config/share/moveit_resources_fanuc_moveit_config/local_setup.sh
[1.341s] -- Installing: /home/b/ws_moveit2/src/install/moveit_resources_fanuc_moveit_config/share/moveit_resources_fanuc_moveit_config/local_setup.zsh
[1.341s] -- Installing: /home/b/ws_moveit2/src/install/moveit_resources_fanuc_moveit_config/share/moveit_resources_fanuc_moveit_config/local_setup.dsv
[1.341s] -- Installing: /home/b/ws_moveit2/src/install/moveit_resources_fanuc_moveit_config/share/moveit_resources_fanuc_moveit_config/package.dsv
[1.341s] -- Installing: /home/b/ws_moveit2/src/install/moveit_resources_fanuc_moveit_config/share/ament_index/resource_index/packages/moveit_resources_fanuc_moveit_config
[1.341s] -- Installing: /home/b/ws_moveit2/src/install/moveit_resources_fanuc_moveit_config/share/moveit_resources_fanuc_moveit_config/cmake/moveit_resources_fanuc_moveit_configConfig.cmake
[1.341s] -- Installing: /home/b/ws_moveit2/src/install/moveit_resources_fanuc_moveit_config/share/moveit_resources_fanuc_moveit_config/cmake/moveit_resources_fanuc_moveit_configConfig-version.cmake
[1.341s] -- Installing: /home/b/ws_moveit2/src/install/moveit_resources_fanuc_moveit_config/share/moveit_resources_fanuc_moveit_config/package.xml
[1.341s] -- Installing: /home/b/ws_moveit2/src/install/moveit_resources_fanuc_moveit_config/share/moveit_resources_fanuc_moveit_config/launch
[1.341s] -- Installing: /home/b/ws_moveit2/src/install/moveit_resources_fanuc_moveit_config/share/moveit_resources_fanuc_moveit_config/launch/moveit.rviz
[1.341s] -- Installing: /home/b/ws_moveit2/src/install/moveit_resources_fanuc_moveit_config/share/moveit_resources_fanuc_moveit_config/launch/demo.launch.py
[1.342s] -- Installing: /home/b/ws_moveit2/src/install/moveit_resources_fanuc_moveit_config/share/moveit_resources_fanuc_moveit_config/config
[1.342s] -- Installing: /home/b/ws_moveit2/src/install/moveit_resources_fanuc_moveit_config/share/moveit_resources_fanuc_moveit_config/config/fanuc.ros2_control.xacro
[1.342s] -- Installing: /home/b/ws_moveit2/src/install/moveit_resources_fanuc_moveit_config/share/moveit_resources_fanuc_moveit_config/config/joint_limits.yaml
[1.343s] -- Installing: /home/b/ws_moveit2/src/install/moveit_resources_fanuc_moveit_config/share/moveit_resources_fanuc_moveit_config/config/fanuc.urdf.xacro
[1.343s] -- Installing: /home/b/ws_moveit2/src/install/moveit_resources_fanuc_moveit_config/share/moveit_resources_fanuc_moveit_config/config/chomp_planning.yaml
[1.343s] -- Installing: /home/b/ws_moveit2/src/install/moveit_resources_fanuc_moveit_config/share/moveit_resources_fanuc_moveit_config/config/ros2_controllers.yaml
[1.344s] -- Installing: /home/b/ws_moveit2/src/install/moveit_resources_fanuc_moveit_config/share/moveit_resources_fanuc_moveit_config/config/ompl_planning.yaml
[1.344s] -- Installing: /home/b/ws_moveit2/src/install/moveit_resources_fanuc_moveit_config/share/moveit_resources_fanuc_moveit_config/config/sensors_3d.yaml
[1.344s] -- Installing: /home/b/ws_moveit2/src/install/moveit_resources_fanuc_moveit_config/share/moveit_resources_fanuc_moveit_config/config/pilz_cartesian_limits.yaml
[1.345s] -- Installing: /home/b/ws_moveit2/src/install/moveit_resources_fanuc_moveit_config/share/moveit_resources_fanuc_moveit_config/config/moveit_controllers.yaml
[1.345s] -- Installing: /home/b/ws_moveit2/src/install/moveit_resources_fanuc_moveit_config/share/moveit_resources_fanuc_moveit_config/config/initial_positions.yaml
[1.345s] -- Installing: /home/b/ws_moveit2/src/install/moveit_resources_fanuc_moveit_config/share/moveit_resources_fanuc_moveit_config/config/fanuc.srdf
[1.346s] -- Installing: /home/b/ws_moveit2/src/install/moveit_resources_fanuc_moveit_config/share/moveit_resources_fanuc_moveit_config/config/kinematics.yaml
[1.346s] -- Installing: /home/b/ws_moveit2/src/install/moveit_resources_fanuc_moveit_config/share/moveit_resources_fanuc_moveit_config/.setup_assistant
[1.348s] Invoked command in '/home/b/ws_moveit2/src/build/moveit_resources_fanuc_moveit_config' returned '0': AMENT_PREFIX_PATH=/home/b/ws_moveit2/src/install/moveit_resources_fanuc_description:${AMENT_PREFIX_PATH} CMAKE_PREFIX_PATH=/home/b/ws_moveit2/src/install/moveit_resources_fanuc_description:/opt/ros/humble /usr/bin/cmake --install /home/b/ws_moveit2/src/build/moveit_resources_fanuc_moveit_config
