[0.596s] Invoking command in '/home/b/ws_moveit2/build/rosparam_shortcuts': CMAKE_PREFIX_PATH=${CMAKE_PREFIX_PATH}:/home/b/ws_moveit2/install/ur3e_motion:/home/b/ws_moveit2/install/moveit_configs_utils:/home/b/ws_moveit2/install/launch_param_builder:/opt/ros/humble /usr/bin/cmake /home/b/ws_moveit2/src/rosparam_shortcuts -DCMAKE_INSTALL_PREFIX=/home/b/ws_moveit2/install/rosparam_shortcuts
[0.634s] -- Found ament_cmake: 1.3.13 (/opt/ros/humble/share/ament_cmake/cmake)
[0.970s] -- Found eigen3_cmake_module: 0.1.1 (/opt/ros/humble/share/eigen3_cmake_module/cmake)
[0.971s] -- Found geometry_msgs: 4.9.1 (/opt/ros/humble/share/geometry_msgs/cmake)
[1.213s] -- Found rosidl_generator_c: 3.1.8 (/opt/ros/humble/share/rosidl_generator_c/cmake)
[1.217s] -- Found rosidl_adapter: 3.1.8 (/opt/ros/humble/share/rosidl_adapter/cmake)
[1.226s] -- Found rosidl_generator_cpp: 3.1.8 (/opt/ros/humble/share/rosidl_generator_cpp/cmake)
[1.260s] -- Using all available rosidl_typesupport_c: rosidl_typesupport_fastrtps_c;rosidl_typesupport_introspection_c
[1.297s] -- Using all available rosidl_typesupport_cpp: rosidl_typesupport_fastrtps_cpp;rosidl_typesupport_introspection_cpp
[1.389s] -- Found rclcpp: 16.0.18 (/opt/ros/humble/share/rclcpp/cmake)
[1.479s] -- Found rmw_implementation_cmake: 6.1.2 (/opt/ros/humble/share/rmw_implementation_cmake/cmake)
[1.489s] -- Found rmw_fastrtps_cpp: 6.2.10 (/opt/ros/humble/share/rmw_fastrtps_cpp/cmake)
[9.434s] -- Using RMW implementation 'rmw_fastrtps_cpp' as default
[9.531s] -- Found tf2_eigen: 0.25.19 (/opt/ros/humble/share/tf2_eigen/cmake)
[9.706s] -- Found ament_lint_auto: 0.12.15 (/opt/ros/humble/share/ament_lint_auto/cmake)
[9.707s] -- Found ament_cmake_gtest: 1.3.13 (/opt/ros/humble/share/ament_cmake_gtest/cmake)
[9.710s] -- Found ros_testing: 0.4.0 (/opt/ros/humble/share/ros_testing/cmake)
[9.712s] -- Found launch_testing_ament_cmake: 1.0.14 (/opt/ros/humble/share/launch_testing_ament_cmake/cmake)
[9.713s] -- Found python_cmake_module: 0.10.0 (/opt/ros/humble/share/python_cmake_module/cmake)
[9.741s] -- Using PYTHON_EXECUTABLE: /usr/bin/python3
[9.741s] -- Using PYTHON_INCLUDE_DIRS: /usr/include/python3.10
[9.741s] -- Using PYTHON_LIBRARIES: /usr/lib/x86_64-linux-gnu/libpython3.10.so
[9.814s] -- Found gtest sources under '/opt/ros/humble/src/gtest_vendor': C++ tests using 'Google Test' will be built
[9.835s] -- Added test 'copyright' to check source files copyright and LICENSE
[9.843s] -- Added test 'lint_cmake' to check CMake code style
[9.844s] -- Added test 'pep257' to check Python code against some of the docstring style conventions in PEP 257
[9.844s] -- Added test 'xmllint' to check XML markup files
[9.847s] -- Configuring done
[9.887s] -- Generating done
[9.902s] -- Build files have been written to: /home/b/ws_moveit2/build/rosparam_shortcuts
[9.912s] Invoked command in '/home/b/ws_moveit2/build/rosparam_shortcuts' returned '0': CMAKE_PREFIX_PATH=${CMAKE_PREFIX_PATH}:/home/b/ws_moveit2/install/ur3e_motion:/home/b/ws_moveit2/install/moveit_configs_utils:/home/b/ws_moveit2/install/launch_param_builder:/opt/ros/humble /usr/bin/cmake /home/b/ws_moveit2/src/rosparam_shortcuts -DCMAKE_INSTALL_PREFIX=/home/b/ws_moveit2/install/rosparam_shortcuts
[9.914s] Invoking command in '/home/b/ws_moveit2/build/rosparam_shortcuts': CMAKE_PREFIX_PATH=${CMAKE_PREFIX_PATH}:/home/b/ws_moveit2/install/ur3e_motion:/home/b/ws_moveit2/install/moveit_configs_utils:/home/b/ws_moveit2/install/launch_param_builder:/opt/ros/humble /usr/bin/cmake --build /home/b/ws_moveit2/build/rosparam_shortcuts -- -j12 -l12
[9.970s] [35m[1mConsolidate compiler generated dependencies of target gtest[0m
[9.972s] [35m[1mConsolidate compiler generated dependencies of target gtest_main[0m
[9.972s] [35m[1mConsolidate compiler generated dependencies of target rosparam_shortcuts[0m
[9.992s] [ 15%] Built target gtest
[9.994s] [ 30%] Built target gtest_main
[10.034s] [ 53%] Built target rosparam_shortcuts
[10.055s] [35m[1mConsolidate compiler generated dependencies of target rosparam_shortcuts_node_parameters_example[0m
[10.055s] [35m[1mConsolidate compiler generated dependencies of target rosparam_shortcuts_example[0m
[10.059s] [35m[1mConsolidate compiler generated dependencies of target test_node_parameters[0m
[10.081s] [ 69%] Built target rosparam_shortcuts_node_parameters_example
[10.085s] [ 84%] Built target test_node_parameters
[10.086s] [100%] Built target rosparam_shortcuts_example
[10.101s] Invoked command in '/home/b/ws_moveit2/build/rosparam_shortcuts' returned '0': CMAKE_PREFIX_PATH=${CMAKE_PREFIX_PATH}:/home/b/ws_moveit2/install/ur3e_motion:/home/b/ws_moveit2/install/moveit_configs_utils:/home/b/ws_moveit2/install/launch_param_builder:/opt/ros/humble /usr/bin/cmake --build /home/b/ws_moveit2/build/rosparam_shortcuts -- -j12 -l12
[10.105s] Invoking command in '/home/b/ws_moveit2/build/rosparam_shortcuts': CMAKE_PREFIX_PATH=${CMAKE_PREFIX_PATH}:/home/b/ws_moveit2/install/ur3e_motion:/home/b/ws_moveit2/install/moveit_configs_utils:/home/b/ws_moveit2/install/launch_param_builder:/opt/ros/humble /usr/bin/cmake --install /home/b/ws_moveit2/build/rosparam_shortcuts
[10.115s] -- Install configuration: "Release"
[10.117s] -- Up-to-date: /home/b/ws_moveit2/install/rosparam_shortcuts/lib/librosparam_shortcuts.so
[10.119s] -- Up-to-date: /home/b/ws_moveit2/install/rosparam_shortcuts/lib/rosparam_shortcuts/example
[10.120s] -- Up-to-date: /home/b/ws_moveit2/install/rosparam_shortcuts/lib/rosparam_shortcuts/node_parameters_example
[10.120s] -- Up-to-date: /home/b/ws_moveit2/install/rosparam_shortcuts/include
[10.121s] -- Up-to-date: /home/b/ws_moveit2/install/rosparam_shortcuts/include/rosparam_shortcuts
[10.121s] -- Up-to-date: /home/b/ws_moveit2/install/rosparam_shortcuts/include/rosparam_shortcuts/rosparam_shortcuts.h
[10.122s] -- Up-to-date: /home/b/ws_moveit2/install/rosparam_shortcuts/include/rosparam_shortcuts/node_parameters.h
[10.122s] -- Up-to-date: /home/b/ws_moveit2/install/rosparam_shortcuts/share/rosparam_shortcuts/launch
[10.122s] -- Up-to-date: /home/b/ws_moveit2/install/rosparam_shortcuts/share/rosparam_shortcuts/launch/example.launch.py
[10.122s] -- Up-to-date: /home/b/ws_moveit2/install/rosparam_shortcuts/share/rosparam_shortcuts/config
[10.123s] -- Up-to-date: /home/b/ws_moveit2/install/rosparam_shortcuts/share/rosparam_shortcuts/config/example.yaml
[10.123s] -- Up-to-date: /home/b/ws_moveit2/install/rosparam_shortcuts/share/rosparam_shortcuts/environment/library_path.sh
[10.123s] -- Installing: /home/b/ws_moveit2/install/rosparam_shortcuts/share/rosparam_shortcuts/environment/library_path.dsv
[10.123s] -- Up-to-date: /home/b/ws_moveit2/install/rosparam_shortcuts/share/ament_index/resource_index/package_run_dependencies/rosparam_shortcuts
[10.123s] -- Installing: /home/b/ws_moveit2/install/rosparam_shortcuts/share/ament_index/resource_index/parent_prefix_path/rosparam_shortcuts
[10.124s] -- Up-to-date: /home/b/ws_moveit2/install/rosparam_shortcuts/share/rosparam_shortcuts/environment/ament_prefix_path.sh
[10.124s] -- Installing: /home/b/ws_moveit2/install/rosparam_shortcuts/share/rosparam_shortcuts/environment/ament_prefix_path.dsv
[10.124s] -- Up-to-date: /home/b/ws_moveit2/install/rosparam_shortcuts/share/rosparam_shortcuts/environment/path.sh
[10.124s] -- Installing: /home/b/ws_moveit2/install/rosparam_shortcuts/share/rosparam_shortcuts/environment/path.dsv
[10.124s] -- Up-to-date: /home/b/ws_moveit2/install/rosparam_shortcuts/share/rosparam_shortcuts/local_setup.bash
[10.125s] -- Up-to-date: /home/b/ws_moveit2/install/rosparam_shortcuts/share/rosparam_shortcuts/local_setup.sh
[10.125s] -- Up-to-date: /home/b/ws_moveit2/install/rosparam_shortcuts/share/rosparam_shortcuts/local_setup.zsh
[10.125s] -- Installing: /home/b/ws_moveit2/install/rosparam_shortcuts/share/rosparam_shortcuts/local_setup.dsv
[10.125s] -- Installing: /home/b/ws_moveit2/install/rosparam_shortcuts/share/rosparam_shortcuts/package.dsv
[10.125s] -- Up-to-date: /home/b/ws_moveit2/install/rosparam_shortcuts/share/ament_index/resource_index/packages/rosparam_shortcuts
[10.126s] -- Up-to-date: /home/b/ws_moveit2/install/rosparam_shortcuts/share/rosparam_shortcuts/cmake/export_rosparam_shortcutsExport.cmake
[10.126s] -- Up-to-date: /home/b/ws_moveit2/install/rosparam_shortcuts/share/rosparam_shortcuts/cmake/export_rosparam_shortcutsExport-release.cmake
[10.126s] -- Up-to-date: /home/b/ws_moveit2/install/rosparam_shortcuts/share/rosparam_shortcuts/cmake/ament_cmake_export_targets-extras.cmake
[10.126s] -- Up-to-date: /home/b/ws_moveit2/install/rosparam_shortcuts/share/rosparam_shortcuts/cmake/ament_cmake_export_dependencies-extras.cmake
[10.126s] -- Up-to-date: /home/b/ws_moveit2/install/rosparam_shortcuts/share/rosparam_shortcuts/cmake/rosparam_shortcutsConfig.cmake
[10.127s] -- Up-to-date: /home/b/ws_moveit2/install/rosparam_shortcuts/share/rosparam_shortcuts/cmake/rosparam_shortcutsConfig-version.cmake
[10.127s] -- Up-to-date: /home/b/ws_moveit2/install/rosparam_shortcuts/share/rosparam_shortcuts/package.xml
[10.128s] Invoked command in '/home/b/ws_moveit2/build/rosparam_shortcuts' returned '0': CMAKE_PREFIX_PATH=${CMAKE_PREFIX_PATH}:/home/b/ws_moveit2/install/ur3e_motion:/home/b/ws_moveit2/install/moveit_configs_utils:/home/b/ws_moveit2/install/launch_param_builder:/opt/ros/humble /usr/bin/cmake --install /home/b/ws_moveit2/build/rosparam_shortcuts
