[1.435s] Invoking command in '/home/b/ws_moveit2/src/build/moveit_hybrid_planning': AMENT_PREFIX_PATH=/home/b/ws_moveit2/src/install/moveit_ros_planning_interface:/home/b/ws_moveit2/src/install/moveit_ros_move_group:/home/b/ws_moveit2/src/install/moveit_ros_warehouse:/home/b/ws_moveit2/src/install/moveit_planners_ompl:/home/b/ws_moveit2/src/install/moveit_kinematics:/home/b/ws_moveit2/src/install/moveit_ros_planning:/home/b/ws_moveit2/src/install/moveit_simple_controller_manager:/home/b/ws_moveit2/src/install/moveit_ros_occupancy_map_monitor:/home/b/ws_moveit2/src/install/moveit_core:/home/b/ws_moveit2/src/install/moveit_resources_panda_moveit_config:/home/b/ws_moveit2/src/install/moveit_resources_fanuc_moveit_config:/home/b/ws_moveit2/src/install/moveit_configs_utils:/home/b/ws_moveit2/src/install/srdfdom:/home/b/ws_moveit2/src/install/moveit_resources_pr2_description:/home/b/ws_moveit2/src/install/moveit_resources_panda_description:/home/b/ws_moveit2/src/install/moveit_resources_fanuc_description:/home/b/ws_moveit2/src/install/moveit_common:/home/b/ws_moveit2/src/install/launch_param_builder:${AMENT_PREFIX_PATH} CMAKE_PREFIX_PATH=/home/b/ws_moveit2/src/install/moveit_ros_planning_interface:/home/b/ws_moveit2/src/install/moveit_ros_move_group:/home/b/ws_moveit2/src/install/moveit_ros_warehouse:/home/b/ws_moveit2/src/install/moveit_planners_ompl:/home/b/ws_moveit2/src/install/moveit_kinematics:/home/b/ws_moveit2/src/install/moveit_ros_planning:/home/b/ws_moveit2/src/install/moveit_simple_controller_manager:/home/b/ws_moveit2/src/install/moveit_ros_occupancy_map_monitor:/home/b/ws_moveit2/src/install/moveit_core:/home/b/ws_moveit2/src/install/moveit_resources_panda_moveit_config:/home/b/ws_moveit2/src/install/moveit_resources_fanuc_moveit_config:/home/b/ws_moveit2/src/install/srdfdom:/home/b/ws_moveit2/src/install/moveit_resources_pr2_description:/home/b/ws_moveit2/src/install/moveit_resources_panda_description:/home/b/ws_moveit2/src/install/moveit_resources_fanuc_description:/home/b/ws_moveit2/src/install/moveit_common:/opt/ros/humble LD_LIBRARY_PATH=/home/b/ws_moveit2/src/install/moveit_ros_planning_interface/lib:/home/b/ws_moveit2/src/install/moveit_ros_move_group/lib:/home/b/ws_moveit2/src/install/moveit_ros_warehouse/lib:/home/b/ws_moveit2/src/install/moveit_planners_ompl/lib:/home/b/ws_moveit2/src/install/moveit_kinematics/lib:/home/b/ws_moveit2/src/install/moveit_ros_planning/lib:/home/b/ws_moveit2/src/install/moveit_simple_controller_manager/lib:/home/b/ws_moveit2/src/install/moveit_ros_occupancy_map_monitor/lib:/home/b/ws_moveit2/src/install/moveit_core/lib:/home/b/ws_moveit2/src/install/srdfdom/lib:${LD_LIBRARY_PATH} PATH=/home/b/ws_moveit2/src/install/moveit_core/bin:${PATH} PYTHONPATH=/home/b/ws_moveit2/src/install/moveit_configs_utils/lib/python3.10/site-packages:/home/b/ws_moveit2/src/install/srdfdom/local/lib/python3.10/dist-packages:/home/b/ws_moveit2/src/install/launch_param_builder/lib/python3.10/site-packages:${PYTHONPATH} /usr/bin/cmake /home/b/ws_moveit2/src/moveit2/moveit_ros/hybrid_planning -DCMAKE_INSTALL_PREFIX=/home/b/ws_moveit2/src/install/moveit_hybrid_planning
[1.672s] -- The C compiler identification is GNU 11.4.0
[2.304s] -- The CXX compiler identification is GNU 11.4.0
[2.567s] -- Detecting C compiler ABI info
[2.854s] -- Detecting C compiler ABI info - done
[2.872s] -- Check for working C compiler: /usr/bin/cc - skipped
[2.872s] -- Detecting C compile features
[2.873s] -- Detecting C compile features - done
[2.873s] -- Detecting CXX compiler ABI info
[3.123s] -- Detecting CXX compiler ABI info - done
[3.138s] -- Check for working CXX compiler: /usr/bin/c++ - skipped
[3.140s] -- Detecting CXX compile features
[3.140s] -- Detecting CXX compile features - done
[3.144s] -- Found moveit_common: 2.5.9 (/home/b/ws_moveit2/src/install/moveit_common/share/moveit_common/cmake)
[3.148s] -- Found ament_cmake: 1.3.13 (/opt/ros/humble/share/ament_cmake/cmake)
[3.442s] -- Found Python3: /usr/bin/python3 (found version "3.10.12") found components: Interpreter 
[3.747s] [0mmoveit_hybrid_planning: You did not request a specific build type: Choosing 'Release' for maximum performance[0m
[3.749s] -- Found moveit_core: 2.5.9 (/home/b/ws_moveit2/src/install/moveit_core/share/moveit_core/cmake)
[4.446s] -- Found Boost: /usr/lib/x86_64-linux-gnu/cmake/Boost-1.74.0/BoostConfig.cmake (found version "1.74.0") found components: chrono date_time filesystem iostreams program_options regex serialization system thread 
[6.395s] -- Found parameter_traits: 0.6.0 (/opt/ros/humble/share/parameter_traits/cmake)
[6.525s] -- Found rosidl_generator_c: 3.1.8 (/opt/ros/humble/share/rosidl_generator_c/cmake)
[6.535s] -- Found rosidl_adapter: 3.1.8 (/opt/ros/humble/share/rosidl_adapter/cmake)
[6.551s] -- Found rosidl_generator_cpp: 3.1.8 (/opt/ros/humble/share/rosidl_generator_cpp/cmake)
[6.575s] -- Using all available rosidl_typesupport_c: rosidl_typesupport_fastrtps_c;rosidl_typesupport_introspection_c
[6.602s] -- Using all available rosidl_typesupport_cpp: rosidl_typesupport_fastrtps_cpp;rosidl_typesupport_introspection_cpp
[6.683s] -- Found rmw_implementation_cmake: 6.1.2 (/opt/ros/humble/share/rmw_implementation_cmake/cmake)
[6.689s] -- Found rmw_fastrtps_cpp: 6.2.10 (/opt/ros/humble/share/rmw_fastrtps_cpp/cmake)
[7.924s] -- Found OpenSSL: /usr/lib/x86_64-linux-gnu/libcrypto.so (found version "3.0.2")  
[13.910s] -- Found FastRTPS: /opt/ros/humble/include  
[24.481s] -- Using RMW implementation 'rmw_fastrtps_cpp' as default
[24.497s] -- Found Threads: TRUE  
[24.597s] -- Found rclcpp_lifecycle: 16.0.18 (/opt/ros/humble/share/rclcpp_lifecycle/cmake)
[24.631s] -- Found Boost: /usr/lib/x86_64-linux-gnu/cmake/Boost-1.74.0/BoostConfig.cmake (found version "1.74.0") found components: filesystem 
[32.427s] -- library: /usr/lib/x86_64-linux-gnu/libcurl.so
[32.648s] -- Found Eigen3: TRUE (found version "3.4.0") 
[32.648s] -- Ensuring Eigen3 include directory is part of orocos-kdl CMake target
[38.456s] -- Found moveit_ros_planning: 2.5.9 (/home/b/ws_moveit2/src/install/moveit_ros_planning/share/moveit_ros_planning/cmake)
[38.469s] -- Found Boost: /usr/lib/x86_64-linux-gnu/cmake/Boost-1.74.0/BoostConfig.cmake (found version "1.74.0") found components: system filesystem date_time program_options thread chrono 
[38.527s] -- Found moveit_ros_planning_interface: 2.5.9 (/home/b/ws_moveit2/src/install/moveit_ros_planning_interface/share/moveit_ros_planning_interface/cmake)
[38.537s] -- Found Boost: /usr/lib/x86_64-linux-gnu/cmake/Boost-1.74.0/BoostConfig.cmake (found version "1.74.0") found components: date_time filesystem program_options system thread 
[38.567s] -- Found Boost: /usr/lib/x86_64-linux-gnu/cmake/Boost-1.74.0/BoostConfig.cmake (found version "1.74.0") found components: thread system filesystem regex date_time program_options 
[38.625s] -- Found Boost: /usr/lib/x86_64-linux-gnu/cmake/Boost-1.74.0/BoostConfig.cmake (found version "1.74.0") found components: system filesystem date_time program_options thread 
[38.979s] -- Found ament_lint_auto: 0.12.15 (/opt/ros/humble/share/ament_lint_auto/cmake)
[38.984s] -- Found ament_cmake_gtest: 1.3.13 (/opt/ros/humble/share/ament_cmake_gtest/cmake)
[38.990s] -- Found ros_testing: 0.4.0 (/opt/ros/humble/share/ros_testing/cmake)
[38.994s] -- Found launch_testing_ament_cmake: 1.0.14 (/opt/ros/humble/share/launch_testing_ament_cmake/cmake)
[39.000s] -- Found python_cmake_module: 0.10.0 (/opt/ros/humble/share/python_cmake_module/cmake)
[39.233s] -- Found PythonInterp: /usr/bin/python3 (found suitable version "3.10.12", minimum required is "3.6") 
[40.077s] -- Found PythonLibs: /usr/lib/x86_64-linux-gnu/libpython3.10.so (found suitable version "3.10.12", minimum required is "3.5") 
[40.077s] -- Using PYTHON_EXECUTABLE: /usr/bin/python3
[40.077s] -- Using PYTHON_INCLUDE_DIRS: /usr/include/python3.10
[40.078s] -- Using PYTHON_LIBRARIES: /usr/lib/x86_64-linux-gnu/libpython3.10.so
[40.135s] -- Found PythonExtra: .so  
[40.149s] -- Found Boost: /usr/lib/x86_64-linux-gnu/cmake/Boost-1.74.0/BoostConfig.cmake (found version "1.74.0") found components: filesystem 
[40.271s] -- Configuring done
[40.926s] -- Generating done
[41.086s] -- Build files have been written to: /home/b/ws_moveit2/src/build/moveit_hybrid_planning
[41.168s] Invoked command in '/home/b/ws_moveit2/src/build/moveit_hybrid_planning' returned '0': AMENT_PREFIX_PATH=/home/b/ws_moveit2/src/install/moveit_ros_planning_interface:/home/b/ws_moveit2/src/install/moveit_ros_move_group:/home/b/ws_moveit2/src/install/moveit_ros_warehouse:/home/b/ws_moveit2/src/install/moveit_planners_ompl:/home/b/ws_moveit2/src/install/moveit_kinematics:/home/b/ws_moveit2/src/install/moveit_ros_planning:/home/b/ws_moveit2/src/install/moveit_simple_controller_manager:/home/b/ws_moveit2/src/install/moveit_ros_occupancy_map_monitor:/home/b/ws_moveit2/src/install/moveit_core:/home/b/ws_moveit2/src/install/moveit_resources_panda_moveit_config:/home/b/ws_moveit2/src/install/moveit_resources_fanuc_moveit_config:/home/b/ws_moveit2/src/install/moveit_configs_utils:/home/b/ws_moveit2/src/install/srdfdom:/home/b/ws_moveit2/src/install/moveit_resources_pr2_description:/home/b/ws_moveit2/src/install/moveit_resources_panda_description:/home/b/ws_moveit2/src/install/moveit_resources_fanuc_description:/home/b/ws_moveit2/src/install/moveit_common:/home/b/ws_moveit2/src/install/launch_param_builder:${AMENT_PREFIX_PATH} CMAKE_PREFIX_PATH=/home/b/ws_moveit2/src/install/moveit_ros_planning_interface:/home/b/ws_moveit2/src/install/moveit_ros_move_group:/home/b/ws_moveit2/src/install/moveit_ros_warehouse:/home/b/ws_moveit2/src/install/moveit_planners_ompl:/home/b/ws_moveit2/src/install/moveit_kinematics:/home/b/ws_moveit2/src/install/moveit_ros_planning:/home/b/ws_moveit2/src/install/moveit_simple_controller_manager:/home/b/ws_moveit2/src/install/moveit_ros_occupancy_map_monitor:/home/b/ws_moveit2/src/install/moveit_core:/home/b/ws_moveit2/src/install/moveit_resources_panda_moveit_config:/home/b/ws_moveit2/src/install/moveit_resources_fanuc_moveit_config:/home/b/ws_moveit2/src/install/srdfdom:/home/b/ws_moveit2/src/install/moveit_resources_pr2_description:/home/b/ws_moveit2/src/install/moveit_resources_panda_description:/home/b/ws_moveit2/src/install/moveit_resources_fanuc_description:/home/b/ws_moveit2/src/install/moveit_common:/opt/ros/humble LD_LIBRARY_PATH=/home/b/ws_moveit2/src/install/moveit_ros_planning_interface/lib:/home/b/ws_moveit2/src/install/moveit_ros_move_group/lib:/home/b/ws_moveit2/src/install/moveit_ros_warehouse/lib:/home/b/ws_moveit2/src/install/moveit_planners_ompl/lib:/home/b/ws_moveit2/src/install/moveit_kinematics/lib:/home/b/ws_moveit2/src/install/moveit_ros_planning/lib:/home/b/ws_moveit2/src/install/moveit_simple_controller_manager/lib:/home/b/ws_moveit2/src/install/moveit_ros_occupancy_map_monitor/lib:/home/b/ws_moveit2/src/install/moveit_core/lib:/home/b/ws_moveit2/src/install/srdfdom/lib:${LD_LIBRARY_PATH} PATH=/home/b/ws_moveit2/src/install/moveit_core/bin:${PATH} PYTHONPATH=/home/b/ws_moveit2/src/install/moveit_configs_utils/lib/python3.10/site-packages:/home/b/ws_moveit2/src/install/srdfdom/local/lib/python3.10/dist-packages:/home/b/ws_moveit2/src/install/launch_param_builder/lib/python3.10/site-packages:${PYTHONPATH} /usr/bin/cmake /home/b/ws_moveit2/src/moveit2/moveit_ros/hybrid_planning -DCMAKE_INSTALL_PREFIX=/home/b/ws_moveit2/src/install/moveit_hybrid_planning
[41.169s] Invoking command in '/home/b/ws_moveit2/src/build/moveit_hybrid_planning': AMENT_PREFIX_PATH=/home/b/ws_moveit2/src/install/moveit_ros_planning_interface:/home/b/ws_moveit2/src/install/moveit_ros_move_group:/home/b/ws_moveit2/src/install/moveit_ros_warehouse:/home/b/ws_moveit2/src/install/moveit_planners_ompl:/home/b/ws_moveit2/src/install/moveit_kinematics:/home/b/ws_moveit2/src/install/moveit_ros_planning:/home/b/ws_moveit2/src/install/moveit_simple_controller_manager:/home/b/ws_moveit2/src/install/moveit_ros_occupancy_map_monitor:/home/b/ws_moveit2/src/install/moveit_core:/home/b/ws_moveit2/src/install/moveit_resources_panda_moveit_config:/home/b/ws_moveit2/src/install/moveit_resources_fanuc_moveit_config:/home/b/ws_moveit2/src/install/moveit_configs_utils:/home/b/ws_moveit2/src/install/srdfdom:/home/b/ws_moveit2/src/install/moveit_resources_pr2_description:/home/b/ws_moveit2/src/install/moveit_resources_panda_description:/home/b/ws_moveit2/src/install/moveit_resources_fanuc_description:/home/b/ws_moveit2/src/install/moveit_common:/home/b/ws_moveit2/src/install/launch_param_builder:${AMENT_PREFIX_PATH} CMAKE_PREFIX_PATH=/home/b/ws_moveit2/src/install/moveit_ros_planning_interface:/home/b/ws_moveit2/src/install/moveit_ros_move_group:/home/b/ws_moveit2/src/install/moveit_ros_warehouse:/home/b/ws_moveit2/src/install/moveit_planners_ompl:/home/b/ws_moveit2/src/install/moveit_kinematics:/home/b/ws_moveit2/src/install/moveit_ros_planning:/home/b/ws_moveit2/src/install/moveit_simple_controller_manager:/home/b/ws_moveit2/src/install/moveit_ros_occupancy_map_monitor:/home/b/ws_moveit2/src/install/moveit_core:/home/b/ws_moveit2/src/install/moveit_resources_panda_moveit_config:/home/b/ws_moveit2/src/install/moveit_resources_fanuc_moveit_config:/home/b/ws_moveit2/src/install/srdfdom:/home/b/ws_moveit2/src/install/moveit_resources_pr2_description:/home/b/ws_moveit2/src/install/moveit_resources_panda_description:/home/b/ws_moveit2/src/install/moveit_resources_fanuc_description:/home/b/ws_moveit2/src/install/moveit_common:/opt/ros/humble LD_LIBRARY_PATH=/home/b/ws_moveit2/src/install/moveit_ros_planning_interface/lib:/home/b/ws_moveit2/src/install/moveit_ros_move_group/lib:/home/b/ws_moveit2/src/install/moveit_ros_warehouse/lib:/home/b/ws_moveit2/src/install/moveit_planners_ompl/lib:/home/b/ws_moveit2/src/install/moveit_kinematics/lib:/home/b/ws_moveit2/src/install/moveit_ros_planning/lib:/home/b/ws_moveit2/src/install/moveit_simple_controller_manager/lib:/home/b/ws_moveit2/src/install/moveit_ros_occupancy_map_monitor/lib:/home/b/ws_moveit2/src/install/moveit_core/lib:/home/b/ws_moveit2/src/install/srdfdom/lib:${LD_LIBRARY_PATH} PATH=/home/b/ws_moveit2/src/install/moveit_core/bin:${PATH} PYTHONPATH=/home/b/ws_moveit2/src/install/moveit_configs_utils/lib/python3.10/site-packages:/home/b/ws_moveit2/src/install/srdfdom/local/lib/python3.10/dist-packages:/home/b/ws_moveit2/src/install/launch_param_builder/lib/python3.10/site-packages:${PYTHONPATH} /usr/bin/cmake --build /home/b/ws_moveit2/src/build/moveit_hybrid_planning -- -j12 -l12
[41.334s] [  5%] [32mBuilding CXX object local_planner/local_planner_component/CMakeFiles/moveit_local_planner_component.dir/src/local_planner_component.cpp.o[0m
[41.346s] [ 10%] [32mBuilding CXX object global_planner/global_planner_plugins/CMakeFiles/motion_planning_pipeline_plugin.dir/src/moveit_planning_pipeline.cpp.o[0m
[41.349s] [ 15%] [32mBuilding CXX object global_planner/global_planner_component/CMakeFiles/moveit_global_planner_component.dir/src/global_planner_component.cpp.o[0m
[41.349s] [ 20%] [32mBuilding CXX object hybrid_planning_manager/hybrid_planning_manager_component/CMakeFiles/moveit_hybrid_planning_manager.dir/src/hybrid_planning_manager.cpp.o[0m
[41.370s] [ 25%] [32mBuilding CXX object local_planner/local_constraint_solver_plugins/CMakeFiles/forward_trajectory_plugin.dir/src/forward_trajectory.cpp.o[0m
[41.372s] [ 30%] [32mBuilding CXX object local_planner/trajectory_operator_plugins/CMakeFiles/simple_sampler_plugin.dir/src/simple_sampler.cpp.o[0m
[113.083s] [ 35%] [32m[1mLinking CXX shared library libsimple_sampler_plugin.so[0m
[114.915s] [ 35%] Built target simple_sampler_plugin
[119.747s] [ 40%] [32m[1mLinking CXX shared library libforward_trajectory_plugin.so[0m
[121.224s] [ 40%] Built target forward_trajectory_plugin
[122.870s] [ 45%] [32m[1mLinking CXX shared library libmotion_planning_pipeline_plugin.so[0m
[125.162s] [ 45%] Built target motion_planning_pipeline_plugin
[168.492s] [ 50%] [32m[1mLinking CXX shared library libmoveit_global_planner_component.so[0m
[169.879s] [ 50%] Built target moveit_global_planner_component
[173.526s] [ 55%] [32m[1mLinking CXX shared library libmoveit_hybrid_planning_manager.so[0m
[175.134s] [ 55%] Built target moveit_hybrid_planning_manager
[182.618s] [ 60%] [32m[1mLinking CXX shared library libmoveit_local_planner_component.so[0m
[183.558s] [ 60%] Built target moveit_local_planner_component
[183.640s] [ 65%] [32mBuilding CXX object hybrid_planning_manager/planner_logic_plugins/CMakeFiles/single_plan_execution_plugin.dir/src/single_plan_execution.cpp.o[0m
[193.932s] [ 70%] [32m[1mLinking CXX shared library libsingle_plan_execution_plugin.so[0m
[194.690s] [ 70%] Built target single_plan_execution_plugin
[194.761s] [ 75%] [32mBuilding CXX object hybrid_planning_manager/planner_logic_plugins/CMakeFiles/replan_invalidated_trajectory_plugin.dir/src/replan_invalidated_trajectory.cpp.o[0m
[212.144s] [ 80%] [32m[1mLinking CXX shared library libreplan_invalidated_trajectory_plugin.so[0m
[213.093s] [ 80%] Built target replan_invalidated_trajectory_plugin
[213.163s] [ 85%] [32mBuilding CXX object test/CMakeFiles/cancel_action.dir/cancel_action.cpp.o[0m
[225.447s] [ 90%] [32m[1mLinking CXX executable cancel_action[0m
[226.481s] [ 90%] Built target cancel_action
[226.548s] [ 95%] [32mBuilding CXX object test/CMakeFiles/hybrid_planning_demo_node.dir/hybrid_planning_demo_node.cpp.o[0m
[333.193s] [100%] [32m[1mLinking CXX executable hybrid_planning_demo_node[0m
[336.412s] [100%] Built target hybrid_planning_demo_node
[336.811s] Invoked command in '/home/b/ws_moveit2/src/build/moveit_hybrid_planning' returned '0': AMENT_PREFIX_PATH=/home/b/ws_moveit2/src/install/moveit_ros_planning_interface:/home/b/ws_moveit2/src/install/moveit_ros_move_group:/home/b/ws_moveit2/src/install/moveit_ros_warehouse:/home/b/ws_moveit2/src/install/moveit_planners_ompl:/home/b/ws_moveit2/src/install/moveit_kinematics:/home/b/ws_moveit2/src/install/moveit_ros_planning:/home/b/ws_moveit2/src/install/moveit_simple_controller_manager:/home/b/ws_moveit2/src/install/moveit_ros_occupancy_map_monitor:/home/b/ws_moveit2/src/install/moveit_core:/home/b/ws_moveit2/src/install/moveit_resources_panda_moveit_config:/home/b/ws_moveit2/src/install/moveit_resources_fanuc_moveit_config:/home/b/ws_moveit2/src/install/moveit_configs_utils:/home/b/ws_moveit2/src/install/srdfdom:/home/b/ws_moveit2/src/install/moveit_resources_pr2_description:/home/b/ws_moveit2/src/install/moveit_resources_panda_description:/home/b/ws_moveit2/src/install/moveit_resources_fanuc_description:/home/b/ws_moveit2/src/install/moveit_common:/home/b/ws_moveit2/src/install/launch_param_builder:${AMENT_PREFIX_PATH} CMAKE_PREFIX_PATH=/home/b/ws_moveit2/src/install/moveit_ros_planning_interface:/home/b/ws_moveit2/src/install/moveit_ros_move_group:/home/b/ws_moveit2/src/install/moveit_ros_warehouse:/home/b/ws_moveit2/src/install/moveit_planners_ompl:/home/b/ws_moveit2/src/install/moveit_kinematics:/home/b/ws_moveit2/src/install/moveit_ros_planning:/home/b/ws_moveit2/src/install/moveit_simple_controller_manager:/home/b/ws_moveit2/src/install/moveit_ros_occupancy_map_monitor:/home/b/ws_moveit2/src/install/moveit_core:/home/b/ws_moveit2/src/install/moveit_resources_panda_moveit_config:/home/b/ws_moveit2/src/install/moveit_resources_fanuc_moveit_config:/home/b/ws_moveit2/src/install/srdfdom:/home/b/ws_moveit2/src/install/moveit_resources_pr2_description:/home/b/ws_moveit2/src/install/moveit_resources_panda_description:/home/b/ws_moveit2/src/install/moveit_resources_fanuc_description:/home/b/ws_moveit2/src/install/moveit_common:/opt/ros/humble LD_LIBRARY_PATH=/home/b/ws_moveit2/src/install/moveit_ros_planning_interface/lib:/home/b/ws_moveit2/src/install/moveit_ros_move_group/lib:/home/b/ws_moveit2/src/install/moveit_ros_warehouse/lib:/home/b/ws_moveit2/src/install/moveit_planners_ompl/lib:/home/b/ws_moveit2/src/install/moveit_kinematics/lib:/home/b/ws_moveit2/src/install/moveit_ros_planning/lib:/home/b/ws_moveit2/src/install/moveit_simple_controller_manager/lib:/home/b/ws_moveit2/src/install/moveit_ros_occupancy_map_monitor/lib:/home/b/ws_moveit2/src/install/moveit_core/lib:/home/b/ws_moveit2/src/install/srdfdom/lib:${LD_LIBRARY_PATH} PATH=/home/b/ws_moveit2/src/install/moveit_core/bin:${PATH} PYTHONPATH=/home/b/ws_moveit2/src/install/moveit_configs_utils/lib/python3.10/site-packages:/home/b/ws_moveit2/src/install/srdfdom/local/lib/python3.10/dist-packages:/home/b/ws_moveit2/src/install/launch_param_builder/lib/python3.10/site-packages:${PYTHONPATH} /usr/bin/cmake --build /home/b/ws_moveit2/src/build/moveit_hybrid_planning -- -j12 -l12
[336.843s] Invoking command in '/home/b/ws_moveit2/src/build/moveit_hybrid_planning': AMENT_PREFIX_PATH=/home/b/ws_moveit2/src/install/moveit_ros_planning_interface:/home/b/ws_moveit2/src/install/moveit_ros_move_group:/home/b/ws_moveit2/src/install/moveit_ros_warehouse:/home/b/ws_moveit2/src/install/moveit_planners_ompl:/home/b/ws_moveit2/src/install/moveit_kinematics:/home/b/ws_moveit2/src/install/moveit_ros_planning:/home/b/ws_moveit2/src/install/moveit_simple_controller_manager:/home/b/ws_moveit2/src/install/moveit_ros_occupancy_map_monitor:/home/b/ws_moveit2/src/install/moveit_core:/home/b/ws_moveit2/src/install/moveit_resources_panda_moveit_config:/home/b/ws_moveit2/src/install/moveit_resources_fanuc_moveit_config:/home/b/ws_moveit2/src/install/moveit_configs_utils:/home/b/ws_moveit2/src/install/srdfdom:/home/b/ws_moveit2/src/install/moveit_resources_pr2_description:/home/b/ws_moveit2/src/install/moveit_resources_panda_description:/home/b/ws_moveit2/src/install/moveit_resources_fanuc_description:/home/b/ws_moveit2/src/install/moveit_common:/home/b/ws_moveit2/src/install/launch_param_builder:${AMENT_PREFIX_PATH} CMAKE_PREFIX_PATH=/home/b/ws_moveit2/src/install/moveit_ros_planning_interface:/home/b/ws_moveit2/src/install/moveit_ros_move_group:/home/b/ws_moveit2/src/install/moveit_ros_warehouse:/home/b/ws_moveit2/src/install/moveit_planners_ompl:/home/b/ws_moveit2/src/install/moveit_kinematics:/home/b/ws_moveit2/src/install/moveit_ros_planning:/home/b/ws_moveit2/src/install/moveit_simple_controller_manager:/home/b/ws_moveit2/src/install/moveit_ros_occupancy_map_monitor:/home/b/ws_moveit2/src/install/moveit_core:/home/b/ws_moveit2/src/install/moveit_resources_panda_moveit_config:/home/b/ws_moveit2/src/install/moveit_resources_fanuc_moveit_config:/home/b/ws_moveit2/src/install/srdfdom:/home/b/ws_moveit2/src/install/moveit_resources_pr2_description:/home/b/ws_moveit2/src/install/moveit_resources_panda_description:/home/b/ws_moveit2/src/install/moveit_resources_fanuc_description:/home/b/ws_moveit2/src/install/moveit_common:/opt/ros/humble LD_LIBRARY_PATH=/home/b/ws_moveit2/src/install/moveit_ros_planning_interface/lib:/home/b/ws_moveit2/src/install/moveit_ros_move_group/lib:/home/b/ws_moveit2/src/install/moveit_ros_warehouse/lib:/home/b/ws_moveit2/src/install/moveit_planners_ompl/lib:/home/b/ws_moveit2/src/install/moveit_kinematics/lib:/home/b/ws_moveit2/src/install/moveit_ros_planning/lib:/home/b/ws_moveit2/src/install/moveit_simple_controller_manager/lib:/home/b/ws_moveit2/src/install/moveit_ros_occupancy_map_monitor/lib:/home/b/ws_moveit2/src/install/moveit_core/lib:/home/b/ws_moveit2/src/install/srdfdom/lib:${LD_LIBRARY_PATH} PATH=/home/b/ws_moveit2/src/install/moveit_core/bin:${PATH} PYTHONPATH=/home/b/ws_moveit2/src/install/moveit_configs_utils/lib/python3.10/site-packages:/home/b/ws_moveit2/src/install/srdfdom/local/lib/python3.10/dist-packages:/home/b/ws_moveit2/src/install/launch_param_builder/lib/python3.10/site-packages:${PYTHONPATH} /usr/bin/cmake --install /home/b/ws_moveit2/src/build/moveit_hybrid_planning
[336.881s] -- Install configuration: "Release"
[336.907s] -- Installing: /home/b/ws_moveit2/src/install/moveit_hybrid_planning/lib/libmoveit_global_planner_component.so.2.5.9
[336.908s] -- Set runtime path of "/home/b/ws_moveit2/src/install/moveit_hybrid_planning/lib/libmoveit_global_planner_component.so.2.5.9" to ""
[336.908s] -- Installing: /home/b/ws_moveit2/src/install/moveit_hybrid_planning/lib/libmoveit_global_planner_component.so
[336.908s] -- Installing: /home/b/ws_moveit2/src/install/moveit_hybrid_planning/lib/libmoveit_hybrid_planning_manager.so.2.5.9
[336.914s] -- Set runtime path of "/home/b/ws_moveit2/src/install/moveit_hybrid_planning/lib/libmoveit_hybrid_planning_manager.so.2.5.9" to ""
[336.922s] -- Installing: /home/b/ws_moveit2/src/install/moveit_hybrid_planning/lib/libmoveit_hybrid_planning_manager.so
[336.923s] -- Installing: /home/b/ws_moveit2/src/install/moveit_hybrid_planning/lib/libmoveit_local_planner_component.so.2.5.9
[336.927s] -- Set runtime path of "/home/b/ws_moveit2/src/install/moveit_hybrid_planning/lib/libmoveit_local_planner_component.so.2.5.9" to ""
[336.931s] -- Installing: /home/b/ws_moveit2/src/install/moveit_hybrid_planning/lib/libmoveit_local_planner_component.so
[336.931s] -- Installing: /home/b/ws_moveit2/src/install/moveit_hybrid_planning/lib/libforward_trajectory_plugin.so.2.5.9
[336.931s] -- Set runtime path of "/home/b/ws_moveit2/src/install/moveit_hybrid_planning/lib/libforward_trajectory_plugin.so.2.5.9" to ""
[336.931s] -- Installing: /home/b/ws_moveit2/src/install/moveit_hybrid_planning/lib/libforward_trajectory_plugin.so
[336.931s] -- Installing: /home/b/ws_moveit2/src/install/moveit_hybrid_planning/lib/libmotion_planning_pipeline_plugin.so.2.5.9
[336.943s] -- Set runtime path of "/home/b/ws_moveit2/src/install/moveit_hybrid_planning/lib/libmotion_planning_pipeline_plugin.so.2.5.9" to ""
[336.943s] -- Installing: /home/b/ws_moveit2/src/install/moveit_hybrid_planning/lib/libmotion_planning_pipeline_plugin.so
[336.943s] -- Installing: /home/b/ws_moveit2/src/install/moveit_hybrid_planning/lib/libreplan_invalidated_trajectory_plugin.so.2.5.9
[336.943s] -- Set runtime path of "/home/b/ws_moveit2/src/install/moveit_hybrid_planning/lib/libreplan_invalidated_trajectory_plugin.so.2.5.9" to ""
[336.943s] -- Installing: /home/b/ws_moveit2/src/install/moveit_hybrid_planning/lib/libreplan_invalidated_trajectory_plugin.so
[336.944s] -- Installing: /home/b/ws_moveit2/src/install/moveit_hybrid_planning/lib/libsimple_sampler_plugin.so.2.5.9
[336.944s] -- Set runtime path of "/home/b/ws_moveit2/src/install/moveit_hybrid_planning/lib/libsimple_sampler_plugin.so.2.5.9" to ""
[336.944s] -- Installing: /home/b/ws_moveit2/src/install/moveit_hybrid_planning/lib/libsimple_sampler_plugin.so
[336.944s] -- Installing: /home/b/ws_moveit2/src/install/moveit_hybrid_planning/lib/libsingle_plan_execution_plugin.so.2.5.9
[336.944s] -- Set runtime path of "/home/b/ws_moveit2/src/install/moveit_hybrid_planning/lib/libsingle_plan_execution_plugin.so.2.5.9" to ""
[336.944s] -- Installing: /home/b/ws_moveit2/src/install/moveit_hybrid_planning/lib/libsingle_plan_execution_plugin.so
[336.945s] -- Installing: /home/b/ws_moveit2/src/install/moveit_hybrid_planning/lib/moveit_hybrid_planning/cancel_action
[336.951s] -- Set runtime path of "/home/b/ws_moveit2/src/install/moveit_hybrid_planning/lib/moveit_hybrid_planning/cancel_action" to ""
[336.951s] -- Installing: /home/b/ws_moveit2/src/install/moveit_hybrid_planning/lib/moveit_hybrid_planning/hybrid_planning_demo_node
[336.951s] -- Set runtime path of "/home/b/ws_moveit2/src/install/moveit_hybrid_planning/lib/moveit_hybrid_planning/hybrid_planning_demo_node" to ""
[336.951s] -- Installing: /home/b/ws_moveit2/src/install/moveit_hybrid_planning/include
[336.951s] -- Installing: /home/b/ws_moveit2/src/install/moveit_hybrid_planning/include/moveit
[336.960s] -- Installing: /home/b/ws_moveit2/src/install/moveit_hybrid_planning/include/moveit/global_planner
[336.961s] -- Installing: /home/b/ws_moveit2/src/install/moveit_hybrid_planning/include/moveit/global_planner/global_planner_interface.h
[336.967s] -- Installing: /home/b/ws_moveit2/src/install/moveit_hybrid_planning/include/moveit/global_planner/global_planner_component.h
[336.968s] -- Up-to-date: /home/b/ws_moveit2/src/install/moveit_hybrid_planning/include
[336.969s] -- Up-to-date: /home/b/ws_moveit2/src/install/moveit_hybrid_planning/include/moveit
[336.969s] -- Up-to-date: /home/b/ws_moveit2/src/install/moveit_hybrid_planning/include/moveit/global_planner
[336.969s] -- Installing: /home/b/ws_moveit2/src/install/moveit_hybrid_planning/include/moveit/global_planner/moveit_planning_pipeline.h
[336.971s] -- Up-to-date: /home/b/ws_moveit2/src/install/moveit_hybrid_planning/include
[336.971s] -- Up-to-date: /home/b/ws_moveit2/src/install/moveit_hybrid_planning/include/moveit
[336.971s] -- Installing: /home/b/ws_moveit2/src/install/moveit_hybrid_planning/include/moveit/hybrid_planning_manager
[336.972s] -- Installing: /home/b/ws_moveit2/src/install/moveit_hybrid_planning/include/moveit/hybrid_planning_manager/moveit_error_code_interface.h
[336.982s] -- Installing: /home/b/ws_moveit2/src/install/moveit_hybrid_planning/include/moveit/hybrid_planning_manager/hybrid_planning_manager.h
[336.982s] -- Installing: /home/b/ws_moveit2/src/install/moveit_hybrid_planning/include/moveit/hybrid_planning_manager/planner_logic_interface.h
[336.982s] -- Installing: /home/b/ws_moveit2/src/install/moveit_hybrid_planning/include/moveit/hybrid_planning_manager/hybrid_planning_events.h
[336.982s] -- Up-to-date: /home/b/ws_moveit2/src/install/moveit_hybrid_planning/include
[336.982s] -- Up-to-date: /home/b/ws_moveit2/src/install/moveit_hybrid_planning/include/moveit
[336.983s] -- Installing: /home/b/ws_moveit2/src/install/moveit_hybrid_planning/include/moveit/planner_logic_plugins
[336.983s] -- Installing: /home/b/ws_moveit2/src/install/moveit_hybrid_planning/include/moveit/planner_logic_plugins/replan_invalidated_trajectory.h
[336.983s] -- Installing: /home/b/ws_moveit2/src/install/moveit_hybrid_planning/include/moveit/planner_logic_plugins/single_plan_execution.h
[336.983s] -- Up-to-date: /home/b/ws_moveit2/src/install/moveit_hybrid_planning/include
[336.983s] -- Up-to-date: /home/b/ws_moveit2/src/install/moveit_hybrid_planning/include/moveit
[336.983s] -- Installing: /home/b/ws_moveit2/src/install/moveit_hybrid_planning/include/moveit/local_planner
[336.984s] -- Installing: /home/b/ws_moveit2/src/install/moveit_hybrid_planning/include/moveit/local_planner/local_constraint_solver_interface.h
[336.984s] -- Installing: /home/b/ws_moveit2/src/install/moveit_hybrid_planning/include/moveit/local_planner/trajectory_operator_interface.h
[336.991s] -- Installing: /home/b/ws_moveit2/src/install/moveit_hybrid_planning/include/moveit/local_planner/feedback_types.h
[336.992s] -- Installing: /home/b/ws_moveit2/src/install/moveit_hybrid_planning/include/moveit/local_planner/local_planner_component.h
[336.993s] -- Up-to-date: /home/b/ws_moveit2/src/install/moveit_hybrid_planning/include
[336.994s] -- Up-to-date: /home/b/ws_moveit2/src/install/moveit_hybrid_planning/include/moveit
[336.994s] -- Installing: /home/b/ws_moveit2/src/install/moveit_hybrid_planning/include/moveit/trajectory_operator_plugins
[336.994s] -- Installing: /home/b/ws_moveit2/src/install/moveit_hybrid_planning/include/moveit/trajectory_operator_plugins/simple_sampler.h
[336.999s] -- Up-to-date: /home/b/ws_moveit2/src/install/moveit_hybrid_planning/include
[336.999s] -- Up-to-date: /home/b/ws_moveit2/src/install/moveit_hybrid_planning/include/moveit
[336.999s] -- Installing: /home/b/ws_moveit2/src/install/moveit_hybrid_planning/include/moveit/local_constraint_solver_plugins
[337.007s] -- Installing: /home/b/ws_moveit2/src/install/moveit_hybrid_planning/include/moveit/local_constraint_solver_plugins/forward_trajectory.h
[337.009s] -- Installing: /home/b/ws_moveit2/src/install/moveit_hybrid_planning/share/moveit_hybrid_planning/launch
[337.015s] -- Installing: /home/b/ws_moveit2/src/install/moveit_hybrid_planning/share/moveit_hybrid_planning/launch/hybrid_planning_demo.launch.py
[337.016s] -- Installing: /home/b/ws_moveit2/src/install/moveit_hybrid_planning/share/moveit_hybrid_planning/launch/test_basic_integration.test.py
[337.017s] -- Installing: /home/b/ws_moveit2/src/install/moveit_hybrid_planning/share/moveit_hybrid_planning/launch/hybrid_planning_common.py
[337.027s] -- Installing: /home/b/ws_moveit2/src/install/moveit_hybrid_planning/share/moveit_hybrid_planning/config
[337.027s] -- Installing: /home/b/ws_moveit2/src/install/moveit_hybrid_planning/share/moveit_hybrid_planning/config/hybrid_planning_manager.yaml
[337.027s] -- Installing: /home/b/ws_moveit2/src/install/moveit_hybrid_planning/share/moveit_hybrid_planning/config/common_hybrid_planning_params.yaml
[337.032s] -- Installing: /home/b/ws_moveit2/src/install/moveit_hybrid_planning/share/moveit_hybrid_planning/config/demo_controller.yaml
[337.033s] -- Installing: /home/b/ws_moveit2/src/install/moveit_hybrid_planning/share/moveit_hybrid_planning/config/hybrid_planning_demo.rviz
[337.035s] -- Installing: /home/b/ws_moveit2/src/install/moveit_hybrid_planning/share/moveit_hybrid_planning/config/global_planner.yaml
[337.035s] -- Installing: /home/b/ws_moveit2/src/install/moveit_hybrid_planning/share/moveit_hybrid_planning/config/local_planner.yaml
[337.037s] -- Installing: /home/b/ws_moveit2/src/install/moveit_hybrid_planning/share/moveit_hybrid_planning/single_plan_execution_plugin.xml
[337.042s] -- Installing: /home/b/ws_moveit2/src/install/moveit_hybrid_planning/share/moveit_hybrid_planning/moveit_planning_pipeline_plugin.xml
[337.047s] -- Installing: /home/b/ws_moveit2/src/install/moveit_hybrid_planning/share/moveit_hybrid_planning/simple_sampler_plugin.xml
[337.047s] -- Installing: /home/b/ws_moveit2/src/install/moveit_hybrid_planning/share/moveit_hybrid_planning/replan_invalidated_trajectory_plugin.xml
[337.047s] -- Installing: /home/b/ws_moveit2/src/install/moveit_hybrid_planning/share/moveit_hybrid_planning/forward_trajectory_plugin.xml
[337.048s] -- Installing: /home/b/ws_moveit2/src/install/moveit_hybrid_planning/share/moveit_hybrid_planning/environment/library_path.sh
[337.052s] -- Installing: /home/b/ws_moveit2/src/install/moveit_hybrid_planning/share/moveit_hybrid_planning/environment/library_path.dsv
[337.062s] -- Installing: /home/b/ws_moveit2/src/install/moveit_hybrid_planning/share/ament_index/resource_index/package_run_dependencies/moveit_hybrid_planning
[337.075s] -- Installing: /home/b/ws_moveit2/src/install/moveit_hybrid_planning/share/ament_index/resource_index/parent_prefix_path/moveit_hybrid_planning
[337.075s] -- Installing: /home/b/ws_moveit2/src/install/moveit_hybrid_planning/share/moveit_hybrid_planning/environment/ament_prefix_path.sh
[337.075s] -- Installing: /home/b/ws_moveit2/src/install/moveit_hybrid_planning/share/moveit_hybrid_planning/environment/ament_prefix_path.dsv
[337.075s] -- Installing: /home/b/ws_moveit2/src/install/moveit_hybrid_planning/share/moveit_hybrid_planning/environment/path.sh
[337.075s] -- Installing: /home/b/ws_moveit2/src/install/moveit_hybrid_planning/share/moveit_hybrid_planning/environment/path.dsv
[337.080s] -- Installing: /home/b/ws_moveit2/src/install/moveit_hybrid_planning/share/moveit_hybrid_planning/local_setup.bash
[337.081s] -- Installing: /home/b/ws_moveit2/src/install/moveit_hybrid_planning/share/moveit_hybrid_planning/local_setup.sh
[337.083s] -- Installing: /home/b/ws_moveit2/src/install/moveit_hybrid_planning/share/moveit_hybrid_planning/local_setup.zsh
[337.083s] -- Installing: /home/b/ws_moveit2/src/install/moveit_hybrid_planning/share/moveit_hybrid_planning/local_setup.dsv
[337.087s] -- Installing: /home/b/ws_moveit2/src/install/moveit_hybrid_planning/share/moveit_hybrid_planning/package.dsv
[337.091s] -- Installing: /home/b/ws_moveit2/src/install/moveit_hybrid_planning/share/ament_index/resource_index/packages/moveit_hybrid_planning
[337.094s] -- Installing: /home/b/ws_moveit2/src/install/moveit_hybrid_planning/share/ament_index/resource_index/moveit_hybrid_planning__pluginlib__plugin/moveit_hybrid_planning
[337.097s] -- Installing: /home/b/ws_moveit2/src/install/moveit_hybrid_planning/share/ament_index/resource_index/rclcpp_components/moveit_hybrid_planning
[337.110s] -- Installing: /home/b/ws_moveit2/src/install/moveit_hybrid_planning/share/moveit_hybrid_planning/cmake/export_moveit_hybrid_planningExport.cmake
[337.111s] -- Installing: /home/b/ws_moveit2/src/install/moveit_hybrid_planning/share/moveit_hybrid_planning/cmake/export_moveit_hybrid_planningExport-release.cmake
[337.111s] -- Installing: /home/b/ws_moveit2/src/install/moveit_hybrid_planning/share/moveit_hybrid_planning/cmake/ament_cmake_export_include_directories-extras.cmake
[337.115s] -- Installing: /home/b/ws_moveit2/src/install/moveit_hybrid_planning/share/moveit_hybrid_planning/cmake/ament_cmake_export_libraries-extras.cmake
[337.118s] -- Installing: /home/b/ws_moveit2/src/install/moveit_hybrid_planning/share/moveit_hybrid_planning/cmake/ament_cmake_export_dependencies-extras.cmake
[337.119s] -- Installing: /home/b/ws_moveit2/src/install/moveit_hybrid_planning/share/moveit_hybrid_planning/cmake/ament_cmake_export_targets-extras.cmake
[337.123s] -- Installing: /home/b/ws_moveit2/src/install/moveit_hybrid_planning/share/moveit_hybrid_planning/cmake/moveit_hybrid_planningConfig.cmake
[337.125s] -- Installing: /home/b/ws_moveit2/src/install/moveit_hybrid_planning/share/moveit_hybrid_planning/cmake/moveit_hybrid_planningConfig-version.cmake
[337.127s] -- Installing: /home/b/ws_moveit2/src/install/moveit_hybrid_planning/share/moveit_hybrid_planning/package.xml
[337.155s] Invoked command in '/home/b/ws_moveit2/src/build/moveit_hybrid_planning' returned '0': AMENT_PREFIX_PATH=/home/b/ws_moveit2/src/install/moveit_ros_planning_interface:/home/b/ws_moveit2/src/install/moveit_ros_move_group:/home/b/ws_moveit2/src/install/moveit_ros_warehouse:/home/b/ws_moveit2/src/install/moveit_planners_ompl:/home/b/ws_moveit2/src/install/moveit_kinematics:/home/b/ws_moveit2/src/install/moveit_ros_planning:/home/b/ws_moveit2/src/install/moveit_simple_controller_manager:/home/b/ws_moveit2/src/install/moveit_ros_occupancy_map_monitor:/home/b/ws_moveit2/src/install/moveit_core:/home/b/ws_moveit2/src/install/moveit_resources_panda_moveit_config:/home/b/ws_moveit2/src/install/moveit_resources_fanuc_moveit_config:/home/b/ws_moveit2/src/install/moveit_configs_utils:/home/b/ws_moveit2/src/install/srdfdom:/home/b/ws_moveit2/src/install/moveit_resources_pr2_description:/home/b/ws_moveit2/src/install/moveit_resources_panda_description:/home/b/ws_moveit2/src/install/moveit_resources_fanuc_description:/home/b/ws_moveit2/src/install/moveit_common:/home/b/ws_moveit2/src/install/launch_param_builder:${AMENT_PREFIX_PATH} CMAKE_PREFIX_PATH=/home/b/ws_moveit2/src/install/moveit_ros_planning_interface:/home/b/ws_moveit2/src/install/moveit_ros_move_group:/home/b/ws_moveit2/src/install/moveit_ros_warehouse:/home/b/ws_moveit2/src/install/moveit_planners_ompl:/home/b/ws_moveit2/src/install/moveit_kinematics:/home/b/ws_moveit2/src/install/moveit_ros_planning:/home/b/ws_moveit2/src/install/moveit_simple_controller_manager:/home/b/ws_moveit2/src/install/moveit_ros_occupancy_map_monitor:/home/b/ws_moveit2/src/install/moveit_core:/home/b/ws_moveit2/src/install/moveit_resources_panda_moveit_config:/home/b/ws_moveit2/src/install/moveit_resources_fanuc_moveit_config:/home/b/ws_moveit2/src/install/srdfdom:/home/b/ws_moveit2/src/install/moveit_resources_pr2_description:/home/b/ws_moveit2/src/install/moveit_resources_panda_description:/home/b/ws_moveit2/src/install/moveit_resources_fanuc_description:/home/b/ws_moveit2/src/install/moveit_common:/opt/ros/humble LD_LIBRARY_PATH=/home/b/ws_moveit2/src/install/moveit_ros_planning_interface/lib:/home/b/ws_moveit2/src/install/moveit_ros_move_group/lib:/home/b/ws_moveit2/src/install/moveit_ros_warehouse/lib:/home/b/ws_moveit2/src/install/moveit_planners_ompl/lib:/home/b/ws_moveit2/src/install/moveit_kinematics/lib:/home/b/ws_moveit2/src/install/moveit_ros_planning/lib:/home/b/ws_moveit2/src/install/moveit_simple_controller_manager/lib:/home/b/ws_moveit2/src/install/moveit_ros_occupancy_map_monitor/lib:/home/b/ws_moveit2/src/install/moveit_core/lib:/home/b/ws_moveit2/src/install/srdfdom/lib:${LD_LIBRARY_PATH} PATH=/home/b/ws_moveit2/src/install/moveit_core/bin:${PATH} PYTHONPATH=/home/b/ws_moveit2/src/install/moveit_configs_utils/lib/python3.10/site-packages:/home/b/ws_moveit2/src/install/srdfdom/local/lib/python3.10/dist-packages:/home/b/ws_moveit2/src/install/launch_param_builder/lib/python3.10/site-packages:${PYTHONPATH} /usr/bin/cmake --install /home/b/ws_moveit2/src/build/moveit_hybrid_planning
