[0.196s] DEBUG:colcon:Command line arguments: ['/usr/bin/colcon', 'build', '--packages-select', 'ur3e_motion_cpp']
[0.196s] DEBUG:colcon:Parsed command line arguments: Namespace(log_base=None, log_level=None, verb_name='build', build_base='build', install_base='install', merge_install=False, symlink_install=False, test_result_base=None, continue_on_error=False, executor='parallel', parallel_workers=4, event_handlers=None, ignore_user_meta=False, metas=['./colcon.meta'], base_paths=['.'], packages_ignore=None, packages_ignore_regex=None, paths=None, packages_up_to=None, packages_up_to_regex=None, packages_above=None, packages_above_and_dependencies=None, packages_above_depth=None, packages_select_by_dep=None, packages_skip_by_dep=None, packages_skip_up_to=None, packages_select_build_failed=False, packages_skip_build_finished=False, packages_select_test_failures=False, packages_skip_test_passed=False, packages_select=['ur3e_motion_cpp'], packages_skip=None, packages_select_regex=None, packages_skip_regex=None, packages_start=None, packages_end=None, allow_overriding=[], cmake_args=None, cmake_target=None, cmake_target_skip_unavailable=False, cmake_clean_cache=False, cmake_clean_first=False, cmake_force_configure=False, ament_cmake_args=None, catkin_cmake_args=None, catkin_skip_building_tests=False, mixin_files=None, mixin=None, verb_parser=<colcon_mixin.mixin.mixin_argument.MixinArgumentDecorator object at 0x7e7e5c58e5c0>, verb_extension=<colcon_core.verb.build.BuildVerb object at 0x7e7e5c58dc60>, main=<bound method BuildVerb.main of <colcon_core.verb.build.BuildVerb object at 0x7e7e5c58dc60>>, mixin_verb=('build',))
[0.613s] Level 1:colcon.colcon_core.package_discovery:discover_packages(colcon_meta) check parameters
[0.613s] Level 1:colcon.colcon_core.package_discovery:discover_packages(recursive) check parameters
[0.613s] Level 1:colcon.colcon_core.package_discovery:discover_packages(ignore) check parameters
[0.613s] Level 1:colcon.colcon_core.package_discovery:discover_packages(path) check parameters
[0.613s] Level 1:colcon.colcon_core.package_discovery:discover_packages(colcon_meta) discover
[0.614s] Level 1:colcon.colcon_core.package_discovery:discover_packages(recursive) discover
[0.614s] INFO:colcon.colcon_core.package_discovery:Crawling recursively for packages in '/home/danish/git/BrickPickNPlace-RS2/src'
[0.614s] Level 1:colcon.colcon_core.package_identification:_identify(.) by extensions ['ignore', 'ignore_ament_install']
[0.614s] Level 1:colcon.colcon_core.package_identification:_identify(.) by extension 'ignore'
[0.614s] Level 1:colcon.colcon_core.package_identification:_identify(.) by extension 'ignore_ament_install'
[0.614s] Level 1:colcon.colcon_core.package_identification:_identify(.) by extensions ['colcon_pkg']
[0.614s] Level 1:colcon.colcon_core.package_identification:_identify(.) by extension 'colcon_pkg'
[0.614s] Level 1:colcon.colcon_core.package_identification:_identify(.) by extensions ['colcon_meta']
[0.614s] Level 1:colcon.colcon_core.package_identification:_identify(.) by extension 'colcon_meta'
[0.614s] Level 1:colcon.colcon_core.package_identification:_identify(.) by extensions ['ros']
[0.615s] Level 1:colcon.colcon_core.package_identification:_identify(.) by extension 'ros'
[0.639s] Level 1:colcon.colcon_core.package_identification:_identify(.) by extensions ['cmake', 'python']
[0.639s] Level 1:colcon.colcon_core.package_identification:_identify(.) by extension 'cmake'
[0.640s] Level 1:colcon.colcon_core.package_identification:_identify(.) by extension 'python'
[0.640s] Level 1:colcon.colcon_core.package_identification:_identify(.) by extensions ['python_setup_py']
[0.640s] Level 1:colcon.colcon_core.package_identification:_identify(.) by extension 'python_setup_py'
[0.640s] Level 1:colcon.colcon_core.package_identification:_identify(build) by extensions ['ignore', 'ignore_ament_install']
[0.640s] Level 1:colcon.colcon_core.package_identification:_identify(build) by extension 'ignore'
[0.640s] Level 1:colcon.colcon_core.package_identification:_identify(build) ignored
[0.640s] Level 1:colcon.colcon_core.package_identification:_identify(install) by extensions ['ignore', 'ignore_ament_install']
[0.640s] Level 1:colcon.colcon_core.package_identification:_identify(install) by extension 'ignore'
[0.640s] Level 1:colcon.colcon_core.package_identification:_identify(install) ignored
[0.641s] Level 1:colcon.colcon_core.package_identification:_identify(launch_param_builder) by extensions ['ignore', 'ignore_ament_install']
[0.641s] Level 1:colcon.colcon_core.package_identification:_identify(launch_param_builder) by extension 'ignore'
[0.641s] Level 1:colcon.colcon_core.package_identification:_identify(launch_param_builder) by extension 'ignore_ament_install'
[0.641s] Level 1:colcon.colcon_core.package_identification:_identify(launch_param_builder) by extensions ['colcon_pkg']
[0.641s] Level 1:colcon.colcon_core.package_identification:_identify(launch_param_builder) by extension 'colcon_pkg'
[0.641s] Level 1:colcon.colcon_core.package_identification:_identify(launch_param_builder) by extensions ['colcon_meta']
[0.641s] Level 1:colcon.colcon_core.package_identification:_identify(launch_param_builder) by extension 'colcon_meta'
[0.641s] Level 1:colcon.colcon_core.package_identification:_identify(launch_param_builder) by extensions ['ros']
[0.641s] Level 1:colcon.colcon_core.package_identification:_identify(launch_param_builder) by extension 'ros'
[0.641s] Level 1:colcon.colcon_core.package_identification:_identify(launch_param_builder) by extensions ['cmake', 'python']
[0.641s] Level 1:colcon.colcon_core.package_identification:_identify(launch_param_builder) by extension 'cmake'
[0.641s] Level 1:colcon.colcon_core.package_identification:_identify(launch_param_builder) by extension 'python'
[0.641s] Level 1:colcon.colcon_core.package_identification:_identify(launch_param_builder) by extensions ['python_setup_py']
[0.641s] Level 1:colcon.colcon_core.package_identification:_identify(launch_param_builder) by extension 'python_setup_py'
[0.642s] Level 1:colcon.colcon_core.package_identification:_identify(log) by extensions ['ignore', 'ignore_ament_install']
[0.642s] Level 1:colcon.colcon_core.package_identification:_identify(log) by extension 'ignore'
[0.642s] Level 1:colcon.colcon_core.package_identification:_identify(log) ignored
[0.642s] Level 1:colcon.colcon_core.package_identification:_identify(moveit2) by extensions ['ignore', 'ignore_ament_install']
[0.642s] Level 1:colcon.colcon_core.package_identification:_identify(moveit2) by extension 'ignore'
[0.642s] Level 1:colcon.colcon_core.package_identification:_identify(moveit2) by extension 'ignore_ament_install'
[0.642s] Level 1:colcon.colcon_core.package_identification:_identify(moveit2) by extensions ['colcon_pkg']
[0.642s] Level 1:colcon.colcon_core.package_identification:_identify(moveit2) by extension 'colcon_pkg'
[0.642s] Level 1:colcon.colcon_core.package_identification:_identify(moveit2) by extensions ['colcon_meta']
[0.642s] Level 1:colcon.colcon_core.package_identification:_identify(moveit2) by extension 'colcon_meta'
[0.642s] Level 1:colcon.colcon_core.package_identification:_identify(moveit2) by extensions ['ros']
[0.642s] Level 1:colcon.colcon_core.package_identification:_identify(moveit2) by extension 'ros'
[0.643s] Level 1:colcon.colcon_core.package_identification:_identify(moveit2) by extensions ['cmake', 'python']
[0.643s] Level 1:colcon.colcon_core.package_identification:_identify(moveit2) by extension 'cmake'
[0.643s] Level 1:colcon.colcon_core.package_identification:_identify(moveit2) by extension 'python'
[0.643s] Level 1:colcon.colcon_core.package_identification:_identify(moveit2) by extensions ['python_setup_py']
[0.643s] Level 1:colcon.colcon_core.package_identification:_identify(moveit2) by extension 'python_setup_py'
[0.643s] Level 1:colcon.colcon_core.package_identification:_identify(moveit2_tutorials) by extensions ['ignore', 'ignore_ament_install']
[0.643s] Level 1:colcon.colcon_core.package_identification:_identify(moveit2_tutorials) by extension 'ignore'
[0.643s] Level 1:colcon.colcon_core.package_identification:_identify(moveit2_tutorials) by extension 'ignore_ament_install'
[0.643s] Level 1:colcon.colcon_core.package_identification:_identify(moveit2_tutorials) by extensions ['colcon_pkg']
[0.643s] Level 1:colcon.colcon_core.package_identification:_identify(moveit2_tutorials) by extension 'colcon_pkg'
[0.643s] Level 1:colcon.colcon_core.package_identification:_identify(moveit2_tutorials) by extensions ['colcon_meta']
[0.643s] Level 1:colcon.colcon_core.package_identification:_identify(moveit2_tutorials) by extension 'colcon_meta'
[0.643s] Level 1:colcon.colcon_core.package_identification:_identify(moveit2_tutorials) by extensions ['ros']
[0.644s] Level 1:colcon.colcon_core.package_identification:_identify(moveit2_tutorials) by extension 'ros'
[0.644s] Level 1:colcon.colcon_core.package_identification:_identify(moveit2_tutorials) by extensions ['cmake', 'python']
[0.644s] Level 1:colcon.colcon_core.package_identification:_identify(moveit2_tutorials) by extension 'cmake'
[0.644s] Level 1:colcon.colcon_core.package_identification:_identify(moveit2_tutorials) by extension 'python'
[0.644s] Level 1:colcon.colcon_core.package_identification:_identify(moveit2_tutorials) by extensions ['python_setup_py']
[0.644s] Level 1:colcon.colcon_core.package_identification:_identify(moveit2_tutorials) by extension 'python_setup_py'
[0.644s] Level 1:colcon.colcon_core.package_identification:_identify(moveit_resources) by extensions ['ignore', 'ignore_ament_install']
[0.644s] Level 1:colcon.colcon_core.package_identification:_identify(moveit_resources) by extension 'ignore'
[0.645s] Level 1:colcon.colcon_core.package_identification:_identify(moveit_resources) by extension 'ignore_ament_install'
[0.645s] Level 1:colcon.colcon_core.package_identification:_identify(moveit_resources) by extensions ['colcon_pkg']
[0.645s] Level 1:colcon.colcon_core.package_identification:_identify(moveit_resources) by extension 'colcon_pkg'
[0.645s] Level 1:colcon.colcon_core.package_identification:_identify(moveit_resources) by extensions ['colcon_meta']
[0.645s] Level 1:colcon.colcon_core.package_identification:_identify(moveit_resources) by extension 'colcon_meta'
[0.645s] Level 1:colcon.colcon_core.package_identification:_identify(moveit_resources) by extensions ['ros']
[0.645s] Level 1:colcon.colcon_core.package_identification:_identify(moveit_resources) by extension 'ros'
[0.645s] Level 1:colcon.colcon_core.package_identification:_identify(moveit_resources) by extensions ['cmake', 'python']
[0.645s] Level 1:colcon.colcon_core.package_identification:_identify(moveit_resources) by extension 'cmake'
[0.645s] Level 1:colcon.colcon_core.package_identification:_identify(moveit_resources) by extension 'python'
[0.645s] Level 1:colcon.colcon_core.package_identification:_identify(moveit_resources) by extensions ['python_setup_py']
[0.645s] Level 1:colcon.colcon_core.package_identification:_identify(moveit_resources) by extension 'python_setup_py'
[0.645s] Level 1:colcon.colcon_core.package_identification:_identify(moveit_task_constructor) by extensions ['ignore', 'ignore_ament_install']
[0.646s] Level 1:colcon.colcon_core.package_identification:_identify(moveit_task_constructor) by extension 'ignore'
[0.646s] Level 1:colcon.colcon_core.package_identification:_identify(moveit_task_constructor) by extension 'ignore_ament_install'
[0.646s] Level 1:colcon.colcon_core.package_identification:_identify(moveit_task_constructor) by extensions ['colcon_pkg']
[0.646s] Level 1:colcon.colcon_core.package_identification:_identify(moveit_task_constructor) by extension 'colcon_pkg'
[0.646s] Level 1:colcon.colcon_core.package_identification:_identify(moveit_task_constructor) by extensions ['colcon_meta']
[0.646s] Level 1:colcon.colcon_core.package_identification:_identify(moveit_task_constructor) by extension 'colcon_meta'
[0.646s] Level 1:colcon.colcon_core.package_identification:_identify(moveit_task_constructor) by extensions ['ros']
[0.646s] Level 1:colcon.colcon_core.package_identification:_identify(moveit_task_constructor) by extension 'ros'
[0.646s] Level 1:colcon.colcon_core.package_identification:_identify(moveit_task_constructor) by extensions ['cmake', 'python']
[0.646s] Level 1:colcon.colcon_core.package_identification:_identify(moveit_task_constructor) by extension 'cmake'
[0.646s] Level 1:colcon.colcon_core.package_identification:_identify(moveit_task_constructor) by extension 'python'
[0.646s] Level 1:colcon.colcon_core.package_identification:_identify(moveit_task_constructor) by extensions ['python_setup_py']
[0.646s] Level 1:colcon.colcon_core.package_identification:_identify(moveit_task_constructor) by extension 'python_setup_py'
[0.646s] Level 1:colcon.colcon_core.package_identification:_identify(moveit_visual_tools) by extensions ['ignore', 'ignore_ament_install']
[0.647s] Level 1:colcon.colcon_core.package_identification:_identify(moveit_visual_tools) by extension 'ignore'
[0.647s] Level 1:colcon.colcon_core.package_identification:_identify(moveit_visual_tools) by extension 'ignore_ament_install'
[0.647s] Level 1:colcon.colcon_core.package_identification:_identify(moveit_visual_tools) by extensions ['colcon_pkg']
[0.647s] Level 1:colcon.colcon_core.package_identification:_identify(moveit_visual_tools) by extension 'colcon_pkg'
[0.647s] Level 1:colcon.colcon_core.package_identification:_identify(moveit_visual_tools) by extensions ['colcon_meta']
[0.647s] Level 1:colcon.colcon_core.package_identification:_identify(moveit_visual_tools) by extension 'colcon_meta'
[0.647s] Level 1:colcon.colcon_core.package_identification:_identify(moveit_visual_tools) by extensions ['ros']
[0.647s] Level 1:colcon.colcon_core.package_identification:_identify(moveit_visual_tools) by extension 'ros'
[0.647s] Level 1:colcon.colcon_core.package_identification:_identify(moveit_visual_tools) by extensions ['cmake', 'python']
[0.647s] Level 1:colcon.colcon_core.package_identification:_identify(moveit_visual_tools) by extension 'cmake'
[0.647s] Level 1:colcon.colcon_core.package_identification:_identify(moveit_visual_tools) by extension 'python'
[0.647s] Level 1:colcon.colcon_core.package_identification:_identify(moveit_visual_tools) by extensions ['python_setup_py']
[0.647s] Level 1:colcon.colcon_core.package_identification:_identify(moveit_visual_tools) by extension 'python_setup_py'
[0.647s] Level 1:colcon.colcon_core.package_identification:_identify(rosparam_shortcuts) by extensions ['ignore', 'ignore_ament_install']
[0.648s] Level 1:colcon.colcon_core.package_identification:_identify(rosparam_shortcuts) by extension 'ignore'
[0.648s] Level 1:colcon.colcon_core.package_identification:_identify(rosparam_shortcuts) by extension 'ignore_ament_install'
[0.648s] Level 1:colcon.colcon_core.package_identification:_identify(rosparam_shortcuts) by extensions ['colcon_pkg']
[0.648s] Level 1:colcon.colcon_core.package_identification:_identify(rosparam_shortcuts) by extension 'colcon_pkg'
[0.648s] Level 1:colcon.colcon_core.package_identification:_identify(rosparam_shortcuts) by extensions ['colcon_meta']
[0.648s] Level 1:colcon.colcon_core.package_identification:_identify(rosparam_shortcuts) by extension 'colcon_meta'
[0.648s] Level 1:colcon.colcon_core.package_identification:_identify(rosparam_shortcuts) by extensions ['ros']
[0.648s] Level 1:colcon.colcon_core.package_identification:_identify(rosparam_shortcuts) by extension 'ros'
[0.648s] Level 1:colcon.colcon_core.package_identification:_identify(rosparam_shortcuts) by extensions ['cmake', 'python']
[0.648s] Level 1:colcon.colcon_core.package_identification:_identify(rosparam_shortcuts) by extension 'cmake'
[0.648s] Level 1:colcon.colcon_core.package_identification:_identify(rosparam_shortcuts) by extension 'python'
[0.648s] Level 1:colcon.colcon_core.package_identification:_identify(rosparam_shortcuts) by extensions ['python_setup_py']
[0.648s] Level 1:colcon.colcon_core.package_identification:_identify(rosparam_shortcuts) by extension 'python_setup_py'
[0.648s] Level 1:colcon.colcon_core.package_identification:_identify(srdfdom) by extensions ['ignore', 'ignore_ament_install']
[0.649s] Level 1:colcon.colcon_core.package_identification:_identify(srdfdom) by extension 'ignore'
[0.649s] Level 1:colcon.colcon_core.package_identification:_identify(srdfdom) by extension 'ignore_ament_install'
[0.649s] Level 1:colcon.colcon_core.package_identification:_identify(srdfdom) by extensions ['colcon_pkg']
[0.649s] Level 1:colcon.colcon_core.package_identification:_identify(srdfdom) by extension 'colcon_pkg'
[0.649s] Level 1:colcon.colcon_core.package_identification:_identify(srdfdom) by extensions ['colcon_meta']
[0.649s] Level 1:colcon.colcon_core.package_identification:_identify(srdfdom) by extension 'colcon_meta'
[0.649s] Level 1:colcon.colcon_core.package_identification:_identify(srdfdom) by extensions ['ros']
[0.649s] Level 1:colcon.colcon_core.package_identification:_identify(srdfdom) by extension 'ros'
[0.649s] Level 1:colcon.colcon_core.package_identification:_identify(srdfdom) by extensions ['cmake', 'python']
[0.649s] Level 1:colcon.colcon_core.package_identification:_identify(srdfdom) by extension 'cmake'
[0.649s] Level 1:colcon.colcon_core.package_identification:_identify(srdfdom) by extension 'python'
[0.649s] Level 1:colcon.colcon_core.package_identification:_identify(srdfdom) by extensions ['python_setup_py']
[0.649s] Level 1:colcon.colcon_core.package_identification:_identify(srdfdom) by extension 'python_setup_py'
[0.650s] Level 1:colcon.colcon_core.package_identification:_identify(ur3e_motion) by extensions ['ignore', 'ignore_ament_install']
[0.650s] Level 1:colcon.colcon_core.package_identification:_identify(ur3e_motion) by extension 'ignore'
[0.650s] Level 1:colcon.colcon_core.package_identification:_identify(ur3e_motion) by extension 'ignore_ament_install'
[0.650s] Level 1:colcon.colcon_core.package_identification:_identify(ur3e_motion) by extensions ['colcon_pkg']
[0.650s] Level 1:colcon.colcon_core.package_identification:_identify(ur3e_motion) by extension 'colcon_pkg'
[0.650s] Level 1:colcon.colcon_core.package_identification:_identify(ur3e_motion) by extensions ['colcon_meta']
[0.650s] Level 1:colcon.colcon_core.package_identification:_identify(ur3e_motion) by extension 'colcon_meta'
[0.650s] Level 1:colcon.colcon_core.package_identification:_identify(ur3e_motion) by extensions ['ros']
[0.650s] Level 1:colcon.colcon_core.package_identification:_identify(ur3e_motion) by extension 'ros'
[0.655s] DEBUG:colcon.colcon_core.package_identification:Package 'ur3e_motion' with type 'ros.ament_python' and name 'ur3e_motion'
[0.655s] Level 1:colcon.colcon_core.package_identification:_identify(ur3e_motion_cpp) by extensions ['ignore', 'ignore_ament_install']
[0.655s] Level 1:colcon.colcon_core.package_identification:_identify(ur3e_motion_cpp) by extension 'ignore'
[0.656s] Level 1:colcon.colcon_core.package_identification:_identify(ur3e_motion_cpp) by extension 'ignore_ament_install'
[0.656s] Level 1:colcon.colcon_core.package_identification:_identify(ur3e_motion_cpp) by extensions ['colcon_pkg']
[0.656s] Level 1:colcon.colcon_core.package_identification:_identify(ur3e_motion_cpp) by extension 'colcon_pkg'
[0.656s] Level 1:colcon.colcon_core.package_identification:_identify(ur3e_motion_cpp) by extensions ['colcon_meta']
[0.656s] Level 1:colcon.colcon_core.package_identification:_identify(ur3e_motion_cpp) by extension 'colcon_meta'
[0.656s] Level 1:colcon.colcon_core.package_identification:_identify(ur3e_motion_cpp) by extensions ['ros']
[0.656s] Level 1:colcon.colcon_core.package_identification:_identify(ur3e_motion_cpp) by extension 'ros'
[0.658s] DEBUG:colcon.colcon_core.package_identification:Package 'ur3e_motion_cpp' with type 'ros.ament_cmake' and name 'ur3e_motion_cpp'
[0.658s] Level 1:colcon.colcon_core.package_discovery:discover_packages(recursive) using defaults
[0.658s] Level 1:colcon.colcon_core.package_discovery:discover_packages(ignore) discover
[0.658s] Level 1:colcon.colcon_core.package_discovery:discover_packages(ignore) using defaults
[0.658s] Level 1:colcon.colcon_core.package_discovery:discover_packages(path) discover
[0.658s] Level 1:colcon.colcon_core.package_discovery:discover_packages(path) using defaults
[0.693s] INFO:colcon.colcon_core.package_selection:Skipping not selected package 'ur3e_motion' in 'ur3e_motion'
[0.694s] Level 1:colcon.colcon_core.package_discovery:discover_packages(prefix_path) check parameters
[0.694s] Level 1:colcon.colcon_core.package_discovery:discover_packages(prefix_path) discover
[0.703s] DEBUG:colcon.colcon_installed_package_information.package_discovery:Found 58 installed packages in /home/danish/git/BrickPickNPlace-RS2/install
[0.707s] DEBUG:colcon.colcon_installed_package_information.package_discovery:Found 400 installed packages in /opt/ros/humble
[0.715s] Level 1:colcon.colcon_core.package_discovery:discover_packages(prefix_path) using defaults
[0.800s] Level 5:colcon.colcon_core.verb:set package 'ur3e_motion_cpp' build argument 'cmake_args' from command line to 'None'
[0.800s] Level 5:colcon.colcon_core.verb:set package 'ur3e_motion_cpp' build argument 'cmake_target' from command line to 'None'
[0.800s] Level 5:colcon.colcon_core.verb:set package 'ur3e_motion_cpp' build argument 'cmake_target_skip_unavailable' from command line to 'False'
[0.800s] Level 5:colcon.colcon_core.verb:set package 'ur3e_motion_cpp' build argument 'cmake_clean_cache' from command line to 'False'
[0.801s] Level 5:colcon.colcon_core.verb:set package 'ur3e_motion_cpp' build argument 'cmake_clean_first' from command line to 'False'
[0.801s] Level 5:colcon.colcon_core.verb:set package 'ur3e_motion_cpp' build argument 'cmake_force_configure' from command line to 'False'
[0.801s] Level 5:colcon.colcon_core.verb:set package 'ur3e_motion_cpp' build argument 'ament_cmake_args' from command line to 'None'
[0.801s] Level 5:colcon.colcon_core.verb:set package 'ur3e_motion_cpp' build argument 'catkin_cmake_args' from command line to 'None'
[0.801s] Level 5:colcon.colcon_core.verb:set package 'ur3e_motion_cpp' build argument 'catkin_skip_building_tests' from command line to 'False'
[0.801s] DEBUG:colcon.colcon_core.verb:Building package 'ur3e_motion_cpp' with the following arguments: {'ament_cmake_args': None, 'build_base': '/home/danish/git/BrickPickNPlace-RS2/src/build/ur3e_motion_cpp', 'catkin_cmake_args': None, 'catkin_skip_building_tests': False, 'cmake_args': None, 'cmake_clean_cache': False, 'cmake_clean_first': False, 'cmake_force_configure': False, 'cmake_target': None, 'cmake_target_skip_unavailable': False, 'install_base': '/home/danish/git/BrickPickNPlace-RS2/src/install/ur3e_motion_cpp', 'merge_install': False, 'path': '/home/danish/git/BrickPickNPlace-RS2/src/ur3e_motion_cpp', 'symlink_install': False, 'test_result_base': None}
[0.801s] INFO:colcon.colcon_core.executor:Executing jobs using 'parallel' executor
[0.802s] DEBUG:colcon.colcon_parallel_executor.executor.parallel:run_until_complete
[0.802s] INFO:colcon.colcon_ros.task.ament_cmake.build:Building ROS package in '/home/danish/git/BrickPickNPlace-RS2/src/ur3e_motion_cpp' with build type 'ament_cmake'
[0.802s] INFO:colcon.colcon_cmake.task.cmake.build:Building CMake package in '/home/danish/git/BrickPickNPlace-RS2/src/ur3e_motion_cpp'
[0.805s] INFO:colcon.colcon_core.plugin_system:Skipping extension 'colcon_core.shell.bat': Not used on non-Windows systems
[0.805s] INFO:colcon.colcon_core.shell:Skip shell extension 'powershell' for command environment: Not usable outside of PowerShell
[0.805s] DEBUG:colcon.colcon_core.shell:Skip shell extension 'dsv' for command environment
[0.832s] DEBUG:colcon.colcon_core.event_handler.log_command:Invoking command in '/home/danish/git/BrickPickNPlace-RS2/src/build/ur3e_motion_cpp': CMAKE_PREFIX_PATH=${CMAKE_PREFIX_PATH}:/home/danish/git/BrickPickNPlace-RS2/install/ur3e_motion:/home/danish/git/BrickPickNPlace-RS2/install/moveit_configs_utils:/home/danish/git/BrickPickNPlace-RS2/install/launch_param_builder:/opt/ros/humble /usr/bin/cmake /home/danish/git/BrickPickNPlace-RS2/src/ur3e_motion_cpp -DCMAKE_INSTALL_PREFIX=/home/danish/git/BrickPickNPlace-RS2/src/install/ur3e_motion_cpp
[6.654s] DEBUG:colcon.colcon_core.event_handler.log_command:Invoked command in '/home/danish/git/BrickPickNPlace-RS2/src/build/ur3e_motion_cpp' returned '0': CMAKE_PREFIX_PATH=${CMAKE_PREFIX_PATH}:/home/danish/git/BrickPickNPlace-RS2/install/ur3e_motion:/home/danish/git/BrickPickNPlace-RS2/install/moveit_configs_utils:/home/danish/git/BrickPickNPlace-RS2/install/launch_param_builder:/opt/ros/humble /usr/bin/cmake /home/danish/git/BrickPickNPlace-RS2/src/ur3e_motion_cpp -DCMAKE_INSTALL_PREFIX=/home/danish/git/BrickPickNPlace-RS2/src/install/ur3e_motion_cpp
[6.657s] DEBUG:colcon.colcon_core.event_handler.log_command:Invoking command in '/home/danish/git/BrickPickNPlace-RS2/src/build/ur3e_motion_cpp': CMAKE_PREFIX_PATH=${CMAKE_PREFIX_PATH}:/home/danish/git/BrickPickNPlace-RS2/install/ur3e_motion:/home/danish/git/BrickPickNPlace-RS2/install/moveit_configs_utils:/home/danish/git/BrickPickNPlace-RS2/install/launch_param_builder:/opt/ros/humble /usr/bin/cmake --build /home/danish/git/BrickPickNPlace-RS2/src/build/ur3e_motion_cpp -- -j4 -l4
[19.212s] DEBUG:colcon.colcon_core.event_handler.log_command:Invoked command in '/home/danish/git/BrickPickNPlace-RS2/src/build/ur3e_motion_cpp' returned '0': CMAKE_PREFIX_PATH=${CMAKE_PREFIX_PATH}:/home/danish/git/BrickPickNPlace-RS2/install/ur3e_motion:/home/danish/git/BrickPickNPlace-RS2/install/moveit_configs_utils:/home/danish/git/BrickPickNPlace-RS2/install/launch_param_builder:/opt/ros/humble /usr/bin/cmake --build /home/danish/git/BrickPickNPlace-RS2/src/build/ur3e_motion_cpp -- -j4 -l4
[19.230s] DEBUG:colcon.colcon_core.event_handler.log_command:Invoking command in '/home/danish/git/BrickPickNPlace-RS2/src/build/ur3e_motion_cpp': CMAKE_PREFIX_PATH=${CMAKE_PREFIX_PATH}:/home/danish/git/BrickPickNPlace-RS2/install/ur3e_motion:/home/danish/git/BrickPickNPlace-RS2/install/moveit_configs_utils:/home/danish/git/BrickPickNPlace-RS2/install/launch_param_builder:/opt/ros/humble /usr/bin/cmake --install /home/danish/git/BrickPickNPlace-RS2/src/build/ur3e_motion_cpp
[19.252s] Level 1:colcon.colcon_core.environment:create_environment_scripts_only(ur3e_motion_cpp)
[19.252s] DEBUG:colcon.colcon_core.event_handler.log_command:Invoked command in '/home/danish/git/BrickPickNPlace-RS2/src/build/ur3e_motion_cpp' returned '0': CMAKE_PREFIX_PATH=${CMAKE_PREFIX_PATH}:/home/danish/git/BrickPickNPlace-RS2/install/ur3e_motion:/home/danish/git/BrickPickNPlace-RS2/install/moveit_configs_utils:/home/danish/git/BrickPickNPlace-RS2/install/launch_param_builder:/opt/ros/humble /usr/bin/cmake --install /home/danish/git/BrickPickNPlace-RS2/src/build/ur3e_motion_cpp
[19.256s] Level 1:colcon.colcon_core.environment:checking '/home/danish/git/BrickPickNPlace-RS2/src/install/ur3e_motion_cpp' for CMake module files
[19.257s] Level 1:colcon.colcon_core.environment:checking '/home/danish/git/BrickPickNPlace-RS2/src/install/ur3e_motion_cpp' for CMake config files
[19.257s] Level 1:colcon.colcon_core.shell:create_environment_hook('ur3e_motion_cpp', 'cmake_prefix_path')
[19.258s] INFO:colcon.colcon_core.shell:Creating environment hook '/home/danish/git/BrickPickNPlace-RS2/src/install/ur3e_motion_cpp/share/ur3e_motion_cpp/hook/cmake_prefix_path.ps1'
[19.259s] INFO:colcon.colcon_core.shell:Creating environment descriptor '/home/danish/git/BrickPickNPlace-RS2/src/install/ur3e_motion_cpp/share/ur3e_motion_cpp/hook/cmake_prefix_path.dsv'
[19.259s] INFO:colcon.colcon_core.shell:Creating environment hook '/home/danish/git/BrickPickNPlace-RS2/src/install/ur3e_motion_cpp/share/ur3e_motion_cpp/hook/cmake_prefix_path.sh'
[19.260s] Level 1:colcon.colcon_core.environment:checking '/home/danish/git/BrickPickNPlace-RS2/src/install/ur3e_motion_cpp/lib'
[19.260s] Level 1:colcon.colcon_core.environment:checking '/home/danish/git/BrickPickNPlace-RS2/src/install/ur3e_motion_cpp/bin'
[19.260s] Level 1:colcon.colcon_core.environment:checking '/home/danish/git/BrickPickNPlace-RS2/src/install/ur3e_motion_cpp/lib/pkgconfig/ur3e_motion_cpp.pc'
[19.260s] Level 1:colcon.colcon_core.environment:checking '/home/danish/git/BrickPickNPlace-RS2/src/install/ur3e_motion_cpp/lib/python3.10/site-packages'
[19.261s] Level 1:colcon.colcon_core.environment:checking '/home/danish/git/BrickPickNPlace-RS2/src/install/ur3e_motion_cpp/bin'
[19.261s] INFO:colcon.colcon_core.shell:Creating package script '/home/danish/git/BrickPickNPlace-RS2/src/install/ur3e_motion_cpp/share/ur3e_motion_cpp/package.ps1'
[19.262s] INFO:colcon.colcon_core.shell:Creating package descriptor '/home/danish/git/BrickPickNPlace-RS2/src/install/ur3e_motion_cpp/share/ur3e_motion_cpp/package.dsv'
[19.262s] INFO:colcon.colcon_core.shell:Creating package script '/home/danish/git/BrickPickNPlace-RS2/src/install/ur3e_motion_cpp/share/ur3e_motion_cpp/package.sh'
[19.263s] INFO:colcon.colcon_core.shell:Creating package script '/home/danish/git/BrickPickNPlace-RS2/src/install/ur3e_motion_cpp/share/ur3e_motion_cpp/package.bash'
[19.264s] INFO:colcon.colcon_core.shell:Creating package script '/home/danish/git/BrickPickNPlace-RS2/src/install/ur3e_motion_cpp/share/ur3e_motion_cpp/package.zsh'
[19.265s] Level 1:colcon.colcon_core.environment:create_file_with_runtime_dependencies(/home/danish/git/BrickPickNPlace-RS2/src/install/ur3e_motion_cpp/share/colcon-core/packages/ur3e_motion_cpp)
[19.265s] Level 1:colcon.colcon_core.environment:create_environment_scripts_only(ur3e_motion_cpp)
[19.266s] Level 1:colcon.colcon_core.environment:checking '/home/danish/git/BrickPickNPlace-RS2/src/install/ur3e_motion_cpp' for CMake module files
[19.266s] Level 1:colcon.colcon_core.environment:checking '/home/danish/git/BrickPickNPlace-RS2/src/install/ur3e_motion_cpp' for CMake config files
[19.266s] Level 1:colcon.colcon_core.shell:create_environment_hook('ur3e_motion_cpp', 'cmake_prefix_path')
[19.267s] INFO:colcon.colcon_core.shell:Creating environment hook '/home/danish/git/BrickPickNPlace-RS2/src/install/ur3e_motion_cpp/share/ur3e_motion_cpp/hook/cmake_prefix_path.ps1'
[19.267s] INFO:colcon.colcon_core.shell:Creating environment descriptor '/home/danish/git/BrickPickNPlace-RS2/src/install/ur3e_motion_cpp/share/ur3e_motion_cpp/hook/cmake_prefix_path.dsv'
[19.267s] INFO:colcon.colcon_core.shell:Creating environment hook '/home/danish/git/BrickPickNPlace-RS2/src/install/ur3e_motion_cpp/share/ur3e_motion_cpp/hook/cmake_prefix_path.sh'
[19.268s] Level 1:colcon.colcon_core.environment:checking '/home/danish/git/BrickPickNPlace-RS2/src/install/ur3e_motion_cpp/lib'
[19.268s] Level 1:colcon.colcon_core.environment:checking '/home/danish/git/BrickPickNPlace-RS2/src/install/ur3e_motion_cpp/bin'
[19.268s] Level 1:colcon.colcon_core.environment:checking '/home/danish/git/BrickPickNPlace-RS2/src/install/ur3e_motion_cpp/lib/pkgconfig/ur3e_motion_cpp.pc'
[19.269s] Level 1:colcon.colcon_core.environment:checking '/home/danish/git/BrickPickNPlace-RS2/src/install/ur3e_motion_cpp/lib/python3.10/site-packages'
[19.269s] Level 1:colcon.colcon_core.environment:checking '/home/danish/git/BrickPickNPlace-RS2/src/install/ur3e_motion_cpp/bin'
[19.269s] INFO:colcon.colcon_core.shell:Creating package script '/home/danish/git/BrickPickNPlace-RS2/src/install/ur3e_motion_cpp/share/ur3e_motion_cpp/package.ps1'
[19.270s] INFO:colcon.colcon_core.shell:Creating package descriptor '/home/danish/git/BrickPickNPlace-RS2/src/install/ur3e_motion_cpp/share/ur3e_motion_cpp/package.dsv'
[19.271s] INFO:colcon.colcon_core.shell:Creating package script '/home/danish/git/BrickPickNPlace-RS2/src/install/ur3e_motion_cpp/share/ur3e_motion_cpp/package.sh'
[19.272s] INFO:colcon.colcon_core.shell:Creating package script '/home/danish/git/BrickPickNPlace-RS2/src/install/ur3e_motion_cpp/share/ur3e_motion_cpp/package.bash'
[19.272s] INFO:colcon.colcon_core.shell:Creating package script '/home/danish/git/BrickPickNPlace-RS2/src/install/ur3e_motion_cpp/share/ur3e_motion_cpp/package.zsh'
[19.273s] Level 1:colcon.colcon_core.environment:create_file_with_runtime_dependencies(/home/danish/git/BrickPickNPlace-RS2/src/install/ur3e_motion_cpp/share/colcon-core/packages/ur3e_motion_cpp)
[19.273s] DEBUG:colcon.colcon_parallel_executor.executor.parallel:closing loop
[19.273s] DEBUG:colcon.colcon_parallel_executor.executor.parallel:loop closed
[19.273s] DEBUG:colcon.colcon_parallel_executor.executor.parallel:run_until_complete finished with '0'
[19.274s] DEBUG:colcon.colcon_core.event_reactor:joining thread
[19.282s] INFO:colcon.colcon_core.plugin_system:Skipping extension 'colcon_notification.desktop_notification.terminal_notifier': Not used on non-Darwin systems
[19.283s] INFO:colcon.colcon_core.plugin_system:Skipping extension 'colcon_notification.desktop_notification.win32': Not used on non-Windows systems
[19.283s] INFO:colcon.colcon_notification.desktop_notification:Sending desktop notification using 'notify2'
[19.311s] DEBUG:colcon.colcon_core.event_reactor:joined thread
[19.314s] INFO:colcon.colcon_core.shell:Creating prefix script '/home/danish/git/BrickPickNPlace-RS2/src/install/local_setup.ps1'
[19.315s] INFO:colcon.colcon_core.shell:Creating prefix util module '/home/danish/git/BrickPickNPlace-RS2/src/install/_local_setup_util_ps1.py'
[19.324s] INFO:colcon.colcon_core.shell:Creating prefix chain script '/home/danish/git/BrickPickNPlace-RS2/src/install/setup.ps1'
[19.338s] INFO:colcon.colcon_core.shell:Creating prefix script '/home/danish/git/BrickPickNPlace-RS2/src/install/local_setup.sh'
[19.342s] INFO:colcon.colcon_core.shell:Creating prefix util module '/home/danish/git/BrickPickNPlace-RS2/src/install/_local_setup_util_sh.py'
[19.345s] INFO:colcon.colcon_core.shell:Creating prefix chain script '/home/danish/git/BrickPickNPlace-RS2/src/install/setup.sh'
[19.363s] INFO:colcon.colcon_core.shell:Creating prefix script '/home/danish/git/BrickPickNPlace-RS2/src/install/local_setup.bash'
[19.367s] INFO:colcon.colcon_core.shell:Creating prefix chain script '/home/danish/git/BrickPickNPlace-RS2/src/install/setup.bash'
[19.378s] INFO:colcon.colcon_core.shell:Creating prefix script '/home/danish/git/BrickPickNPlace-RS2/src/install/local_setup.zsh'
[19.381s] INFO:colcon.colcon_core.shell:Creating prefix chain script '/home/danish/git/BrickPickNPlace-RS2/src/install/setup.zsh'
