running egg_info
writing ../../build/ur3e_motion/ur3e_motion.egg-info/PKG-INFO
writing dependency_links to ../../build/ur3e_motion/ur3e_motion.egg-info/dependency_links.txt
writing entry points to ../../build/ur3e_motion/ur3e_motion.egg-info/entry_points.txt
writing requirements to ../../build/ur3e_motion/ur3e_motion.egg-info/requires.txt
writing top-level names to ../../build/ur3e_motion/ur3e_motion.egg-info/top_level.txt
reading manifest file '../../build/ur3e_motion/ur3e_motion.egg-info/SOURCES.txt'
writing manifest file '../../build/ur3e_motion/ur3e_motion.egg-info/SOURCES.txt'
running build
running build_py
running install
running install_lib
running install_data
copying launch/move_to_position.launch.py -> /home/b/ws_moveit2/install/ur3e_motion/share/ur3e_motion/launch
running install_egg_info
removing '/home/b/ws_moveit2/install/ur3e_motion/lib/python3.10/site-packages/ur3e_motion-0.0.0-py3.10.egg-info' (and everything under it)
Copying ../../build/ur3e_motion/ur3e_motion.egg-info to /home/b/ws_moveit2/install/ur3e_motion/lib/python3.10/site-packages/ur3e_motion-0.0.0-py3.10.egg-info
running install_scripts
Installing move_to_position script to /home/b/ws_moveit2/install/ur3e_motion/lib/ur3e_motion
writing list of installed files to '/home/b/ws_moveit2/build/ur3e_motion/install.log'
