[1.007s] Invoking command in '/home/b/ws_moveit2/src/moveit2/moveit_configs_utils': AMENT_PREFIX_PATH=/home/b/ws_moveit2/install/srdfdom:/home/b/ws_moveit2/install/launch_param_builder:${AMENT_PREFIX_PATH} CMAKE_PREFIX_PATH=/home/b/ws_moveit2/install/srdfdom LD_LIBRARY_PATH=/home/b/ws_moveit2/install/srdfdom/lib:${LD_LIBRARY_PATH} PYTHONPATH=/home/b/ws_moveit2/build/moveit_configs_utils/prefix_override:/usr/lib/python3/dist-packages/colcon_core/task/python/colcon_distutils_commands:/home/b/ws_moveit2/install/moveit_configs_utils/lib/python3.10/site-packages:/home/b/ws_moveit2/install/srdfdom/local/lib/python3.10/dist-packages:/home/b/ws_moveit2/install/launch_param_builder/lib/python3.10/site-packages:${PYTHONPATH} /usr/bin/python3 -W ignore:setup.py install is deprecated -W ignore:easy_install command is deprecated setup.py egg_info --egg-base ../../../build/moveit_configs_utils build --build-base /home/b/ws_moveit2/build/moveit_configs_utils/build install --record /home/b/ws_moveit2/build/moveit_configs_utils/install.log --single-version-externally-managed install_data
[1.267s] running egg_info
[1.268s] creating ../../../build/moveit_configs_utils/moveit_configs_utils.egg-info
[1.269s] writing ../../../build/moveit_configs_utils/moveit_configs_utils.egg-info/PKG-INFO
[1.269s] writing dependency_links to ../../../build/moveit_configs_utils/moveit_configs_utils.egg-info/dependency_links.txt
[1.270s] writing entry points to ../../../build/moveit_configs_utils/moveit_configs_utils.egg-info/entry_points.txt
[1.270s] writing requirements to ../../../build/moveit_configs_utils/moveit_configs_utils.egg-info/requires.txt
[1.270s] writing top-level names to ../../../build/moveit_configs_utils/moveit_configs_utils.egg-info/top_level.txt
[1.270s] writing manifest file '../../../build/moveit_configs_utils/moveit_configs_utils.egg-info/SOURCES.txt'
[1.274s] reading manifest file '../../../build/moveit_configs_utils/moveit_configs_utils.egg-info/SOURCES.txt'
[1.275s] writing manifest file '../../../build/moveit_configs_utils/moveit_configs_utils.egg-info/SOURCES.txt'
[1.275s] running build
[1.275s] running build_py
[1.276s] creating /home/b/ws_moveit2/build/moveit_configs_utils/build
[1.276s] creating /home/b/ws_moveit2/build/moveit_configs_utils/build/lib
[1.276s] creating /home/b/ws_moveit2/build/moveit_configs_utils/build/lib/moveit_configs_utils
[1.277s] copying moveit_configs_utils/__init__.py -> /home/b/ws_moveit2/build/moveit_configs_utils/build/lib/moveit_configs_utils
[1.277s] copying moveit_configs_utils/moveit_configs_builder.py -> /home/b/ws_moveit2/build/moveit_configs_utils/build/lib/moveit_configs_utils
[1.278s] copying moveit_configs_utils/launch_utils.py -> /home/b/ws_moveit2/build/moveit_configs_utils/build/lib/moveit_configs_utils
[1.278s] copying moveit_configs_utils/launches.py -> /home/b/ws_moveit2/build/moveit_configs_utils/build/lib/moveit_configs_utils
[1.278s] creating /home/b/ws_moveit2/build/moveit_configs_utils/build/lib/moveit_configs_utils/substitutions
[1.279s] copying moveit_configs_utils/substitutions/xacro.py -> /home/b/ws_moveit2/build/moveit_configs_utils/build/lib/moveit_configs_utils/substitutions
[1.279s] copying moveit_configs_utils/substitutions/__init__.py -> /home/b/ws_moveit2/build/moveit_configs_utils/build/lib/moveit_configs_utils/substitutions
[1.279s] running install
[1.280s] running install_lib
[1.281s] creating /home/b/ws_moveit2/install/moveit_configs_utils/lib/python3.10/site-packages/moveit_configs_utils
[1.281s] copying /home/b/ws_moveit2/build/moveit_configs_utils/build/lib/moveit_configs_utils/__init__.py -> /home/b/ws_moveit2/install/moveit_configs_utils/lib/python3.10/site-packages/moveit_configs_utils
[1.281s] copying /home/b/ws_moveit2/build/moveit_configs_utils/build/lib/moveit_configs_utils/moveit_configs_builder.py -> /home/b/ws_moveit2/install/moveit_configs_utils/lib/python3.10/site-packages/moveit_configs_utils
[1.281s] copying /home/b/ws_moveit2/build/moveit_configs_utils/build/lib/moveit_configs_utils/launch_utils.py -> /home/b/ws_moveit2/install/moveit_configs_utils/lib/python3.10/site-packages/moveit_configs_utils
[1.282s] creating /home/b/ws_moveit2/install/moveit_configs_utils/lib/python3.10/site-packages/moveit_configs_utils/substitutions
[1.282s] copying /home/b/ws_moveit2/build/moveit_configs_utils/build/lib/moveit_configs_utils/substitutions/xacro.py -> /home/b/ws_moveit2/install/moveit_configs_utils/lib/python3.10/site-packages/moveit_configs_utils/substitutions
[1.282s] copying /home/b/ws_moveit2/build/moveit_configs_utils/build/lib/moveit_configs_utils/substitutions/__init__.py -> /home/b/ws_moveit2/install/moveit_configs_utils/lib/python3.10/site-packages/moveit_configs_utils/substitutions
[1.282s] copying /home/b/ws_moveit2/build/moveit_configs_utils/build/lib/moveit_configs_utils/launches.py -> /home/b/ws_moveit2/install/moveit_configs_utils/lib/python3.10/site-packages/moveit_configs_utils
[1.283s] byte-compiling /home/b/ws_moveit2/install/moveit_configs_utils/lib/python3.10/site-packages/moveit_configs_utils/__init__.py to __init__.cpython-310.pyc
[1.283s] byte-compiling /home/b/ws_moveit2/install/moveit_configs_utils/lib/python3.10/site-packages/moveit_configs_utils/moveit_configs_builder.py to moveit_configs_builder.cpython-310.pyc
[1.287s] byte-compiling /home/b/ws_moveit2/install/moveit_configs_utils/lib/python3.10/site-packages/moveit_configs_utils/launch_utils.py to launch_utils.cpython-310.pyc
[1.287s] byte-compiling /home/b/ws_moveit2/install/moveit_configs_utils/lib/python3.10/site-packages/moveit_configs_utils/substitutions/xacro.py to xacro.cpython-310.pyc
[1.289s] byte-compiling /home/b/ws_moveit2/install/moveit_configs_utils/lib/python3.10/site-packages/moveit_configs_utils/substitutions/__init__.py to __init__.cpython-310.pyc
[1.289s] byte-compiling /home/b/ws_moveit2/install/moveit_configs_utils/lib/python3.10/site-packages/moveit_configs_utils/launches.py to launches.cpython-310.pyc
[1.291s] running install_data
[1.291s] creating /home/b/ws_moveit2/install/moveit_configs_utils/share/ament_index
[1.291s] creating /home/b/ws_moveit2/install/moveit_configs_utils/share/ament_index/resource_index
[1.291s] creating /home/b/ws_moveit2/install/moveit_configs_utils/share/ament_index/resource_index/packages
[1.291s] copying resource/moveit_configs_utils -> /home/b/ws_moveit2/install/moveit_configs_utils/share/ament_index/resource_index/packages
[1.292s] copying package.xml -> /home/b/ws_moveit2/install/moveit_configs_utils/share/moveit_configs_utils
[1.292s] creating /home/b/ws_moveit2/install/moveit_configs_utils/share/moveit_configs_utils/default_configs
[1.293s] copying default_configs/pilz_industrial_motion_planner_planning.yaml -> /home/b/ws_moveit2/install/moveit_configs_utils/share/moveit_configs_utils/default_configs
[1.293s] copying default_configs/chomp_planning.yaml -> /home/b/ws_moveit2/install/moveit_configs_utils/share/moveit_configs_utils/default_configs
[1.293s] copying default_configs/ompl_planning.yaml -> /home/b/ws_moveit2/install/moveit_configs_utils/share/moveit_configs_utils/default_configs
[1.293s] copying default_configs/ompl_defaults.yaml -> /home/b/ws_moveit2/install/moveit_configs_utils/share/moveit_configs_utils/default_configs
[1.293s] running install_egg_info
[1.295s] Copying ../../../build/moveit_configs_utils/moveit_configs_utils.egg-info to /home/b/ws_moveit2/install/moveit_configs_utils/lib/python3.10/site-packages/moveit_configs_utils-2.5.9-py3.10.egg-info
[1.297s] running install_scripts
[1.315s] writing list of installed files to '/home/b/ws_moveit2/build/moveit_configs_utils/install.log'
[1.353s] Invoked command in '/home/b/ws_moveit2/src/moveit2/moveit_configs_utils' returned '0': AMENT_PREFIX_PATH=/home/b/ws_moveit2/install/srdfdom:/home/b/ws_moveit2/install/launch_param_builder:${AMENT_PREFIX_PATH} CMAKE_PREFIX_PATH=/home/b/ws_moveit2/install/srdfdom LD_LIBRARY_PATH=/home/b/ws_moveit2/install/srdfdom/lib:${LD_LIBRARY_PATH} PYTHONPATH=/home/b/ws_moveit2/build/moveit_configs_utils/prefix_override:/usr/lib/python3/dist-packages/colcon_core/task/python/colcon_distutils_commands:/home/b/ws_moveit2/install/moveit_configs_utils/lib/python3.10/site-packages:/home/b/ws_moveit2/install/srdfdom/local/lib/python3.10/dist-packages:/home/b/ws_moveit2/install/launch_param_builder/lib/python3.10/site-packages:${PYTHONPATH} /usr/bin/python3 -W ignore:setup.py install is deprecated -W ignore:easy_install command is deprecated setup.py egg_info --egg-base ../../../build/moveit_configs_utils build --build-base /home/b/ws_moveit2/build/moveit_configs_utils/build install --record /home/b/ws_moveit2/build/moveit_configs_utils/install.log --single-version-externally-managed install_data
