[3.535s] Invoking command in '/home/b/ws_moveit2/src/build/moveit_setup_controllers': AMENT_PREFIX_PATH=/home/b/ws_moveit2/src/install/moveit_setup_framework:/home/b/ws_moveit2/src/install/moveit_ros_visualization:/home/b/ws_moveit2/src/install/moveit_ros_planning_interface:/home/b/ws_moveit2/src/install/moveit_ros_move_group:/home/b/ws_moveit2/src/install/moveit_ros_warehouse:/home/b/ws_moveit2/src/install/moveit_ros_robot_interaction:/home/b/ws_moveit2/src/install/moveit_planners_ompl:/home/b/ws_moveit2/src/install/moveit_kinematics:/home/b/ws_moveit2/src/install/moveit_ros_planning:/home/b/ws_moveit2/src/install/moveit_simple_controller_manager:/home/b/ws_moveit2/src/install/moveit_ros_occupancy_map_monitor:/home/b/ws_moveit2/src/install/moveit_core:/home/b/ws_moveit2/src/install/moveit_resources_panda_moveit_config:/home/b/ws_moveit2/src/install/moveit_resources_fanuc_moveit_config:/home/b/ws_moveit2/src/install/moveit_configs_utils:/home/b/ws_moveit2/src/install/srdfdom:/home/b/ws_moveit2/src/install/moveit_resources_pr2_description:/home/b/ws_moveit2/src/install/moveit_resources_panda_description:/home/b/ws_moveit2/src/install/moveit_resources_fanuc_description:/home/b/ws_moveit2/src/install/moveit_common:/home/b/ws_moveit2/src/install/launch_param_builder:${AMENT_PREFIX_PATH} CMAKE_PREFIX_PATH=/home/b/ws_moveit2/src/install/moveit_setup_framework:/home/b/ws_moveit2/src/install/moveit_ros_visualization:/home/b/ws_moveit2/src/install/moveit_ros_planning_interface:/home/b/ws_moveit2/src/install/moveit_ros_move_group:/home/b/ws_moveit2/src/install/moveit_ros_warehouse:/home/b/ws_moveit2/src/install/moveit_ros_robot_interaction:/home/b/ws_moveit2/src/install/moveit_planners_ompl:/home/b/ws_moveit2/src/install/moveit_kinematics:/home/b/ws_moveit2/src/install/moveit_ros_planning:/home/b/ws_moveit2/src/install/moveit_simple_controller_manager:/home/b/ws_moveit2/src/install/moveit_ros_occupancy_map_monitor:/home/b/ws_moveit2/src/install/moveit_core:/home/b/ws_moveit2/src/install/moveit_resources_panda_moveit_config:/home/b/ws_moveit2/src/install/moveit_resources_fanuc_moveit_config:/home/b/ws_moveit2/src/install/srdfdom:/home/b/ws_moveit2/src/install/moveit_resources_pr2_description:/home/b/ws_moveit2/src/install/moveit_resources_panda_description:/home/b/ws_moveit2/src/install/moveit_resources_fanuc_description:/home/b/ws_moveit2/src/install/moveit_common:/opt/ros/humble LD_LIBRARY_PATH=/home/b/ws_moveit2/src/install/moveit_setup_framework/lib:/home/b/ws_moveit2/src/install/moveit_ros_visualization/lib:/home/b/ws_moveit2/src/install/moveit_ros_planning_interface/lib:/home/b/ws_moveit2/src/install/moveit_ros_move_group/lib:/home/b/ws_moveit2/src/install/moveit_ros_warehouse/lib:/home/b/ws_moveit2/src/install/moveit_ros_robot_interaction/lib:/home/b/ws_moveit2/src/install/moveit_planners_ompl/lib:/home/b/ws_moveit2/src/install/moveit_kinematics/lib:/home/b/ws_moveit2/src/install/moveit_ros_planning/lib:/home/b/ws_moveit2/src/install/moveit_simple_controller_manager/lib:/home/b/ws_moveit2/src/install/moveit_ros_occupancy_map_monitor/lib:/home/b/ws_moveit2/src/install/moveit_core/lib:/home/b/ws_moveit2/src/install/srdfdom/lib:${LD_LIBRARY_PATH} PATH=/home/b/ws_moveit2/src/install/moveit_core/bin:${PATH} PYTHONPATH=/home/b/ws_moveit2/src/install/moveit_configs_utils/lib/python3.10/site-packages:/home/b/ws_moveit2/src/install/srdfdom/local/lib/python3.10/dist-packages:/home/b/ws_moveit2/src/install/launch_param_builder/lib/python3.10/site-packages:${PYTHONPATH} /usr/bin/cmake /home/b/ws_moveit2/src/moveit2/moveit_setup_assistant/moveit_setup_controllers -DCMAKE_INSTALL_PREFIX=/home/b/ws_moveit2/src/install/moveit_setup_controllers
[3.973s] -- The C compiler identification is GNU 11.4.0
[5.206s] -- The CXX compiler identification is GNU 11.4.0
[5.922s] -- Detecting C compiler ABI info
[6.542s] -- Detecting C compiler ABI info - done
[6.600s] -- Check for working C compiler: /usr/bin/cc - skipped
[6.600s] -- Detecting C compile features
[6.600s] -- Detecting C compile features - done
[6.614s] -- Detecting CXX compiler ABI info
[7.155s] -- Detecting CXX compiler ABI info - done
[7.187s] -- Check for working CXX compiler: /usr/bin/c++ - skipped
[7.188s] -- Detecting CXX compile features
[7.189s] -- Detecting CXX compile features - done
[7.196s] -- Found moveit_common: 2.5.9 (/home/b/ws_moveit2/src/install/moveit_common/share/moveit_common/cmake)
[7.205s] -- Found ament_cmake: 1.3.13 (/opt/ros/humble/share/ament_cmake/cmake)
[7.916s] -- Found Python3: /usr/bin/python3 (found version "3.10.12") found components: Interpreter 
[8.712s] [0mmoveit_setup_controllers: You did not request a specific build type: Choosing 'Release' for maximum performance[0m
[8.739s] -- Found ament_cmake_ros: 0.10.0 (/opt/ros/humble/share/ament_cmake_ros/cmake)
[8.806s] -- Found ament_index_cpp: 1.4.1 (/opt/ros/humble/share/ament_index_cpp/cmake)
[8.812s] -- Found moveit_setup_framework: 2.5.9 (/home/b/ws_moveit2/src/install/moveit_setup_framework/share/moveit_setup_framework/cmake)
[9.649s] -- Found rosidl_generator_c: 3.1.8 (/opt/ros/humble/share/rosidl_generator_c/cmake)
[9.689s] -- Found rosidl_adapter: 3.1.8 (/opt/ros/humble/share/rosidl_adapter/cmake)
[9.767s] -- Found rosidl_generator_cpp: 3.1.8 (/opt/ros/humble/share/rosidl_generator_cpp/cmake)
[9.843s] -- Using all available rosidl_typesupport_c: rosidl_typesupport_fastrtps_c;rosidl_typesupport_introspection_c
[9.977s] -- Using all available rosidl_typesupport_cpp: rosidl_typesupport_fastrtps_cpp;rosidl_typesupport_introspection_cpp
[10.198s] -- Found rmw_implementation_cmake: 6.1.2 (/opt/ros/humble/share/rmw_implementation_cmake/cmake)
[10.224s] -- Found rmw_fastrtps_cpp: 6.2.10 (/opt/ros/humble/share/rmw_fastrtps_cpp/cmake)
[13.929s] -- Found OpenSSL: /usr/lib/x86_64-linux-gnu/libcrypto.so (found version "3.0.2")  
[18.052s] -- Found FastRTPS: /opt/ros/humble/include  
[24.173s] -- Using RMW implementation 'rmw_fastrtps_cpp' as default
[24.201s] -- Looking for pthread.h
[24.563s] -- Looking for pthread.h - found
[24.564s] -- Performing Test CMAKE_HAVE_LIBC_PTHREAD
[24.929s] -- Performing Test CMAKE_HAVE_LIBC_PTHREAD - Success
[24.932s] -- Found Threads: TRUE  
[25.311s] -- Found Boost: /usr/lib/x86_64-linux-gnu/cmake/Boost-1.74.0/BoostConfig.cmake (found version "1.74.0") found components: chrono date_time filesystem iostreams program_options regex serialization system thread 
[26.863s] -- Found parameter_traits: 0.6.0 (/opt/ros/humble/share/parameter_traits/cmake)
[26.888s] -- Found rclcpp_lifecycle: 16.0.18 (/opt/ros/humble/share/rclcpp_lifecycle/cmake)
[26.937s] -- Found Boost: /usr/lib/x86_64-linux-gnu/cmake/Boost-1.74.0/BoostConfig.cmake (found version "1.74.0") found components: filesystem 
[29.398s] -- library: /usr/lib/x86_64-linux-gnu/libcurl.so
[29.623s] -- Found Eigen3: TRUE (found version "3.4.0") 
[29.623s] -- Ensuring Eigen3 include directory is part of orocos-kdl CMake target
[33.043s] -- Found Boost: /usr/lib/x86_64-linux-gnu/cmake/Boost-1.74.0/BoostConfig.cmake (found version "1.74.0") found components: system filesystem date_time program_options thread chrono 
[33.097s] -- Found Boost: /usr/lib/x86_64-linux-gnu/cmake/Boost-1.74.0/BoostConfig.cmake (found version "1.74.0") found components: thread date_time system filesystem 
[33.120s] -- Found Boost: /usr/lib/x86_64-linux-gnu/cmake/Boost-1.74.0/BoostConfig.cmake (found version "1.74.0") found components: date_time filesystem program_options system thread 
[33.145s] -- Found Boost: /usr/lib/x86_64-linux-gnu/cmake/Boost-1.74.0/BoostConfig.cmake (found version "1.74.0") found components: thread system filesystem regex date_time program_options 
[33.189s] -- Found Boost: /usr/lib/x86_64-linux-gnu/cmake/Boost-1.74.0/BoostConfig.cmake (found version "1.74.0") found components: system filesystem date_time program_options thread 
[33.312s] -- Setting OGRE_DIR to: '/opt/ros/humble/share/rviz_ogre_vendor/cmake/../../../opt/rviz_ogre_vendor/lib/OGRE/cmake'
[33.321s] -- Found OGRE
[33.322s] --   static     : OFF
[33.322s] --   components : HLMS;MeshLodGenerator;Overlay;Paging;Property;RTShaderSystem;Terrain;Volume
[33.322s] --   plugins    : Plugin_BSPSceneManager;Plugin_OctreeSceneManager;Plugin_PCZSceneManager;Plugin_ParticleFX;RenderSystem_GL;RenderSystem_GL3Plus;Codec_STBI
[33.322s] --   media      : /opt/ros/humble/opt/rviz_ogre_vendor/share/OGRE/Media
[33.322s] -- OGRE_LIBRARIES: OgreHLMS;OgreMeshLodGenerator;OgreOverlay;OgrePaging;OgreProperty;OgreRTShaderSystem;OgreTerrain;OgreVolume;OgreMain
[33.322s] -- OGRE_LIBRARY_DIRS: /opt/ros/humble/opt/rviz_ogre_vendor/lib
[33.323s] -- OGRE_PLUGINS: Plugin_BSPSceneManager;Plugin_OctreeSceneManager;Plugin_PCZSceneManager;Plugin_ParticleFX;RenderSystem_GL;RenderSystem_GL3Plus;Codec_STBI
[33.323s] -- OGRE_PLUGIN_DIR: /opt/ros/humble/opt/rviz_ogre_vendor/lib/OGRE
[33.323s] -- rviz_ogre_vendor::OgreOverlay for IMPORTED_LOCATION_RELEASE: /opt/ros/humble/opt/rviz_ogre_vendor/lib/libOgreOverlay.so
[33.323s] -- rviz_ogre_vendor::OgreOverlay for IMPORTED_LOCATION_DEBUG: /opt/ros/humble/opt/rviz_ogre_vendor/lib/libOgreOverlay.so
[33.323s] -- rviz_ogre_vendor::OgreMain for IMPORTED_LOCATION_RELEASE: /opt/ros/humble/opt/rviz_ogre_vendor/lib/libOgreMain.so
[33.323s] -- rviz_ogre_vendor::OgreMain for IMPORTED_LOCATION_DEBUG: /opt/ros/humble/opt/rviz_ogre_vendor/lib/libOgreMain.so
[35.337s] -- Found ZLIB: /usr/lib/x86_64-linux-gnu/libz.so (found version "1.2.11") 
[35.849s] -- Found OpenGL: /usr/lib/x86_64-linux-gnu/libOpenGL.so   
[39.054s] -- Found X11: /usr/include   
[39.054s] -- Looking for XOpenDisplay in /usr/lib/x86_64-linux-gnu/libX11.so;/usr/lib/x86_64-linux-gnu/libXext.so
[39.325s] -- Looking for XOpenDisplay in /usr/lib/x86_64-linux-gnu/libX11.so;/usr/lib/x86_64-linux-gnu/libXext.so - found
[39.325s] -- Looking for gethostbyname
[39.788s] -- Looking for gethostbyname - found
[39.788s] -- Looking for connect
[40.079s] -- Looking for connect - found
[40.079s] -- Looking for remove
[40.378s] -- Looking for remove - found
[40.379s] -- Looking for shmat
[41.651s] -- Looking for shmat - found
[41.652s] -- Looking for IceConnectionNumber in ICE
[41.947s] -- Looking for IceConnectionNumber in ICE - found
[42.044s] -- Setting assimp_DIR to: '/opt/ros/humble/share/rviz_assimp_vendor/cmake/../../../opt/rviz_assimp_vendor/lib/cmake/assimp-4.1'
[42.234s] -- Found ament_lint_auto: 0.12.15 (/opt/ros/humble/share/ament_lint_auto/cmake)
[58.289s] -- Found gtest sources under '/opt/ros/humble/src/gtest_vendor': C++ tests using 'Google Test' will be built
[58.380s] -- Added test 'lint_cmake' to check CMake code style
[58.384s] -- Added test 'xmllint' to check XML markup files
[58.416s] -- Configuring done
[59.340s] -- Generating done
[59.491s] -- Build files have been written to: /home/b/ws_moveit2/src/build/moveit_setup_controllers
[59.708s] Invoked command in '/home/b/ws_moveit2/src/build/moveit_setup_controllers' returned '0': AMENT_PREFIX_PATH=/home/b/ws_moveit2/src/install/moveit_setup_framework:/home/b/ws_moveit2/src/install/moveit_ros_visualization:/home/b/ws_moveit2/src/install/moveit_ros_planning_interface:/home/b/ws_moveit2/src/install/moveit_ros_move_group:/home/b/ws_moveit2/src/install/moveit_ros_warehouse:/home/b/ws_moveit2/src/install/moveit_ros_robot_interaction:/home/b/ws_moveit2/src/install/moveit_planners_ompl:/home/b/ws_moveit2/src/install/moveit_kinematics:/home/b/ws_moveit2/src/install/moveit_ros_planning:/home/b/ws_moveit2/src/install/moveit_simple_controller_manager:/home/b/ws_moveit2/src/install/moveit_ros_occupancy_map_monitor:/home/b/ws_moveit2/src/install/moveit_core:/home/b/ws_moveit2/src/install/moveit_resources_panda_moveit_config:/home/b/ws_moveit2/src/install/moveit_resources_fanuc_moveit_config:/home/b/ws_moveit2/src/install/moveit_configs_utils:/home/b/ws_moveit2/src/install/srdfdom:/home/b/ws_moveit2/src/install/moveit_resources_pr2_description:/home/b/ws_moveit2/src/install/moveit_resources_panda_description:/home/b/ws_moveit2/src/install/moveit_resources_fanuc_description:/home/b/ws_moveit2/src/install/moveit_common:/home/b/ws_moveit2/src/install/launch_param_builder:${AMENT_PREFIX_PATH} CMAKE_PREFIX_PATH=/home/b/ws_moveit2/src/install/moveit_setup_framework:/home/b/ws_moveit2/src/install/moveit_ros_visualization:/home/b/ws_moveit2/src/install/moveit_ros_planning_interface:/home/b/ws_moveit2/src/install/moveit_ros_move_group:/home/b/ws_moveit2/src/install/moveit_ros_warehouse:/home/b/ws_moveit2/src/install/moveit_ros_robot_interaction:/home/b/ws_moveit2/src/install/moveit_planners_ompl:/home/b/ws_moveit2/src/install/moveit_kinematics:/home/b/ws_moveit2/src/install/moveit_ros_planning:/home/b/ws_moveit2/src/install/moveit_simple_controller_manager:/home/b/ws_moveit2/src/install/moveit_ros_occupancy_map_monitor:/home/b/ws_moveit2/src/install/moveit_core:/home/b/ws_moveit2/src/install/moveit_resources_panda_moveit_config:/home/b/ws_moveit2/src/install/moveit_resources_fanuc_moveit_config:/home/b/ws_moveit2/src/install/srdfdom:/home/b/ws_moveit2/src/install/moveit_resources_pr2_description:/home/b/ws_moveit2/src/install/moveit_resources_panda_description:/home/b/ws_moveit2/src/install/moveit_resources_fanuc_description:/home/b/ws_moveit2/src/install/moveit_common:/opt/ros/humble LD_LIBRARY_PATH=/home/b/ws_moveit2/src/install/moveit_setup_framework/lib:/home/b/ws_moveit2/src/install/moveit_ros_visualization/lib:/home/b/ws_moveit2/src/install/moveit_ros_planning_interface/lib:/home/b/ws_moveit2/src/install/moveit_ros_move_group/lib:/home/b/ws_moveit2/src/install/moveit_ros_warehouse/lib:/home/b/ws_moveit2/src/install/moveit_ros_robot_interaction/lib:/home/b/ws_moveit2/src/install/moveit_planners_ompl/lib:/home/b/ws_moveit2/src/install/moveit_kinematics/lib:/home/b/ws_moveit2/src/install/moveit_ros_planning/lib:/home/b/ws_moveit2/src/install/moveit_simple_controller_manager/lib:/home/b/ws_moveit2/src/install/moveit_ros_occupancy_map_monitor/lib:/home/b/ws_moveit2/src/install/moveit_core/lib:/home/b/ws_moveit2/src/install/srdfdom/lib:${LD_LIBRARY_PATH} PATH=/home/b/ws_moveit2/src/install/moveit_core/bin:${PATH} PYTHONPATH=/home/b/ws_moveit2/src/install/moveit_configs_utils/lib/python3.10/site-packages:/home/b/ws_moveit2/src/install/srdfdom/local/lib/python3.10/dist-packages:/home/b/ws_moveit2/src/install/launch_param_builder/lib/python3.10/site-packages:${PYTHONPATH} /usr/bin/cmake /home/b/ws_moveit2/src/moveit2/moveit_setup_assistant/moveit_setup_controllers -DCMAKE_INSTALL_PREFIX=/home/b/ws_moveit2/src/install/moveit_setup_controllers
[59.710s] Invoking command in '/home/b/ws_moveit2/src/build/moveit_setup_controllers': AMENT_PREFIX_PATH=/home/b/ws_moveit2/src/install/moveit_setup_framework:/home/b/ws_moveit2/src/install/moveit_ros_visualization:/home/b/ws_moveit2/src/install/moveit_ros_planning_interface:/home/b/ws_moveit2/src/install/moveit_ros_move_group:/home/b/ws_moveit2/src/install/moveit_ros_warehouse:/home/b/ws_moveit2/src/install/moveit_ros_robot_interaction:/home/b/ws_moveit2/src/install/moveit_planners_ompl:/home/b/ws_moveit2/src/install/moveit_kinematics:/home/b/ws_moveit2/src/install/moveit_ros_planning:/home/b/ws_moveit2/src/install/moveit_simple_controller_manager:/home/b/ws_moveit2/src/install/moveit_ros_occupancy_map_monitor:/home/b/ws_moveit2/src/install/moveit_core:/home/b/ws_moveit2/src/install/moveit_resources_panda_moveit_config:/home/b/ws_moveit2/src/install/moveit_resources_fanuc_moveit_config:/home/b/ws_moveit2/src/install/moveit_configs_utils:/home/b/ws_moveit2/src/install/srdfdom:/home/b/ws_moveit2/src/install/moveit_resources_pr2_description:/home/b/ws_moveit2/src/install/moveit_resources_panda_description:/home/b/ws_moveit2/src/install/moveit_resources_fanuc_description:/home/b/ws_moveit2/src/install/moveit_common:/home/b/ws_moveit2/src/install/launch_param_builder:${AMENT_PREFIX_PATH} CMAKE_PREFIX_PATH=/home/b/ws_moveit2/src/install/moveit_setup_framework:/home/b/ws_moveit2/src/install/moveit_ros_visualization:/home/b/ws_moveit2/src/install/moveit_ros_planning_interface:/home/b/ws_moveit2/src/install/moveit_ros_move_group:/home/b/ws_moveit2/src/install/moveit_ros_warehouse:/home/b/ws_moveit2/src/install/moveit_ros_robot_interaction:/home/b/ws_moveit2/src/install/moveit_planners_ompl:/home/b/ws_moveit2/src/install/moveit_kinematics:/home/b/ws_moveit2/src/install/moveit_ros_planning:/home/b/ws_moveit2/src/install/moveit_simple_controller_manager:/home/b/ws_moveit2/src/install/moveit_ros_occupancy_map_monitor:/home/b/ws_moveit2/src/install/moveit_core:/home/b/ws_moveit2/src/install/moveit_resources_panda_moveit_config:/home/b/ws_moveit2/src/install/moveit_resources_fanuc_moveit_config:/home/b/ws_moveit2/src/install/srdfdom:/home/b/ws_moveit2/src/install/moveit_resources_pr2_description:/home/b/ws_moveit2/src/install/moveit_resources_panda_description:/home/b/ws_moveit2/src/install/moveit_resources_fanuc_description:/home/b/ws_moveit2/src/install/moveit_common:/opt/ros/humble LD_LIBRARY_PATH=/home/b/ws_moveit2/src/install/moveit_setup_framework/lib:/home/b/ws_moveit2/src/install/moveit_ros_visualization/lib:/home/b/ws_moveit2/src/install/moveit_ros_planning_interface/lib:/home/b/ws_moveit2/src/install/moveit_ros_move_group/lib:/home/b/ws_moveit2/src/install/moveit_ros_warehouse/lib:/home/b/ws_moveit2/src/install/moveit_ros_robot_interaction/lib:/home/b/ws_moveit2/src/install/moveit_planners_ompl/lib:/home/b/ws_moveit2/src/install/moveit_kinematics/lib:/home/b/ws_moveit2/src/install/moveit_ros_planning/lib:/home/b/ws_moveit2/src/install/moveit_simple_controller_manager/lib:/home/b/ws_moveit2/src/install/moveit_ros_occupancy_map_monitor/lib:/home/b/ws_moveit2/src/install/moveit_core/lib:/home/b/ws_moveit2/src/install/srdfdom/lib:${LD_LIBRARY_PATH} PATH=/home/b/ws_moveit2/src/install/moveit_core/bin:${PATH} PYTHONPATH=/home/b/ws_moveit2/src/install/moveit_configs_utils/lib/python3.10/site-packages:/home/b/ws_moveit2/src/install/srdfdom/local/lib/python3.10/dist-packages:/home/b/ws_moveit2/src/install/launch_param_builder/lib/python3.10/site-packages:${PYTHONPATH} /usr/bin/cmake --build /home/b/ws_moveit2/src/build/moveit_setup_controllers -- -j12 -l12
[60.317s] [  3%] [34m[1mAutomatic MOC for target moveit_setup_controllers[0m
[60.723s] [  3%] Built target moveit_setup_controllers_autogen
[60.970s] [  6%] [34m[1mAutomatic MOC for target gtest[0m
[61.268s] [  6%] Built target gtest_autogen
[61.419s] [  9%] [34m[1mGenerating include/moveit_setup_controllers/moc_urdf_modifications_widget.cpp[0m
[61.551s] [ 12%] [34m[1mGenerating include/moveit_setup_controllers/moc_controllers_widget.cpp[0m
[61.644s] [ 15%] [34m[1mGenerating include/moveit_setup_controllers/moc_controller_edit_widget.cpp[0m
[61.868s] [ 18%] [32mBuilding CXX object CMakeFiles/moveit_setup_controllers.dir/moveit_setup_controllers_autogen/mocs_compilation.cpp.o[0m
[62.028s] [ 21%] [32mBuilding CXX object CMakeFiles/moveit_setup_controllers.dir/src/ros2_controllers_config.cpp.o[0m
[132.620s] [ 24%] [32mBuilding CXX object CMakeFiles/moveit_setup_controllers.dir/src/ros2_controllers_widget.cpp.o[0m
[163.397s] [ 27%] [32mBuilding CXX object CMakeFiles/moveit_setup_controllers.dir/src/urdf_modifications.cpp.o[0m
[174.431s] [ 30%] [32mBuilding CXX object CMakeFiles/moveit_setup_controllers.dir/src/urdf_modifications_widget.cpp.o[0m
[175.451s] [ 33%] [32mBuilding CXX object CMakeFiles/moveit_setup_controllers.dir/src/moveit_controllers_widget.cpp.o[0m
[176.479s] [ 36%] [32mBuilding CXX object CMakeFiles/moveit_setup_controllers.dir/src/moveit_controllers_config.cpp.o[0m
[177.516s] [ 39%] [32mBuilding CXX object CMakeFiles/moveit_setup_controllers.dir/src/modified_urdf_config.cpp.o[0m
[178.571s] [ 42%] [32mBuilding CXX object CMakeFiles/moveit_setup_controllers.dir/src/controllers_config.cpp.o[0m
[207.814s] [ 45%] [32mBuilding CXX object CMakeFiles/moveit_setup_controllers.dir/include/moveit_setup_controllers/moc_controllers_widget.cpp.o[0m
[207.823s] [ 48%] [32mBuilding CXX object CMakeFiles/moveit_setup_controllers.dir/include/moveit_setup_controllers/moc_urdf_modifications_widget.cpp.o[0m
[209.219s] [ 51%] [32mBuilding CXX object CMakeFiles/moveit_setup_controllers.dir/include/moveit_setup_controllers/moc_controller_edit_widget.cpp.o[0m
[218.202s] [ 54%] [32mBuilding CXX object CMakeFiles/moveit_setup_controllers.dir/src/controllers_widget.cpp.o[0m
[249.666s] [ 57%] [32mBuilding CXX object CMakeFiles/moveit_setup_controllers.dir/src/controller_edit_widget.cpp.o[0m
[249.671s] [ 60%] [32mBuilding CXX object CMakeFiles/moveit_setup_controllers.dir/src/controllers.cpp.o[0m
[249.674s] [ 63%] [32mBuilding CXX object CMakeFiles/moveit_setup_controllers.dir/src/control_xacro_config.cpp.o[0m
[271.971s] [ 66%] [32m[1mLinking CXX shared library libmoveit_setup_controllers.so[0m
[272.883s] [ 66%] Built target moveit_setup_controllers
[272.924s] [ 69%] [32mBuilding CXX object gtest/CMakeFiles/gtest.dir/src/gtest-all.cc.o[0m
[272.932s] [ 72%] [32mBuilding CXX object gtest/CMakeFiles/gtest.dir/gtest_autogen/mocs_compilation.cpp.o[0m
[272.944s] [ 75%] [34m[1mAutomatic MOC for target gtest_main[0m
[273.002s] [ 75%] Built target gtest_main_autogen
[273.049s] [ 78%] [32mBuilding CXX object gtest/CMakeFiles/gtest_main.dir/src/gtest_main.cc.o[0m
[273.056s] [ 81%] [32mBuilding CXX object gtest/CMakeFiles/gtest_main.dir/gtest_main_autogen/mocs_compilation.cpp.o[0m
[274.694s] [ 84%] [32m[1mLinking CXX static library libgtest_main.a[0m
[274.772s] [ 84%] Built target gtest_main
[286.707s] [ 87%] [32m[1mLinking CXX static library libgtest.a[0m
[286.780s] [ 87%] Built target gtest
[286.821s] [ 90%] [34m[1mAutomatic MOC for target test_controllers[0m
[286.883s] [ 90%] Built target test_controllers_autogen
[286.928s] [ 93%] [32mBuilding CXX object CMakeFiles/test_controllers.dir/test/test_controllers.cpp.o[0m
[286.933s] [ 96%] [32mBuilding CXX object CMakeFiles/test_controllers.dir/test_controllers_autogen/mocs_compilation.cpp.o[0m
[311.470s] [100%] [32m[1mLinking CXX executable test_controllers[0m
[312.768s] [100%] Built target test_controllers
[312.794s] Invoked command in '/home/b/ws_moveit2/src/build/moveit_setup_controllers' returned '0': AMENT_PREFIX_PATH=/home/b/ws_moveit2/src/install/moveit_setup_framework:/home/b/ws_moveit2/src/install/moveit_ros_visualization:/home/b/ws_moveit2/src/install/moveit_ros_planning_interface:/home/b/ws_moveit2/src/install/moveit_ros_move_group:/home/b/ws_moveit2/src/install/moveit_ros_warehouse:/home/b/ws_moveit2/src/install/moveit_ros_robot_interaction:/home/b/ws_moveit2/src/install/moveit_planners_ompl:/home/b/ws_moveit2/src/install/moveit_kinematics:/home/b/ws_moveit2/src/install/moveit_ros_planning:/home/b/ws_moveit2/src/install/moveit_simple_controller_manager:/home/b/ws_moveit2/src/install/moveit_ros_occupancy_map_monitor:/home/b/ws_moveit2/src/install/moveit_core:/home/b/ws_moveit2/src/install/moveit_resources_panda_moveit_config:/home/b/ws_moveit2/src/install/moveit_resources_fanuc_moveit_config:/home/b/ws_moveit2/src/install/moveit_configs_utils:/home/b/ws_moveit2/src/install/srdfdom:/home/b/ws_moveit2/src/install/moveit_resources_pr2_description:/home/b/ws_moveit2/src/install/moveit_resources_panda_description:/home/b/ws_moveit2/src/install/moveit_resources_fanuc_description:/home/b/ws_moveit2/src/install/moveit_common:/home/b/ws_moveit2/src/install/launch_param_builder:${AMENT_PREFIX_PATH} CMAKE_PREFIX_PATH=/home/b/ws_moveit2/src/install/moveit_setup_framework:/home/b/ws_moveit2/src/install/moveit_ros_visualization:/home/b/ws_moveit2/src/install/moveit_ros_planning_interface:/home/b/ws_moveit2/src/install/moveit_ros_move_group:/home/b/ws_moveit2/src/install/moveit_ros_warehouse:/home/b/ws_moveit2/src/install/moveit_ros_robot_interaction:/home/b/ws_moveit2/src/install/moveit_planners_ompl:/home/b/ws_moveit2/src/install/moveit_kinematics:/home/b/ws_moveit2/src/install/moveit_ros_planning:/home/b/ws_moveit2/src/install/moveit_simple_controller_manager:/home/b/ws_moveit2/src/install/moveit_ros_occupancy_map_monitor:/home/b/ws_moveit2/src/install/moveit_core:/home/b/ws_moveit2/src/install/moveit_resources_panda_moveit_config:/home/b/ws_moveit2/src/install/moveit_resources_fanuc_moveit_config:/home/b/ws_moveit2/src/install/srdfdom:/home/b/ws_moveit2/src/install/moveit_resources_pr2_description:/home/b/ws_moveit2/src/install/moveit_resources_panda_description:/home/b/ws_moveit2/src/install/moveit_resources_fanuc_description:/home/b/ws_moveit2/src/install/moveit_common:/opt/ros/humble LD_LIBRARY_PATH=/home/b/ws_moveit2/src/install/moveit_setup_framework/lib:/home/b/ws_moveit2/src/install/moveit_ros_visualization/lib:/home/b/ws_moveit2/src/install/moveit_ros_planning_interface/lib:/home/b/ws_moveit2/src/install/moveit_ros_move_group/lib:/home/b/ws_moveit2/src/install/moveit_ros_warehouse/lib:/home/b/ws_moveit2/src/install/moveit_ros_robot_interaction/lib:/home/b/ws_moveit2/src/install/moveit_planners_ompl/lib:/home/b/ws_moveit2/src/install/moveit_kinematics/lib:/home/b/ws_moveit2/src/install/moveit_ros_planning/lib:/home/b/ws_moveit2/src/install/moveit_simple_controller_manager/lib:/home/b/ws_moveit2/src/install/moveit_ros_occupancy_map_monitor/lib:/home/b/ws_moveit2/src/install/moveit_core/lib:/home/b/ws_moveit2/src/install/srdfdom/lib:${LD_LIBRARY_PATH} PATH=/home/b/ws_moveit2/src/install/moveit_core/bin:${PATH} PYTHONPATH=/home/b/ws_moveit2/src/install/moveit_configs_utils/lib/python3.10/site-packages:/home/b/ws_moveit2/src/install/srdfdom/local/lib/python3.10/dist-packages:/home/b/ws_moveit2/src/install/launch_param_builder/lib/python3.10/site-packages:${PYTHONPATH} /usr/bin/cmake --build /home/b/ws_moveit2/src/build/moveit_setup_controllers -- -j12 -l12
[312.798s] Invoking command in '/home/b/ws_moveit2/src/build/moveit_setup_controllers': AMENT_PREFIX_PATH=/home/b/ws_moveit2/src/install/moveit_setup_framework:/home/b/ws_moveit2/src/install/moveit_ros_visualization:/home/b/ws_moveit2/src/install/moveit_ros_planning_interface:/home/b/ws_moveit2/src/install/moveit_ros_move_group:/home/b/ws_moveit2/src/install/moveit_ros_warehouse:/home/b/ws_moveit2/src/install/moveit_ros_robot_interaction:/home/b/ws_moveit2/src/install/moveit_planners_ompl:/home/b/ws_moveit2/src/install/moveit_kinematics:/home/b/ws_moveit2/src/install/moveit_ros_planning:/home/b/ws_moveit2/src/install/moveit_simple_controller_manager:/home/b/ws_moveit2/src/install/moveit_ros_occupancy_map_monitor:/home/b/ws_moveit2/src/install/moveit_core:/home/b/ws_moveit2/src/install/moveit_resources_panda_moveit_config:/home/b/ws_moveit2/src/install/moveit_resources_fanuc_moveit_config:/home/b/ws_moveit2/src/install/moveit_configs_utils:/home/b/ws_moveit2/src/install/srdfdom:/home/b/ws_moveit2/src/install/moveit_resources_pr2_description:/home/b/ws_moveit2/src/install/moveit_resources_panda_description:/home/b/ws_moveit2/src/install/moveit_resources_fanuc_description:/home/b/ws_moveit2/src/install/moveit_common:/home/b/ws_moveit2/src/install/launch_param_builder:${AMENT_PREFIX_PATH} CMAKE_PREFIX_PATH=/home/b/ws_moveit2/src/install/moveit_setup_framework:/home/b/ws_moveit2/src/install/moveit_ros_visualization:/home/b/ws_moveit2/src/install/moveit_ros_planning_interface:/home/b/ws_moveit2/src/install/moveit_ros_move_group:/home/b/ws_moveit2/src/install/moveit_ros_warehouse:/home/b/ws_moveit2/src/install/moveit_ros_robot_interaction:/home/b/ws_moveit2/src/install/moveit_planners_ompl:/home/b/ws_moveit2/src/install/moveit_kinematics:/home/b/ws_moveit2/src/install/moveit_ros_planning:/home/b/ws_moveit2/src/install/moveit_simple_controller_manager:/home/b/ws_moveit2/src/install/moveit_ros_occupancy_map_monitor:/home/b/ws_moveit2/src/install/moveit_core:/home/b/ws_moveit2/src/install/moveit_resources_panda_moveit_config:/home/b/ws_moveit2/src/install/moveit_resources_fanuc_moveit_config:/home/b/ws_moveit2/src/install/srdfdom:/home/b/ws_moveit2/src/install/moveit_resources_pr2_description:/home/b/ws_moveit2/src/install/moveit_resources_panda_description:/home/b/ws_moveit2/src/install/moveit_resources_fanuc_description:/home/b/ws_moveit2/src/install/moveit_common:/opt/ros/humble LD_LIBRARY_PATH=/home/b/ws_moveit2/src/install/moveit_setup_framework/lib:/home/b/ws_moveit2/src/install/moveit_ros_visualization/lib:/home/b/ws_moveit2/src/install/moveit_ros_planning_interface/lib:/home/b/ws_moveit2/src/install/moveit_ros_move_group/lib:/home/b/ws_moveit2/src/install/moveit_ros_warehouse/lib:/home/b/ws_moveit2/src/install/moveit_ros_robot_interaction/lib:/home/b/ws_moveit2/src/install/moveit_planners_ompl/lib:/home/b/ws_moveit2/src/install/moveit_kinematics/lib:/home/b/ws_moveit2/src/install/moveit_ros_planning/lib:/home/b/ws_moveit2/src/install/moveit_simple_controller_manager/lib:/home/b/ws_moveit2/src/install/moveit_ros_occupancy_map_monitor/lib:/home/b/ws_moveit2/src/install/moveit_core/lib:/home/b/ws_moveit2/src/install/srdfdom/lib:${LD_LIBRARY_PATH} PATH=/home/b/ws_moveit2/src/install/moveit_core/bin:${PATH} PYTHONPATH=/home/b/ws_moveit2/src/install/moveit_configs_utils/lib/python3.10/site-packages:/home/b/ws_moveit2/src/install/srdfdom/local/lib/python3.10/dist-packages:/home/b/ws_moveit2/src/install/launch_param_builder/lib/python3.10/site-packages:${PYTHONPATH} /usr/bin/cmake --install /home/b/ws_moveit2/src/build/moveit_setup_controllers
[312.813s] -- Install configuration: "Release"
[312.815s] -- Installing: /home/b/ws_moveit2/src/install/moveit_setup_controllers/share/moveit_setup_controllers/templates
[312.817s] -- Installing: /home/b/ws_moveit2/src/install/moveit_setup_controllers/share/moveit_setup_controllers/templates/config
[312.817s] -- Installing: /home/b/ws_moveit2/src/install/moveit_setup_controllers/share/moveit_setup_controllers/templates/config/ros2_control.xacro
[312.818s] -- Installing: /home/b/ws_moveit2/src/install/moveit_setup_controllers/share/moveit_setup_controllers/templates/config/gazebo_controllers.yaml
[312.819s] -- Installing: /home/b/ws_moveit2/src/install/moveit_setup_controllers/share/moveit_setup_controllers/templates/config/modified.urdf.xacro
[312.821s] -- Installing: /home/b/ws_moveit2/src/install/moveit_setup_controllers/lib/libmoveit_setup_controllers.so
[312.821s] -- Set runtime path of "/home/b/ws_moveit2/src/install/moveit_setup_controllers/lib/libmoveit_setup_controllers.so" to ""
[312.822s] -- Installing: /home/b/ws_moveit2/src/install/moveit_setup_controllers/share/moveit_setup_controllers/moveit_setup_framework_plugins.xml
[312.823s] -- Installing: /home/b/ws_moveit2/src/install/moveit_setup_controllers/include
[312.823s] -- Installing: /home/b/ws_moveit2/src/install/moveit_setup_controllers/include/moveit_setup_controllers
[312.827s] -- Installing: /home/b/ws_moveit2/src/install/moveit_setup_controllers/include/moveit_setup_controllers/controller_edit_widget.hpp
[312.827s] -- Installing: /home/b/ws_moveit2/src/install/moveit_setup_controllers/include/moveit_setup_controllers/urdf_modifications.hpp
[312.827s] -- Installing: /home/b/ws_moveit2/src/install/moveit_setup_controllers/include/moveit_setup_controllers/control_xacro_config.hpp
[312.827s] -- Installing: /home/b/ws_moveit2/src/install/moveit_setup_controllers/include/moveit_setup_controllers/ros2_controllers_config.hpp
[312.827s] -- Installing: /home/b/ws_moveit2/src/install/moveit_setup_controllers/include/moveit_setup_controllers/included_xacro_config.hpp
[312.827s] -- Installing: /home/b/ws_moveit2/src/install/moveit_setup_controllers/include/moveit_setup_controllers/controllers_widget.hpp
[312.827s] -- Installing: /home/b/ws_moveit2/src/install/moveit_setup_controllers/include/moveit_setup_controllers/moveit_controllers.hpp
[312.827s] -- Installing: /home/b/ws_moveit2/src/install/moveit_setup_controllers/include/moveit_setup_controllers/controllers_config.hpp
[312.828s] -- Installing: /home/b/ws_moveit2/src/install/moveit_setup_controllers/include/moveit_setup_controllers/moveit_controllers_config.hpp
[312.828s] -- Installing: /home/b/ws_moveit2/src/install/moveit_setup_controllers/include/moveit_setup_controllers/ros2_controllers.hpp
[312.828s] -- Installing: /home/b/ws_moveit2/src/install/moveit_setup_controllers/include/moveit_setup_controllers/controllers.hpp
[312.828s] -- Installing: /home/b/ws_moveit2/src/install/moveit_setup_controllers/include/moveit_setup_controllers/modified_urdf_config.hpp
[312.828s] -- Installing: /home/b/ws_moveit2/src/install/moveit_setup_controllers/include/moveit_setup_controllers/urdf_modifications_widget.hpp
[312.828s] -- Installing: /home/b/ws_moveit2/src/install/moveit_setup_controllers/share/moveit_setup_controllers/launch
[312.828s] -- Installing: /home/b/ws_moveit2/src/install/moveit_setup_controllers/share/moveit_setup_controllers/launch/control.launch.py
[312.833s] -- Installing: /home/b/ws_moveit2/src/install/moveit_setup_controllers/share/moveit_setup_controllers/environment/library_path.sh
[312.833s] -- Installing: /home/b/ws_moveit2/src/install/moveit_setup_controllers/share/moveit_setup_controllers/environment/library_path.dsv
[312.833s] -- Up-to-date: /home/b/ws_moveit2/src/install/moveit_setup_controllers/share/moveit_setup_controllers/moveit_setup_framework_plugins.xml
[312.834s] -- Installing: /home/b/ws_moveit2/src/install/moveit_setup_controllers/share/ament_index/resource_index/package_run_dependencies/moveit_setup_controllers
[312.836s] -- Installing: /home/b/ws_moveit2/src/install/moveit_setup_controllers/share/ament_index/resource_index/parent_prefix_path/moveit_setup_controllers
[312.837s] -- Installing: /home/b/ws_moveit2/src/install/moveit_setup_controllers/share/moveit_setup_controllers/environment/ament_prefix_path.sh
[312.837s] -- Installing: /home/b/ws_moveit2/src/install/moveit_setup_controllers/share/moveit_setup_controllers/environment/ament_prefix_path.dsv
[312.838s] -- Installing: /home/b/ws_moveit2/src/install/moveit_setup_controllers/share/moveit_setup_controllers/environment/path.sh
[312.839s] -- Installing: /home/b/ws_moveit2/src/install/moveit_setup_controllers/share/moveit_setup_controllers/environment/path.dsv
[312.839s] -- Installing: /home/b/ws_moveit2/src/install/moveit_setup_controllers/share/moveit_setup_controllers/local_setup.bash
[312.840s] -- Installing: /home/b/ws_moveit2/src/install/moveit_setup_controllers/share/moveit_setup_controllers/local_setup.sh
[312.842s] -- Installing: /home/b/ws_moveit2/src/install/moveit_setup_controllers/share/moveit_setup_controllers/local_setup.zsh
[312.842s] -- Installing: /home/b/ws_moveit2/src/install/moveit_setup_controllers/share/moveit_setup_controllers/local_setup.dsv
[312.843s] -- Installing: /home/b/ws_moveit2/src/install/moveit_setup_controllers/share/moveit_setup_controllers/package.dsv
[312.845s] -- Installing: /home/b/ws_moveit2/src/install/moveit_setup_controllers/share/ament_index/resource_index/packages/moveit_setup_controllers
[312.845s] -- Installing: /home/b/ws_moveit2/src/install/moveit_setup_controllers/share/ament_index/resource_index/moveit_setup_framework__pluginlib__plugin/moveit_setup_controllers
[312.847s] -- Installing: /home/b/ws_moveit2/src/install/moveit_setup_controllers/share/moveit_setup_controllers/cmake/export_moveit_setup_controllersExport.cmake
[312.848s] -- Installing: /home/b/ws_moveit2/src/install/moveit_setup_controllers/share/moveit_setup_controllers/cmake/export_moveit_setup_controllersExport-release.cmake
[312.849s] -- Installing: /home/b/ws_moveit2/src/install/moveit_setup_controllers/share/moveit_setup_controllers/cmake/ament_cmake_export_include_directories-extras.cmake
[312.850s] -- Installing: /home/b/ws_moveit2/src/install/moveit_setup_controllers/share/moveit_setup_controllers/cmake/ament_cmake_export_libraries-extras.cmake
[312.851s] -- Installing: /home/b/ws_moveit2/src/install/moveit_setup_controllers/share/moveit_setup_controllers/cmake/ament_cmake_export_targets-extras.cmake
[312.853s] -- Installing: /home/b/ws_moveit2/src/install/moveit_setup_controllers/share/moveit_setup_controllers/cmake/moveit_setup_controllersConfig.cmake
[312.854s] -- Installing: /home/b/ws_moveit2/src/install/moveit_setup_controllers/share/moveit_setup_controllers/cmake/moveit_setup_controllersConfig-version.cmake
[312.855s] -- Installing: /home/b/ws_moveit2/src/install/moveit_setup_controllers/share/moveit_setup_controllers/package.xml
[312.863s] Invoked command in '/home/b/ws_moveit2/src/build/moveit_setup_controllers' returned '0': AMENT_PREFIX_PATH=/home/b/ws_moveit2/src/install/moveit_setup_framework:/home/b/ws_moveit2/src/install/moveit_ros_visualization:/home/b/ws_moveit2/src/install/moveit_ros_planning_interface:/home/b/ws_moveit2/src/install/moveit_ros_move_group:/home/b/ws_moveit2/src/install/moveit_ros_warehouse:/home/b/ws_moveit2/src/install/moveit_ros_robot_interaction:/home/b/ws_moveit2/src/install/moveit_planners_ompl:/home/b/ws_moveit2/src/install/moveit_kinematics:/home/b/ws_moveit2/src/install/moveit_ros_planning:/home/b/ws_moveit2/src/install/moveit_simple_controller_manager:/home/b/ws_moveit2/src/install/moveit_ros_occupancy_map_monitor:/home/b/ws_moveit2/src/install/moveit_core:/home/b/ws_moveit2/src/install/moveit_resources_panda_moveit_config:/home/b/ws_moveit2/src/install/moveit_resources_fanuc_moveit_config:/home/b/ws_moveit2/src/install/moveit_configs_utils:/home/b/ws_moveit2/src/install/srdfdom:/home/b/ws_moveit2/src/install/moveit_resources_pr2_description:/home/b/ws_moveit2/src/install/moveit_resources_panda_description:/home/b/ws_moveit2/src/install/moveit_resources_fanuc_description:/home/b/ws_moveit2/src/install/moveit_common:/home/b/ws_moveit2/src/install/launch_param_builder:${AMENT_PREFIX_PATH} CMAKE_PREFIX_PATH=/home/b/ws_moveit2/src/install/moveit_setup_framework:/home/b/ws_moveit2/src/install/moveit_ros_visualization:/home/b/ws_moveit2/src/install/moveit_ros_planning_interface:/home/b/ws_moveit2/src/install/moveit_ros_move_group:/home/b/ws_moveit2/src/install/moveit_ros_warehouse:/home/b/ws_moveit2/src/install/moveit_ros_robot_interaction:/home/b/ws_moveit2/src/install/moveit_planners_ompl:/home/b/ws_moveit2/src/install/moveit_kinematics:/home/b/ws_moveit2/src/install/moveit_ros_planning:/home/b/ws_moveit2/src/install/moveit_simple_controller_manager:/home/b/ws_moveit2/src/install/moveit_ros_occupancy_map_monitor:/home/b/ws_moveit2/src/install/moveit_core:/home/b/ws_moveit2/src/install/moveit_resources_panda_moveit_config:/home/b/ws_moveit2/src/install/moveit_resources_fanuc_moveit_config:/home/b/ws_moveit2/src/install/srdfdom:/home/b/ws_moveit2/src/install/moveit_resources_pr2_description:/home/b/ws_moveit2/src/install/moveit_resources_panda_description:/home/b/ws_moveit2/src/install/moveit_resources_fanuc_description:/home/b/ws_moveit2/src/install/moveit_common:/opt/ros/humble LD_LIBRARY_PATH=/home/b/ws_moveit2/src/install/moveit_setup_framework/lib:/home/b/ws_moveit2/src/install/moveit_ros_visualization/lib:/home/b/ws_moveit2/src/install/moveit_ros_planning_interface/lib:/home/b/ws_moveit2/src/install/moveit_ros_move_group/lib:/home/b/ws_moveit2/src/install/moveit_ros_warehouse/lib:/home/b/ws_moveit2/src/install/moveit_ros_robot_interaction/lib:/home/b/ws_moveit2/src/install/moveit_planners_ompl/lib:/home/b/ws_moveit2/src/install/moveit_kinematics/lib:/home/b/ws_moveit2/src/install/moveit_ros_planning/lib:/home/b/ws_moveit2/src/install/moveit_simple_controller_manager/lib:/home/b/ws_moveit2/src/install/moveit_ros_occupancy_map_monitor/lib:/home/b/ws_moveit2/src/install/moveit_core/lib:/home/b/ws_moveit2/src/install/srdfdom/lib:${LD_LIBRARY_PATH} PATH=/home/b/ws_moveit2/src/install/moveit_core/bin:${PATH} PYTHONPATH=/home/b/ws_moveit2/src/install/moveit_configs_utils/lib/python3.10/site-packages:/home/b/ws_moveit2/src/install/srdfdom/local/lib/python3.10/dist-packages:/home/b/ws_moveit2/src/install/launch_param_builder/lib/python3.10/site-packages:${PYTHONPATH} /usr/bin/cmake --install /home/b/ws_moveit2/src/build/moveit_setup_controllers
