[0.031s] Invoking command in '/home/b/ws_moveit2/src/build/moveit_resources_pr2_description': CMAKE_PREFIX_PATH=/opt/ros/humble /usr/bin/cmake /home/b/ws_moveit2/src/moveit_resources/pr2_description -DCMAKE_INSTALL_PREFIX=/home/b/ws_moveit2/src/install/moveit_resources_pr2_description
[0.256s] -- The C compiler identification is GNU 11.4.0
[0.584s] -- The CXX compiler identification is GNU 11.4.0
[0.809s] -- Detecting C compiler ABI info
[0.928s] -- Detecting C compiler ABI info - done
[0.938s] -- Check for working C compiler: /usr/bin/cc - skipped
[0.938s] -- Detecting C compile features
[0.938s] -- Detecting C compile features - done
[0.942s] -- Detecting CXX compiler ABI info
[1.083s] -- Detecting CXX compiler ABI info - done
[1.091s] -- Check for working CXX compiler: /usr/bin/c++ - skipped
[1.091s] -- Detecting CXX compile features
[1.092s] -- Detecting CXX compile features - done
[1.095s] -- Found ament_cmake: 1.3.13 (/opt/ros/humble/share/ament_cmake/cmake)
[1.245s] -- Found Python3: /usr/bin/python3 (found version "3.10.12") found components: Interpreter 
[1.416s] -- Configuring done
[1.419s] -- Generating done
[1.420s] -- Build files have been written to: /home/b/ws_moveit2/src/build/moveit_resources_pr2_description
[1.426s] Invoked command in '/home/b/ws_moveit2/src/build/moveit_resources_pr2_description' returned '0': CMAKE_PREFIX_PATH=/opt/ros/humble /usr/bin/cmake /home/b/ws_moveit2/src/moveit_resources/pr2_description -DCMAKE_INSTALL_PREFIX=/home/b/ws_moveit2/src/install/moveit_resources_pr2_description
[1.429s] Invoking command in '/home/b/ws_moveit2/src/build/moveit_resources_pr2_description': CMAKE_PREFIX_PATH=/opt/ros/humble /usr/bin/cmake --build /home/b/ws_moveit2/src/build/moveit_resources_pr2_description -- -j12 -l12
[1.474s] Invoked command in '/home/b/ws_moveit2/src/build/moveit_resources_pr2_description' returned '0': CMAKE_PREFIX_PATH=/opt/ros/humble /usr/bin/cmake --build /home/b/ws_moveit2/src/build/moveit_resources_pr2_description -- -j12 -l12
[1.483s] Invoking command in '/home/b/ws_moveit2/src/build/moveit_resources_pr2_description': CMAKE_PREFIX_PATH=/opt/ros/humble /usr/bin/cmake --install /home/b/ws_moveit2/src/build/moveit_resources_pr2_description
[1.489s] -- Install configuration: ""
[1.490s] -- Installing: /home/b/ws_moveit2/src/install/moveit_resources_pr2_description/share/ament_index/resource_index/package_run_dependencies/moveit_resources_pr2_description
[1.490s] -- Installing: /home/b/ws_moveit2/src/install/moveit_resources_pr2_description/share/ament_index/resource_index/parent_prefix_path/moveit_resources_pr2_description
[1.491s] -- Installing: /home/b/ws_moveit2/src/install/moveit_resources_pr2_description/share/moveit_resources_pr2_description/environment/ament_prefix_path.sh
[1.491s] -- Installing: /home/b/ws_moveit2/src/install/moveit_resources_pr2_description/share/moveit_resources_pr2_description/environment/ament_prefix_path.dsv
[1.491s] -- Installing: /home/b/ws_moveit2/src/install/moveit_resources_pr2_description/share/moveit_resources_pr2_description/environment/path.sh
[1.491s] -- Installing: /home/b/ws_moveit2/src/install/moveit_resources_pr2_description/share/moveit_resources_pr2_description/environment/path.dsv
[1.492s] -- Installing: /home/b/ws_moveit2/src/install/moveit_resources_pr2_description/share/moveit_resources_pr2_description/local_setup.bash
[1.492s] -- Installing: /home/b/ws_moveit2/src/install/moveit_resources_pr2_description/share/moveit_resources_pr2_description/local_setup.sh
[1.493s] -- Installing: /home/b/ws_moveit2/src/install/moveit_resources_pr2_description/share/moveit_resources_pr2_description/local_setup.zsh
[1.493s] -- Installing: /home/b/ws_moveit2/src/install/moveit_resources_pr2_description/share/moveit_resources_pr2_description/local_setup.dsv
[1.493s] -- Installing: /home/b/ws_moveit2/src/install/moveit_resources_pr2_description/share/moveit_resources_pr2_description/package.dsv
[1.494s] -- Installing: /home/b/ws_moveit2/src/install/moveit_resources_pr2_description/share/ament_index/resource_index/packages/moveit_resources_pr2_description
[1.494s] -- Installing: /home/b/ws_moveit2/src/install/moveit_resources_pr2_description/share/moveit_resources_pr2_description/cmake/moveit_resources_pr2_descriptionConfig.cmake
[1.495s] -- Installing: /home/b/ws_moveit2/src/install/moveit_resources_pr2_description/share/moveit_resources_pr2_description/cmake/moveit_resources_pr2_descriptionConfig-version.cmake
[1.495s] -- Installing: /home/b/ws_moveit2/src/install/moveit_resources_pr2_description/share/moveit_resources_pr2_description/package.xml
[1.495s] -- Installing: /home/b/ws_moveit2/src/install/moveit_resources_pr2_description/share/moveit_resources_pr2_description/srdf
[1.495s] -- Installing: /home/b/ws_moveit2/src/install/moveit_resources_pr2_description/share/moveit_resources_pr2_description/srdf/robot.xml
[1.496s] -- Installing: /home/b/ws_moveit2/src/install/moveit_resources_pr2_description/share/moveit_resources_pr2_description/urdf
[1.496s] -- Installing: /home/b/ws_moveit2/src/install/moveit_resources_pr2_description/share/moveit_resources_pr2_description/urdf/robot.xml
[1.496s] -- Installing: /home/b/ws_moveit2/src/install/moveit_resources_pr2_description/share/moveit_resources_pr2_description/urdf/materials
[1.496s] -- Installing: /home/b/ws_moveit2/src/install/moveit_resources_pr2_description/share/moveit_resources_pr2_description/urdf/materials/textures
[1.497s] -- Installing: /home/b/ws_moveit2/src/install/moveit_resources_pr2_description/share/moveit_resources_pr2_description/urdf/materials/textures/pr2_caster_texture.png
[1.497s] -- Installing: /home/b/ws_moveit2/src/install/moveit_resources_pr2_description/share/moveit_resources_pr2_description/urdf/materials/textures/pr2_wheel_left.png
[1.497s] -- Installing: /home/b/ws_moveit2/src/install/moveit_resources_pr2_description/share/moveit_resources_pr2_description/urdf/materials/textures/pr2_wheel_right.png
[1.497s] -- Installing: /home/b/ws_moveit2/src/install/moveit_resources_pr2_description/share/moveit_resources_pr2_description/urdf/meshes
[1.497s] -- Installing: /home/b/ws_moveit2/src/install/moveit_resources_pr2_description/share/moveit_resources_pr2_description/urdf/meshes/torso_v0
[1.498s] -- Installing: /home/b/ws_moveit2/src/install/moveit_resources_pr2_description/share/moveit_resources_pr2_description/urdf/meshes/torso_v0/torso_lift.stl
[1.499s] -- Installing: /home/b/ws_moveit2/src/install/moveit_resources_pr2_description/share/moveit_resources_pr2_description/urdf/meshes/torso_v0/torso_lift_color.tif
[1.501s] -- Installing: /home/b/ws_moveit2/src/install/moveit_resources_pr2_description/share/moveit_resources_pr2_description/urdf/meshes/torso_v0/torso_lift_normals.tif
[1.503s] -- Installing: /home/b/ws_moveit2/src/install/moveit_resources_pr2_description/share/moveit_resources_pr2_description/urdf/meshes/torso_v0/torso_lift.dae
[1.504s] -- Installing: /home/b/ws_moveit2/src/install/moveit_resources_pr2_description/share/moveit_resources_pr2_description/urdf/meshes/torso_v0/torso.stl
[1.505s] -- Installing: /home/b/ws_moveit2/src/install/moveit_resources_pr2_description/share/moveit_resources_pr2_description/urdf/meshes/torso_v0/torso_lift_L.stl
[1.505s] -- Installing: /home/b/ws_moveit2/src/install/moveit_resources_pr2_description/share/moveit_resources_pr2_description/urdf/meshes/torso_v0/convex
[1.506s] -- Installing: /home/b/ws_moveit2/src/install/moveit_resources_pr2_description/share/moveit_resources_pr2_description/urdf/meshes/torso_v0/convex/torso_lift_L_convex.stla
[1.507s] -- Installing: /home/b/ws_moveit2/src/install/moveit_resources_pr2_description/share/moveit_resources_pr2_description/urdf/meshes/torso_v0/convex/torso_lift_convex.stlb
[1.507s] -- Installing: /home/b/ws_moveit2/src/install/moveit_resources_pr2_description/share/moveit_resources_pr2_description/urdf/meshes/torso_v0/convex/torso.xml
[1.508s] -- Installing: /home/b/ws_moveit2/src/install/moveit_resources_pr2_description/share/moveit_resources_pr2_description/urdf/meshes/torso_v0/convex/torso_lift.dae
[1.509s] -- Installing: /home/b/ws_moveit2/src/install/moveit_resources_pr2_description/share/moveit_resources_pr2_description/urdf/meshes/torso_v0/convex/torso_lift_L_convex.stlb
[1.509s] -- Installing: /home/b/ws_moveit2/src/install/moveit_resources_pr2_description/share/moveit_resources_pr2_description/urdf/meshes/torso_v0/convex/torso_convex.stlb
[1.509s] -- Installing: /home/b/ws_moveit2/src/install/moveit_resources_pr2_description/share/moveit_resources_pr2_description/urdf/meshes/torso_v0/convex/torso_lift_L.dae
[1.511s] -- Installing: /home/b/ws_moveit2/src/install/moveit_resources_pr2_description/share/moveit_resources_pr2_description/urdf/meshes/torso_v0/convex/torso_convex.stla
[1.512s] -- Installing: /home/b/ws_moveit2/src/install/moveit_resources_pr2_description/share/moveit_resources_pr2_description/urdf/meshes/torso_v0/convex/torso_lift_convex.stla
[1.512s] -- Installing: /home/b/ws_moveit2/src/install/moveit_resources_pr2_description/share/moveit_resources_pr2_description/urdf/meshes/torso_v0/convex/torso_lift.xml
[1.513s] -- Installing: /home/b/ws_moveit2/src/install/moveit_resources_pr2_description/share/moveit_resources_pr2_description/urdf/meshes/torso_v0/convex/torso.dae
[1.514s] -- Installing: /home/b/ws_moveit2/src/install/moveit_resources_pr2_description/share/moveit_resources_pr2_description/urdf/meshes/torso_v0/convex/torso_lift_L.xml
[1.514s] -- Installing: /home/b/ws_moveit2/src/install/moveit_resources_pr2_description/share/moveit_resources_pr2_description/urdf/meshes/head_v0
[1.514s] -- Installing: /home/b/ws_moveit2/src/install/moveit_resources_pr2_description/share/moveit_resources_pr2_description/urdf/meshes/head_v0/head_tilt_color_yellow.tif
[1.516s] -- Installing: /home/b/ws_moveit2/src/install/moveit_resources_pr2_description/share/moveit_resources_pr2_description/urdf/meshes/head_v0/head_pan.stl
[1.517s] -- Installing: /home/b/ws_moveit2/src/install/moveit_resources_pr2_description/share/moveit_resources_pr2_description/urdf/meshes/head_v0/head_pan.dae
[1.517s] -- Installing: /home/b/ws_moveit2/src/install/moveit_resources_pr2_description/share/moveit_resources_pr2_description/urdf/meshes/head_v0/head_tilt.dae
[1.518s] -- Installing: /home/b/ws_moveit2/src/install/moveit_resources_pr2_description/share/moveit_resources_pr2_description/urdf/meshes/head_v0/head_tilt_color_red.tif
[1.520s] -- Installing: /home/b/ws_moveit2/src/install/moveit_resources_pr2_description/share/moveit_resources_pr2_description/urdf/meshes/head_v0/head_tilt_green.tif
[1.521s] -- Installing: /home/b/ws_moveit2/src/install/moveit_resources_pr2_description/share/moveit_resources_pr2_description/urdf/meshes/head_v0/head_tilt_color.tif
[1.528s] -- Installing: /home/b/ws_moveit2/src/install/moveit_resources_pr2_description/share/moveit_resources_pr2_description/urdf/meshes/head_v0/head_tilt.stl
[1.529s] -- Installing: /home/b/ws_moveit2/src/install/moveit_resources_pr2_description/share/moveit_resources_pr2_description/urdf/meshes/head_v0/convex
[1.529s] -- Installing: /home/b/ws_moveit2/src/install/moveit_resources_pr2_description/share/moveit_resources_pr2_description/urdf/meshes/head_v0/convex/head_tilt_L_convex.stlb
[1.530s] -- Installing: /home/b/ws_moveit2/src/install/moveit_resources_pr2_description/share/moveit_resources_pr2_description/urdf/meshes/head_v0/convex/head_pan_L_convex.stlb
[1.531s] -- Installing: /home/b/ws_moveit2/src/install/moveit_resources_pr2_description/share/moveit_resources_pr2_description/urdf/meshes/head_v0/convex/head_pan.xml
[1.532s] -- Installing: /home/b/ws_moveit2/src/install/moveit_resources_pr2_description/share/moveit_resources_pr2_description/urdf/meshes/head_v0/convex/head_tilt_convex.stla
[1.532s] -- Installing: /home/b/ws_moveit2/src/install/moveit_resources_pr2_description/share/moveit_resources_pr2_description/urdf/meshes/head_v0/convex/head_tilt_L.xml
[1.533s] -- Installing: /home/b/ws_moveit2/src/install/moveit_resources_pr2_description/share/moveit_resources_pr2_description/urdf/meshes/head_v0/convex/head_tilt.xml
[1.533s] -- Installing: /home/b/ws_moveit2/src/install/moveit_resources_pr2_description/share/moveit_resources_pr2_description/urdf/meshes/head_v0/convex/head_pan.dae
[1.535s] -- Installing: /home/b/ws_moveit2/src/install/moveit_resources_pr2_description/share/moveit_resources_pr2_description/urdf/meshes/head_v0/convex/head_tilt.dae
[1.535s] -- Installing: /home/b/ws_moveit2/src/install/moveit_resources_pr2_description/share/moveit_resources_pr2_description/urdf/meshes/head_v0/convex/head_tilt_convex.stlb
[1.536s] -- Installing: /home/b/ws_moveit2/src/install/moveit_resources_pr2_description/share/moveit_resources_pr2_description/urdf/meshes/head_v0/convex/head_pan_L_convex.stla
[1.536s] -- Installing: /home/b/ws_moveit2/src/install/moveit_resources_pr2_description/share/moveit_resources_pr2_description/urdf/meshes/head_v0/convex/head_pan_convex.stlb
[1.537s] -- Installing: /home/b/ws_moveit2/src/install/moveit_resources_pr2_description/share/moveit_resources_pr2_description/urdf/meshes/head_v0/convex/head_pan_L.xml
[1.537s] -- Installing: /home/b/ws_moveit2/src/install/moveit_resources_pr2_description/share/moveit_resources_pr2_description/urdf/meshes/head_v0/convex/head_pan_L.dae
[1.539s] -- Installing: /home/b/ws_moveit2/src/install/moveit_resources_pr2_description/share/moveit_resources_pr2_description/urdf/meshes/head_v0/convex/head_tilt_L.dae
[1.540s] -- Installing: /home/b/ws_moveit2/src/install/moveit_resources_pr2_description/share/moveit_resources_pr2_description/urdf/meshes/head_v0/convex/head_pan_convex.stla
[1.540s] -- Installing: /home/b/ws_moveit2/src/install/moveit_resources_pr2_description/share/moveit_resources_pr2_description/urdf/meshes/head_v0/convex/head_tilt_L_convex.stla
[1.541s] -- Installing: /home/b/ws_moveit2/src/install/moveit_resources_pr2_description/share/moveit_resources_pr2_description/urdf/meshes/head_v0/head_pan_L.stl
[1.541s] -- Installing: /home/b/ws_moveit2/src/install/moveit_resources_pr2_description/share/moveit_resources_pr2_description/urdf/meshes/head_v0/head_pan_normals.tif
[1.544s] -- Installing: /home/b/ws_moveit2/src/install/moveit_resources_pr2_description/share/moveit_resources_pr2_description/urdf/meshes/head_v0/head_tilt_normals.tif
[1.547s] -- Installing: /home/b/ws_moveit2/src/install/moveit_resources_pr2_description/share/moveit_resources_pr2_description/urdf/meshes/head_v0/head_tilt_L.stl
[1.548s] -- Installing: /home/b/ws_moveit2/src/install/moveit_resources_pr2_description/share/moveit_resources_pr2_description/urdf/meshes/head_v0/head_pan_color.tif
[1.548s] -- Installing: /home/b/ws_moveit2/src/install/moveit_resources_pr2_description/share/moveit_resources_pr2_description/urdf/meshes/tilting_laser_v0
[1.548s] -- Installing: /home/b/ws_moveit2/src/install/moveit_resources_pr2_description/share/moveit_resources_pr2_description/urdf/meshes/tilting_laser_v0/tilting_hokuyo.stl
[1.549s] -- Installing: /home/b/ws_moveit2/src/install/moveit_resources_pr2_description/share/moveit_resources_pr2_description/urdf/meshes/tilting_laser_v0/tilting_hokuyo_L.stl
[1.551s] -- Installing: /home/b/ws_moveit2/src/install/moveit_resources_pr2_description/share/moveit_resources_pr2_description/urdf/meshes/tilting_laser_v0/convex
[1.551s] -- Installing: /home/b/ws_moveit2/src/install/moveit_resources_pr2_description/share/moveit_resources_pr2_description/urdf/meshes/tilting_laser_v0/convex/tilting_hokuyo_L_convex.stla
[1.551s] -- Installing: /home/b/ws_moveit2/src/install/moveit_resources_pr2_description/share/moveit_resources_pr2_description/urdf/meshes/tilting_laser_v0/convex/tilting_hokuyo.xml
[1.552s] -- Installing: /home/b/ws_moveit2/src/install/moveit_resources_pr2_description/share/moveit_resources_pr2_description/urdf/meshes/tilting_laser_v0/convex/tilting_hokuyo_L_convex.stlb
[1.552s] -- Installing: /home/b/ws_moveit2/src/install/moveit_resources_pr2_description/share/moveit_resources_pr2_description/urdf/meshes/tilting_laser_v0/convex/hok_tilt_convex.stla
[1.553s] -- Installing: /home/b/ws_moveit2/src/install/moveit_resources_pr2_description/share/moveit_resources_pr2_description/urdf/meshes/tilting_laser_v0/convex/tilting_hokuyo_convex.stla
[1.553s] -- Installing: /home/b/ws_moveit2/src/install/moveit_resources_pr2_description/share/moveit_resources_pr2_description/urdf/meshes/tilting_laser_v0/convex/tilting_hokuyo_convex.stlb
[1.553s] -- Installing: /home/b/ws_moveit2/src/install/moveit_resources_pr2_description/share/moveit_resources_pr2_description/urdf/meshes/tilting_laser_v0/convex/tilting_hokuyo_L.dae
[1.555s] -- Installing: /home/b/ws_moveit2/src/install/moveit_resources_pr2_description/share/moveit_resources_pr2_description/urdf/meshes/tilting_laser_v0/convex/hok_tilt_convex.stlb
[1.555s] -- Installing: /home/b/ws_moveit2/src/install/moveit_resources_pr2_description/share/moveit_resources_pr2_description/urdf/meshes/tilting_laser_v0/convex/tilting_hokuyo_L.xml
[1.555s] -- Installing: /home/b/ws_moveit2/src/install/moveit_resources_pr2_description/share/moveit_resources_pr2_description/urdf/meshes/tilting_laser_v0/convex/hok_tilt.dae
[1.557s] -- Installing: /home/b/ws_moveit2/src/install/moveit_resources_pr2_description/share/moveit_resources_pr2_description/urdf/meshes/tilting_laser_v0/convex/hok_tilt.xml
[1.560s] -- Installing: /home/b/ws_moveit2/src/install/moveit_resources_pr2_description/share/moveit_resources_pr2_description/urdf/meshes/tilting_laser_v0/convex/tilting_hokuyo.dae
[1.560s] -- Installing: /home/b/ws_moveit2/src/install/moveit_resources_pr2_description/share/moveit_resources_pr2_description/urdf/meshes/tilting_laser_v0/hok_tilt.stl
[1.560s] -- Installing: /home/b/ws_moveit2/src/install/moveit_resources_pr2_description/share/moveit_resources_pr2_description/urdf/meshes/tilting_laser_v0/tilting_hokuyo_normals.tif
[1.560s] -- Installing: /home/b/ws_moveit2/src/install/moveit_resources_pr2_description/share/moveit_resources_pr2_description/urdf/meshes/tilting_laser_v0/tilting_hokuyo_color.tif
[1.560s] -- Installing: /home/b/ws_moveit2/src/install/moveit_resources_pr2_description/share/moveit_resources_pr2_description/urdf/meshes/tilting_laser_v0/tilting_hokuyo.dae
[1.561s] -- Installing: /home/b/ws_moveit2/src/install/moveit_resources_pr2_description/share/moveit_resources_pr2_description/urdf/meshes/shoulder_v0
[1.562s] -- Installing: /home/b/ws_moveit2/src/install/moveit_resources_pr2_description/share/moveit_resources_pr2_description/urdf/meshes/shoulder_v0/upper_arm_roll_L.stl
[1.562s] -- Installing: /home/b/ws_moveit2/src/install/moveit_resources_pr2_description/share/moveit_resources_pr2_description/urdf/meshes/shoulder_v0/upper_arm_roll_normals.tif
[1.565s] -- Installing: /home/b/ws_moveit2/src/install/moveit_resources_pr2_description/share/moveit_resources_pr2_description/urdf/meshes/shoulder_v0/shoulder_lift_normals.tif
[1.567s] -- Installing: /home/b/ws_moveit2/src/install/moveit_resources_pr2_description/share/moveit_resources_pr2_description/urdf/meshes/shoulder_v0/shoulder_lift.dae
[1.567s] -- Installing: /home/b/ws_moveit2/src/install/moveit_resources_pr2_description/share/moveit_resources_pr2_description/urdf/meshes/shoulder_v0/shoulder_pan.stl
[1.568s] -- Installing: /home/b/ws_moveit2/src/install/moveit_resources_pr2_description/share/moveit_resources_pr2_description/urdf/meshes/shoulder_v0/shoulder_lift.stl
[1.569s] -- Installing: /home/b/ws_moveit2/src/install/moveit_resources_pr2_description/share/moveit_resources_pr2_description/urdf/meshes/shoulder_v0/shoulder_lift_color.tif
[1.572s] -- Installing: /home/b/ws_moveit2/src/install/moveit_resources_pr2_description/share/moveit_resources_pr2_description/urdf/meshes/shoulder_v0/shoulder_yaw.stl
[1.572s] -- Installing: /home/b/ws_moveit2/src/install/moveit_resources_pr2_description/share/moveit_resources_pr2_description/urdf/meshes/shoulder_v0/upper_arm_roll_color.tif
[1.572s] -- Installing: /home/b/ws_moveit2/src/install/moveit_resources_pr2_description/share/moveit_resources_pr2_description/urdf/meshes/shoulder_v0/shoulder_pan.dae
[1.574s] -- Installing: /home/b/ws_moveit2/src/install/moveit_resources_pr2_description/share/moveit_resources_pr2_description/urdf/meshes/shoulder_v0/convex
[1.574s] -- Installing: /home/b/ws_moveit2/src/install/moveit_resources_pr2_description/share/moveit_resources_pr2_description/urdf/meshes/shoulder_v0/convex/upper_arm_roll.xml
[1.574s] -- Installing: /home/b/ws_moveit2/src/install/moveit_resources_pr2_description/share/moveit_resources_pr2_description/urdf/meshes/shoulder_v0/convex/shoulder_lift_convex.stlb
[1.574s] -- Installing: /home/b/ws_moveit2/src/install/moveit_resources_pr2_description/share/moveit_resources_pr2_description/urdf/meshes/shoulder_v0/convex/upper_arm_roll_L.xml
[1.574s] -- Installing: /home/b/ws_moveit2/src/install/moveit_resources_pr2_description/share/moveit_resources_pr2_description/urdf/meshes/shoulder_v0/convex/upper_arm_roll_L.dae
[1.575s] -- Installing: /home/b/ws_moveit2/src/install/moveit_resources_pr2_description/share/moveit_resources_pr2_description/urdf/meshes/shoulder_v0/convex/shoulder_yaw.xml
[1.575s] -- Installing: /home/b/ws_moveit2/src/install/moveit_resources_pr2_description/share/moveit_resources_pr2_description/urdf/meshes/shoulder_v0/convex/shoulder_lift.dae
[1.576s] -- Installing: /home/b/ws_moveit2/src/install/moveit_resources_pr2_description/share/moveit_resources_pr2_description/urdf/meshes/shoulder_v0/convex/upper_arm_roll_convex.stlb
[1.577s] -- Installing: /home/b/ws_moveit2/src/install/moveit_resources_pr2_description/share/moveit_resources_pr2_description/urdf/meshes/shoulder_v0/convex/upper_arm_roll_L_convex.stla
[1.577s] -- Installing: /home/b/ws_moveit2/src/install/moveit_resources_pr2_description/share/moveit_resources_pr2_description/urdf/meshes/shoulder_v0/convex/shoulder_yaw_convex.stlb
[1.578s] -- Installing: /home/b/ws_moveit2/src/install/moveit_resources_pr2_description/share/moveit_resources_pr2_description/urdf/meshes/shoulder_v0/convex/shoulder_lift_convex.stla
[1.579s] -- Installing: /home/b/ws_moveit2/src/install/moveit_resources_pr2_description/share/moveit_resources_pr2_description/urdf/meshes/shoulder_v0/convex/shoulder_pan_convex.stla
[1.579s] -- Installing: /home/b/ws_moveit2/src/install/moveit_resources_pr2_description/share/moveit_resources_pr2_description/urdf/meshes/shoulder_v0/convex/shoulder_pan_convex.stlb
[1.579s] -- Installing: /home/b/ws_moveit2/src/install/moveit_resources_pr2_description/share/moveit_resources_pr2_description/urdf/meshes/shoulder_v0/convex/shoulder_pan.dae
[1.580s] -- Installing: /home/b/ws_moveit2/src/install/moveit_resources_pr2_description/share/moveit_resources_pr2_description/urdf/meshes/shoulder_v0/convex/shoulder_yaw.dae
[1.581s] -- Installing: /home/b/ws_moveit2/src/install/moveit_resources_pr2_description/share/moveit_resources_pr2_description/urdf/meshes/shoulder_v0/convex/shoulder_pan.xml
[1.583s] -- Installing: /home/b/ws_moveit2/src/install/moveit_resources_pr2_description/share/moveit_resources_pr2_description/urdf/meshes/shoulder_v0/convex/upper_arm_roll.dae
[1.583s] -- Installing: /home/b/ws_moveit2/src/install/moveit_resources_pr2_description/share/moveit_resources_pr2_description/urdf/meshes/shoulder_v0/convex/shoulder_yaw_convex.stla
[1.583s] -- Installing: /home/b/ws_moveit2/src/install/moveit_resources_pr2_description/share/moveit_resources_pr2_description/urdf/meshes/shoulder_v0/convex/upper_arm_roll_convex.stla
[1.583s] -- Installing: /home/b/ws_moveit2/src/install/moveit_resources_pr2_description/share/moveit_resources_pr2_description/urdf/meshes/shoulder_v0/convex/shoulder_lift.xml
[1.583s] -- Installing: /home/b/ws_moveit2/src/install/moveit_resources_pr2_description/share/moveit_resources_pr2_description/urdf/meshes/shoulder_v0/convex/upper_arm_roll_L_convex.stlb
[1.583s] -- Installing: /home/b/ws_moveit2/src/install/moveit_resources_pr2_description/share/moveit_resources_pr2_description/urdf/meshes/shoulder_v0/shoulder_pan_normals.tif
[1.587s] -- Installing: /home/b/ws_moveit2/src/install/moveit_resources_pr2_description/share/moveit_resources_pr2_description/urdf/meshes/shoulder_v0/upper_arm_roll.stl
[1.587s] -- Installing: /home/b/ws_moveit2/src/install/moveit_resources_pr2_description/share/moveit_resources_pr2_description/urdf/meshes/shoulder_v0/upper_arm_roll.dae
[1.588s] -- Installing: /home/b/ws_moveit2/src/install/moveit_resources_pr2_description/share/moveit_resources_pr2_description/urdf/meshes/shoulder_v0/shoulder_pan_color.tif
[1.599s] -- Installing: /home/b/ws_moveit2/src/install/moveit_resources_pr2_description/share/moveit_resources_pr2_description/urdf/meshes/upper_arm_v0
[1.599s] -- Installing: /home/b/ws_moveit2/src/install/moveit_resources_pr2_description/share/moveit_resources_pr2_description/urdf/meshes/upper_arm_v0/elbow_flex.stl
[1.599s] -- Installing: /home/b/ws_moveit2/src/install/moveit_resources_pr2_description/share/moveit_resources_pr2_description/urdf/meshes/upper_arm_v0/elbow_flex.dae
[1.599s] -- Installing: /home/b/ws_moveit2/src/install/moveit_resources_pr2_description/share/moveit_resources_pr2_description/urdf/meshes/upper_arm_v0/upper_arm.jpg
[1.600s] -- Installing: /home/b/ws_moveit2/src/install/moveit_resources_pr2_description/share/moveit_resources_pr2_description/urdf/meshes/upper_arm_v0/elbow_flex_normals.tif
[1.604s] -- Installing: /home/b/ws_moveit2/src/install/moveit_resources_pr2_description/share/moveit_resources_pr2_description/urdf/meshes/upper_arm_v0/upper_arm.stl
[1.604s] -- Installing: /home/b/ws_moveit2/src/install/moveit_resources_pr2_description/share/moveit_resources_pr2_description/urdf/meshes/upper_arm_v0/forearm_roll.stl
[1.605s] -- Installing: /home/b/ws_moveit2/src/install/moveit_resources_pr2_description/share/moveit_resources_pr2_description/urdf/meshes/upper_arm_v0/forearm_roll_L.stl
[1.605s] -- Installing: /home/b/ws_moveit2/src/install/moveit_resources_pr2_description/share/moveit_resources_pr2_description/urdf/meshes/upper_arm_v0/upper_arm_color.tif
[1.611s] -- Installing: /home/b/ws_moveit2/src/install/moveit_resources_pr2_description/share/moveit_resources_pr2_description/urdf/meshes/upper_arm_v0/convex
[1.611s] -- Installing: /home/b/ws_moveit2/src/install/moveit_resources_pr2_description/share/moveit_resources_pr2_description/urdf/meshes/upper_arm_v0/convex/forearm_roll_L.dae
[1.611s] -- Installing: /home/b/ws_moveit2/src/install/moveit_resources_pr2_description/share/moveit_resources_pr2_description/urdf/meshes/upper_arm_v0/convex/elbow_flex.dae
[1.611s] -- Installing: /home/b/ws_moveit2/src/install/moveit_resources_pr2_description/share/moveit_resources_pr2_description/urdf/meshes/upper_arm_v0/convex/forearm_roll_convex.stlb
[1.611s] -- Installing: /home/b/ws_moveit2/src/install/moveit_resources_pr2_description/share/moveit_resources_pr2_description/urdf/meshes/upper_arm_v0/convex/elbow_flex_convex.stla
[1.612s] -- Installing: /home/b/ws_moveit2/src/install/moveit_resources_pr2_description/share/moveit_resources_pr2_description/urdf/meshes/upper_arm_v0/convex/upper_arm_convex.stla
[1.612s] -- Installing: /home/b/ws_moveit2/src/install/moveit_resources_pr2_description/share/moveit_resources_pr2_description/urdf/meshes/upper_arm_v0/convex/forearm_roll.xml
[1.613s] -- Installing: /home/b/ws_moveit2/src/install/moveit_resources_pr2_description/share/moveit_resources_pr2_description/urdf/meshes/upper_arm_v0/convex/forearm_roll_L.xml
[1.613s] -- Installing: /home/b/ws_moveit2/src/install/moveit_resources_pr2_description/share/moveit_resources_pr2_description/urdf/meshes/upper_arm_v0/convex/elbow_flex_convex.stlb
[1.614s] -- Installing: /home/b/ws_moveit2/src/install/moveit_resources_pr2_description/share/moveit_resources_pr2_description/urdf/meshes/upper_arm_v0/convex/forearm_roll.dae
[1.614s] -- Installing: /home/b/ws_moveit2/src/install/moveit_resources_pr2_description/share/moveit_resources_pr2_description/urdf/meshes/upper_arm_v0/convex/forearm_roll_L_convex.stla
[1.615s] -- Installing: /home/b/ws_moveit2/src/install/moveit_resources_pr2_description/share/moveit_resources_pr2_description/urdf/meshes/upper_arm_v0/convex/upper_arm.dae
[1.616s] -- Installing: /home/b/ws_moveit2/src/install/moveit_resources_pr2_description/share/moveit_resources_pr2_description/urdf/meshes/upper_arm_v0/convex/forearm_roll_L_convex.stlb
[1.617s] -- Installing: /home/b/ws_moveit2/src/install/moveit_resources_pr2_description/share/moveit_resources_pr2_description/urdf/meshes/upper_arm_v0/convex/upper_arm.xml
[1.618s] -- Installing: /home/b/ws_moveit2/src/install/moveit_resources_pr2_description/share/moveit_resources_pr2_description/urdf/meshes/upper_arm_v0/convex/forearm_roll_convex.stla
[1.619s] -- Installing: /home/b/ws_moveit2/src/install/moveit_resources_pr2_description/share/moveit_resources_pr2_description/urdf/meshes/upper_arm_v0/convex/elbow_flex.xml
[1.619s] -- Installing: /home/b/ws_moveit2/src/install/moveit_resources_pr2_description/share/moveit_resources_pr2_description/urdf/meshes/upper_arm_v0/convex/upper_arm_convex.stlb
[1.620s] -- Installing: /home/b/ws_moveit2/src/install/moveit_resources_pr2_description/share/moveit_resources_pr2_description/urdf/meshes/upper_arm_v0/upper_arm.dae
[1.621s] -- Installing: /home/b/ws_moveit2/src/install/moveit_resources_pr2_description/share/moveit_resources_pr2_description/urdf/meshes/upper_arm_v0/upper_arm_normals.tif
[1.625s] -- Installing: /home/b/ws_moveit2/src/install/moveit_resources_pr2_description/share/moveit_resources_pr2_description/urdf/meshes/upper_arm_v0/elbow_flex_color.tif
[1.626s] -- Installing: /home/b/ws_moveit2/src/install/moveit_resources_pr2_description/share/moveit_resources_pr2_description/urdf/meshes/sensors
[1.627s] -- Installing: /home/b/ws_moveit2/src/install/moveit_resources_pr2_description/share/moveit_resources_pr2_description/urdf/meshes/sensors/kinect_prosilica_v0
[1.627s] -- Installing: /home/b/ws_moveit2/src/install/moveit_resources_pr2_description/share/moveit_resources_pr2_description/urdf/meshes/sensors/kinect_prosilica_v0/115x100_swept_back_no_sensors--coarse.STL
[1.630s] -- Installing: /home/b/ws_moveit2/src/install/moveit_resources_pr2_description/share/moveit_resources_pr2_description/urdf/meshes/sensors/kinect_prosilica_v0/115x100_swept_back--coarse.STL
[1.633s] -- Installing: /home/b/ws_moveit2/src/install/moveit_resources_pr2_description/share/moveit_resources_pr2_description/urdf/meshes/sensors/kinect_prosilica_v0/115x100_swept_fwd--coarse.STL
[1.636s] -- Installing: /home/b/ws_moveit2/src/install/moveit_resources_pr2_description/share/moveit_resources_pr2_description/urdf/meshes/sensors/kinect_prosilica_v0/115x100_swept_fwd_no_sensors--coarse.STL
[1.638s] -- Installing: /home/b/ws_moveit2/src/install/moveit_resources_pr2_description/share/moveit_resources_pr2_description/urdf/meshes/sensors/kinect_prosilica_v0/Prosilica_w_Lens--coarse.STL
[1.642s] -- Installing: /home/b/ws_moveit2/src/install/moveit_resources_pr2_description/share/moveit_resources_pr2_description/urdf/meshes/sensors/kinect_prosilica_v0/68-04546_Kinect_Sensor--coarse.STL
[1.643s] -- Installing: /home/b/ws_moveit2/src/install/moveit_resources_pr2_description/share/moveit_resources_pr2_description/urdf/meshes/sensors/kinect_v0
[1.643s] -- Installing: /home/b/ws_moveit2/src/install/moveit_resources_pr2_description/share/moveit_resources_pr2_description/urdf/meshes/sensors/kinect_v0/kinect.dae
[1.644s] -- Installing: /home/b/ws_moveit2/src/install/moveit_resources_pr2_description/share/moveit_resources_pr2_description/urdf/meshes/sensors/kinect_v0/kinect.tga
[1.645s] -- Installing: /home/b/ws_moveit2/src/install/moveit_resources_pr2_description/share/moveit_resources_pr2_description/urdf/meshes/sensors/kinect_v0/kinect_color.tga
[1.646s] -- Installing: /home/b/ws_moveit2/src/install/moveit_resources_pr2_description/share/moveit_resources_pr2_description/urdf/meshes/sensors/kinect_v0/kinect_mount.stl
[1.647s] -- Installing: /home/b/ws_moveit2/src/install/moveit_resources_pr2_description/share/moveit_resources_pr2_description/urdf/meshes/gripper_v0
[1.648s] -- Installing: /home/b/ws_moveit2/src/install/moveit_resources_pr2_description/share/moveit_resources_pr2_description/urdf/meshes/gripper_v0/gripper_palm.dae
[1.649s] -- Installing: /home/b/ws_moveit2/src/install/moveit_resources_pr2_description/share/moveit_resources_pr2_description/urdf/meshes/gripper_v0/l_floating.stl
[1.650s] -- Installing: /home/b/ws_moveit2/src/install/moveit_resources_pr2_description/share/moveit_resources_pr2_description/urdf/meshes/gripper_v0/finger_tip_H_UV_100430.dae
[1.655s] -- Installing: /home/b/ws_moveit2/src/install/moveit_resources_pr2_description/share/moveit_resources_pr2_description/urdf/meshes/gripper_v0/float_H_Color_100430.tif
[1.655s] -- Installing: /home/b/ws_moveit2/src/install/moveit_resources_pr2_description/share/moveit_resources_pr2_description/urdf/meshes/gripper_v0/l_finger_tip_color.tif
[1.656s] -- Installing: /home/b/ws_moveit2/src/install/moveit_resources_pr2_description/share/moveit_resources_pr2_description/urdf/meshes/gripper_v0/l_finger.dae
[1.658s] -- Installing: /home/b/ws_moveit2/src/install/moveit_resources_pr2_description/share/moveit_resources_pr2_description/urdf/meshes/gripper_v0/finger_tip_pad2_r.stl
[1.658s] -- Installing: /home/b/ws_moveit2/src/install/moveit_resources_pr2_description/share/moveit_resources_pr2_description/urdf/meshes/gripper_v0/l_float.dae
[1.659s] -- Installing: /home/b/ws_moveit2/src/install/moveit_resources_pr2_description/share/moveit_resources_pr2_description/urdf/meshes/gripper_v0/l_finger_color.tif
[1.660s] -- Installing: /home/b/ws_moveit2/src/install/moveit_resources_pr2_description/share/moveit_resources_pr2_description/urdf/meshes/gripper_v0/gripper_palm_color.tif
[1.661s] -- Installing: /home/b/ws_moveit2/src/install/moveit_resources_pr2_description/share/moveit_resources_pr2_description/urdf/meshes/gripper_v0/l_finger_normals.tif
[1.664s] -- Installing: /home/b/ws_moveit2/src/install/moveit_resources_pr2_description/share/moveit_resources_pr2_description/urdf/meshes/gripper_v0/l_finger_tip.dae
[1.665s] -- Installing: /home/b/ws_moveit2/src/install/moveit_resources_pr2_description/share/moveit_resources_pr2_description/urdf/meshes/gripper_v0/gripper_palm.stl
[1.666s] -- Installing: /home/b/ws_moveit2/src/install/moveit_resources_pr2_description/share/moveit_resources_pr2_description/urdf/meshes/gripper_v0/float_H_UV_100430.dae
[1.672s] -- Installing: /home/b/ws_moveit2/src/install/moveit_resources_pr2_description/share/moveit_resources_pr2_description/urdf/meshes/gripper_v0/l_finger_tip_normals.tif
[1.676s] -- Installing: /home/b/ws_moveit2/src/install/moveit_resources_pr2_description/share/moveit_resources_pr2_description/urdf/meshes/gripper_v0/finger_tip_pad2_l.stl
[1.676s] -- Installing: /home/b/ws_moveit2/src/install/moveit_resources_pr2_description/share/moveit_resources_pr2_description/urdf/meshes/gripper_v0/palm_H_Color_100430.tif
[1.677s] -- Installing: /home/b/ws_moveit2/src/install/moveit_resources_pr2_description/share/moveit_resources_pr2_description/urdf/meshes/gripper_v0/upper_finger_l.stl
[1.678s] -- Installing: /home/b/ws_moveit2/src/install/moveit_resources_pr2_description/share/moveit_resources_pr2_description/urdf/meshes/gripper_v0/gripper_palm_normals.tif
[1.681s] -- Installing: /home/b/ws_moveit2/src/install/moveit_resources_pr2_description/share/moveit_resources_pr2_description/urdf/meshes/gripper_v0/convex
[1.681s] -- Installing: /home/b/ws_moveit2/src/install/moveit_resources_pr2_description/share/moveit_resources_pr2_description/urdf/meshes/gripper_v0/convex/finger_tip_l_convex.stla
[1.681s] -- Installing: /home/b/ws_moveit2/src/install/moveit_resources_pr2_description/share/moveit_resources_pr2_description/urdf/meshes/gripper_v0/convex/finger_tip_r.xml
[1.682s] -- Installing: /home/b/ws_moveit2/src/install/moveit_resources_pr2_description/share/moveit_resources_pr2_description/urdf/meshes/gripper_v0/convex/gripper_palm.dae
[1.683s] -- Installing: /home/b/ws_moveit2/src/install/moveit_resources_pr2_description/share/moveit_resources_pr2_description/urdf/meshes/gripper_v0/convex/upper_finger_l_convex.stla
[1.683s] -- Installing: /home/b/ws_moveit2/src/install/moveit_resources_pr2_description/share/moveit_resources_pr2_description/urdf/meshes/gripper_v0/convex/finger_tip_r_convex.stlb
[1.683s] -- Installing: /home/b/ws_moveit2/src/install/moveit_resources_pr2_description/share/moveit_resources_pr2_description/urdf/meshes/gripper_v0/convex/l_finger_tip_convex.stla
[1.684s] -- Installing: /home/b/ws_moveit2/src/install/moveit_resources_pr2_description/share/moveit_resources_pr2_description/urdf/meshes/gripper_v0/convex/l_finger.xml
[1.684s] -- Installing: /home/b/ws_moveit2/src/install/moveit_resources_pr2_description/share/moveit_resources_pr2_description/urdf/meshes/gripper_v0/convex/upper_finger_r_convex.stlb
[1.684s] -- Installing: /home/b/ws_moveit2/src/install/moveit_resources_pr2_description/share/moveit_resources_pr2_description/urdf/meshes/gripper_v0/convex/l_floating_convex.stla
[1.685s] -- Installing: /home/b/ws_moveit2/src/install/moveit_resources_pr2_description/share/moveit_resources_pr2_description/urdf/meshes/gripper_v0/convex/finger_tip_pad2_r.xml
[1.685s] -- Installing: /home/b/ws_moveit2/src/install/moveit_resources_pr2_description/share/moveit_resources_pr2_description/urdf/meshes/gripper_v0/convex/gripper_palm.xml
[1.685s] -- Installing: /home/b/ws_moveit2/src/install/moveit_resources_pr2_description/share/moveit_resources_pr2_description/urdf/meshes/gripper_v0/convex/finger_tip_r_convex.stla
[1.686s] -- Installing: /home/b/ws_moveit2/src/install/moveit_resources_pr2_description/share/moveit_resources_pr2_description/urdf/meshes/gripper_v0/convex/l_floating_convex.stlb
[1.686s] -- Installing: /home/b/ws_moveit2/src/install/moveit_resources_pr2_description/share/moveit_resources_pr2_description/urdf/meshes/gripper_v0/convex/l_finger.dae
[1.687s] -- Installing: /home/b/ws_moveit2/src/install/moveit_resources_pr2_description/share/moveit_resources_pr2_description/urdf/meshes/gripper_v0/convex/gripper_palm_convex.stla
[1.687s] -- Installing: /home/b/ws_moveit2/src/install/moveit_resources_pr2_description/share/moveit_resources_pr2_description/urdf/meshes/gripper_v0/convex/finger_tip_r.dae
[1.687s] -- Installing: /home/b/ws_moveit2/src/install/moveit_resources_pr2_description/share/moveit_resources_pr2_description/urdf/meshes/gripper_v0/convex/upper_finger_l.xml
[1.688s] -- Installing: /home/b/ws_moveit2/src/install/moveit_resources_pr2_description/share/moveit_resources_pr2_description/urdf/meshes/gripper_v0/convex/finger_tip_pad2_r.dae
[1.688s] -- Installing: /home/b/ws_moveit2/src/install/moveit_resources_pr2_description/share/moveit_resources_pr2_description/urdf/meshes/gripper_v0/convex/l_finger_convex.stla
[1.689s] -- Installing: /home/b/ws_moveit2/src/install/moveit_resources_pr2_description/share/moveit_resources_pr2_description/urdf/meshes/gripper_v0/convex/finger_tip_l.dae
[1.689s] -- Installing: /home/b/ws_moveit2/src/install/moveit_resources_pr2_description/share/moveit_resources_pr2_description/urdf/meshes/gripper_v0/convex/upper_finger_l.dae
[1.690s] -- Installing: /home/b/ws_moveit2/src/install/moveit_resources_pr2_description/share/moveit_resources_pr2_description/urdf/meshes/gripper_v0/convex/gripper_palm_convex.stlb
[1.690s] -- Installing: /home/b/ws_moveit2/src/install/moveit_resources_pr2_description/share/moveit_resources_pr2_description/urdf/meshes/gripper_v0/convex/l_finger_tip.dae
[1.691s] -- Installing: /home/b/ws_moveit2/src/install/moveit_resources_pr2_description/share/moveit_resources_pr2_description/urdf/meshes/gripper_v0/convex/upper_finger_r.dae
[1.691s] -- Installing: /home/b/ws_moveit2/src/install/moveit_resources_pr2_description/share/moveit_resources_pr2_description/urdf/meshes/gripper_v0/convex/finger_tip_l_convex.stlb
[1.692s] -- Installing: /home/b/ws_moveit2/src/install/moveit_resources_pr2_description/share/moveit_resources_pr2_description/urdf/meshes/gripper_v0/convex/finger_tip_pad2_l.xml
[1.693s] -- Installing: /home/b/ws_moveit2/src/install/moveit_resources_pr2_description/share/moveit_resources_pr2_description/urdf/meshes/gripper_v0/convex/upper_finger_r_convex.stla
[1.693s] -- Installing: /home/b/ws_moveit2/src/install/moveit_resources_pr2_description/share/moveit_resources_pr2_description/urdf/meshes/gripper_v0/convex/upper_finger_l_convex.stlb
[1.694s] -- Installing: /home/b/ws_moveit2/src/install/moveit_resources_pr2_description/share/moveit_resources_pr2_description/urdf/meshes/gripper_v0/convex/l_floating.xml
[1.694s] -- Installing: /home/b/ws_moveit2/src/install/moveit_resources_pr2_description/share/moveit_resources_pr2_description/urdf/meshes/gripper_v0/convex/finger_tip_l.xml
[1.695s] -- Installing: /home/b/ws_moveit2/src/install/moveit_resources_pr2_description/share/moveit_resources_pr2_description/urdf/meshes/gripper_v0/convex/finger_tip_pad2_l_convex.stla
[1.695s] -- Installing: /home/b/ws_moveit2/src/install/moveit_resources_pr2_description/share/moveit_resources_pr2_description/urdf/meshes/gripper_v0/convex/finger_tip_pad2_r_convex.stla
[1.696s] -- Installing: /home/b/ws_moveit2/src/install/moveit_resources_pr2_description/share/moveit_resources_pr2_description/urdf/meshes/gripper_v0/convex/l_finger_tip_convex.stlb
[1.696s] -- Installing: /home/b/ws_moveit2/src/install/moveit_resources_pr2_description/share/moveit_resources_pr2_description/urdf/meshes/gripper_v0/convex/finger_tip_pad2_l.dae
[1.697s] -- Installing: /home/b/ws_moveit2/src/install/moveit_resources_pr2_description/share/moveit_resources_pr2_description/urdf/meshes/gripper_v0/convex/l_finger_tip.xml
[1.697s] -- Installing: /home/b/ws_moveit2/src/install/moveit_resources_pr2_description/share/moveit_resources_pr2_description/urdf/meshes/gripper_v0/convex/l_floating.dae
[1.698s] -- Installing: /home/b/ws_moveit2/src/install/moveit_resources_pr2_description/share/moveit_resources_pr2_description/urdf/meshes/gripper_v0/convex/l_finger_convex.stlb
[1.698s] -- Installing: /home/b/ws_moveit2/src/install/moveit_resources_pr2_description/share/moveit_resources_pr2_description/urdf/meshes/gripper_v0/convex/upper_finger_r.xml
[1.699s] -- Installing: /home/b/ws_moveit2/src/install/moveit_resources_pr2_description/share/moveit_resources_pr2_description/urdf/meshes/gripper_v0/convex/finger_tip_pad2_r_convex.stlb
[1.699s] -- Installing: /home/b/ws_moveit2/src/install/moveit_resources_pr2_description/share/moveit_resources_pr2_description/urdf/meshes/gripper_v0/convex/finger_tip_pad2_l_convex.stlb
[1.700s] -- Installing: /home/b/ws_moveit2/src/install/moveit_resources_pr2_description/share/moveit_resources_pr2_description/urdf/meshes/gripper_v0/palm_H_UV_100430.dae
[1.703s] -- Installing: /home/b/ws_moveit2/src/install/moveit_resources_pr2_description/share/moveit_resources_pr2_description/urdf/meshes/gripper_v0/l_finger.stl
[1.704s] -- Installing: /home/b/ws_moveit2/src/install/moveit_resources_pr2_description/share/moveit_resources_pr2_description/urdf/meshes/gripper_v0/finger_tip_l.stl
[1.704s] -- Installing: /home/b/ws_moveit2/src/install/moveit_resources_pr2_description/share/moveit_resources_pr2_description/urdf/meshes/gripper_v0/l_finger_tip.stl
[1.705s] -- Installing: /home/b/ws_moveit2/src/install/moveit_resources_pr2_description/share/moveit_resources_pr2_description/urdf/meshes/gripper_v0/finger_tip_r.stl
[1.706s] -- Installing: /home/b/ws_moveit2/src/install/moveit_resources_pr2_description/share/moveit_resources_pr2_description/urdf/meshes/gripper_v0/finger_H_Color_100430.tif
[1.707s] -- Installing: /home/b/ws_moveit2/src/install/moveit_resources_pr2_description/share/moveit_resources_pr2_description/urdf/meshes/gripper_v0/l_float_normals.tif
[1.711s] -- Installing: /home/b/ws_moveit2/src/install/moveit_resources_pr2_description/share/moveit_resources_pr2_description/urdf/meshes/gripper_v0/fingertip_H_Color_100430.tif
[1.712s] -- Installing: /home/b/ws_moveit2/src/install/moveit_resources_pr2_description/share/moveit_resources_pr2_description/urdf/meshes/gripper_v0/upper_finger_r.stl
[1.712s] -- Installing: /home/b/ws_moveit2/src/install/moveit_resources_pr2_description/share/moveit_resources_pr2_description/urdf/meshes/gripper_v0/finger_H_UV_100430.dae
[1.718s] -- Installing: /home/b/ws_moveit2/src/install/moveit_resources_pr2_description/share/moveit_resources_pr2_description/urdf/meshes/gripper_v0/l_float_color.tif
[1.719s] -- Installing: /home/b/ws_moveit2/src/install/moveit_resources_pr2_description/share/moveit_resources_pr2_description/urdf/meshes/forearm_v0
[1.720s] -- Installing: /home/b/ws_moveit2/src/install/moveit_resources_pr2_description/share/moveit_resources_pr2_description/urdf/meshes/forearm_v0/wrist_normals.tif
[1.723s] -- Installing: /home/b/ws_moveit2/src/install/moveit_resources_pr2_description/share/moveit_resources_pr2_description/urdf/meshes/forearm_v0/wrist_flex.stl
[1.724s] -- Installing: /home/b/ws_moveit2/src/install/moveit_resources_pr2_description/share/moveit_resources_pr2_description/urdf/meshes/forearm_v0/forearm.jpg
[1.725s] -- Installing: /home/b/ws_moveit2/src/install/moveit_resources_pr2_description/share/moveit_resources_pr2_description/urdf/meshes/forearm_v0/forearm_color.tif
[1.732s] -- Installing: /home/b/ws_moveit2/src/install/moveit_resources_pr2_description/share/moveit_resources_pr2_description/urdf/meshes/forearm_v0/forearm_normals.tif
[1.736s] -- Installing: /home/b/ws_moveit2/src/install/moveit_resources_pr2_description/share/moveit_resources_pr2_description/urdf/meshes/forearm_v0/forearm.stl
[1.737s] -- Installing: /home/b/ws_moveit2/src/install/moveit_resources_pr2_description/share/moveit_resources_pr2_description/urdf/meshes/forearm_v0/forearm.dae
[1.738s] -- Installing: /home/b/ws_moveit2/src/install/moveit_resources_pr2_description/share/moveit_resources_pr2_description/urdf/meshes/forearm_v0/wrist_roll.stl
[1.738s] -- Installing: /home/b/ws_moveit2/src/install/moveit_resources_pr2_description/share/moveit_resources_pr2_description/urdf/meshes/forearm_v0/convex
[1.739s] -- Installing: /home/b/ws_moveit2/src/install/moveit_resources_pr2_description/share/moveit_resources_pr2_description/urdf/meshes/forearm_v0/convex/forearm.xml
[1.740s] -- Installing: /home/b/ws_moveit2/src/install/moveit_resources_pr2_description/share/moveit_resources_pr2_description/urdf/meshes/forearm_v0/convex/wrist_roll.dae
[1.740s] -- Installing: /home/b/ws_moveit2/src/install/moveit_resources_pr2_description/share/moveit_resources_pr2_description/urdf/meshes/forearm_v0/convex/forearm_convex.stla
[1.741s] -- Installing: /home/b/ws_moveit2/src/install/moveit_resources_pr2_description/share/moveit_resources_pr2_description/urdf/meshes/forearm_v0/convex/wrist_flex.xml
[1.742s] -- Installing: /home/b/ws_moveit2/src/install/moveit_resources_pr2_description/share/moveit_resources_pr2_description/urdf/meshes/forearm_v0/convex/forearm_convex.stlb
[1.742s] -- Installing: /home/b/ws_moveit2/src/install/moveit_resources_pr2_description/share/moveit_resources_pr2_description/urdf/meshes/forearm_v0/convex/wrist_roll_convex.stla
[1.742s] -- Installing: /home/b/ws_moveit2/src/install/moveit_resources_pr2_description/share/moveit_resources_pr2_description/urdf/meshes/forearm_v0/convex/wrist_roll.xml
[1.743s] -- Installing: /home/b/ws_moveit2/src/install/moveit_resources_pr2_description/share/moveit_resources_pr2_description/urdf/meshes/forearm_v0/convex/wrist_roll_L_convex.stla
[1.743s] -- Installing: /home/b/ws_moveit2/src/install/moveit_resources_pr2_description/share/moveit_resources_pr2_description/urdf/meshes/forearm_v0/convex/wrist_flex_convex.stlb
[1.744s] -- Installing: /home/b/ws_moveit2/src/install/moveit_resources_pr2_description/share/moveit_resources_pr2_description/urdf/meshes/forearm_v0/convex/wrist_roll_L.dae
[1.744s] -- Installing: /home/b/ws_moveit2/src/install/moveit_resources_pr2_description/share/moveit_resources_pr2_description/urdf/meshes/forearm_v0/convex/wrist_roll_convex.stlb
[1.745s] -- Installing: /home/b/ws_moveit2/src/install/moveit_resources_pr2_description/share/moveit_resources_pr2_description/urdf/meshes/forearm_v0/convex/forearm.dae
[1.746s] -- Installing: /home/b/ws_moveit2/src/install/moveit_resources_pr2_description/share/moveit_resources_pr2_description/urdf/meshes/forearm_v0/convex/wrist_flex_convex.stla
[1.746s] -- Installing: /home/b/ws_moveit2/src/install/moveit_resources_pr2_description/share/moveit_resources_pr2_description/urdf/meshes/forearm_v0/convex/wrist_roll_L_convex.stlb
[1.747s] -- Installing: /home/b/ws_moveit2/src/install/moveit_resources_pr2_description/share/moveit_resources_pr2_description/urdf/meshes/forearm_v0/convex/wrist_flex.dae
[1.747s] -- Installing: /home/b/ws_moveit2/src/install/moveit_resources_pr2_description/share/moveit_resources_pr2_description/urdf/meshes/forearm_v0/convex/wrist_roll_L.xml
[1.748s] -- Installing: /home/b/ws_moveit2/src/install/moveit_resources_pr2_description/share/moveit_resources_pr2_description/urdf/meshes/forearm_v0/wrist_flex.dae
[1.748s] -- Installing: /home/b/ws_moveit2/src/install/moveit_resources_pr2_description/share/moveit_resources_pr2_description/urdf/meshes/forearm_v0/wrist_roll_L.stl
[1.749s] -- Installing: /home/b/ws_moveit2/src/install/moveit_resources_pr2_description/share/moveit_resources_pr2_description/urdf/meshes/forearm_v0/wrist_color.tif
[1.750s] -- Installing: /home/b/ws_moveit2/src/install/moveit_resources_pr2_description/share/moveit_resources_pr2_description/urdf/meshes/base_v0
[1.750s] -- Installing: /home/b/ws_moveit2/src/install/moveit_resources_pr2_description/share/moveit_resources_pr2_description/urdf/meshes/base_v0/wheel_h_color.tif
[1.751s] -- Installing: /home/b/ws_moveit2/src/install/moveit_resources_pr2_description/share/moveit_resources_pr2_description/urdf/meshes/base_v0/base.dae
[1.752s] -- Installing: /home/b/ws_moveit2/src/install/moveit_resources_pr2_description/share/moveit_resources_pr2_description/urdf/meshes/base_v0/pr2_wheel.stl
[1.753s] -- Installing: /home/b/ws_moveit2/src/install/moveit_resources_pr2_description/share/moveit_resources_pr2_description/urdf/meshes/base_v0/base_color.tif
[1.754s] -- Installing: /home/b/ws_moveit2/src/install/moveit_resources_pr2_description/share/moveit_resources_pr2_description/urdf/meshes/base_v0/caster_L.stl
[1.755s] -- Installing: /home/b/ws_moveit2/src/install/moveit_resources_pr2_description/share/moveit_resources_pr2_description/urdf/meshes/base_v0/wheel_color.tif
[1.756s] -- Installing: /home/b/ws_moveit2/src/install/moveit_resources_pr2_description/share/moveit_resources_pr2_description/urdf/meshes/base_v0/wheel.stl
[1.757s] -- Installing: /home/b/ws_moveit2/src/install/moveit_resources_pr2_description/share/moveit_resources_pr2_description/urdf/meshes/base_v0/base_L.stl
[1.757s] -- Installing: /home/b/ws_moveit2/src/install/moveit_resources_pr2_description/share/moveit_resources_pr2_description/urdf/meshes/base_v0/wheel.dae
[1.758s] -- Installing: /home/b/ws_moveit2/src/install/moveit_resources_pr2_description/share/moveit_resources_pr2_description/urdf/meshes/base_v0/caster.stl
[1.759s] -- Installing: /home/b/ws_moveit2/src/install/moveit_resources_pr2_description/share/moveit_resources_pr2_description/urdf/meshes/base_v0/convex
[1.760s] -- Installing: /home/b/ws_moveit2/src/install/moveit_resources_pr2_description/share/moveit_resources_pr2_description/urdf/meshes/base_v0/convex/base_L.dae
[1.761s] -- Installing: /home/b/ws_moveit2/src/install/moveit_resources_pr2_description/share/moveit_resources_pr2_description/urdf/meshes/base_v0/convex/base.dae
[1.761s] -- Installing: /home/b/ws_moveit2/src/install/moveit_resources_pr2_description/share/moveit_resources_pr2_description/urdf/meshes/base_v0/convex/pr2_wheel.dae
[1.762s] -- Installing: /home/b/ws_moveit2/src/install/moveit_resources_pr2_description/share/moveit_resources_pr2_description/urdf/meshes/base_v0/convex/wheel.xml
[1.763s] -- Installing: /home/b/ws_moveit2/src/install/moveit_resources_pr2_description/share/moveit_resources_pr2_description/urdf/meshes/base_v0/convex/pr2_wheel.xml
[1.763s] -- Installing: /home/b/ws_moveit2/src/install/moveit_resources_pr2_description/share/moveit_resources_pr2_description/urdf/meshes/base_v0/convex/base_L.xml
[1.764s] -- Installing: /home/b/ws_moveit2/src/install/moveit_resources_pr2_description/share/moveit_resources_pr2_description/urdf/meshes/base_v0/convex/caster_L.xml
[1.765s] -- Installing: /home/b/ws_moveit2/src/install/moveit_resources_pr2_description/share/moveit_resources_pr2_description/urdf/meshes/base_v0/convex/caster_L_convex.stla
[1.765s] -- Installing: /home/b/ws_moveit2/src/install/moveit_resources_pr2_description/share/moveit_resources_pr2_description/urdf/meshes/base_v0/convex/base.xml
[1.766s] -- Installing: /home/b/ws_moveit2/src/install/moveit_resources_pr2_description/share/moveit_resources_pr2_description/urdf/meshes/base_v0/convex/caster_L.dae
[1.767s] -- Installing: /home/b/ws_moveit2/src/install/moveit_resources_pr2_description/share/moveit_resources_pr2_description/urdf/meshes/base_v0/convex/caster_convex.stlb
[1.768s] -- Installing: /home/b/ws_moveit2/src/install/moveit_resources_pr2_description/share/moveit_resources_pr2_description/urdf/meshes/base_v0/convex/pr2_wheel_convex.stlb
[1.768s] -- Installing: /home/b/ws_moveit2/src/install/moveit_resources_pr2_description/share/moveit_resources_pr2_description/urdf/meshes/base_v0/convex/base_convex.stlb
[1.769s] -- Installing: /home/b/ws_moveit2/src/install/moveit_resources_pr2_description/share/moveit_resources_pr2_description/urdf/meshes/base_v0/convex/wheel.dae
[1.769s] -- Installing: /home/b/ws_moveit2/src/install/moveit_resources_pr2_description/share/moveit_resources_pr2_description/urdf/meshes/base_v0/convex/wheel_convex.stlb
[1.770s] -- Installing: /home/b/ws_moveit2/src/install/moveit_resources_pr2_description/share/moveit_resources_pr2_description/urdf/meshes/base_v0/convex/base_L_convex.stlb
[1.770s] -- Installing: /home/b/ws_moveit2/src/install/moveit_resources_pr2_description/share/moveit_resources_pr2_description/urdf/meshes/base_v0/convex/base_convex.stla
[1.771s] -- Installing: /home/b/ws_moveit2/src/install/moveit_resources_pr2_description/share/moveit_resources_pr2_description/urdf/meshes/base_v0/convex/wheel_convex.stla
[1.772s] -- Installing: /home/b/ws_moveit2/src/install/moveit_resources_pr2_description/share/moveit_resources_pr2_description/urdf/meshes/base_v0/convex/base_L_convex.stla
[1.772s] -- Installing: /home/b/ws_moveit2/src/install/moveit_resources_pr2_description/share/moveit_resources_pr2_description/urdf/meshes/base_v0/convex/caster.xml
[1.773s] -- Installing: /home/b/ws_moveit2/src/install/moveit_resources_pr2_description/share/moveit_resources_pr2_description/urdf/meshes/base_v0/convex/caster_L_convex.stlb
[1.773s] -- Installing: /home/b/ws_moveit2/src/install/moveit_resources_pr2_description/share/moveit_resources_pr2_description/urdf/meshes/base_v0/convex/caster.dae
[1.774s] -- Installing: /home/b/ws_moveit2/src/install/moveit_resources_pr2_description/share/moveit_resources_pr2_description/urdf/meshes/base_v0/convex/caster_convex.stla
[1.775s] -- Installing: /home/b/ws_moveit2/src/install/moveit_resources_pr2_description/share/moveit_resources_pr2_description/urdf/meshes/base_v0/convex/pr2_wheel_convex.stla
[1.775s] -- Installing: /home/b/ws_moveit2/src/install/moveit_resources_pr2_description/share/moveit_resources_pr2_description/urdf/meshes/base_v0/base_normals.tif
[1.778s] -- Installing: /home/b/ws_moveit2/src/install/moveit_resources_pr2_description/share/moveit_resources_pr2_description/urdf/meshes/base_v0/wheel_normals.tif
[1.782s] -- Installing: /home/b/ws_moveit2/src/install/moveit_resources_pr2_description/share/moveit_resources_pr2_description/urdf/meshes/base_v0/wheel_h.dae
[1.787s] -- Installing: /home/b/ws_moveit2/src/install/moveit_resources_pr2_description/share/moveit_resources_pr2_description/urdf/meshes/base_v0/base.stl
[1.788s] -- Installing: /home/b/ws_moveit2/src/install/moveit_resources_pr2_description/share/moveit_resources_pr2_description/kinect.dae
[1.793s] Invoked command in '/home/b/ws_moveit2/src/build/moveit_resources_pr2_description' returned '0': CMAKE_PREFIX_PATH=/opt/ros/humble /usr/bin/cmake --install /home/b/ws_moveit2/src/build/moveit_resources_pr2_description
