[0.570s] Invoking command in '/home/b/ws_moveit2/build/moveit_resources_prbt_support': CMAKE_PREFIX_PATH=${CMAKE_PREFIX_PATH}:/home/b/ws_moveit2/install/ur3e_motion:/home/b/ws_moveit2/install/moveit_configs_utils:/home/b/ws_moveit2/install/launch_param_builder:/opt/ros/humble /usr/bin/cmake /home/b/ws_moveit2/src/moveit2/moveit_planners/test_configs/prbt_support -DAMENT_CMAKE_SYMLINK_INSTALL=1 -DCMAKE_INSTALL_PREFIX=/home/b/ws_moveit2/install/moveit_resources_prbt_support
[0.852s] -- The C compiler identification is GNU 11.4.0
[1.381s] -- The CXX compiler identification is GNU 11.4.0
[1.724s] -- Detecting C compiler ABI info
[1.957s] -- Detecting C compiler ABI info - done
[1.971s] -- Check for working C compiler: /usr/bin/cc - skipped
[1.974s] -- Detecting C compile features
[1.974s] -- Detecting C compile features - done
[1.979s] -- Detecting CXX compiler ABI info
[2.265s] -- Detecting CXX compiler ABI info - done
[2.278s] -- Check for working CXX compiler: /usr/bin/c++ - skipped
[2.279s] -- Detecting CXX compile features
[2.280s] -- Detecting CXX compile features - done
[2.288s] -- Found ament_cmake: 1.3.14 (/opt/ros/humble/share/ament_cmake/cmake)
[2.595s] -- Found Python3: /usr/bin/python3 (found version "3.10.12") found components: Interpreter 
[2.728s] -- Override CMake install command with custom implementation using symlinks instead of copying resources
[2.930s] -- Configuring done
[2.941s] -- Generating done
[2.944s] -- Build files have been written to: /home/b/ws_moveit2/build/moveit_resources_prbt_support
[2.957s] Invoked command in '/home/b/ws_moveit2/build/moveit_resources_prbt_support' returned '0': CMAKE_PREFIX_PATH=${CMAKE_PREFIX_PATH}:/home/b/ws_moveit2/install/ur3e_motion:/home/b/ws_moveit2/install/moveit_configs_utils:/home/b/ws_moveit2/install/launch_param_builder:/opt/ros/humble /usr/bin/cmake /home/b/ws_moveit2/src/moveit2/moveit_planners/test_configs/prbt_support -DAMENT_CMAKE_SYMLINK_INSTALL=1 -DCMAKE_INSTALL_PREFIX=/home/b/ws_moveit2/install/moveit_resources_prbt_support
[2.958s] Invoking command in '/home/b/ws_moveit2/build/moveit_resources_prbt_support': CMAKE_PREFIX_PATH=${CMAKE_PREFIX_PATH}:/home/b/ws_moveit2/install/ur3e_motion:/home/b/ws_moveit2/install/moveit_configs_utils:/home/b/ws_moveit2/install/launch_param_builder:/opt/ros/humble /usr/bin/cmake --build /home/b/ws_moveit2/build/moveit_resources_prbt_support -- -j12 -l12
[3.037s] Invoked command in '/home/b/ws_moveit2/build/moveit_resources_prbt_support' returned '0': CMAKE_PREFIX_PATH=${CMAKE_PREFIX_PATH}:/home/b/ws_moveit2/install/ur3e_motion:/home/b/ws_moveit2/install/moveit_configs_utils:/home/b/ws_moveit2/install/launch_param_builder:/opt/ros/humble /usr/bin/cmake --build /home/b/ws_moveit2/build/moveit_resources_prbt_support -- -j12 -l12
[3.044s] Invoking command in '/home/b/ws_moveit2/build/moveit_resources_prbt_support': CMAKE_PREFIX_PATH=${CMAKE_PREFIX_PATH}:/home/b/ws_moveit2/install/ur3e_motion:/home/b/ws_moveit2/install/moveit_configs_utils:/home/b/ws_moveit2/install/launch_param_builder:/opt/ros/humble /usr/bin/cmake --install /home/b/ws_moveit2/build/moveit_resources_prbt_support
[3.058s] -- Install configuration: ""
[3.060s] -- Execute custom install script
[3.062s] -- Symlinking: /home/b/ws_moveit2/install/moveit_resources_prbt_support/share/ament_index/resource_index/package_run_dependencies/moveit_resources_prbt_support
[3.079s] -- Symlinking: /home/b/ws_moveit2/install/moveit_resources_prbt_support/share/ament_index/resource_index/parent_prefix_path/moveit_resources_prbt_support
[3.098s] -- Symlinking: /home/b/ws_moveit2/install/moveit_resources_prbt_support/share/moveit_resources_prbt_support/environment/ament_prefix_path.sh
[3.112s] -- Symlinking: /home/b/ws_moveit2/install/moveit_resources_prbt_support/share/moveit_resources_prbt_support/environment/ament_prefix_path.dsv
[3.127s] -- Symlinking: /home/b/ws_moveit2/install/moveit_resources_prbt_support/share/moveit_resources_prbt_support/environment/path.sh
[3.149s] -- Symlinking: /home/b/ws_moveit2/install/moveit_resources_prbt_support/share/moveit_resources_prbt_support/environment/path.dsv
[3.168s] -- Symlinking: /home/b/ws_moveit2/install/moveit_resources_prbt_support/share/moveit_resources_prbt_support/local_setup.bash
[3.185s] -- Symlinking: /home/b/ws_moveit2/install/moveit_resources_prbt_support/share/moveit_resources_prbt_support/local_setup.sh
[3.199s] -- Symlinking: /home/b/ws_moveit2/install/moveit_resources_prbt_support/share/moveit_resources_prbt_support/local_setup.zsh
[3.215s] -- Symlinking: /home/b/ws_moveit2/install/moveit_resources_prbt_support/share/moveit_resources_prbt_support/local_setup.dsv
[3.238s] -- Symlinking: /home/b/ws_moveit2/install/moveit_resources_prbt_support/share/moveit_resources_prbt_support/package.dsv
[3.264s] -- Symlinking: /home/b/ws_moveit2/install/moveit_resources_prbt_support/share/ament_index/resource_index/packages/moveit_resources_prbt_support
[3.297s] -- Symlinking: /home/b/ws_moveit2/install/moveit_resources_prbt_support/share/moveit_resources_prbt_support/cmake/moveit_resources_prbt_supportConfig.cmake
[3.313s] -- Symlinking: /home/b/ws_moveit2/install/moveit_resources_prbt_support/share/moveit_resources_prbt_support/cmake/moveit_resources_prbt_supportConfig-version.cmake
[3.327s] -- Symlinking: /home/b/ws_moveit2/install/moveit_resources_prbt_support/share/moveit_resources_prbt_support/package.xml
[3.344s] -- Symlinking: /home/b/ws_moveit2/install/moveit_resources_prbt_support/share/moveit_resources_prbt_support/urdf/prbt.ros2_control.xacro
[3.363s] -- Symlinking: /home/b/ws_moveit2/install/moveit_resources_prbt_support/share/moveit_resources_prbt_support/urdf/prbt.xacro
[3.382s] -- Symlinking: /home/b/ws_moveit2/install/moveit_resources_prbt_support/share/moveit_resources_prbt_support/urdf/prbt_macro.xacro
[3.402s] -- Symlinking: /home/b/ws_moveit2/install/moveit_resources_prbt_support/share/moveit_resources_prbt_support/urdf/simple_gripper_brackets.urdf.xacro
[3.423s] -- Symlinking: /home/b/ws_moveit2/install/moveit_resources_prbt_support/share/moveit_resources_prbt_support/meshes/flange.dae
[3.450s] -- Symlinking: /home/b/ws_moveit2/install/moveit_resources_prbt_support/share/moveit_resources_prbt_support/meshes/flange.stl
[3.468s] -- Symlinking: /home/b/ws_moveit2/install/moveit_resources_prbt_support/share/moveit_resources_prbt_support/meshes/foot.dae
[3.484s] -- Symlinking: /home/b/ws_moveit2/install/moveit_resources_prbt_support/share/moveit_resources_prbt_support/meshes/foot.stl
[3.504s] -- Symlinking: /home/b/ws_moveit2/install/moveit_resources_prbt_support/share/moveit_resources_prbt_support/meshes/link_1.dae
[3.525s] -- Symlinking: /home/b/ws_moveit2/install/moveit_resources_prbt_support/share/moveit_resources_prbt_support/meshes/link_1.stl
[3.541s] -- Symlinking: /home/b/ws_moveit2/install/moveit_resources_prbt_support/share/moveit_resources_prbt_support/meshes/link_2.dae
[3.559s] -- Symlinking: /home/b/ws_moveit2/install/moveit_resources_prbt_support/share/moveit_resources_prbt_support/meshes/link_2.stl
[3.576s] -- Symlinking: /home/b/ws_moveit2/install/moveit_resources_prbt_support/share/moveit_resources_prbt_support/meshes/link_3.dae
[3.593s] -- Symlinking: /home/b/ws_moveit2/install/moveit_resources_prbt_support/share/moveit_resources_prbt_support/meshes/link_3.stl
[3.610s] -- Symlinking: /home/b/ws_moveit2/install/moveit_resources_prbt_support/share/moveit_resources_prbt_support/meshes/link_4.dae
[3.627s] -- Symlinking: /home/b/ws_moveit2/install/moveit_resources_prbt_support/share/moveit_resources_prbt_support/meshes/link_4.stl
[3.649s] -- Symlinking: /home/b/ws_moveit2/install/moveit_resources_prbt_support/share/moveit_resources_prbt_support/meshes/link_5.dae
[3.668s] -- Symlinking: /home/b/ws_moveit2/install/moveit_resources_prbt_support/share/moveit_resources_prbt_support/meshes/link_5.stl
[3.684s] -- Symlinking: /home/b/ws_moveit2/install/moveit_resources_prbt_support/share/moveit_resources_prbt_support/config/manipulator_controller.yaml
[3.704s] -- Symlinking: /home/b/ws_moveit2/install/moveit_resources_prbt_support/share/moveit_resources_prbt_support/config/manipulator_driver.yaml
[3.723s] -- Symlinking: /home/b/ws_moveit2/install/moveit_resources_prbt_support/share/moveit_resources_prbt_support/config/prbt_0_1.dcf
[3.748s] Invoked command in '/home/b/ws_moveit2/build/moveit_resources_prbt_support' returned '0': CMAKE_PREFIX_PATH=${CMAKE_PREFIX_PATH}:/home/b/ws_moveit2/install/ur3e_motion:/home/b/ws_moveit2/install/moveit_configs_utils:/home/b/ws_moveit2/install/launch_param_builder:/opt/ros/humble /usr/bin/cmake --install /home/b/ws_moveit2/build/moveit_resources_prbt_support
