[10.527s] Invoking command in '/home/b/ws_moveit2/src/build/moveit_setup_assistant': AMENT_PREFIX_PATH=/home/b/ws_moveit2/src/install/moveit_setup_srdf_plugins:/home/b/ws_moveit2/src/install/moveit_setup_core_plugins:/home/b/ws_moveit2/src/install/moveit_setup_controllers:/home/b/ws_moveit2/src/install/moveit_setup_app_plugins:/home/b/ws_moveit2/src/install/moveit_setup_framework:/home/b/ws_moveit2/src/install/moveit_ros_visualization:/home/b/ws_moveit2/src/install/moveit_ros_planning_interface:/home/b/ws_moveit2/src/install/moveit_ros_move_group:/home/b/ws_moveit2/src/install/moveit_ros_warehouse:/home/b/ws_moveit2/src/install/moveit_ros_robot_interaction:/home/b/ws_moveit2/src/install/moveit_planners_ompl:/home/b/ws_moveit2/src/install/moveit_kinematics:/home/b/ws_moveit2/src/install/moveit_ros_planning:/home/b/ws_moveit2/src/install/moveit_simple_controller_manager:/home/b/ws_moveit2/src/install/moveit_ros_occupancy_map_monitor:/home/b/ws_moveit2/src/install/moveit_core:/home/b/ws_moveit2/src/install/moveit_resources_panda_moveit_config:/home/b/ws_moveit2/src/install/moveit_resources_fanuc_moveit_config:/home/b/ws_moveit2/src/install/moveit_configs_utils:/home/b/ws_moveit2/src/install/srdfdom:/home/b/ws_moveit2/src/install/moveit_resources_pr2_description:/home/b/ws_moveit2/src/install/moveit_resources_panda_description:/home/b/ws_moveit2/src/install/moveit_resources_fanuc_description:/home/b/ws_moveit2/src/install/moveit_common:/home/b/ws_moveit2/src/install/launch_param_builder:${AMENT_PREFIX_PATH} CMAKE_PREFIX_PATH=/home/b/ws_moveit2/src/install/moveit_setup_srdf_plugins:/home/b/ws_moveit2/src/install/moveit_setup_core_plugins:/home/b/ws_moveit2/src/install/moveit_setup_controllers:/home/b/ws_moveit2/src/install/moveit_setup_app_plugins:/home/b/ws_moveit2/src/install/moveit_setup_framework:/home/b/ws_moveit2/src/install/moveit_ros_visualization:/home/b/ws_moveit2/src/install/moveit_ros_planning_interface:/home/b/ws_moveit2/src/install/moveit_ros_move_group:/home/b/ws_moveit2/src/install/moveit_ros_warehouse:/home/b/ws_moveit2/src/install/moveit_ros_robot_interaction:/home/b/ws_moveit2/src/install/moveit_planners_ompl:/home/b/ws_moveit2/src/install/moveit_kinematics:/home/b/ws_moveit2/src/install/moveit_ros_planning:/home/b/ws_moveit2/src/install/moveit_simple_controller_manager:/home/b/ws_moveit2/src/install/moveit_ros_occupancy_map_monitor:/home/b/ws_moveit2/src/install/moveit_core:/home/b/ws_moveit2/src/install/moveit_resources_panda_moveit_config:/home/b/ws_moveit2/src/install/moveit_resources_fanuc_moveit_config:/home/b/ws_moveit2/src/install/srdfdom:/home/b/ws_moveit2/src/install/moveit_resources_pr2_description:/home/b/ws_moveit2/src/install/moveit_resources_panda_description:/home/b/ws_moveit2/src/install/moveit_resources_fanuc_description:/home/b/ws_moveit2/src/install/moveit_common:/opt/ros/humble LD_LIBRARY_PATH=/home/b/ws_moveit2/src/install/moveit_setup_srdf_plugins/lib:/home/b/ws_moveit2/src/install/moveit_setup_core_plugins/lib:/home/b/ws_moveit2/src/install/moveit_setup_controllers/lib:/home/b/ws_moveit2/src/install/moveit_setup_app_plugins/lib:/home/b/ws_moveit2/src/install/moveit_setup_framework/lib:/home/b/ws_moveit2/src/install/moveit_ros_visualization/lib:/home/b/ws_moveit2/src/install/moveit_ros_planning_interface/lib:/home/b/ws_moveit2/src/install/moveit_ros_move_group/lib:/home/b/ws_moveit2/src/install/moveit_ros_warehouse/lib:/home/b/ws_moveit2/src/install/moveit_ros_robot_interaction/lib:/home/b/ws_moveit2/src/install/moveit_planners_ompl/lib:/home/b/ws_moveit2/src/install/moveit_kinematics/lib:/home/b/ws_moveit2/src/install/moveit_ros_planning/lib:/home/b/ws_moveit2/src/install/moveit_simple_controller_manager/lib:/home/b/ws_moveit2/src/install/moveit_ros_occupancy_map_monitor/lib:/home/b/ws_moveit2/src/install/moveit_core/lib:/home/b/ws_moveit2/src/install/srdfdom/lib:${LD_LIBRARY_PATH} PATH=/home/b/ws_moveit2/src/install/moveit_core/bin:${PATH} PYTHONPATH=/home/b/ws_moveit2/src/install/moveit_configs_utils/lib/python3.10/site-packages:/home/b/ws_moveit2/src/install/srdfdom/local/lib/python3.10/dist-packages:/home/b/ws_moveit2/src/install/launch_param_builder/lib/python3.10/site-packages:${PYTHONPATH} /usr/bin/cmake /home/b/ws_moveit2/src/moveit2/moveit_setup_assistant/moveit_setup_assistant -DCMAKE_INSTALL_PREFIX=/home/b/ws_moveit2/src/install/moveit_setup_assistant
[11.380s] -- The C compiler identification is GNU 11.4.0
[15.006s] -- The CXX compiler identification is GNU 11.4.0
[15.896s] -- Detecting C compiler ABI info
[16.394s] -- Detecting C compiler ABI info - done
[16.424s] -- Check for working C compiler: /usr/bin/cc - skipped
[16.425s] -- Detecting C compile features
[16.427s] -- Detecting C compile features - done
[16.434s] -- Detecting CXX compiler ABI info
[17.000s] -- Detecting CXX compiler ABI info - done
[17.027s] -- Check for working CXX compiler: /usr/bin/c++ - skipped
[17.028s] -- Detecting CXX compile features
[17.030s] -- Detecting CXX compile features - done
[17.039s] -- Found moveit_common: 2.5.9 (/home/b/ws_moveit2/src/install/moveit_common/share/moveit_common/cmake)
[17.051s] -- Found ament_cmake: 1.3.13 (/opt/ros/humble/share/ament_cmake/cmake)
[17.564s] -- Found Python3: /usr/bin/python3 (found version "3.10.12") found components: Interpreter 
[18.144s] [0mmoveit_setup_assistant: You did not request a specific build type: Choosing 'Release' for maximum performance[0m
[18.152s] -- Found ament_index_cpp: 1.4.1 (/opt/ros/humble/share/ament_index_cpp/cmake)
[18.198s] -- Found Boost: /usr/lib/x86_64-linux-gnu/cmake/Boost-1.74.0/BoostConfig.cmake (found version "1.74.0") found components: program_options 
[18.201s] -- Found moveit_setup_framework: 2.5.9 (/home/b/ws_moveit2/src/install/moveit_setup_framework/share/moveit_setup_framework/cmake)
[18.747s] -- Found rosidl_generator_c: 3.1.8 (/opt/ros/humble/share/rosidl_generator_c/cmake)
[18.771s] -- Found rosidl_adapter: 3.1.8 (/opt/ros/humble/share/rosidl_adapter/cmake)
[18.801s] -- Found rosidl_generator_cpp: 3.1.8 (/opt/ros/humble/share/rosidl_generator_cpp/cmake)
[18.843s] -- Using all available rosidl_typesupport_c: rosidl_typesupport_fastrtps_c;rosidl_typesupport_introspection_c
[18.900s] -- Using all available rosidl_typesupport_cpp: rosidl_typesupport_fastrtps_cpp;rosidl_typesupport_introspection_cpp
[19.042s] -- Found rmw_implementation_cmake: 6.1.2 (/opt/ros/humble/share/rmw_implementation_cmake/cmake)
[19.056s] -- Found rmw_fastrtps_cpp: 6.2.10 (/opt/ros/humble/share/rmw_fastrtps_cpp/cmake)
[22.383s] -- Found OpenSSL: /usr/lib/x86_64-linux-gnu/libcrypto.so (found version "3.0.2")  
[25.896s] -- Found FastRTPS: /opt/ros/humble/include  
[32.270s] -- Using RMW implementation 'rmw_fastrtps_cpp' as default
[32.306s] -- Looking for pthread.h
[32.653s] -- Looking for pthread.h - found
[32.655s] -- Performing Test CMAKE_HAVE_LIBC_PTHREAD
[33.015s] -- Performing Test CMAKE_HAVE_LIBC_PTHREAD - Success
[33.018s] -- Found Threads: TRUE  
[33.401s] -- Found Boost: /usr/lib/x86_64-linux-gnu/cmake/Boost-1.74.0/BoostConfig.cmake (found version "1.74.0") found components: chrono date_time filesystem iostreams program_options regex serialization system thread 
[36.037s] -- Found parameter_traits: 0.6.0 (/opt/ros/humble/share/parameter_traits/cmake)
[36.068s] -- Found rclcpp_lifecycle: 16.0.18 (/opt/ros/humble/share/rclcpp_lifecycle/cmake)
[36.118s] -- Found Boost: /usr/lib/x86_64-linux-gnu/cmake/Boost-1.74.0/BoostConfig.cmake (found version "1.74.0") found components: filesystem 
[38.872s] -- library: /usr/lib/x86_64-linux-gnu/libcurl.so
[39.020s] -- Found Eigen3: TRUE (found version "3.4.0") 
[39.020s] -- Ensuring Eigen3 include directory is part of orocos-kdl CMake target
[40.936s] -- Found Boost: /usr/lib/x86_64-linux-gnu/cmake/Boost-1.74.0/BoostConfig.cmake (found version "1.74.0") found components: system filesystem date_time program_options thread chrono 
[40.991s] -- Found Boost: /usr/lib/x86_64-linux-gnu/cmake/Boost-1.74.0/BoostConfig.cmake (found version "1.74.0") found components: thread date_time system filesystem 
[41.018s] -- Found Boost: /usr/lib/x86_64-linux-gnu/cmake/Boost-1.74.0/BoostConfig.cmake (found version "1.74.0") found components: date_time filesystem program_options system thread 
[41.035s] -- Found Boost: /usr/lib/x86_64-linux-gnu/cmake/Boost-1.74.0/BoostConfig.cmake (found version "1.74.0") found components: thread system filesystem regex date_time program_options 
[41.081s] -- Found Boost: /usr/lib/x86_64-linux-gnu/cmake/Boost-1.74.0/BoostConfig.cmake (found version "1.74.0") found components: system filesystem date_time program_options thread 
[41.186s] -- Setting OGRE_DIR to: '/opt/ros/humble/share/rviz_ogre_vendor/cmake/../../../opt/rviz_ogre_vendor/lib/OGRE/cmake'
[41.190s] -- Found OGRE
[41.190s] --   static     : OFF
[41.190s] --   components : HLMS;MeshLodGenerator;Overlay;Paging;Property;RTShaderSystem;Terrain;Volume
[41.190s] --   plugins    : Plugin_BSPSceneManager;Plugin_OctreeSceneManager;Plugin_PCZSceneManager;Plugin_ParticleFX;RenderSystem_GL;RenderSystem_GL3Plus;Codec_STBI
[41.190s] --   media      : /opt/ros/humble/opt/rviz_ogre_vendor/share/OGRE/Media
[41.190s] -- OGRE_LIBRARIES: OgreHLMS;OgreMeshLodGenerator;OgreOverlay;OgrePaging;OgreProperty;OgreRTShaderSystem;OgreTerrain;OgreVolume;OgreMain
[41.191s] -- OGRE_LIBRARY_DIRS: /opt/ros/humble/opt/rviz_ogre_vendor/lib
[41.191s] -- OGRE_PLUGINS: Plugin_BSPSceneManager;Plugin_OctreeSceneManager;Plugin_PCZSceneManager;Plugin_ParticleFX;RenderSystem_GL;RenderSystem_GL3Plus;Codec_STBI
[41.191s] -- OGRE_PLUGIN_DIR: /opt/ros/humble/opt/rviz_ogre_vendor/lib/OGRE
[41.191s] -- rviz_ogre_vendor::OgreOverlay for IMPORTED_LOCATION_RELEASE: /opt/ros/humble/opt/rviz_ogre_vendor/lib/libOgreOverlay.so
[41.191s] -- rviz_ogre_vendor::OgreOverlay for IMPORTED_LOCATION_DEBUG: /opt/ros/humble/opt/rviz_ogre_vendor/lib/libOgreOverlay.so
[41.191s] -- rviz_ogre_vendor::OgreMain for IMPORTED_LOCATION_RELEASE: /opt/ros/humble/opt/rviz_ogre_vendor/lib/libOgreMain.so
[41.191s] -- rviz_ogre_vendor::OgreMain for IMPORTED_LOCATION_DEBUG: /opt/ros/humble/opt/rviz_ogre_vendor/lib/libOgreMain.so
[42.794s] -- Found ZLIB: /usr/lib/x86_64-linux-gnu/libz.so (found version "1.2.11") 
[43.350s] -- Found OpenGL: /usr/lib/x86_64-linux-gnu/libOpenGL.so   
[48.629s] -- Found X11: /usr/include   
[48.629s] -- Looking for XOpenDisplay in /usr/lib/x86_64-linux-gnu/libX11.so;/usr/lib/x86_64-linux-gnu/libXext.so
[49.000s] -- Looking for XOpenDisplay in /usr/lib/x86_64-linux-gnu/libX11.so;/usr/lib/x86_64-linux-gnu/libXext.so - found
[49.001s] -- Looking for gethostbyname
[49.470s] -- Looking for gethostbyname - found
[49.470s] -- Looking for connect
[50.438s] -- Looking for connect - found
[50.448s] -- Looking for remove
[51.795s] -- Looking for remove - found
[51.799s] -- Looking for shmat
[53.123s] -- Looking for shmat - found
[53.124s] -- Looking for IceConnectionNumber in ICE
[54.341s] -- Looking for IceConnectionNumber in ICE - found
[54.835s] -- Setting assimp_DIR to: '/opt/ros/humble/share/rviz_assimp_vendor/cmake/../../../opt/rviz_assimp_vendor/lib/cmake/assimp-4.1'
[55.274s] -- Found moveit_setup_srdf_plugins: 2.5.9 (/home/b/ws_moveit2/src/install/moveit_setup_srdf_plugins/share/moveit_setup_srdf_plugins/cmake)
[55.406s] -- Found ament_lint_auto: 0.12.15 (/opt/ros/humble/share/ament_lint_auto/cmake)
[61.315s] -- Added test 'lint_cmake' to check CMake code style
[61.319s] -- Added test 'xmllint' to check XML markup files
[61.348s] -- Configuring done
[61.807s] -- Generating done
[61.908s] -- Build files have been written to: /home/b/ws_moveit2/src/build/moveit_setup_assistant
[62.015s] Invoked command in '/home/b/ws_moveit2/src/build/moveit_setup_assistant' returned '0': AMENT_PREFIX_PATH=/home/b/ws_moveit2/src/install/moveit_setup_srdf_plugins:/home/b/ws_moveit2/src/install/moveit_setup_core_plugins:/home/b/ws_moveit2/src/install/moveit_setup_controllers:/home/b/ws_moveit2/src/install/moveit_setup_app_plugins:/home/b/ws_moveit2/src/install/moveit_setup_framework:/home/b/ws_moveit2/src/install/moveit_ros_visualization:/home/b/ws_moveit2/src/install/moveit_ros_planning_interface:/home/b/ws_moveit2/src/install/moveit_ros_move_group:/home/b/ws_moveit2/src/install/moveit_ros_warehouse:/home/b/ws_moveit2/src/install/moveit_ros_robot_interaction:/home/b/ws_moveit2/src/install/moveit_planners_ompl:/home/b/ws_moveit2/src/install/moveit_kinematics:/home/b/ws_moveit2/src/install/moveit_ros_planning:/home/b/ws_moveit2/src/install/moveit_simple_controller_manager:/home/b/ws_moveit2/src/install/moveit_ros_occupancy_map_monitor:/home/b/ws_moveit2/src/install/moveit_core:/home/b/ws_moveit2/src/install/moveit_resources_panda_moveit_config:/home/b/ws_moveit2/src/install/moveit_resources_fanuc_moveit_config:/home/b/ws_moveit2/src/install/moveit_configs_utils:/home/b/ws_moveit2/src/install/srdfdom:/home/b/ws_moveit2/src/install/moveit_resources_pr2_description:/home/b/ws_moveit2/src/install/moveit_resources_panda_description:/home/b/ws_moveit2/src/install/moveit_resources_fanuc_description:/home/b/ws_moveit2/src/install/moveit_common:/home/b/ws_moveit2/src/install/launch_param_builder:${AMENT_PREFIX_PATH} CMAKE_PREFIX_PATH=/home/b/ws_moveit2/src/install/moveit_setup_srdf_plugins:/home/b/ws_moveit2/src/install/moveit_setup_core_plugins:/home/b/ws_moveit2/src/install/moveit_setup_controllers:/home/b/ws_moveit2/src/install/moveit_setup_app_plugins:/home/b/ws_moveit2/src/install/moveit_setup_framework:/home/b/ws_moveit2/src/install/moveit_ros_visualization:/home/b/ws_moveit2/src/install/moveit_ros_planning_interface:/home/b/ws_moveit2/src/install/moveit_ros_move_group:/home/b/ws_moveit2/src/install/moveit_ros_warehouse:/home/b/ws_moveit2/src/install/moveit_ros_robot_interaction:/home/b/ws_moveit2/src/install/moveit_planners_ompl:/home/b/ws_moveit2/src/install/moveit_kinematics:/home/b/ws_moveit2/src/install/moveit_ros_planning:/home/b/ws_moveit2/src/install/moveit_simple_controller_manager:/home/b/ws_moveit2/src/install/moveit_ros_occupancy_map_monitor:/home/b/ws_moveit2/src/install/moveit_core:/home/b/ws_moveit2/src/install/moveit_resources_panda_moveit_config:/home/b/ws_moveit2/src/install/moveit_resources_fanuc_moveit_config:/home/b/ws_moveit2/src/install/srdfdom:/home/b/ws_moveit2/src/install/moveit_resources_pr2_description:/home/b/ws_moveit2/src/install/moveit_resources_panda_description:/home/b/ws_moveit2/src/install/moveit_resources_fanuc_description:/home/b/ws_moveit2/src/install/moveit_common:/opt/ros/humble LD_LIBRARY_PATH=/home/b/ws_moveit2/src/install/moveit_setup_srdf_plugins/lib:/home/b/ws_moveit2/src/install/moveit_setup_core_plugins/lib:/home/b/ws_moveit2/src/install/moveit_setup_controllers/lib:/home/b/ws_moveit2/src/install/moveit_setup_app_plugins/lib:/home/b/ws_moveit2/src/install/moveit_setup_framework/lib:/home/b/ws_moveit2/src/install/moveit_ros_visualization/lib:/home/b/ws_moveit2/src/install/moveit_ros_planning_interface/lib:/home/b/ws_moveit2/src/install/moveit_ros_move_group/lib:/home/b/ws_moveit2/src/install/moveit_ros_warehouse/lib:/home/b/ws_moveit2/src/install/moveit_ros_robot_interaction/lib:/home/b/ws_moveit2/src/install/moveit_planners_ompl/lib:/home/b/ws_moveit2/src/install/moveit_kinematics/lib:/home/b/ws_moveit2/src/install/moveit_ros_planning/lib:/home/b/ws_moveit2/src/install/moveit_simple_controller_manager/lib:/home/b/ws_moveit2/src/install/moveit_ros_occupancy_map_monitor/lib:/home/b/ws_moveit2/src/install/moveit_core/lib:/home/b/ws_moveit2/src/install/srdfdom/lib:${LD_LIBRARY_PATH} PATH=/home/b/ws_moveit2/src/install/moveit_core/bin:${PATH} PYTHONPATH=/home/b/ws_moveit2/src/install/moveit_configs_utils/lib/python3.10/site-packages:/home/b/ws_moveit2/src/install/srdfdom/local/lib/python3.10/dist-packages:/home/b/ws_moveit2/src/install/launch_param_builder/lib/python3.10/site-packages:${PYTHONPATH} /usr/bin/cmake /home/b/ws_moveit2/src/moveit2/moveit_setup_assistant/moveit_setup_assistant -DCMAKE_INSTALL_PREFIX=/home/b/ws_moveit2/src/install/moveit_setup_assistant
[62.032s] Invoking command in '/home/b/ws_moveit2/src/build/moveit_setup_assistant': AMENT_PREFIX_PATH=/home/b/ws_moveit2/src/install/moveit_setup_srdf_plugins:/home/b/ws_moveit2/src/install/moveit_setup_core_plugins:/home/b/ws_moveit2/src/install/moveit_setup_controllers:/home/b/ws_moveit2/src/install/moveit_setup_app_plugins:/home/b/ws_moveit2/src/install/moveit_setup_framework:/home/b/ws_moveit2/src/install/moveit_ros_visualization:/home/b/ws_moveit2/src/install/moveit_ros_planning_interface:/home/b/ws_moveit2/src/install/moveit_ros_move_group:/home/b/ws_moveit2/src/install/moveit_ros_warehouse:/home/b/ws_moveit2/src/install/moveit_ros_robot_interaction:/home/b/ws_moveit2/src/install/moveit_planners_ompl:/home/b/ws_moveit2/src/install/moveit_kinematics:/home/b/ws_moveit2/src/install/moveit_ros_planning:/home/b/ws_moveit2/src/install/moveit_simple_controller_manager:/home/b/ws_moveit2/src/install/moveit_ros_occupancy_map_monitor:/home/b/ws_moveit2/src/install/moveit_core:/home/b/ws_moveit2/src/install/moveit_resources_panda_moveit_config:/home/b/ws_moveit2/src/install/moveit_resources_fanuc_moveit_config:/home/b/ws_moveit2/src/install/moveit_configs_utils:/home/b/ws_moveit2/src/install/srdfdom:/home/b/ws_moveit2/src/install/moveit_resources_pr2_description:/home/b/ws_moveit2/src/install/moveit_resources_panda_description:/home/b/ws_moveit2/src/install/moveit_resources_fanuc_description:/home/b/ws_moveit2/src/install/moveit_common:/home/b/ws_moveit2/src/install/launch_param_builder:${AMENT_PREFIX_PATH} CMAKE_PREFIX_PATH=/home/b/ws_moveit2/src/install/moveit_setup_srdf_plugins:/home/b/ws_moveit2/src/install/moveit_setup_core_plugins:/home/b/ws_moveit2/src/install/moveit_setup_controllers:/home/b/ws_moveit2/src/install/moveit_setup_app_plugins:/home/b/ws_moveit2/src/install/moveit_setup_framework:/home/b/ws_moveit2/src/install/moveit_ros_visualization:/home/b/ws_moveit2/src/install/moveit_ros_planning_interface:/home/b/ws_moveit2/src/install/moveit_ros_move_group:/home/b/ws_moveit2/src/install/moveit_ros_warehouse:/home/b/ws_moveit2/src/install/moveit_ros_robot_interaction:/home/b/ws_moveit2/src/install/moveit_planners_ompl:/home/b/ws_moveit2/src/install/moveit_kinematics:/home/b/ws_moveit2/src/install/moveit_ros_planning:/home/b/ws_moveit2/src/install/moveit_simple_controller_manager:/home/b/ws_moveit2/src/install/moveit_ros_occupancy_map_monitor:/home/b/ws_moveit2/src/install/moveit_core:/home/b/ws_moveit2/src/install/moveit_resources_panda_moveit_config:/home/b/ws_moveit2/src/install/moveit_resources_fanuc_moveit_config:/home/b/ws_moveit2/src/install/srdfdom:/home/b/ws_moveit2/src/install/moveit_resources_pr2_description:/home/b/ws_moveit2/src/install/moveit_resources_panda_description:/home/b/ws_moveit2/src/install/moveit_resources_fanuc_description:/home/b/ws_moveit2/src/install/moveit_common:/opt/ros/humble LD_LIBRARY_PATH=/home/b/ws_moveit2/src/install/moveit_setup_srdf_plugins/lib:/home/b/ws_moveit2/src/install/moveit_setup_core_plugins/lib:/home/b/ws_moveit2/src/install/moveit_setup_controllers/lib:/home/b/ws_moveit2/src/install/moveit_setup_app_plugins/lib:/home/b/ws_moveit2/src/install/moveit_setup_framework/lib:/home/b/ws_moveit2/src/install/moveit_ros_visualization/lib:/home/b/ws_moveit2/src/install/moveit_ros_planning_interface/lib:/home/b/ws_moveit2/src/install/moveit_ros_move_group/lib:/home/b/ws_moveit2/src/install/moveit_ros_warehouse/lib:/home/b/ws_moveit2/src/install/moveit_ros_robot_interaction/lib:/home/b/ws_moveit2/src/install/moveit_planners_ompl/lib:/home/b/ws_moveit2/src/install/moveit_kinematics/lib:/home/b/ws_moveit2/src/install/moveit_ros_planning/lib:/home/b/ws_moveit2/src/install/moveit_simple_controller_manager/lib:/home/b/ws_moveit2/src/install/moveit_ros_occupancy_map_monitor/lib:/home/b/ws_moveit2/src/install/moveit_core/lib:/home/b/ws_moveit2/src/install/srdfdom/lib:${LD_LIBRARY_PATH} PATH=/home/b/ws_moveit2/src/install/moveit_core/bin:${PATH} PYTHONPATH=/home/b/ws_moveit2/src/install/moveit_configs_utils/lib/python3.10/site-packages:/home/b/ws_moveit2/src/install/srdfdom/local/lib/python3.10/dist-packages:/home/b/ws_moveit2/src/install/launch_param_builder/lib/python3.10/site-packages:${PYTHONPATH} /usr/bin/cmake --build /home/b/ws_moveit2/src/build/moveit_setup_assistant -- -j12 -l12
[62.526s] [ 14%] [34m[1mAutomatic MOC for target moveit_setup_assistant[0m
[62.526s] [ 14%] [34m[1mAutomatic MOC for target moveit_setup_assistant_updater[0m
[62.830s] [ 14%] Built target moveit_setup_assistant_updater_autogen
[62.846s] [ 14%] Built target moveit_setup_assistant_autogen
[62.952s] [ 21%] [34m[1mGenerating include/moveit_setup_assistant/moc_setup_assistant_widget.cpp[0m
[63.004s] [ 28%] [34m[1mGenerating include/moveit_setup_assistant/moc_navigation_widget.cpp[0m
[63.063s] [ 35%] [32mBuilding CXX object CMakeFiles/moveit_setup_assistant_updater.dir/src/collisions_updater.cpp.o[0m
[63.070s] [ 42%] [32mBuilding CXX object CMakeFiles/moveit_setup_assistant_updater.dir/moveit_setup_assistant_updater_autogen/mocs_compilation.cpp.o[0m
[63.220s] [ 50%] [32mBuilding CXX object CMakeFiles/moveit_setup_assistant.dir/src/setup_assistant_widget.cpp.o[0m
[63.226s] [ 57%] [32mBuilding CXX object CMakeFiles/moveit_setup_assistant.dir/moveit_setup_assistant_autogen/mocs_compilation.cpp.o[0m
[63.235s] [ 64%] [32mBuilding CXX object CMakeFiles/moveit_setup_assistant.dir/src/main.cpp.o[0m
[63.237s] [ 71%] [32mBuilding CXX object CMakeFiles/moveit_setup_assistant.dir/src/navigation_widget.cpp.o[0m
[63.244s] [ 78%] [32mBuilding CXX object CMakeFiles/moveit_setup_assistant.dir/include/moveit_setup_assistant/moc_navigation_widget.cpp.o[0m
[63.258s] [ 85%] [32mBuilding CXX object CMakeFiles/moveit_setup_assistant.dir/include/moveit_setup_assistant/moc_setup_assistant_widget.cpp.o[0m
[119.141s] [ 92%] [32m[1mLinking CXX executable collisions_updater[0m
[120.886s] [ 92%] Built target moveit_setup_assistant_updater
[124.003s] [100%] [32m[1mLinking CXX executable moveit_setup_assistant[0m
[126.237s] [100%] Built target moveit_setup_assistant
[126.257s] Invoked command in '/home/b/ws_moveit2/src/build/moveit_setup_assistant' returned '0': AMENT_PREFIX_PATH=/home/b/ws_moveit2/src/install/moveit_setup_srdf_plugins:/home/b/ws_moveit2/src/install/moveit_setup_core_plugins:/home/b/ws_moveit2/src/install/moveit_setup_controllers:/home/b/ws_moveit2/src/install/moveit_setup_app_plugins:/home/b/ws_moveit2/src/install/moveit_setup_framework:/home/b/ws_moveit2/src/install/moveit_ros_visualization:/home/b/ws_moveit2/src/install/moveit_ros_planning_interface:/home/b/ws_moveit2/src/install/moveit_ros_move_group:/home/b/ws_moveit2/src/install/moveit_ros_warehouse:/home/b/ws_moveit2/src/install/moveit_ros_robot_interaction:/home/b/ws_moveit2/src/install/moveit_planners_ompl:/home/b/ws_moveit2/src/install/moveit_kinematics:/home/b/ws_moveit2/src/install/moveit_ros_planning:/home/b/ws_moveit2/src/install/moveit_simple_controller_manager:/home/b/ws_moveit2/src/install/moveit_ros_occupancy_map_monitor:/home/b/ws_moveit2/src/install/moveit_core:/home/b/ws_moveit2/src/install/moveit_resources_panda_moveit_config:/home/b/ws_moveit2/src/install/moveit_resources_fanuc_moveit_config:/home/b/ws_moveit2/src/install/moveit_configs_utils:/home/b/ws_moveit2/src/install/srdfdom:/home/b/ws_moveit2/src/install/moveit_resources_pr2_description:/home/b/ws_moveit2/src/install/moveit_resources_panda_description:/home/b/ws_moveit2/src/install/moveit_resources_fanuc_description:/home/b/ws_moveit2/src/install/moveit_common:/home/b/ws_moveit2/src/install/launch_param_builder:${AMENT_PREFIX_PATH} CMAKE_PREFIX_PATH=/home/b/ws_moveit2/src/install/moveit_setup_srdf_plugins:/home/b/ws_moveit2/src/install/moveit_setup_core_plugins:/home/b/ws_moveit2/src/install/moveit_setup_controllers:/home/b/ws_moveit2/src/install/moveit_setup_app_plugins:/home/b/ws_moveit2/src/install/moveit_setup_framework:/home/b/ws_moveit2/src/install/moveit_ros_visualization:/home/b/ws_moveit2/src/install/moveit_ros_planning_interface:/home/b/ws_moveit2/src/install/moveit_ros_move_group:/home/b/ws_moveit2/src/install/moveit_ros_warehouse:/home/b/ws_moveit2/src/install/moveit_ros_robot_interaction:/home/b/ws_moveit2/src/install/moveit_planners_ompl:/home/b/ws_moveit2/src/install/moveit_kinematics:/home/b/ws_moveit2/src/install/moveit_ros_planning:/home/b/ws_moveit2/src/install/moveit_simple_controller_manager:/home/b/ws_moveit2/src/install/moveit_ros_occupancy_map_monitor:/home/b/ws_moveit2/src/install/moveit_core:/home/b/ws_moveit2/src/install/moveit_resources_panda_moveit_config:/home/b/ws_moveit2/src/install/moveit_resources_fanuc_moveit_config:/home/b/ws_moveit2/src/install/srdfdom:/home/b/ws_moveit2/src/install/moveit_resources_pr2_description:/home/b/ws_moveit2/src/install/moveit_resources_panda_description:/home/b/ws_moveit2/src/install/moveit_resources_fanuc_description:/home/b/ws_moveit2/src/install/moveit_common:/opt/ros/humble LD_LIBRARY_PATH=/home/b/ws_moveit2/src/install/moveit_setup_srdf_plugins/lib:/home/b/ws_moveit2/src/install/moveit_setup_core_plugins/lib:/home/b/ws_moveit2/src/install/moveit_setup_controllers/lib:/home/b/ws_moveit2/src/install/moveit_setup_app_plugins/lib:/home/b/ws_moveit2/src/install/moveit_setup_framework/lib:/home/b/ws_moveit2/src/install/moveit_ros_visualization/lib:/home/b/ws_moveit2/src/install/moveit_ros_planning_interface/lib:/home/b/ws_moveit2/src/install/moveit_ros_move_group/lib:/home/b/ws_moveit2/src/install/moveit_ros_warehouse/lib:/home/b/ws_moveit2/src/install/moveit_ros_robot_interaction/lib:/home/b/ws_moveit2/src/install/moveit_planners_ompl/lib:/home/b/ws_moveit2/src/install/moveit_kinematics/lib:/home/b/ws_moveit2/src/install/moveit_ros_planning/lib:/home/b/ws_moveit2/src/install/moveit_simple_controller_manager/lib:/home/b/ws_moveit2/src/install/moveit_ros_occupancy_map_monitor/lib:/home/b/ws_moveit2/src/install/moveit_core/lib:/home/b/ws_moveit2/src/install/srdfdom/lib:${LD_LIBRARY_PATH} PATH=/home/b/ws_moveit2/src/install/moveit_core/bin:${PATH} PYTHONPATH=/home/b/ws_moveit2/src/install/moveit_configs_utils/lib/python3.10/site-packages:/home/b/ws_moveit2/src/install/srdfdom/local/lib/python3.10/dist-packages:/home/b/ws_moveit2/src/install/launch_param_builder/lib/python3.10/site-packages:${PYTHONPATH} /usr/bin/cmake --build /home/b/ws_moveit2/src/build/moveit_setup_assistant -- -j12 -l12
[126.261s] Invoking command in '/home/b/ws_moveit2/src/build/moveit_setup_assistant': AMENT_PREFIX_PATH=/home/b/ws_moveit2/src/install/moveit_setup_srdf_plugins:/home/b/ws_moveit2/src/install/moveit_setup_core_plugins:/home/b/ws_moveit2/src/install/moveit_setup_controllers:/home/b/ws_moveit2/src/install/moveit_setup_app_plugins:/home/b/ws_moveit2/src/install/moveit_setup_framework:/home/b/ws_moveit2/src/install/moveit_ros_visualization:/home/b/ws_moveit2/src/install/moveit_ros_planning_interface:/home/b/ws_moveit2/src/install/moveit_ros_move_group:/home/b/ws_moveit2/src/install/moveit_ros_warehouse:/home/b/ws_moveit2/src/install/moveit_ros_robot_interaction:/home/b/ws_moveit2/src/install/moveit_planners_ompl:/home/b/ws_moveit2/src/install/moveit_kinematics:/home/b/ws_moveit2/src/install/moveit_ros_planning:/home/b/ws_moveit2/src/install/moveit_simple_controller_manager:/home/b/ws_moveit2/src/install/moveit_ros_occupancy_map_monitor:/home/b/ws_moveit2/src/install/moveit_core:/home/b/ws_moveit2/src/install/moveit_resources_panda_moveit_config:/home/b/ws_moveit2/src/install/moveit_resources_fanuc_moveit_config:/home/b/ws_moveit2/src/install/moveit_configs_utils:/home/b/ws_moveit2/src/install/srdfdom:/home/b/ws_moveit2/src/install/moveit_resources_pr2_description:/home/b/ws_moveit2/src/install/moveit_resources_panda_description:/home/b/ws_moveit2/src/install/moveit_resources_fanuc_description:/home/b/ws_moveit2/src/install/moveit_common:/home/b/ws_moveit2/src/install/launch_param_builder:${AMENT_PREFIX_PATH} CMAKE_PREFIX_PATH=/home/b/ws_moveit2/src/install/moveit_setup_srdf_plugins:/home/b/ws_moveit2/src/install/moveit_setup_core_plugins:/home/b/ws_moveit2/src/install/moveit_setup_controllers:/home/b/ws_moveit2/src/install/moveit_setup_app_plugins:/home/b/ws_moveit2/src/install/moveit_setup_framework:/home/b/ws_moveit2/src/install/moveit_ros_visualization:/home/b/ws_moveit2/src/install/moveit_ros_planning_interface:/home/b/ws_moveit2/src/install/moveit_ros_move_group:/home/b/ws_moveit2/src/install/moveit_ros_warehouse:/home/b/ws_moveit2/src/install/moveit_ros_robot_interaction:/home/b/ws_moveit2/src/install/moveit_planners_ompl:/home/b/ws_moveit2/src/install/moveit_kinematics:/home/b/ws_moveit2/src/install/moveit_ros_planning:/home/b/ws_moveit2/src/install/moveit_simple_controller_manager:/home/b/ws_moveit2/src/install/moveit_ros_occupancy_map_monitor:/home/b/ws_moveit2/src/install/moveit_core:/home/b/ws_moveit2/src/install/moveit_resources_panda_moveit_config:/home/b/ws_moveit2/src/install/moveit_resources_fanuc_moveit_config:/home/b/ws_moveit2/src/install/srdfdom:/home/b/ws_moveit2/src/install/moveit_resources_pr2_description:/home/b/ws_moveit2/src/install/moveit_resources_panda_description:/home/b/ws_moveit2/src/install/moveit_resources_fanuc_description:/home/b/ws_moveit2/src/install/moveit_common:/opt/ros/humble LD_LIBRARY_PATH=/home/b/ws_moveit2/src/install/moveit_setup_srdf_plugins/lib:/home/b/ws_moveit2/src/install/moveit_setup_core_plugins/lib:/home/b/ws_moveit2/src/install/moveit_setup_controllers/lib:/home/b/ws_moveit2/src/install/moveit_setup_app_plugins/lib:/home/b/ws_moveit2/src/install/moveit_setup_framework/lib:/home/b/ws_moveit2/src/install/moveit_ros_visualization/lib:/home/b/ws_moveit2/src/install/moveit_ros_planning_interface/lib:/home/b/ws_moveit2/src/install/moveit_ros_move_group/lib:/home/b/ws_moveit2/src/install/moveit_ros_warehouse/lib:/home/b/ws_moveit2/src/install/moveit_ros_robot_interaction/lib:/home/b/ws_moveit2/src/install/moveit_planners_ompl/lib:/home/b/ws_moveit2/src/install/moveit_kinematics/lib:/home/b/ws_moveit2/src/install/moveit_ros_planning/lib:/home/b/ws_moveit2/src/install/moveit_simple_controller_manager/lib:/home/b/ws_moveit2/src/install/moveit_ros_occupancy_map_monitor/lib:/home/b/ws_moveit2/src/install/moveit_core/lib:/home/b/ws_moveit2/src/install/srdfdom/lib:${LD_LIBRARY_PATH} PATH=/home/b/ws_moveit2/src/install/moveit_core/bin:${PATH} PYTHONPATH=/home/b/ws_moveit2/src/install/moveit_configs_utils/lib/python3.10/site-packages:/home/b/ws_moveit2/src/install/srdfdom/local/lib/python3.10/dist-packages:/home/b/ws_moveit2/src/install/launch_param_builder/lib/python3.10/site-packages:${PYTHONPATH} /usr/bin/cmake --install /home/b/ws_moveit2/src/build/moveit_setup_assistant
[126.272s] -- Install configuration: "Release"
[126.273s] -- Installing: /home/b/ws_moveit2/src/install/moveit_setup_assistant/lib/moveit_setup_assistant/moveit_setup_assistant
[126.275s] -- Set runtime path of "/home/b/ws_moveit2/src/install/moveit_setup_assistant/lib/moveit_setup_assistant/moveit_setup_assistant" to ""
[126.275s] -- Installing: /home/b/ws_moveit2/src/install/moveit_setup_assistant/lib/moveit_setup_assistant/collisions_updater
[126.277s] -- Set runtime path of "/home/b/ws_moveit2/src/install/moveit_setup_assistant/lib/moveit_setup_assistant/collisions_updater" to ""
[126.277s] -- Installing: /home/b/ws_moveit2/src/install/moveit_setup_assistant/include
[126.277s] -- Installing: /home/b/ws_moveit2/src/install/moveit_setup_assistant/include/moveit_setup_assistant
[126.278s] -- Installing: /home/b/ws_moveit2/src/install/moveit_setup_assistant/include/moveit_setup_assistant/navigation_widget.hpp
[126.278s] -- Installing: /home/b/ws_moveit2/src/install/moveit_setup_assistant/include/moveit_setup_assistant/setup_assistant_widget.hpp
[126.278s] -- Installing: /home/b/ws_moveit2/src/install/moveit_setup_assistant/share/moveit_setup_assistant/launch
[126.279s] -- Installing: /home/b/ws_moveit2/src/install/moveit_setup_assistant/share/moveit_setup_assistant/launch/setup_assistant.launch.py
[126.280s] -- Installing: /home/b/ws_moveit2/src/install/moveit_setup_assistant/share/moveit_setup_assistant/resources
[126.280s] -- Installing: /home/b/ws_moveit2/src/install/moveit_setup_assistant/share/moveit_setup_assistant/resources/MoveIt_Setup_Assistant2.png
[126.282s] -- Installing: /home/b/ws_moveit2/src/install/moveit_setup_assistant/share/moveit_setup_assistant/environment/library_path.sh
[126.283s] -- Installing: /home/b/ws_moveit2/src/install/moveit_setup_assistant/share/moveit_setup_assistant/environment/library_path.dsv
[126.284s] -- Installing: /home/b/ws_moveit2/src/install/moveit_setup_assistant/share/ament_index/resource_index/package_run_dependencies/moveit_setup_assistant
[126.284s] -- Installing: /home/b/ws_moveit2/src/install/moveit_setup_assistant/share/ament_index/resource_index/parent_prefix_path/moveit_setup_assistant
[126.285s] -- Installing: /home/b/ws_moveit2/src/install/moveit_setup_assistant/share/moveit_setup_assistant/environment/ament_prefix_path.sh
[126.285s] -- Installing: /home/b/ws_moveit2/src/install/moveit_setup_assistant/share/moveit_setup_assistant/environment/ament_prefix_path.dsv
[126.285s] -- Installing: /home/b/ws_moveit2/src/install/moveit_setup_assistant/share/moveit_setup_assistant/environment/path.sh
[126.285s] -- Installing: /home/b/ws_moveit2/src/install/moveit_setup_assistant/share/moveit_setup_assistant/environment/path.dsv
[126.286s] -- Installing: /home/b/ws_moveit2/src/install/moveit_setup_assistant/share/moveit_setup_assistant/local_setup.bash
[126.286s] -- Installing: /home/b/ws_moveit2/src/install/moveit_setup_assistant/share/moveit_setup_assistant/local_setup.sh
[126.286s] -- Installing: /home/b/ws_moveit2/src/install/moveit_setup_assistant/share/moveit_setup_assistant/local_setup.zsh
[126.287s] -- Installing: /home/b/ws_moveit2/src/install/moveit_setup_assistant/share/moveit_setup_assistant/local_setup.dsv
[126.287s] -- Installing: /home/b/ws_moveit2/src/install/moveit_setup_assistant/share/moveit_setup_assistant/package.dsv
[126.287s] -- Installing: /home/b/ws_moveit2/src/install/moveit_setup_assistant/share/ament_index/resource_index/packages/moveit_setup_assistant
[126.288s] -- Installing: /home/b/ws_moveit2/src/install/moveit_setup_assistant/share/moveit_setup_assistant/cmake/moveit_setup_assistantTargetsExport.cmake
[126.288s] -- Installing: /home/b/ws_moveit2/src/install/moveit_setup_assistant/share/moveit_setup_assistant/cmake/moveit_setup_assistantTargetsExport-release.cmake
[126.289s] -- Installing: /home/b/ws_moveit2/src/install/moveit_setup_assistant/share/moveit_setup_assistant/cmake/ament_cmake_export_include_directories-extras.cmake
[126.289s] -- Installing: /home/b/ws_moveit2/src/install/moveit_setup_assistant/share/moveit_setup_assistant/cmake/ament_cmake_export_targets-extras.cmake
[126.289s] -- Installing: /home/b/ws_moveit2/src/install/moveit_setup_assistant/share/moveit_setup_assistant/cmake/ament_cmake_export_dependencies-extras.cmake
[126.290s] -- Installing: /home/b/ws_moveit2/src/install/moveit_setup_assistant/share/moveit_setup_assistant/cmake/moveit_setup_assistantConfig.cmake
[126.290s] -- Installing: /home/b/ws_moveit2/src/install/moveit_setup_assistant/share/moveit_setup_assistant/cmake/moveit_setup_assistantConfig-version.cmake
[126.290s] -- Installing: /home/b/ws_moveit2/src/install/moveit_setup_assistant/share/moveit_setup_assistant/package.xml
[126.294s] Invoked command in '/home/b/ws_moveit2/src/build/moveit_setup_assistant' returned '0': AMENT_PREFIX_PATH=/home/b/ws_moveit2/src/install/moveit_setup_srdf_plugins:/home/b/ws_moveit2/src/install/moveit_setup_core_plugins:/home/b/ws_moveit2/src/install/moveit_setup_controllers:/home/b/ws_moveit2/src/install/moveit_setup_app_plugins:/home/b/ws_moveit2/src/install/moveit_setup_framework:/home/b/ws_moveit2/src/install/moveit_ros_visualization:/home/b/ws_moveit2/src/install/moveit_ros_planning_interface:/home/b/ws_moveit2/src/install/moveit_ros_move_group:/home/b/ws_moveit2/src/install/moveit_ros_warehouse:/home/b/ws_moveit2/src/install/moveit_ros_robot_interaction:/home/b/ws_moveit2/src/install/moveit_planners_ompl:/home/b/ws_moveit2/src/install/moveit_kinematics:/home/b/ws_moveit2/src/install/moveit_ros_planning:/home/b/ws_moveit2/src/install/moveit_simple_controller_manager:/home/b/ws_moveit2/src/install/moveit_ros_occupancy_map_monitor:/home/b/ws_moveit2/src/install/moveit_core:/home/b/ws_moveit2/src/install/moveit_resources_panda_moveit_config:/home/b/ws_moveit2/src/install/moveit_resources_fanuc_moveit_config:/home/b/ws_moveit2/src/install/moveit_configs_utils:/home/b/ws_moveit2/src/install/srdfdom:/home/b/ws_moveit2/src/install/moveit_resources_pr2_description:/home/b/ws_moveit2/src/install/moveit_resources_panda_description:/home/b/ws_moveit2/src/install/moveit_resources_fanuc_description:/home/b/ws_moveit2/src/install/moveit_common:/home/b/ws_moveit2/src/install/launch_param_builder:${AMENT_PREFIX_PATH} CMAKE_PREFIX_PATH=/home/b/ws_moveit2/src/install/moveit_setup_srdf_plugins:/home/b/ws_moveit2/src/install/moveit_setup_core_plugins:/home/b/ws_moveit2/src/install/moveit_setup_controllers:/home/b/ws_moveit2/src/install/moveit_setup_app_plugins:/home/b/ws_moveit2/src/install/moveit_setup_framework:/home/b/ws_moveit2/src/install/moveit_ros_visualization:/home/b/ws_moveit2/src/install/moveit_ros_planning_interface:/home/b/ws_moveit2/src/install/moveit_ros_move_group:/home/b/ws_moveit2/src/install/moveit_ros_warehouse:/home/b/ws_moveit2/src/install/moveit_ros_robot_interaction:/home/b/ws_moveit2/src/install/moveit_planners_ompl:/home/b/ws_moveit2/src/install/moveit_kinematics:/home/b/ws_moveit2/src/install/moveit_ros_planning:/home/b/ws_moveit2/src/install/moveit_simple_controller_manager:/home/b/ws_moveit2/src/install/moveit_ros_occupancy_map_monitor:/home/b/ws_moveit2/src/install/moveit_core:/home/b/ws_moveit2/src/install/moveit_resources_panda_moveit_config:/home/b/ws_moveit2/src/install/moveit_resources_fanuc_moveit_config:/home/b/ws_moveit2/src/install/srdfdom:/home/b/ws_moveit2/src/install/moveit_resources_pr2_description:/home/b/ws_moveit2/src/install/moveit_resources_panda_description:/home/b/ws_moveit2/src/install/moveit_resources_fanuc_description:/home/b/ws_moveit2/src/install/moveit_common:/opt/ros/humble LD_LIBRARY_PATH=/home/b/ws_moveit2/src/install/moveit_setup_srdf_plugins/lib:/home/b/ws_moveit2/src/install/moveit_setup_core_plugins/lib:/home/b/ws_moveit2/src/install/moveit_setup_controllers/lib:/home/b/ws_moveit2/src/install/moveit_setup_app_plugins/lib:/home/b/ws_moveit2/src/install/moveit_setup_framework/lib:/home/b/ws_moveit2/src/install/moveit_ros_visualization/lib:/home/b/ws_moveit2/src/install/moveit_ros_planning_interface/lib:/home/b/ws_moveit2/src/install/moveit_ros_move_group/lib:/home/b/ws_moveit2/src/install/moveit_ros_warehouse/lib:/home/b/ws_moveit2/src/install/moveit_ros_robot_interaction/lib:/home/b/ws_moveit2/src/install/moveit_planners_ompl/lib:/home/b/ws_moveit2/src/install/moveit_kinematics/lib:/home/b/ws_moveit2/src/install/moveit_ros_planning/lib:/home/b/ws_moveit2/src/install/moveit_simple_controller_manager/lib:/home/b/ws_moveit2/src/install/moveit_ros_occupancy_map_monitor/lib:/home/b/ws_moveit2/src/install/moveit_core/lib:/home/b/ws_moveit2/src/install/srdfdom/lib:${LD_LIBRARY_PATH} PATH=/home/b/ws_moveit2/src/install/moveit_core/bin:${PATH} PYTHONPATH=/home/b/ws_moveit2/src/install/moveit_configs_utils/lib/python3.10/site-packages:/home/b/ws_moveit2/src/install/srdfdom/local/lib/python3.10/dist-packages:/home/b/ws_moveit2/src/install/launch_param_builder/lib/python3.10/site-packages:${PYTHONPATH} /usr/bin/cmake --install /home/b/ws_moveit2/src/build/moveit_setup_assistant
