[0.622s] Invoking command in '/home/b/ws_moveit2/build/moveit_plugins': AMENT_PREFIX_PATH=/home/b/ws_moveit2/install/moveit_simple_controller_manager:/home/b/ws_moveit2/install/moveit_core:/home/b/ws_moveit2/install/moveit_resources_panda_moveit_config:/home/b/ws_moveit2/install/srdfdom:/home/b/ws_moveit2/install/moveit_resources_pr2_description:/home/b/ws_moveit2/install/moveit_resources_panda_description:/home/b/ws_moveit2/install/moveit_common:${AMENT_PREFIX_PATH} CMAKE_PREFIX_PATH=/home/b/ws_moveit2/install/moveit_simple_controller_manager:/home/b/ws_moveit2/install/moveit_core:/home/b/ws_moveit2/install/moveit_resources_panda_moveit_config:/home/b/ws_moveit2/install/srdfdom:/home/b/ws_moveit2/install/moveit_resources_pr2_description:/home/b/ws_moveit2/install/moveit_resources_panda_description:/home/b/ws_moveit2/install/moveit_common:/opt/ros/humble LD_LIBRARY_PATH=/home/b/ws_moveit2/install/moveit_simple_controller_manager/lib:/home/b/ws_moveit2/install/moveit_core/lib:/home/b/ws_moveit2/install/srdfdom/lib:${LD_LIBRARY_PATH} PATH=/home/b/ws_moveit2/install/moveit_core/bin:${PATH} PYTHONPATH=/home/b/ws_moveit2/install/srdfdom/local/lib/python3.10/dist-packages:${PYTHONPATH} /usr/bin/cmake /home/b/ws_moveit2/src/moveit2/moveit_plugins/moveit_plugins -DCMAKE_BUILD_TYPE=Release -DCMAKE_INSTALL_PREFIX=/home/b/ws_moveit2/install/moveit_plugins
[1.019s] -- The C compiler identification is GNU 11.4.0
[1.739s] -- The CXX compiler identification is GNU 11.4.0
[2.179s] -- Detecting C compiler ABI info
[2.690s] -- Detecting C compiler ABI info - done
[2.712s] -- Check for working C compiler: /usr/bin/cc - skipped
[2.714s] -- Detecting C compile features
[2.716s] -- Detecting C compile features - done
[2.725s] -- Detecting CXX compiler ABI info
[3.156s] -- Detecting CXX compiler ABI info - done
[3.179s] -- Check for working CXX compiler: /usr/bin/c++ - skipped
[3.180s] -- Detecting CXX compile features
[3.184s] -- Detecting CXX compile features - done
[3.198s] -- Found ament_cmake: 1.3.13 (/opt/ros/humble/share/ament_cmake/cmake)
[3.709s] -- Found Python3: /usr/bin/python3 (found version "3.10.12") found components: Interpreter 
[4.015s] -- Found ament_lint_auto: 0.12.15 (/opt/ros/humble/share/ament_lint_auto/cmake)
[4.277s] -- Added test 'copyright' to check source files copyright and LICENSE
[4.281s] -- Added test 'lint_cmake' to check CMake code style
[4.283s] -- Added test 'xmllint' to check XML markup files
[4.287s] -- Configuring done
[4.298s] -- Generating done
[4.303s] -- Build files have been written to: /home/b/ws_moveit2/build/moveit_plugins
[4.314s] Invoked command in '/home/b/ws_moveit2/build/moveit_plugins' returned '0': AMENT_PREFIX_PATH=/home/b/ws_moveit2/install/moveit_simple_controller_manager:/home/b/ws_moveit2/install/moveit_core:/home/b/ws_moveit2/install/moveit_resources_panda_moveit_config:/home/b/ws_moveit2/install/srdfdom:/home/b/ws_moveit2/install/moveit_resources_pr2_description:/home/b/ws_moveit2/install/moveit_resources_panda_description:/home/b/ws_moveit2/install/moveit_common:${AMENT_PREFIX_PATH} CMAKE_PREFIX_PATH=/home/b/ws_moveit2/install/moveit_simple_controller_manager:/home/b/ws_moveit2/install/moveit_core:/home/b/ws_moveit2/install/moveit_resources_panda_moveit_config:/home/b/ws_moveit2/install/srdfdom:/home/b/ws_moveit2/install/moveit_resources_pr2_description:/home/b/ws_moveit2/install/moveit_resources_panda_description:/home/b/ws_moveit2/install/moveit_common:/opt/ros/humble LD_LIBRARY_PATH=/home/b/ws_moveit2/install/moveit_simple_controller_manager/lib:/home/b/ws_moveit2/install/moveit_core/lib:/home/b/ws_moveit2/install/srdfdom/lib:${LD_LIBRARY_PATH} PATH=/home/b/ws_moveit2/install/moveit_core/bin:${PATH} PYTHONPATH=/home/b/ws_moveit2/install/srdfdom/local/lib/python3.10/dist-packages:${PYTHONPATH} /usr/bin/cmake /home/b/ws_moveit2/src/moveit2/moveit_plugins/moveit_plugins -DCMAKE_BUILD_TYPE=Release -DCMAKE_INSTALL_PREFIX=/home/b/ws_moveit2/install/moveit_plugins
[4.319s] Invoking command in '/home/b/ws_moveit2/build/moveit_plugins': AMENT_PREFIX_PATH=/home/b/ws_moveit2/install/moveit_simple_controller_manager:/home/b/ws_moveit2/install/moveit_core:/home/b/ws_moveit2/install/moveit_resources_panda_moveit_config:/home/b/ws_moveit2/install/srdfdom:/home/b/ws_moveit2/install/moveit_resources_pr2_description:/home/b/ws_moveit2/install/moveit_resources_panda_description:/home/b/ws_moveit2/install/moveit_common:${AMENT_PREFIX_PATH} CMAKE_PREFIX_PATH=/home/b/ws_moveit2/install/moveit_simple_controller_manager:/home/b/ws_moveit2/install/moveit_core:/home/b/ws_moveit2/install/moveit_resources_panda_moveit_config:/home/b/ws_moveit2/install/srdfdom:/home/b/ws_moveit2/install/moveit_resources_pr2_description:/home/b/ws_moveit2/install/moveit_resources_panda_description:/home/b/ws_moveit2/install/moveit_common:/opt/ros/humble LD_LIBRARY_PATH=/home/b/ws_moveit2/install/moveit_simple_controller_manager/lib:/home/b/ws_moveit2/install/moveit_core/lib:/home/b/ws_moveit2/install/srdfdom/lib:${LD_LIBRARY_PATH} PATH=/home/b/ws_moveit2/install/moveit_core/bin:${PATH} PYTHONPATH=/home/b/ws_moveit2/install/srdfdom/local/lib/python3.10/dist-packages:${PYTHONPATH} /usr/bin/cmake --build /home/b/ws_moveit2/build/moveit_plugins -- -j12 -l12
[4.397s] Invoked command in '/home/b/ws_moveit2/build/moveit_plugins' returned '0': AMENT_PREFIX_PATH=/home/b/ws_moveit2/install/moveit_simple_controller_manager:/home/b/ws_moveit2/install/moveit_core:/home/b/ws_moveit2/install/moveit_resources_panda_moveit_config:/home/b/ws_moveit2/install/srdfdom:/home/b/ws_moveit2/install/moveit_resources_pr2_description:/home/b/ws_moveit2/install/moveit_resources_panda_description:/home/b/ws_moveit2/install/moveit_common:${AMENT_PREFIX_PATH} CMAKE_PREFIX_PATH=/home/b/ws_moveit2/install/moveit_simple_controller_manager:/home/b/ws_moveit2/install/moveit_core:/home/b/ws_moveit2/install/moveit_resources_panda_moveit_config:/home/b/ws_moveit2/install/srdfdom:/home/b/ws_moveit2/install/moveit_resources_pr2_description:/home/b/ws_moveit2/install/moveit_resources_panda_description:/home/b/ws_moveit2/install/moveit_common:/opt/ros/humble LD_LIBRARY_PATH=/home/b/ws_moveit2/install/moveit_simple_controller_manager/lib:/home/b/ws_moveit2/install/moveit_core/lib:/home/b/ws_moveit2/install/srdfdom/lib:${LD_LIBRARY_PATH} PATH=/home/b/ws_moveit2/install/moveit_core/bin:${PATH} PYTHONPATH=/home/b/ws_moveit2/install/srdfdom/local/lib/python3.10/dist-packages:${PYTHONPATH} /usr/bin/cmake --build /home/b/ws_moveit2/build/moveit_plugins -- -j12 -l12
[4.401s] Invoking command in '/home/b/ws_moveit2/build/moveit_plugins': AMENT_PREFIX_PATH=/home/b/ws_moveit2/install/moveit_simple_controller_manager:/home/b/ws_moveit2/install/moveit_core:/home/b/ws_moveit2/install/moveit_resources_panda_moveit_config:/home/b/ws_moveit2/install/srdfdom:/home/b/ws_moveit2/install/moveit_resources_pr2_description:/home/b/ws_moveit2/install/moveit_resources_panda_description:/home/b/ws_moveit2/install/moveit_common:${AMENT_PREFIX_PATH} CMAKE_PREFIX_PATH=/home/b/ws_moveit2/install/moveit_simple_controller_manager:/home/b/ws_moveit2/install/moveit_core:/home/b/ws_moveit2/install/moveit_resources_panda_moveit_config:/home/b/ws_moveit2/install/srdfdom:/home/b/ws_moveit2/install/moveit_resources_pr2_description:/home/b/ws_moveit2/install/moveit_resources_panda_description:/home/b/ws_moveit2/install/moveit_common:/opt/ros/humble LD_LIBRARY_PATH=/home/b/ws_moveit2/install/moveit_simple_controller_manager/lib:/home/b/ws_moveit2/install/moveit_core/lib:/home/b/ws_moveit2/install/srdfdom/lib:${LD_LIBRARY_PATH} PATH=/home/b/ws_moveit2/install/moveit_core/bin:${PATH} PYTHONPATH=/home/b/ws_moveit2/install/srdfdom/local/lib/python3.10/dist-packages:${PYTHONPATH} /usr/bin/cmake --install /home/b/ws_moveit2/build/moveit_plugins
[4.418s] -- Install configuration: "Release"
[4.421s] -- Installing: /home/b/ws_moveit2/install/moveit_plugins/share/ament_index/resource_index/package_run_dependencies/moveit_plugins
[4.422s] -- Installing: /home/b/ws_moveit2/install/moveit_plugins/share/ament_index/resource_index/parent_prefix_path/moveit_plugins
[4.422s] -- Installing: /home/b/ws_moveit2/install/moveit_plugins/share/moveit_plugins/environment/ament_prefix_path.sh
[4.422s] -- Installing: /home/b/ws_moveit2/install/moveit_plugins/share/moveit_plugins/environment/ament_prefix_path.dsv
[4.423s] -- Installing: /home/b/ws_moveit2/install/moveit_plugins/share/moveit_plugins/environment/path.sh
[4.424s] -- Installing: /home/b/ws_moveit2/install/moveit_plugins/share/moveit_plugins/environment/path.dsv
[4.424s] -- Installing: /home/b/ws_moveit2/install/moveit_plugins/share/moveit_plugins/local_setup.bash
[4.425s] -- Installing: /home/b/ws_moveit2/install/moveit_plugins/share/moveit_plugins/local_setup.sh
[4.426s] -- Installing: /home/b/ws_moveit2/install/moveit_plugins/share/moveit_plugins/local_setup.zsh
[4.427s] -- Installing: /home/b/ws_moveit2/install/moveit_plugins/share/moveit_plugins/local_setup.dsv
[4.433s] -- Installing: /home/b/ws_moveit2/install/moveit_plugins/share/moveit_plugins/package.dsv
[4.436s] -- Installing: /home/b/ws_moveit2/install/moveit_plugins/share/ament_index/resource_index/packages/moveit_plugins
[4.436s] -- Installing: /home/b/ws_moveit2/install/moveit_plugins/share/moveit_plugins/cmake/moveit_pluginsConfig.cmake
[4.436s] -- Installing: /home/b/ws_moveit2/install/moveit_plugins/share/moveit_plugins/cmake/moveit_pluginsConfig-version.cmake
[4.437s] -- Installing: /home/b/ws_moveit2/install/moveit_plugins/share/moveit_plugins/package.xml
[4.439s] Invoked command in '/home/b/ws_moveit2/build/moveit_plugins' returned '0': AMENT_PREFIX_PATH=/home/b/ws_moveit2/install/moveit_simple_controller_manager:/home/b/ws_moveit2/install/moveit_core:/home/b/ws_moveit2/install/moveit_resources_panda_moveit_config:/home/b/ws_moveit2/install/srdfdom:/home/b/ws_moveit2/install/moveit_resources_pr2_description:/home/b/ws_moveit2/install/moveit_resources_panda_description:/home/b/ws_moveit2/install/moveit_common:${AMENT_PREFIX_PATH} CMAKE_PREFIX_PATH=/home/b/ws_moveit2/install/moveit_simple_controller_manager:/home/b/ws_moveit2/install/moveit_core:/home/b/ws_moveit2/install/moveit_resources_panda_moveit_config:/home/b/ws_moveit2/install/srdfdom:/home/b/ws_moveit2/install/moveit_resources_pr2_description:/home/b/ws_moveit2/install/moveit_resources_panda_description:/home/b/ws_moveit2/install/moveit_common:/opt/ros/humble LD_LIBRARY_PATH=/home/b/ws_moveit2/install/moveit_simple_controller_manager/lib:/home/b/ws_moveit2/install/moveit_core/lib:/home/b/ws_moveit2/install/srdfdom/lib:${LD_LIBRARY_PATH} PATH=/home/b/ws_moveit2/install/moveit_core/bin:${PATH} PYTHONPATH=/home/b/ws_moveit2/install/srdfdom/local/lib/python3.10/dist-packages:${PYTHONPATH} /usr/bin/cmake --install /home/b/ws_moveit2/build/moveit_plugins
