[0.036s] Invoking command in '/home/b/ws_moveit2/build/srdfdom': CMAKE_PREFIX_PATH=/opt/ros/humble /usr/bin/cmake /home/b/ws_moveit2/src/srdfdom -DCMAKE_BUILD_TYPE=Release -DCMAKE_INSTALL_PREFIX=/home/b/ws_moveit2/install/srdfdom
[0.288s] -- The CXX compiler identification is GNU 11.4.0
[0.460s] -- Detecting CXX compiler ABI info
[0.611s] -- Detecting CXX compiler ABI info - done
[0.618s] -- Check for working CXX compiler: /usr/bin/c++ - skipped
[0.619s] -- Detecting CXX compile features
[0.620s] -- Detecting CXX compile features - done
[0.640s] -- Found Boost: /usr/lib/x86_64-linux-gnu/cmake/Boost-1.74.0/BoostConfig.cmake (found version "1.74.0")  
[0.650s] -- Found ament_cmake: 1.3.13 (/opt/ros/humble/share/ament_cmake/cmake)
[0.801s] -- Found Python3: /usr/bin/python3 (found version "3.10.12") found components: Interpreter 
[0.900s] -- Found urdf: 2.6.1 (/opt/ros/humble/share/urdf/cmake)
[2.649s] -- Found TinyXML2 via Config file: TinyXML2_DIR-NOTFOUND
[2.734s] -- Found ament_cmake_gtest: 1.3.13 (/opt/ros/humble/share/ament_cmake_gtest/cmake)
[2.738s] -- Found ament_cmake_pytest: 1.3.13 (/opt/ros/humble/share/ament_cmake_pytest/cmake)
[3.135s] -- Locale nl_NL not available. Locale test will not be meaningful.
[3.138s] -- Found gtest sources under '/opt/ros/humble/src/gtest_vendor': C++ tests using 'Google Test' will be built
[3.249s] -- The C compiler identification is GNU 11.4.0
[3.431s] -- Detecting C compiler ABI info
[3.564s] -- Detecting C compiler ABI info - done
[3.569s] -- Check for working C compiler: /usr/bin/cc - skipped
[3.569s] -- Detecting C compile features
[3.569s] -- Detecting C compile features - done
[3.574s] -- Looking for C++ include pthread.h
[3.756s] -- Looking for C++ include pthread.h - found
[3.756s] -- Performing Test CMAKE_HAVE_LIBC_PTHREAD
[3.878s] -- Performing Test CMAKE_HAVE_LIBC_PTHREAD - Success
[3.878s] -- Found Threads: TRUE  
[3.881s] -- Found ament_lint_auto: 0.12.15 (/opt/ros/humble/share/ament_lint_auto/cmake)
[4.592s] -- Configuring done
[4.613s] -- Generating done
[4.616s] -- Build files have been written to: /home/b/ws_moveit2/build/srdfdom
[4.622s] Invoked command in '/home/b/ws_moveit2/build/srdfdom' returned '0': CMAKE_PREFIX_PATH=/opt/ros/humble /usr/bin/cmake /home/b/ws_moveit2/src/srdfdom -DCMAKE_BUILD_TYPE=Release -DCMAKE_INSTALL_PREFIX=/home/b/ws_moveit2/install/srdfdom
[4.624s] Invoking command in '/home/b/ws_moveit2/build/srdfdom': CMAKE_PREFIX_PATH=/opt/ros/humble /usr/bin/cmake --build /home/b/ws_moveit2/build/srdfdom -- -j12 -l12
[4.693s] [  9%] [32mBuilding CXX object CMakeFiles/srdfdom.dir/src/srdf_writer.cpp.o[0m
[4.696s] [ 18%] [32mBuilding CXX object gtest/CMakeFiles/gtest.dir/src/gtest-all.cc.o[0m
[4.697s] [ 27%] [32mBuilding CXX object gtest/CMakeFiles/gtest_main.dir/src/gtest_main.cc.o[0m
[4.698s] [ 36%] [32mBuilding CXX object CMakeFiles/srdfdom.dir/src/model.cpp.o[0m
[4.707s] [ 36%] Built target ament_cmake_python_copy_srdfdom
[5.117s] running egg_info
[5.118s] creating srdfdom.egg-info
[5.119s] writing srdfdom.egg-info/PKG-INFO
[5.119s] writing dependency_links to srdfdom.egg-info/dependency_links.txt
[5.120s] writing top-level names to srdfdom.egg-info/top_level.txt
[5.121s] writing manifest file 'srdfdom.egg-info/SOURCES.txt'
[5.123s] reading manifest file 'srdfdom.egg-info/SOURCES.txt'
[5.125s] writing manifest file 'srdfdom.egg-info/SOURCES.txt'
[5.169s] [ 36%] Built target ament_cmake_python_build_srdfdom_egg
[6.633s] [ 45%] [32m[1mLinking CXX static library libgtest_main.a[0m
[6.698s] [ 45%] Built target gtest_main
[11.912s] [ 54%] [32m[1mLinking CXX shared library libsrdfdom.so[0m
[12.888s] [ 54%] Built target srdfdom
[18.533s] [ 63%] [32m[1mLinking CXX static library libgtest.a[0m
[18.646s] [ 63%] Built target gtest
[18.712s] [ 72%] [32mBuilding CXX object CMakeFiles/test_cpp_nl_NL.UTF-8.dir/test/test_parser.cpp.o[0m
[18.738s] [ 81%] [32mBuilding CXX object CMakeFiles/test_cpp_C.dir/test/test_parser.cpp.o[0m
[22.544s] [ 90%] [32m[1mLinking CXX executable test_cpp_C[0m
[22.599s] [100%] [32m[1mLinking CXX executable test_cpp_nl_NL.UTF-8[0m
[22.779s] [100%] Built target test_cpp_C
[22.816s] [100%] Built target test_cpp_nl_NL.UTF-8
[22.834s] Invoked command in '/home/b/ws_moveit2/build/srdfdom' returned '0': CMAKE_PREFIX_PATH=/opt/ros/humble /usr/bin/cmake --build /home/b/ws_moveit2/build/srdfdom -- -j12 -l12
[22.837s] Invoking command in '/home/b/ws_moveit2/build/srdfdom': CMAKE_PREFIX_PATH=/opt/ros/humble /usr/bin/cmake --install /home/b/ws_moveit2/build/srdfdom
[22.843s] -- Install configuration: "Release"
[22.843s] -- Installing: /home/b/ws_moveit2/install/srdfdom/lib/libsrdfdom.so.2.0.8
[22.844s] -- Set runtime path of "/home/b/ws_moveit2/install/srdfdom/lib/libsrdfdom.so.2.0.8" to ""
[22.845s] -- Installing: /home/b/ws_moveit2/install/srdfdom/lib/libsrdfdom.so
[22.845s] -- Installing: /home/b/ws_moveit2/install/srdfdom/include/srdfdom
[22.845s] -- Installing: /home/b/ws_moveit2/install/srdfdom/include/srdfdom/srdfdom
[22.846s] -- Installing: /home/b/ws_moveit2/install/srdfdom/include/srdfdom/srdfdom/srdf_writer.h
[22.846s] -- Installing: /home/b/ws_moveit2/install/srdfdom/include/srdfdom/srdfdom/model.h
[22.846s] -- Installing: /home/b/ws_moveit2/install/srdfdom/include/srdfdom/srdfdom/visibility_control.h
[22.847s] -- Installing: /home/b/ws_moveit2/install/srdfdom/lib/srdfdom/display_srdf
[22.848s] -- Installing: /home/b/ws_moveit2/install/srdfdom/share/srdfdom/environment/pythonpath.sh
[22.848s] -- Installing: /home/b/ws_moveit2/install/srdfdom/share/srdfdom/environment/pythonpath.dsv
[22.848s] -- Installing: /home/b/ws_moveit2/install/srdfdom/local/lib/python3.10/dist-packages/srdfdom-2.0.8-py3.10.egg-info
[22.849s] -- Installing: /home/b/ws_moveit2/install/srdfdom/local/lib/python3.10/dist-packages/srdfdom-2.0.8-py3.10.egg-info/dependency_links.txt
[22.849s] -- Installing: /home/b/ws_moveit2/install/srdfdom/local/lib/python3.10/dist-packages/srdfdom-2.0.8-py3.10.egg-info/SOURCES.txt
[22.850s] -- Installing: /home/b/ws_moveit2/install/srdfdom/local/lib/python3.10/dist-packages/srdfdom-2.0.8-py3.10.egg-info/PKG-INFO
[22.850s] -- Installing: /home/b/ws_moveit2/install/srdfdom/local/lib/python3.10/dist-packages/srdfdom-2.0.8-py3.10.egg-info/top_level.txt
[22.850s] -- Installing: /home/b/ws_moveit2/install/srdfdom/local/lib/python3.10/dist-packages/srdfdom
[22.851s] -- Installing: /home/b/ws_moveit2/install/srdfdom/local/lib/python3.10/dist-packages/srdfdom/__init__.py
[22.851s] -- Installing: /home/b/ws_moveit2/install/srdfdom/local/lib/python3.10/dist-packages/srdfdom/srdf.py
[22.885s] Listing '/home/b/ws_moveit2/install/srdfdom/local/lib/python3.10/dist-packages/srdfdom'...
[22.885s] Compiling '/home/b/ws_moveit2/install/srdfdom/local/lib/python3.10/dist-packages/srdfdom/__init__.py'...
[22.885s] Compiling '/home/b/ws_moveit2/install/srdfdom/local/lib/python3.10/dist-packages/srdfdom/srdf.py'...
[22.890s] -- Installing: /home/b/ws_moveit2/install/srdfdom/share/srdfdom/environment/library_path.sh
[22.891s] -- Installing: /home/b/ws_moveit2/install/srdfdom/share/srdfdom/environment/library_path.dsv
[22.891s] -- Installing: /home/b/ws_moveit2/install/srdfdom/share/ament_index/resource_index/package_run_dependencies/srdfdom
[22.892s] -- Installing: /home/b/ws_moveit2/install/srdfdom/share/ament_index/resource_index/parent_prefix_path/srdfdom
[22.892s] -- Installing: /home/b/ws_moveit2/install/srdfdom/share/srdfdom/environment/ament_prefix_path.sh
[22.892s] -- Installing: /home/b/ws_moveit2/install/srdfdom/share/srdfdom/environment/ament_prefix_path.dsv
[22.892s] -- Installing: /home/b/ws_moveit2/install/srdfdom/share/srdfdom/environment/path.sh
[22.893s] -- Installing: /home/b/ws_moveit2/install/srdfdom/share/srdfdom/environment/path.dsv
[22.893s] -- Installing: /home/b/ws_moveit2/install/srdfdom/share/srdfdom/local_setup.bash
[22.893s] -- Installing: /home/b/ws_moveit2/install/srdfdom/share/srdfdom/local_setup.sh
[22.893s] -- Installing: /home/b/ws_moveit2/install/srdfdom/share/srdfdom/local_setup.zsh
[22.893s] -- Installing: /home/b/ws_moveit2/install/srdfdom/share/srdfdom/local_setup.dsv
[22.894s] -- Installing: /home/b/ws_moveit2/install/srdfdom/share/srdfdom/package.dsv
[22.894s] -- Installing: /home/b/ws_moveit2/install/srdfdom/share/ament_index/resource_index/packages/srdfdom
[22.894s] -- Installing: /home/b/ws_moveit2/install/srdfdom/share/srdfdom/cmake/srdfdomTargetsExport.cmake
[22.894s] -- Installing: /home/b/ws_moveit2/install/srdfdom/share/srdfdom/cmake/srdfdomTargetsExport-release.cmake
[22.894s] -- Installing: /home/b/ws_moveit2/install/srdfdom/share/srdfdom/cmake/ament_cmake_export_targets-extras.cmake
[22.894s] -- Installing: /home/b/ws_moveit2/install/srdfdom/share/srdfdom/cmake/ament_cmake_export_dependencies-extras.cmake
[22.895s] -- Installing: /home/b/ws_moveit2/install/srdfdom/share/srdfdom/cmake/srdfdomConfig.cmake
[22.895s] -- Installing: /home/b/ws_moveit2/install/srdfdom/share/srdfdom/cmake/srdfdomConfig-version.cmake
[22.895s] -- Installing: /home/b/ws_moveit2/install/srdfdom/share/srdfdom/package.xml
[22.898s] Invoked command in '/home/b/ws_moveit2/build/srdfdom' returned '0': CMAKE_PREFIX_PATH=/opt/ros/humble /usr/bin/cmake --install /home/b/ws_moveit2/build/srdfdom
