[0.395s] Invoking command in '/home/b/ws_moveit2/src/build/chomp_motion_planner': AMENT_PREFIX_PATH=/home/b/ws_moveit2/src/install/moveit_core:/home/b/ws_moveit2/src/install/moveit_resources_panda_moveit_config:/home/b/ws_moveit2/src/install/srdfdom:/home/b/ws_moveit2/src/install/moveit_resources_pr2_description:/home/b/ws_moveit2/src/install/moveit_resources_panda_description:/home/b/ws_moveit2/src/install/moveit_common:${AMENT_PREFIX_PATH} CMAKE_PREFIX_PATH=/home/b/ws_moveit2/src/install/moveit_core:/home/b/ws_moveit2/src/install/moveit_resources_panda_moveit_config:/home/b/ws_moveit2/src/install/srdfdom:/home/b/ws_moveit2/src/install/moveit_resources_pr2_description:/home/b/ws_moveit2/src/install/moveit_resources_panda_description:/home/b/ws_moveit2/src/install/moveit_common:/opt/ros/humble LD_LIBRARY_PATH=/home/b/ws_moveit2/src/install/moveit_core/lib:/home/b/ws_moveit2/src/install/srdfdom/lib:${LD_LIBRARY_PATH} PATH=/home/b/ws_moveit2/src/install/moveit_core/bin:${PATH} PYTHONPATH=/home/b/ws_moveit2/src/install/srdfdom/local/lib/python3.10/dist-packages:${PYTHONPATH} /usr/bin/cmake /home/b/ws_moveit2/src/moveit2/moveit_planners/chomp/chomp_motion_planner -DCMAKE_INSTALL_PREFIX=/home/b/ws_moveit2/src/install/chomp_motion_planner
[0.547s] -- The C compiler identification is GNU 11.4.0
[0.973s] -- The CXX compiler identification is GNU 11.4.0
[1.308s] -- Detecting C compiler ABI info
[1.448s] -- Detecting C compiler ABI info - done
[1.458s] -- Check for working C compiler: /usr/bin/cc - skipped
[1.459s] -- Detecting C compile features
[1.459s] -- Detecting C compile features - done
[1.463s] -- Detecting CXX compiler ABI info
[1.670s] -- Detecting CXX compiler ABI info - done
[1.678s] -- Check for working CXX compiler: /usr/bin/c++ - skipped
[1.680s] -- Detecting CXX compile features
[1.680s] -- Detecting CXX compile features - done
[1.682s] -- Found moveit_common: 2.5.9 (/home/b/ws_moveit2/src/install/moveit_common/share/moveit_common/cmake)
[1.685s] -- Found ament_cmake: 1.3.13 (/opt/ros/humble/share/ament_cmake/cmake)
[1.882s] -- Found Python3: /usr/bin/python3 (found version "3.10.12") found components: Interpreter 
[2.123s] [0mchomp_motion_planner: You did not request a specific build type: Choosing 'Release' for maximum performance[0m
[2.125s] -- Found moveit_core: 2.5.9 (/home/b/ws_moveit2/src/install/moveit_core/share/moveit_core/cmake)
[2.765s] -- Found Boost: /usr/lib/x86_64-linux-gnu/cmake/Boost-1.74.0/BoostConfig.cmake (found version "1.74.0") found components: chrono date_time filesystem iostreams program_options regex serialization system thread 
[4.102s] -- Found parameter_traits: 0.6.0 (/opt/ros/humble/share/parameter_traits/cmake)
[4.202s] -- Found rosidl_generator_c: 3.1.8 (/opt/ros/humble/share/rosidl_generator_c/cmake)
[4.211s] -- Found rosidl_adapter: 3.1.8 (/opt/ros/humble/share/rosidl_adapter/cmake)
[4.226s] -- Found rosidl_generator_cpp: 3.1.8 (/opt/ros/humble/share/rosidl_generator_cpp/cmake)
[4.243s] -- Using all available rosidl_typesupport_c: rosidl_typesupport_fastrtps_c;rosidl_typesupport_introspection_c
[4.277s] -- Using all available rosidl_typesupport_cpp: rosidl_typesupport_fastrtps_cpp;rosidl_typesupport_introspection_cpp
[4.357s] -- Found rmw_implementation_cmake: 6.1.2 (/opt/ros/humble/share/rmw_implementation_cmake/cmake)
[4.362s] -- Found rmw_fastrtps_cpp: 6.2.10 (/opt/ros/humble/share/rmw_fastrtps_cpp/cmake)
[5.811s] -- Found OpenSSL: /usr/lib/x86_64-linux-gnu/libcrypto.so (found version "3.0.2")  
[9.218s] -- Found FastRTPS: /opt/ros/humble/include  
[17.661s] -- Using RMW implementation 'rmw_fastrtps_cpp' as default
[17.673s] -- Found Threads: TRUE  
[17.742s] -- Found rclcpp_lifecycle: 16.0.18 (/opt/ros/humble/share/rclcpp_lifecycle/cmake)
[17.771s] -- Found Boost: /usr/lib/x86_64-linux-gnu/cmake/Boost-1.74.0/BoostConfig.cmake (found version "1.74.0") found components: filesystem 
[23.999s] -- library: /usr/lib/x86_64-linux-gnu/libcurl.so
[24.205s] -- Found Eigen3: TRUE (found version "3.4.0") 
[24.205s] -- Ensuring Eigen3 include directory is part of orocos-kdl CMake target
[28.145s] -- Found ament_lint_auto: 0.12.15 (/opt/ros/humble/share/ament_lint_auto/cmake)
[28.172s] -- Added test 'cppcheck' to perform static code analysis on C / C++ code
[28.172s] -- Configured cppcheck include dirs: /home/b/ws_moveit2/src/moveit2/moveit_planners/chomp/chomp_motion_planner/include
[28.172s] -- Configured cppcheck exclude dirs and/or files: 
[28.173s] -- Added test 'xmllint' to check XML markup files
[28.177s] -- Configuring done
[28.215s] -- Generating done
[28.227s] -- Build files have been written to: /home/b/ws_moveit2/src/build/chomp_motion_planner
[28.249s] Invoked command in '/home/b/ws_moveit2/src/build/chomp_motion_planner' returned '0': AMENT_PREFIX_PATH=/home/b/ws_moveit2/src/install/moveit_core:/home/b/ws_moveit2/src/install/moveit_resources_panda_moveit_config:/home/b/ws_moveit2/src/install/srdfdom:/home/b/ws_moveit2/src/install/moveit_resources_pr2_description:/home/b/ws_moveit2/src/install/moveit_resources_panda_description:/home/b/ws_moveit2/src/install/moveit_common:${AMENT_PREFIX_PATH} CMAKE_PREFIX_PATH=/home/b/ws_moveit2/src/install/moveit_core:/home/b/ws_moveit2/src/install/moveit_resources_panda_moveit_config:/home/b/ws_moveit2/src/install/srdfdom:/home/b/ws_moveit2/src/install/moveit_resources_pr2_description:/home/b/ws_moveit2/src/install/moveit_resources_panda_description:/home/b/ws_moveit2/src/install/moveit_common:/opt/ros/humble LD_LIBRARY_PATH=/home/b/ws_moveit2/src/install/moveit_core/lib:/home/b/ws_moveit2/src/install/srdfdom/lib:${LD_LIBRARY_PATH} PATH=/home/b/ws_moveit2/src/install/moveit_core/bin:${PATH} PYTHONPATH=/home/b/ws_moveit2/src/install/srdfdom/local/lib/python3.10/dist-packages:${PYTHONPATH} /usr/bin/cmake /home/b/ws_moveit2/src/moveit2/moveit_planners/chomp/chomp_motion_planner -DCMAKE_INSTALL_PREFIX=/home/b/ws_moveit2/src/install/chomp_motion_planner
[28.252s] Invoking command in '/home/b/ws_moveit2/src/build/chomp_motion_planner': AMENT_PREFIX_PATH=/home/b/ws_moveit2/src/install/moveit_core:/home/b/ws_moveit2/src/install/moveit_resources_panda_moveit_config:/home/b/ws_moveit2/src/install/srdfdom:/home/b/ws_moveit2/src/install/moveit_resources_pr2_description:/home/b/ws_moveit2/src/install/moveit_resources_panda_description:/home/b/ws_moveit2/src/install/moveit_common:${AMENT_PREFIX_PATH} CMAKE_PREFIX_PATH=/home/b/ws_moveit2/src/install/moveit_core:/home/b/ws_moveit2/src/install/moveit_resources_panda_moveit_config:/home/b/ws_moveit2/src/install/srdfdom:/home/b/ws_moveit2/src/install/moveit_resources_pr2_description:/home/b/ws_moveit2/src/install/moveit_resources_panda_description:/home/b/ws_moveit2/src/install/moveit_common:/opt/ros/humble LD_LIBRARY_PATH=/home/b/ws_moveit2/src/install/moveit_core/lib:/home/b/ws_moveit2/src/install/srdfdom/lib:${LD_LIBRARY_PATH} PATH=/home/b/ws_moveit2/src/install/moveit_core/bin:${PATH} PYTHONPATH=/home/b/ws_moveit2/src/install/srdfdom/local/lib/python3.10/dist-packages:${PYTHONPATH} /usr/bin/cmake --build /home/b/ws_moveit2/src/build/chomp_motion_planner -- -j12 -l12
[28.332s] [ 16%] [32mBuilding CXX object CMakeFiles/chomp_motion_planner.dir/src/chomp_cost.cpp.o[0m
[28.332s] [ 33%] [32mBuilding CXX object CMakeFiles/chomp_motion_planner.dir/src/chomp_parameters.cpp.o[0m
[28.332s] [ 66%] [32mBuilding CXX object CMakeFiles/chomp_motion_planner.dir/src/chomp_optimizer.cpp.o[0m
[28.333s] [ 66%] [32mBuilding CXX object CMakeFiles/chomp_motion_planner.dir/src/chomp_planner.cpp.o[0m
[28.337s] [ 83%] [32mBuilding CXX object CMakeFiles/chomp_motion_planner.dir/src/chomp_trajectory.cpp.o[0m
[75.842s] [100%] [32m[1mLinking CXX shared library libchomp_motion_planner.so[0m
[76.299s] [100%] Built target chomp_motion_planner
[76.317s] Invoked command in '/home/b/ws_moveit2/src/build/chomp_motion_planner' returned '0': AMENT_PREFIX_PATH=/home/b/ws_moveit2/src/install/moveit_core:/home/b/ws_moveit2/src/install/moveit_resources_panda_moveit_config:/home/b/ws_moveit2/src/install/srdfdom:/home/b/ws_moveit2/src/install/moveit_resources_pr2_description:/home/b/ws_moveit2/src/install/moveit_resources_panda_description:/home/b/ws_moveit2/src/install/moveit_common:${AMENT_PREFIX_PATH} CMAKE_PREFIX_PATH=/home/b/ws_moveit2/src/install/moveit_core:/home/b/ws_moveit2/src/install/moveit_resources_panda_moveit_config:/home/b/ws_moveit2/src/install/srdfdom:/home/b/ws_moveit2/src/install/moveit_resources_pr2_description:/home/b/ws_moveit2/src/install/moveit_resources_panda_description:/home/b/ws_moveit2/src/install/moveit_common:/opt/ros/humble LD_LIBRARY_PATH=/home/b/ws_moveit2/src/install/moveit_core/lib:/home/b/ws_moveit2/src/install/srdfdom/lib:${LD_LIBRARY_PATH} PATH=/home/b/ws_moveit2/src/install/moveit_core/bin:${PATH} PYTHONPATH=/home/b/ws_moveit2/src/install/srdfdom/local/lib/python3.10/dist-packages:${PYTHONPATH} /usr/bin/cmake --build /home/b/ws_moveit2/src/build/chomp_motion_planner -- -j12 -l12
[76.321s] Invoking command in '/home/b/ws_moveit2/src/build/chomp_motion_planner': AMENT_PREFIX_PATH=/home/b/ws_moveit2/src/install/moveit_core:/home/b/ws_moveit2/src/install/moveit_resources_panda_moveit_config:/home/b/ws_moveit2/src/install/srdfdom:/home/b/ws_moveit2/src/install/moveit_resources_pr2_description:/home/b/ws_moveit2/src/install/moveit_resources_panda_description:/home/b/ws_moveit2/src/install/moveit_common:${AMENT_PREFIX_PATH} CMAKE_PREFIX_PATH=/home/b/ws_moveit2/src/install/moveit_core:/home/b/ws_moveit2/src/install/moveit_resources_panda_moveit_config:/home/b/ws_moveit2/src/install/srdfdom:/home/b/ws_moveit2/src/install/moveit_resources_pr2_description:/home/b/ws_moveit2/src/install/moveit_resources_panda_description:/home/b/ws_moveit2/src/install/moveit_common:/opt/ros/humble LD_LIBRARY_PATH=/home/b/ws_moveit2/src/install/moveit_core/lib:/home/b/ws_moveit2/src/install/srdfdom/lib:${LD_LIBRARY_PATH} PATH=/home/b/ws_moveit2/src/install/moveit_core/bin:${PATH} PYTHONPATH=/home/b/ws_moveit2/src/install/srdfdom/local/lib/python3.10/dist-packages:${PYTHONPATH} /usr/bin/cmake --install /home/b/ws_moveit2/src/build/chomp_motion_planner
[76.339s] -- Install configuration: "Release"
[76.340s] -- Installing: /home/b/ws_moveit2/src/install/chomp_motion_planner/lib/libchomp_motion_planner.so.2.5.9
[76.342s] -- Set runtime path of "/home/b/ws_moveit2/src/install/chomp_motion_planner/lib/libchomp_motion_planner.so.2.5.9" to ""
[76.342s] -- Installing: /home/b/ws_moveit2/src/install/chomp_motion_planner/lib/libchomp_motion_planner.so
[76.342s] -- Installing: /home/b/ws_moveit2/src/install/chomp_motion_planner/include
[76.343s] -- Installing: /home/b/ws_moveit2/src/install/chomp_motion_planner/include/chomp_motion_planner
[76.343s] -- Installing: /home/b/ws_moveit2/src/install/chomp_motion_planner/include/chomp_motion_planner/chomp_utils.h
[76.344s] -- Installing: /home/b/ws_moveit2/src/install/chomp_motion_planner/include/chomp_motion_planner/chomp_optimizer.h
[76.344s] -- Installing: /home/b/ws_moveit2/src/install/chomp_motion_planner/include/chomp_motion_planner/chomp_trajectory.h
[76.345s] -- Installing: /home/b/ws_moveit2/src/install/chomp_motion_planner/include/chomp_motion_planner/chomp_planner.h
[76.345s] -- Installing: /home/b/ws_moveit2/src/install/chomp_motion_planner/include/chomp_motion_planner/chomp_cost.h
[76.345s] -- Installing: /home/b/ws_moveit2/src/install/chomp_motion_planner/include/chomp_motion_planner/chomp_parameters.h
[76.345s] -- Installing: /home/b/ws_moveit2/src/install/chomp_motion_planner/include/chomp_motion_planner/multivariate_gaussian.h
[76.345s] -- Installing: /home/b/ws_moveit2/src/install/chomp_motion_planner/share/chomp_motion_planner/environment/library_path.sh
[76.346s] -- Installing: /home/b/ws_moveit2/src/install/chomp_motion_planner/share/chomp_motion_planner/environment/library_path.dsv
[76.346s] -- Installing: /home/b/ws_moveit2/src/install/chomp_motion_planner/share/ament_index/resource_index/package_run_dependencies/chomp_motion_planner
[76.347s] -- Installing: /home/b/ws_moveit2/src/install/chomp_motion_planner/share/ament_index/resource_index/parent_prefix_path/chomp_motion_planner
[76.347s] -- Installing: /home/b/ws_moveit2/src/install/chomp_motion_planner/share/chomp_motion_planner/environment/ament_prefix_path.sh
[76.348s] -- Installing: /home/b/ws_moveit2/src/install/chomp_motion_planner/share/chomp_motion_planner/environment/ament_prefix_path.dsv
[76.348s] -- Installing: /home/b/ws_moveit2/src/install/chomp_motion_planner/share/chomp_motion_planner/environment/path.sh
[76.349s] -- Installing: /home/b/ws_moveit2/src/install/chomp_motion_planner/share/chomp_motion_planner/environment/path.dsv
[76.349s] -- Installing: /home/b/ws_moveit2/src/install/chomp_motion_planner/share/chomp_motion_planner/local_setup.bash
[76.349s] -- Installing: /home/b/ws_moveit2/src/install/chomp_motion_planner/share/chomp_motion_planner/local_setup.sh
[76.349s] -- Installing: /home/b/ws_moveit2/src/install/chomp_motion_planner/share/chomp_motion_planner/local_setup.zsh
[76.349s] -- Installing: /home/b/ws_moveit2/src/install/chomp_motion_planner/share/chomp_motion_planner/local_setup.dsv
[76.349s] -- Installing: /home/b/ws_moveit2/src/install/chomp_motion_planner/share/chomp_motion_planner/package.dsv
[76.349s] -- Installing: /home/b/ws_moveit2/src/install/chomp_motion_planner/share/ament_index/resource_index/packages/chomp_motion_planner
[76.349s] -- Installing: /home/b/ws_moveit2/src/install/chomp_motion_planner/share/chomp_motion_planner/cmake/chomp_motion_plannerTargetsExport.cmake
[76.350s] -- Installing: /home/b/ws_moveit2/src/install/chomp_motion_planner/share/chomp_motion_planner/cmake/chomp_motion_plannerTargetsExport-release.cmake
[76.350s] -- Installing: /home/b/ws_moveit2/src/install/chomp_motion_planner/share/chomp_motion_planner/cmake/ament_cmake_export_targets-extras.cmake
[76.351s] -- Installing: /home/b/ws_moveit2/src/install/chomp_motion_planner/share/chomp_motion_planner/cmake/chomp_motion_plannerConfig.cmake
[76.351s] -- Installing: /home/b/ws_moveit2/src/install/chomp_motion_planner/share/chomp_motion_planner/cmake/chomp_motion_plannerConfig-version.cmake
[76.351s] -- Installing: /home/b/ws_moveit2/src/install/chomp_motion_planner/share/chomp_motion_planner/package.xml
[76.354s] Invoked command in '/home/b/ws_moveit2/src/build/chomp_motion_planner' returned '0': AMENT_PREFIX_PATH=/home/b/ws_moveit2/src/install/moveit_core:/home/b/ws_moveit2/src/install/moveit_resources_panda_moveit_config:/home/b/ws_moveit2/src/install/srdfdom:/home/b/ws_moveit2/src/install/moveit_resources_pr2_description:/home/b/ws_moveit2/src/install/moveit_resources_panda_description:/home/b/ws_moveit2/src/install/moveit_common:${AMENT_PREFIX_PATH} CMAKE_PREFIX_PATH=/home/b/ws_moveit2/src/install/moveit_core:/home/b/ws_moveit2/src/install/moveit_resources_panda_moveit_config:/home/b/ws_moveit2/src/install/srdfdom:/home/b/ws_moveit2/src/install/moveit_resources_pr2_description:/home/b/ws_moveit2/src/install/moveit_resources_panda_description:/home/b/ws_moveit2/src/install/moveit_common:/opt/ros/humble LD_LIBRARY_PATH=/home/b/ws_moveit2/src/install/moveit_core/lib:/home/b/ws_moveit2/src/install/srdfdom/lib:${LD_LIBRARY_PATH} PATH=/home/b/ws_moveit2/src/install/moveit_core/bin:${PATH} PYTHONPATH=/home/b/ws_moveit2/src/install/srdfdom/local/lib/python3.10/dist-packages:${PYTHONPATH} /usr/bin/cmake --install /home/b/ws_moveit2/src/build/chomp_motion_planner
