[0.073s] Invoking command in '/home/b/ws_moveit2/build/moveit_common': CMAKE_PREFIX_PATH=${CMAKE_PREFIX_PATH}:/home/b/ws_moveit2/install/ur3e_motion:/home/b/ws_moveit2/install/moveit_configs_utils:/home/b/ws_moveit2/install/launch_param_builder:/opt/ros/humble /usr/bin/cmake /home/b/ws_moveit2/src/moveit2/moveit_common -DAMENT_CMAKE_SYMLINK_INSTALL=1 -DCMAKE_INSTALL_PREFIX=/home/b/ws_moveit2/install/moveit_common
[0.637s] -- Found ament_cmake: 1.3.14 (/opt/ros/humble/share/ament_cmake/cmake)
[0.637s] -- Found Python3: /usr/bin/python3 (found version "3.10.12") found components: Interpreter 
[0.637s] -- Override CMake install command with custom implementation using symlinks instead of copying resources
[0.637s] -- Found ament_lint_auto: 0.12.15 (/opt/ros/humble/share/ament_lint_auto/cmake)
[0.772s] -- Added test 'copyright' to check source files copyright and LICENSE
[0.775s] -- Added test 'lint_cmake' to check CMake code style
[0.777s] -- Added test 'xmllint' to check XML markup files
[0.781s] -- Configuring done
[0.791s] -- Generating done
[0.794s] -- Build files have been written to: /home/b/ws_moveit2/build/moveit_common
[0.799s] Invoked command in '/home/b/ws_moveit2/build/moveit_common' returned '0': CMAKE_PREFIX_PATH=${CMAKE_PREFIX_PATH}:/home/b/ws_moveit2/install/ur3e_motion:/home/b/ws_moveit2/install/moveit_configs_utils:/home/b/ws_moveit2/install/launch_param_builder:/opt/ros/humble /usr/bin/cmake /home/b/ws_moveit2/src/moveit2/moveit_common -DAMENT_CMAKE_SYMLINK_INSTALL=1 -DCMAKE_INSTALL_PREFIX=/home/b/ws_moveit2/install/moveit_common
[0.811s] Invoking command in '/home/b/ws_moveit2/build/moveit_common': CMAKE_PREFIX_PATH=${CMAKE_PREFIX_PATH}:/home/b/ws_moveit2/install/ur3e_motion:/home/b/ws_moveit2/install/moveit_configs_utils:/home/b/ws_moveit2/install/launch_param_builder:/opt/ros/humble /usr/bin/cmake --build /home/b/ws_moveit2/build/moveit_common -- -j12 -l12
[0.908s] Invoked command in '/home/b/ws_moveit2/build/moveit_common' returned '0': CMAKE_PREFIX_PATH=${CMAKE_PREFIX_PATH}:/home/b/ws_moveit2/install/ur3e_motion:/home/b/ws_moveit2/install/moveit_configs_utils:/home/b/ws_moveit2/install/launch_param_builder:/opt/ros/humble /usr/bin/cmake --build /home/b/ws_moveit2/build/moveit_common -- -j12 -l12
[0.930s] Invoking command in '/home/b/ws_moveit2/build/moveit_common': CMAKE_PREFIX_PATH=${CMAKE_PREFIX_PATH}:/home/b/ws_moveit2/install/ur3e_motion:/home/b/ws_moveit2/install/moveit_configs_utils:/home/b/ws_moveit2/install/launch_param_builder:/opt/ros/humble /usr/bin/cmake --install /home/b/ws_moveit2/build/moveit_common
[0.942s] -- Install configuration: ""
[0.943s] -- Execute custom install script
[0.944s] -- Symlinking: /home/b/ws_moveit2/install/moveit_common/share/ament_index/resource_index/package_run_dependencies/moveit_common
[0.958s] -- Symlinking: /home/b/ws_moveit2/install/moveit_common/share/ament_index/resource_index/parent_prefix_path/moveit_common
[0.974s] -- Symlinking: /home/b/ws_moveit2/install/moveit_common/share/moveit_common/environment/ament_prefix_path.sh
[0.991s] -- Symlinking: /home/b/ws_moveit2/install/moveit_common/share/moveit_common/environment/ament_prefix_path.dsv
[1.011s] -- Symlinking: /home/b/ws_moveit2/install/moveit_common/share/moveit_common/environment/path.sh
[1.024s] -- Symlinking: /home/b/ws_moveit2/install/moveit_common/share/moveit_common/environment/path.dsv
[1.040s] -- Symlinking: /home/b/ws_moveit2/install/moveit_common/share/moveit_common/local_setup.bash
[1.056s] -- Symlinking: /home/b/ws_moveit2/install/moveit_common/share/moveit_common/local_setup.sh
[1.071s] -- Symlinking: /home/b/ws_moveit2/install/moveit_common/share/moveit_common/local_setup.zsh
[1.091s] -- Symlinking: /home/b/ws_moveit2/install/moveit_common/share/moveit_common/local_setup.dsv
[1.120s] -- Symlinking: /home/b/ws_moveit2/install/moveit_common/share/moveit_common/package.dsv
[1.140s] -- Symlinking: /home/b/ws_moveit2/install/moveit_common/share/ament_index/resource_index/packages/moveit_common
[1.158s] -- Symlinking: /home/b/ws_moveit2/install/moveit_common/share/moveit_common/cmake/moveit_common-extras.cmake
[1.172s] -- Symlinking: /home/b/ws_moveit2/install/moveit_common/share/moveit_common/cmake/moveit_commonConfig.cmake
[1.185s] -- Symlinking: /home/b/ws_moveit2/install/moveit_common/share/moveit_common/cmake/moveit_commonConfig-version.cmake
[1.200s] -- Symlinking: /home/b/ws_moveit2/install/moveit_common/share/moveit_common/package.xml
[1.218s] -- Symlinking: /home/b/ws_moveit2/install/moveit_common/share/moveit_common/cmake/moveit_package.cmake
[1.251s] Invoked command in '/home/b/ws_moveit2/build/moveit_common' returned '0': CMAKE_PREFIX_PATH=${CMAKE_PREFIX_PATH}:/home/b/ws_moveit2/install/ur3e_motion:/home/b/ws_moveit2/install/moveit_configs_utils:/home/b/ws_moveit2/install/launch_param_builder:/opt/ros/humble /usr/bin/cmake --install /home/b/ws_moveit2/build/moveit_common
