[1.650s] Invoking command in '/home/b/ws_moveit2/build/moveit_servo': AMENT_PREFIX_PATH=/home/b/ws_moveit2/install/moveit_ros_planning_interface:/home/b/ws_moveit2/install/moveit_ros_move_group:/home/b/ws_moveit2/install/moveit_ros_warehouse:/home/b/ws_moveit2/install/moveit_planners_ompl:/home/b/ws_moveit2/install/moveit_kinematics:/home/b/ws_moveit2/install/moveit_ros_planning:/home/b/ws_moveit2/install/moveit_simple_controller_manager:/home/b/ws_moveit2/install/moveit_ros_occupancy_map_monitor:/home/b/ws_moveit2/install/moveit_core:/home/b/ws_moveit2/install/moveit_resources_panda_moveit_config:/home/b/ws_moveit2/install/moveit_resources_fanuc_moveit_config:/home/b/ws_moveit2/install/moveit_configs_utils:/home/b/ws_moveit2/install/srdfdom:/home/b/ws_moveit2/install/moveit_resources_pr2_description:/home/b/ws_moveit2/install/moveit_resources_panda_description:/home/b/ws_moveit2/install/moveit_resources_fanuc_description:/home/b/ws_moveit2/install/moveit_common:/home/b/ws_moveit2/install/launch_param_builder:${AMENT_PREFIX_PATH} CMAKE_PREFIX_PATH=/home/b/ws_moveit2/install/moveit_ros_planning_interface:/home/b/ws_moveit2/install/moveit_ros_move_group:/home/b/ws_moveit2/install/moveit_ros_warehouse:/home/b/ws_moveit2/install/moveit_planners_ompl:/home/b/ws_moveit2/install/moveit_kinematics:/home/b/ws_moveit2/install/moveit_ros_planning:/home/b/ws_moveit2/install/moveit_simple_controller_manager:/home/b/ws_moveit2/install/moveit_ros_occupancy_map_monitor:/home/b/ws_moveit2/install/moveit_core:/home/b/ws_moveit2/install/moveit_resources_panda_moveit_config:/home/b/ws_moveit2/install/moveit_resources_fanuc_moveit_config:/home/b/ws_moveit2/install/srdfdom:/home/b/ws_moveit2/install/moveit_resources_pr2_description:/home/b/ws_moveit2/install/moveit_resources_panda_description:/home/b/ws_moveit2/install/moveit_resources_fanuc_description:/home/b/ws_moveit2/install/moveit_common:/opt/ros/humble LD_LIBRARY_PATH=/home/b/ws_moveit2/install/moveit_ros_planning_interface/lib:/home/b/ws_moveit2/install/moveit_ros_move_group/lib:/home/b/ws_moveit2/install/moveit_ros_warehouse/lib:/home/b/ws_moveit2/install/moveit_planners_ompl/lib:/home/b/ws_moveit2/install/moveit_kinematics/lib:/home/b/ws_moveit2/install/moveit_ros_planning/lib:/home/b/ws_moveit2/install/moveit_simple_controller_manager/lib:/home/b/ws_moveit2/install/moveit_ros_occupancy_map_monitor/lib:/home/b/ws_moveit2/install/moveit_core/lib:/home/b/ws_moveit2/install/srdfdom/lib:${LD_LIBRARY_PATH} PATH=/home/b/ws_moveit2/install/moveit_core/bin:${PATH} PYTHONPATH=/home/b/ws_moveit2/install/moveit_configs_utils/lib/python3.10/site-packages:/home/b/ws_moveit2/install/srdfdom/local/lib/python3.10/dist-packages:/home/b/ws_moveit2/install/launch_param_builder/lib/python3.10/site-packages:${PYTHONPATH} /usr/bin/cmake --build /home/b/ws_moveit2/build/moveit_servo -- -j12 -l12
[1.707s] [35m[1mConsolidate compiler generated dependencies of target gtest[0m
[1.707s] [35m[1mConsolidate compiler generated dependencies of target fake_command_publisher[0m
[1.711s] [35m[1mConsolidate compiler generated dependencies of target gtest_main[0m
[1.714s] [35m[1mConsolidate compiler generated dependencies of target servo_controller_input[0m
[1.714s] [35m[1mConsolidate compiler generated dependencies of target moveit_servo_lib_parameters[0m
[1.724s] [  6%] Built target gtest
[1.724s] [ 12%] Built target gtest_main
[1.726s] [ 18%] Built target fake_command_publisher
[1.740s] [ 24%] Built target servo_controller_input
[1.744s] [ 33%] Built target moveit_servo_lib_parameters
[1.763s] [35m[1mConsolidate compiler generated dependencies of target test_servo_integration[0m
[1.764s] [35m[1mConsolidate compiler generated dependencies of target test_servo_collision[0m
[1.780s] [35m[1mConsolidate compiler generated dependencies of target moveit_servo_lib[0m
[1.791s] [ 39%] Built target test_servo_integration
[1.791s] [ 45%] Built target test_servo_collision
[1.817s] [ 63%] Built target moveit_servo_lib
[1.832s] [35m[1mConsolidate compiler generated dependencies of target pose_tracking[0m
[1.833s] [35m[1mConsolidate compiler generated dependencies of target servo_calcs_unit_tests[0m
[1.834s] [35m[1mConsolidate compiler generated dependencies of target servo_node[0m
[1.856s] [ 75%] Built target servo_calcs_unit_tests
[1.856s] [ 75%] Built target pose_tracking
[1.860s] [ 81%] Built target servo_node
[1.872s] [35m[1mConsolidate compiler generated dependencies of target test_servo_pose_tracking[0m
[1.873s] [35m[1mConsolidate compiler generated dependencies of target servo_pose_tracking_demo[0m
[1.877s] [35m[1mConsolidate compiler generated dependencies of target servo_node_main[0m
[1.893s] [ 87%] Built target test_servo_pose_tracking
[1.896s] [ 93%] Built target servo_pose_tracking_demo
[1.899s] [100%] Built target servo_node_main
[1.909s] Invoked command in '/home/b/ws_moveit2/build/moveit_servo' returned '0': AMENT_PREFIX_PATH=/home/b/ws_moveit2/install/moveit_ros_planning_interface:/home/b/ws_moveit2/install/moveit_ros_move_group:/home/b/ws_moveit2/install/moveit_ros_warehouse:/home/b/ws_moveit2/install/moveit_planners_ompl:/home/b/ws_moveit2/install/moveit_kinematics:/home/b/ws_moveit2/install/moveit_ros_planning:/home/b/ws_moveit2/install/moveit_simple_controller_manager:/home/b/ws_moveit2/install/moveit_ros_occupancy_map_monitor:/home/b/ws_moveit2/install/moveit_core:/home/b/ws_moveit2/install/moveit_resources_panda_moveit_config:/home/b/ws_moveit2/install/moveit_resources_fanuc_moveit_config:/home/b/ws_moveit2/install/moveit_configs_utils:/home/b/ws_moveit2/install/srdfdom:/home/b/ws_moveit2/install/moveit_resources_pr2_description:/home/b/ws_moveit2/install/moveit_resources_panda_description:/home/b/ws_moveit2/install/moveit_resources_fanuc_description:/home/b/ws_moveit2/install/moveit_common:/home/b/ws_moveit2/install/launch_param_builder:${AMENT_PREFIX_PATH} CMAKE_PREFIX_PATH=/home/b/ws_moveit2/install/moveit_ros_planning_interface:/home/b/ws_moveit2/install/moveit_ros_move_group:/home/b/ws_moveit2/install/moveit_ros_warehouse:/home/b/ws_moveit2/install/moveit_planners_ompl:/home/b/ws_moveit2/install/moveit_kinematics:/home/b/ws_moveit2/install/moveit_ros_planning:/home/b/ws_moveit2/install/moveit_simple_controller_manager:/home/b/ws_moveit2/install/moveit_ros_occupancy_map_monitor:/home/b/ws_moveit2/install/moveit_core:/home/b/ws_moveit2/install/moveit_resources_panda_moveit_config:/home/b/ws_moveit2/install/moveit_resources_fanuc_moveit_config:/home/b/ws_moveit2/install/srdfdom:/home/b/ws_moveit2/install/moveit_resources_pr2_description:/home/b/ws_moveit2/install/moveit_resources_panda_description:/home/b/ws_moveit2/install/moveit_resources_fanuc_description:/home/b/ws_moveit2/install/moveit_common:/opt/ros/humble LD_LIBRARY_PATH=/home/b/ws_moveit2/install/moveit_ros_planning_interface/lib:/home/b/ws_moveit2/install/moveit_ros_move_group/lib:/home/b/ws_moveit2/install/moveit_ros_warehouse/lib:/home/b/ws_moveit2/install/moveit_planners_ompl/lib:/home/b/ws_moveit2/install/moveit_kinematics/lib:/home/b/ws_moveit2/install/moveit_ros_planning/lib:/home/b/ws_moveit2/install/moveit_simple_controller_manager/lib:/home/b/ws_moveit2/install/moveit_ros_occupancy_map_monitor/lib:/home/b/ws_moveit2/install/moveit_core/lib:/home/b/ws_moveit2/install/srdfdom/lib:${LD_LIBRARY_PATH} PATH=/home/b/ws_moveit2/install/moveit_core/bin:${PATH} PYTHONPATH=/home/b/ws_moveit2/install/moveit_configs_utils/lib/python3.10/site-packages:/home/b/ws_moveit2/install/srdfdom/local/lib/python3.10/dist-packages:/home/b/ws_moveit2/install/launch_param_builder/lib/python3.10/site-packages:${PYTHONPATH} /usr/bin/cmake --build /home/b/ws_moveit2/build/moveit_servo -- -j12 -l12
[1.916s] Invoking command in '/home/b/ws_moveit2/build/moveit_servo': AMENT_PREFIX_PATH=/home/b/ws_moveit2/install/moveit_ros_planning_interface:/home/b/ws_moveit2/install/moveit_ros_move_group:/home/b/ws_moveit2/install/moveit_ros_warehouse:/home/b/ws_moveit2/install/moveit_planners_ompl:/home/b/ws_moveit2/install/moveit_kinematics:/home/b/ws_moveit2/install/moveit_ros_planning:/home/b/ws_moveit2/install/moveit_simple_controller_manager:/home/b/ws_moveit2/install/moveit_ros_occupancy_map_monitor:/home/b/ws_moveit2/install/moveit_core:/home/b/ws_moveit2/install/moveit_resources_panda_moveit_config:/home/b/ws_moveit2/install/moveit_resources_fanuc_moveit_config:/home/b/ws_moveit2/install/moveit_configs_utils:/home/b/ws_moveit2/install/srdfdom:/home/b/ws_moveit2/install/moveit_resources_pr2_description:/home/b/ws_moveit2/install/moveit_resources_panda_description:/home/b/ws_moveit2/install/moveit_resources_fanuc_description:/home/b/ws_moveit2/install/moveit_common:/home/b/ws_moveit2/install/launch_param_builder:${AMENT_PREFIX_PATH} CMAKE_PREFIX_PATH=/home/b/ws_moveit2/install/moveit_ros_planning_interface:/home/b/ws_moveit2/install/moveit_ros_move_group:/home/b/ws_moveit2/install/moveit_ros_warehouse:/home/b/ws_moveit2/install/moveit_planners_ompl:/home/b/ws_moveit2/install/moveit_kinematics:/home/b/ws_moveit2/install/moveit_ros_planning:/home/b/ws_moveit2/install/moveit_simple_controller_manager:/home/b/ws_moveit2/install/moveit_ros_occupancy_map_monitor:/home/b/ws_moveit2/install/moveit_core:/home/b/ws_moveit2/install/moveit_resources_panda_moveit_config:/home/b/ws_moveit2/install/moveit_resources_fanuc_moveit_config:/home/b/ws_moveit2/install/srdfdom:/home/b/ws_moveit2/install/moveit_resources_pr2_description:/home/b/ws_moveit2/install/moveit_resources_panda_description:/home/b/ws_moveit2/install/moveit_resources_fanuc_description:/home/b/ws_moveit2/install/moveit_common:/opt/ros/humble LD_LIBRARY_PATH=/home/b/ws_moveit2/install/moveit_ros_planning_interface/lib:/home/b/ws_moveit2/install/moveit_ros_move_group/lib:/home/b/ws_moveit2/install/moveit_ros_warehouse/lib:/home/b/ws_moveit2/install/moveit_planners_ompl/lib:/home/b/ws_moveit2/install/moveit_kinematics/lib:/home/b/ws_moveit2/install/moveit_ros_planning/lib:/home/b/ws_moveit2/install/moveit_simple_controller_manager/lib:/home/b/ws_moveit2/install/moveit_ros_occupancy_map_monitor/lib:/home/b/ws_moveit2/install/moveit_core/lib:/home/b/ws_moveit2/install/srdfdom/lib:${LD_LIBRARY_PATH} PATH=/home/b/ws_moveit2/install/moveit_core/bin:${PATH} PYTHONPATH=/home/b/ws_moveit2/install/moveit_configs_utils/lib/python3.10/site-packages:/home/b/ws_moveit2/install/srdfdom/local/lib/python3.10/dist-packages:/home/b/ws_moveit2/install/launch_param_builder/lib/python3.10/site-packages:${PYTHONPATH} /usr/bin/cmake --install /home/b/ws_moveit2/build/moveit_servo
[1.924s] -- Install configuration: "Release"
[1.925s] -- Up-to-date: /home/b/ws_moveit2/install/moveit_servo/lib/libmoveit_servo_lib.so.2.5.9
[1.925s] -- Up-to-date: /home/b/ws_moveit2/install/moveit_servo/lib/libmoveit_servo_lib.so
[1.926s] -- Up-to-date: /home/b/ws_moveit2/install/moveit_servo/lib/libmoveit_servo_lib_parameters.so.2.5.9
[1.926s] -- Up-to-date: /home/b/ws_moveit2/install/moveit_servo/lib/libmoveit_servo_lib_parameters.so
[1.927s] -- Up-to-date: /home/b/ws_moveit2/install/moveit_servo/lib/libpose_tracking.so
[1.928s] -- Up-to-date: /home/b/ws_moveit2/install/moveit_servo/lib/libservo_node.so
[1.929s] -- Up-to-date: /home/b/ws_moveit2/install/moveit_servo/lib/libservo_controller_input.so
[1.931s] -- Up-to-date: /home/b/ws_moveit2/install/moveit_servo/lib/moveit_servo/servo_node_main
[1.932s] -- Up-to-date: /home/b/ws_moveit2/install/moveit_servo/lib/moveit_servo/servo_pose_tracking_demo
[1.933s] -- Up-to-date: /home/b/ws_moveit2/install/moveit_servo/lib/moveit_servo/fake_command_publisher
[1.933s] -- Up-to-date: /home/b/ws_moveit2/install/moveit_servo/include
[1.933s] -- Up-to-date: /home/b/ws_moveit2/install/moveit_servo/include/moveit_servo
[1.934s] -- Up-to-date: /home/b/ws_moveit2/install/moveit_servo/include/moveit_servo/status_codes.h
[1.934s] -- Up-to-date: /home/b/ws_moveit2/install/moveit_servo/include/moveit_servo/servo.h
[1.934s] -- Up-to-date: /home/b/ws_moveit2/install/moveit_servo/include/moveit_servo/servo_calcs.h
[1.934s] -- Up-to-date: /home/b/ws_moveit2/install/moveit_servo/include/moveit_servo/utilities.h
[1.934s] -- Up-to-date: /home/b/ws_moveit2/install/moveit_servo/include/moveit_servo/make_shared_from_pool.h
[1.934s] -- Up-to-date: /home/b/ws_moveit2/install/moveit_servo/include/moveit_servo/servo_parameters.h
[1.934s] -- Up-to-date: /home/b/ws_moveit2/install/moveit_servo/include/moveit_servo/servo_server.h
[1.934s] -- Up-to-date: /home/b/ws_moveit2/install/moveit_servo/include/moveit_servo/pose_tracking.h
[1.934s] -- Up-to-date: /home/b/ws_moveit2/install/moveit_servo/include/moveit_servo/collision_check.h
[1.934s] -- Up-to-date: /home/b/ws_moveit2/install/moveit_servo/include/moveit_servo/enforce_limits.hpp
[1.934s] -- Up-to-date: /home/b/ws_moveit2/install/moveit_servo/include/moveit_servo/servo_node.h
[1.934s] -- Up-to-date: /home/b/ws_moveit2/install/moveit_servo/include/moveit_servo/parameter_descriptor_builder.hpp
[1.934s] -- Up-to-date: /home/b/ws_moveit2/install/moveit_servo/share/moveit_servo/launch
[1.935s] -- Up-to-date: /home/b/ws_moveit2/install/moveit_servo/share/moveit_servo/launch/servo_example.launch.py
[1.935s] -- Up-to-date: /home/b/ws_moveit2/install/moveit_servo/share/moveit_servo/launch/pose_tracking_example.launch.py
[1.935s] -- Up-to-date: /home/b/ws_moveit2/install/moveit_servo/share/moveit_servo/config
[1.936s] -- Up-to-date: /home/b/ws_moveit2/install/moveit_servo/share/moveit_servo/config/panda_simulated_config_pose_tracking.yaml
[1.936s] -- Up-to-date: /home/b/ws_moveit2/install/moveit_servo/share/moveit_servo/config/pose_tracking_settings.yaml
[1.936s] -- Up-to-date: /home/b/ws_moveit2/install/moveit_servo/share/moveit_servo/config/panda_simulated_config.yaml
[1.936s] -- Up-to-date: /home/b/ws_moveit2/install/moveit_servo/share/moveit_servo/config/demo_rviz_pose_tracking.rviz
[1.936s] -- Up-to-date: /home/b/ws_moveit2/install/moveit_servo/share/moveit_servo/config/demo_rviz_config.rviz
[1.936s] -- Up-to-date: /home/b/ws_moveit2/install/moveit_servo/share/moveit_servo/environment/library_path.sh
[1.936s] -- Up-to-date: /home/b/ws_moveit2/install/moveit_servo/share/moveit_servo/environment/library_path.dsv
[1.937s] -- Up-to-date: /home/b/ws_moveit2/install/moveit_servo/share/ament_index/resource_index/package_run_dependencies/moveit_servo
[1.937s] -- Up-to-date: /home/b/ws_moveit2/install/moveit_servo/share/ament_index/resource_index/parent_prefix_path/moveit_servo
[1.938s] -- Up-to-date: /home/b/ws_moveit2/install/moveit_servo/share/moveit_servo/environment/ament_prefix_path.sh
[1.938s] -- Up-to-date: /home/b/ws_moveit2/install/moveit_servo/share/moveit_servo/environment/ament_prefix_path.dsv
[1.938s] -- Up-to-date: /home/b/ws_moveit2/install/moveit_servo/share/moveit_servo/environment/path.sh
[1.938s] -- Up-to-date: /home/b/ws_moveit2/install/moveit_servo/share/moveit_servo/environment/path.dsv
[1.938s] -- Up-to-date: /home/b/ws_moveit2/install/moveit_servo/share/moveit_servo/local_setup.bash
[1.938s] -- Up-to-date: /home/b/ws_moveit2/install/moveit_servo/share/moveit_servo/local_setup.sh
[1.938s] -- Up-to-date: /home/b/ws_moveit2/install/moveit_servo/share/moveit_servo/local_setup.zsh
[1.938s] -- Up-to-date: /home/b/ws_moveit2/install/moveit_servo/share/moveit_servo/local_setup.dsv
[1.938s] -- Installing: /home/b/ws_moveit2/install/moveit_servo/share/moveit_servo/package.dsv
[1.938s] -- Up-to-date: /home/b/ws_moveit2/install/moveit_servo/share/ament_index/resource_index/packages/moveit_servo
[1.939s] -- Up-to-date: /home/b/ws_moveit2/install/moveit_servo/share/ament_index/resource_index/rclcpp_components/moveit_servo
[1.941s] -- Up-to-date: /home/b/ws_moveit2/install/moveit_servo/share/moveit_servo/cmake/export_moveit_servoExport.cmake
[1.941s] -- Up-to-date: /home/b/ws_moveit2/install/moveit_servo/share/moveit_servo/cmake/export_moveit_servoExport-release.cmake
[1.941s] -- Up-to-date: /home/b/ws_moveit2/install/moveit_servo/share/moveit_servo/cmake/ament_cmake_export_targets-extras.cmake
[1.942s] -- Up-to-date: /home/b/ws_moveit2/install/moveit_servo/share/moveit_servo/cmake/ament_cmake_export_dependencies-extras.cmake
[1.942s] -- Up-to-date: /home/b/ws_moveit2/install/moveit_servo/share/moveit_servo/cmake/moveit_servoConfig.cmake
[1.942s] -- Up-to-date: /home/b/ws_moveit2/install/moveit_servo/share/moveit_servo/cmake/moveit_servoConfig-version.cmake
[1.942s] -- Up-to-date: /home/b/ws_moveit2/install/moveit_servo/share/moveit_servo/package.xml
[1.944s] Invoked command in '/home/b/ws_moveit2/build/moveit_servo' returned '0': AMENT_PREFIX_PATH=/home/b/ws_moveit2/install/moveit_ros_planning_interface:/home/b/ws_moveit2/install/moveit_ros_move_group:/home/b/ws_moveit2/install/moveit_ros_warehouse:/home/b/ws_moveit2/install/moveit_planners_ompl:/home/b/ws_moveit2/install/moveit_kinematics:/home/b/ws_moveit2/install/moveit_ros_planning:/home/b/ws_moveit2/install/moveit_simple_controller_manager:/home/b/ws_moveit2/install/moveit_ros_occupancy_map_monitor:/home/b/ws_moveit2/install/moveit_core:/home/b/ws_moveit2/install/moveit_resources_panda_moveit_config:/home/b/ws_moveit2/install/moveit_resources_fanuc_moveit_config:/home/b/ws_moveit2/install/moveit_configs_utils:/home/b/ws_moveit2/install/srdfdom:/home/b/ws_moveit2/install/moveit_resources_pr2_description:/home/b/ws_moveit2/install/moveit_resources_panda_description:/home/b/ws_moveit2/install/moveit_resources_fanuc_description:/home/b/ws_moveit2/install/moveit_common:/home/b/ws_moveit2/install/launch_param_builder:${AMENT_PREFIX_PATH} CMAKE_PREFIX_PATH=/home/b/ws_moveit2/install/moveit_ros_planning_interface:/home/b/ws_moveit2/install/moveit_ros_move_group:/home/b/ws_moveit2/install/moveit_ros_warehouse:/home/b/ws_moveit2/install/moveit_planners_ompl:/home/b/ws_moveit2/install/moveit_kinematics:/home/b/ws_moveit2/install/moveit_ros_planning:/home/b/ws_moveit2/install/moveit_simple_controller_manager:/home/b/ws_moveit2/install/moveit_ros_occupancy_map_monitor:/home/b/ws_moveit2/install/moveit_core:/home/b/ws_moveit2/install/moveit_resources_panda_moveit_config:/home/b/ws_moveit2/install/moveit_resources_fanuc_moveit_config:/home/b/ws_moveit2/install/srdfdom:/home/b/ws_moveit2/install/moveit_resources_pr2_description:/home/b/ws_moveit2/install/moveit_resources_panda_description:/home/b/ws_moveit2/install/moveit_resources_fanuc_description:/home/b/ws_moveit2/install/moveit_common:/opt/ros/humble LD_LIBRARY_PATH=/home/b/ws_moveit2/install/moveit_ros_planning_interface/lib:/home/b/ws_moveit2/install/moveit_ros_move_group/lib:/home/b/ws_moveit2/install/moveit_ros_warehouse/lib:/home/b/ws_moveit2/install/moveit_planners_ompl/lib:/home/b/ws_moveit2/install/moveit_kinematics/lib:/home/b/ws_moveit2/install/moveit_ros_planning/lib:/home/b/ws_moveit2/install/moveit_simple_controller_manager/lib:/home/b/ws_moveit2/install/moveit_ros_occupancy_map_monitor/lib:/home/b/ws_moveit2/install/moveit_core/lib:/home/b/ws_moveit2/install/srdfdom/lib:${LD_LIBRARY_PATH} PATH=/home/b/ws_moveit2/install/moveit_core/bin:${PATH} PYTHONPATH=/home/b/ws_moveit2/install/moveit_configs_utils/lib/python3.10/site-packages:/home/b/ws_moveit2/install/srdfdom/local/lib/python3.10/dist-packages:/home/b/ws_moveit2/install/launch_param_builder/lib/python3.10/site-packages:${PYTHONPATH} /usr/bin/cmake --install /home/b/ws_moveit2/build/moveit_servo
