[0.045s] Invoking command in '/home/b/ws_moveit2/build/moveit_resources_fanuc_moveit_config': AMENT_PREFIX_PATH=/home/b/ws_moveit2/install/moveit_resources_fanuc_description:${AMENT_PREFIX_PATH} CMAKE_PREFIX_PATH=/home/b/ws_moveit2/install/moveit_resources_fanuc_description:/opt/ros/humble /usr/bin/cmake /home/b/ws_moveit2/src/moveit_resources/fanuc_moveit_config -DCMAKE_BUILD_TYPE=Release -DCMAKE_INSTALL_PREFIX=/home/b/ws_moveit2/install/moveit_resources_fanuc_moveit_config
[0.177s] -- The C compiler identification is GNU 11.4.0
[0.584s] -- The CXX compiler identification is GNU 11.4.0
[0.925s] -- Detecting C compiler ABI info
[1.039s] -- Detecting C compiler ABI info - done
[1.046s] -- Check for working C compiler: /usr/bin/cc - skipped
[1.046s] -- Detecting C compile features
[1.046s] -- Detecting C compile features - done
[1.048s] -- Detecting CXX compiler ABI info
[1.175s] -- Detecting CXX compiler ABI info - done
[1.182s] -- Check for working CXX compiler: /usr/bin/c++ - skipped
[1.182s] -- Detecting CXX compile features
[1.183s] -- Detecting CXX compile features - done
[1.185s] -- Found ament_cmake: 1.3.13 (/opt/ros/humble/share/ament_cmake/cmake)
[1.330s] -- Found Python3: /usr/bin/python3 (found version "3.10.12") found components: Interpreter 
[1.473s] -- Configuring done
[1.476s] -- Generating done
[1.477s] -- Build files have been written to: /home/b/ws_moveit2/build/moveit_resources_fanuc_moveit_config
[1.481s] Invoked command in '/home/b/ws_moveit2/build/moveit_resources_fanuc_moveit_config' returned '0': AMENT_PREFIX_PATH=/home/b/ws_moveit2/install/moveit_resources_fanuc_description:${AMENT_PREFIX_PATH} CMAKE_PREFIX_PATH=/home/b/ws_moveit2/install/moveit_resources_fanuc_description:/opt/ros/humble /usr/bin/cmake /home/b/ws_moveit2/src/moveit_resources/fanuc_moveit_config -DCMAKE_BUILD_TYPE=Release -DCMAKE_INSTALL_PREFIX=/home/b/ws_moveit2/install/moveit_resources_fanuc_moveit_config
[1.484s] Invoking command in '/home/b/ws_moveit2/build/moveit_resources_fanuc_moveit_config': AMENT_PREFIX_PATH=/home/b/ws_moveit2/install/moveit_resources_fanuc_description:${AMENT_PREFIX_PATH} CMAKE_PREFIX_PATH=/home/b/ws_moveit2/install/moveit_resources_fanuc_description:/opt/ros/humble /usr/bin/cmake --build /home/b/ws_moveit2/build/moveit_resources_fanuc_moveit_config -- -j12 -l12
[1.513s] Invoked command in '/home/b/ws_moveit2/build/moveit_resources_fanuc_moveit_config' returned '0': AMENT_PREFIX_PATH=/home/b/ws_moveit2/install/moveit_resources_fanuc_description:${AMENT_PREFIX_PATH} CMAKE_PREFIX_PATH=/home/b/ws_moveit2/install/moveit_resources_fanuc_description:/opt/ros/humble /usr/bin/cmake --build /home/b/ws_moveit2/build/moveit_resources_fanuc_moveit_config -- -j12 -l12
[1.515s] Invoking command in '/home/b/ws_moveit2/build/moveit_resources_fanuc_moveit_config': AMENT_PREFIX_PATH=/home/b/ws_moveit2/install/moveit_resources_fanuc_description:${AMENT_PREFIX_PATH} CMAKE_PREFIX_PATH=/home/b/ws_moveit2/install/moveit_resources_fanuc_description:/opt/ros/humble /usr/bin/cmake --install /home/b/ws_moveit2/build/moveit_resources_fanuc_moveit_config
[1.522s] -- Install configuration: "Release"
[1.523s] -- Installing: /home/b/ws_moveit2/install/moveit_resources_fanuc_moveit_config/share/ament_index/resource_index/package_run_dependencies/moveit_resources_fanuc_moveit_config
[1.524s] -- Installing: /home/b/ws_moveit2/install/moveit_resources_fanuc_moveit_config/share/ament_index/resource_index/parent_prefix_path/moveit_resources_fanuc_moveit_config
[1.524s] -- Installing: /home/b/ws_moveit2/install/moveit_resources_fanuc_moveit_config/share/moveit_resources_fanuc_moveit_config/environment/ament_prefix_path.sh
[1.525s] -- Installing: /home/b/ws_moveit2/install/moveit_resources_fanuc_moveit_config/share/moveit_resources_fanuc_moveit_config/environment/ament_prefix_path.dsv
[1.525s] -- Installing: /home/b/ws_moveit2/install/moveit_resources_fanuc_moveit_config/share/moveit_resources_fanuc_moveit_config/environment/path.sh
[1.525s] -- Installing: /home/b/ws_moveit2/install/moveit_resources_fanuc_moveit_config/share/moveit_resources_fanuc_moveit_config/environment/path.dsv
[1.526s] -- Installing: /home/b/ws_moveit2/install/moveit_resources_fanuc_moveit_config/share/moveit_resources_fanuc_moveit_config/local_setup.bash
[1.526s] -- Installing: /home/b/ws_moveit2/install/moveit_resources_fanuc_moveit_config/share/moveit_resources_fanuc_moveit_config/local_setup.sh
[1.526s] -- Installing: /home/b/ws_moveit2/install/moveit_resources_fanuc_moveit_config/share/moveit_resources_fanuc_moveit_config/local_setup.zsh
[1.526s] -- Installing: /home/b/ws_moveit2/install/moveit_resources_fanuc_moveit_config/share/moveit_resources_fanuc_moveit_config/local_setup.dsv
[1.527s] -- Installing: /home/b/ws_moveit2/install/moveit_resources_fanuc_moveit_config/share/moveit_resources_fanuc_moveit_config/package.dsv
[1.528s] -- Installing: /home/b/ws_moveit2/install/moveit_resources_fanuc_moveit_config/share/ament_index/resource_index/packages/moveit_resources_fanuc_moveit_config
[1.528s] -- Installing: /home/b/ws_moveit2/install/moveit_resources_fanuc_moveit_config/share/moveit_resources_fanuc_moveit_config/cmake/moveit_resources_fanuc_moveit_configConfig.cmake
[1.528s] -- Installing: /home/b/ws_moveit2/install/moveit_resources_fanuc_moveit_config/share/moveit_resources_fanuc_moveit_config/cmake/moveit_resources_fanuc_moveit_configConfig-version.cmake
[1.528s] -- Installing: /home/b/ws_moveit2/install/moveit_resources_fanuc_moveit_config/share/moveit_resources_fanuc_moveit_config/package.xml
[1.528s] -- Installing: /home/b/ws_moveit2/install/moveit_resources_fanuc_moveit_config/share/moveit_resources_fanuc_moveit_config/launch
[1.529s] -- Installing: /home/b/ws_moveit2/install/moveit_resources_fanuc_moveit_config/share/moveit_resources_fanuc_moveit_config/launch/moveit.rviz
[1.529s] -- Installing: /home/b/ws_moveit2/install/moveit_resources_fanuc_moveit_config/share/moveit_resources_fanuc_moveit_config/launch/demo.launch.py
[1.529s] -- Installing: /home/b/ws_moveit2/install/moveit_resources_fanuc_moveit_config/share/moveit_resources_fanuc_moveit_config/config
[1.529s] -- Installing: /home/b/ws_moveit2/install/moveit_resources_fanuc_moveit_config/share/moveit_resources_fanuc_moveit_config/config/fanuc.ros2_control.xacro
[1.530s] -- Installing: /home/b/ws_moveit2/install/moveit_resources_fanuc_moveit_config/share/moveit_resources_fanuc_moveit_config/config/joint_limits.yaml
[1.530s] -- Installing: /home/b/ws_moveit2/install/moveit_resources_fanuc_moveit_config/share/moveit_resources_fanuc_moveit_config/config/fanuc.urdf.xacro
[1.530s] -- Installing: /home/b/ws_moveit2/install/moveit_resources_fanuc_moveit_config/share/moveit_resources_fanuc_moveit_config/config/chomp_planning.yaml
[1.530s] -- Installing: /home/b/ws_moveit2/install/moveit_resources_fanuc_moveit_config/share/moveit_resources_fanuc_moveit_config/config/ros2_controllers.yaml
[1.530s] -- Installing: /home/b/ws_moveit2/install/moveit_resources_fanuc_moveit_config/share/moveit_resources_fanuc_moveit_config/config/ompl_planning.yaml
[1.531s] -- Installing: /home/b/ws_moveit2/install/moveit_resources_fanuc_moveit_config/share/moveit_resources_fanuc_moveit_config/config/sensors_3d.yaml
[1.531s] -- Installing: /home/b/ws_moveit2/install/moveit_resources_fanuc_moveit_config/share/moveit_resources_fanuc_moveit_config/config/pilz_cartesian_limits.yaml
[1.531s] -- Installing: /home/b/ws_moveit2/install/moveit_resources_fanuc_moveit_config/share/moveit_resources_fanuc_moveit_config/config/moveit_controllers.yaml
[1.531s] -- Installing: /home/b/ws_moveit2/install/moveit_resources_fanuc_moveit_config/share/moveit_resources_fanuc_moveit_config/config/initial_positions.yaml
[1.531s] -- Installing: /home/b/ws_moveit2/install/moveit_resources_fanuc_moveit_config/share/moveit_resources_fanuc_moveit_config/config/fanuc.srdf
[1.531s] -- Installing: /home/b/ws_moveit2/install/moveit_resources_fanuc_moveit_config/share/moveit_resources_fanuc_moveit_config/config/kinematics.yaml
[1.531s] -- Installing: /home/b/ws_moveit2/install/moveit_resources_fanuc_moveit_config/share/moveit_resources_fanuc_moveit_config/.setup_assistant
[1.535s] Invoked command in '/home/b/ws_moveit2/build/moveit_resources_fanuc_moveit_config' returned '0': AMENT_PREFIX_PATH=/home/b/ws_moveit2/install/moveit_resources_fanuc_description:${AMENT_PREFIX_PATH} CMAKE_PREFIX_PATH=/home/b/ws_moveit2/install/moveit_resources_fanuc_description:/opt/ros/humble /usr/bin/cmake --install /home/b/ws_moveit2/build/moveit_resources_fanuc_moveit_config
