[0.000000] (-) TimerEvent: {}
[0.000530] (-) JobUnselected: {'identifier': 'chomp_motion_planner'}
[0.000575] (-) JobUnselected: {'identifier': 'launch_param_builder'}
[0.000588] (-) JobUnselected: {'identifier': 'moveit'}
[0.000599] (-) JobUnselected: {'identifier': 'moveit2_tutorials'}
[0.000627] (-) JobUnselected: {'identifier': 'moveit_chomp_optimizer_adapter'}
[0.000642] (-) JobUnselected: {'identifier': 'moveit_common'}
[0.000671] (-) JobUnselected: {'identifier': 'moveit_configs_utils'}
[0.000785] (-) JobUnselected: {'identifier': 'moveit_core'}
[0.000816] (-) JobUnselected: {'identifier': 'moveit_hybrid_planning'}
[0.000827] (-) JobUnselected: {'identifier': 'moveit_kinematics'}
[0.000840] (-) JobUnselected: {'identifier': 'moveit_planners'}
[0.000871] (-) JobUnselected: {'identifier': 'moveit_planners_chomp'}
[0.000923] (-) JobUnselected: {'identifier': 'moveit_planners_ompl'}
[0.000952] (-) JobUnselected: {'identifier': 'moveit_plugins'}
[0.000981] (-) JobUnselected: {'identifier': 'moveit_py'}
[0.001010] (-) JobUnselected: {'identifier': 'moveit_resources'}
[0.001038] (-) JobUnselected: {'identifier': 'moveit_resources_fanuc_description'}
[0.001049] (-) JobUnselected: {'identifier': 'moveit_resources_fanuc_moveit_config'}
[0.001063] (-) JobUnselected: {'identifier': 'moveit_resources_panda_description'}
[0.001091] (-) JobUnselected: {'identifier': 'moveit_resources_panda_moveit_config'}
[0.001119] (-) JobUnselected: {'identifier': 'moveit_resources_pr2_description'}
[0.001148] (-) JobUnselected: {'identifier': 'moveit_resources_prbt_ikfast_manipulator_plugin'}
[0.001176] (-) JobUnselected: {'identifier': 'moveit_resources_prbt_moveit_config'}
[0.001205] (-) JobUnselected: {'identifier': 'moveit_resources_prbt_pg70_support'}
[0.001233] (-) JobUnselected: {'identifier': 'moveit_resources_prbt_support'}
[0.001261] (-) JobUnselected: {'identifier': 'moveit_ros'}
[0.001289] (-) JobUnselected: {'identifier': 'moveit_ros_benchmarks'}
[0.001317] (-) JobUnselected: {'identifier': 'moveit_ros_control_interface'}
[0.001345] (-) JobUnselected: {'identifier': 'moveit_ros_move_group'}
[0.001373] (-) JobUnselected: {'identifier': 'moveit_ros_occupancy_map_monitor'}
[0.001401] (-) JobUnselected: {'identifier': 'moveit_ros_perception'}
[0.001447] (-) JobUnselected: {'identifier': 'moveit_ros_planning'}
[0.001457] (-) JobUnselected: {'identifier': 'moveit_ros_planning_interface'}
[0.001490] (-) JobUnselected: {'identifier': 'moveit_ros_robot_interaction'}
[0.001518] (-) JobUnselected: {'identifier': 'moveit_ros_visualization'}
[0.001548] (-) JobUnselected: {'identifier': 'moveit_ros_warehouse'}
[0.001559] (-) JobUnselected: {'identifier': 'moveit_runtime'}
[0.001571] (-) JobUnselected: {'identifier': 'moveit_servo'}
[0.001599] (-) JobUnselected: {'identifier': 'moveit_setup_app_plugins'}
[0.001628] (-) JobUnselected: {'identifier': 'moveit_setup_assistant'}
[0.001639] (-) JobUnselected: {'identifier': 'moveit_setup_controllers'}
[0.001650] (-) JobUnselected: {'identifier': 'moveit_setup_core_plugins'}
[0.001676] (-) JobUnselected: {'identifier': 'moveit_setup_framework'}
[0.001690] (-) JobUnselected: {'identifier': 'moveit_setup_srdf_plugins'}
[0.001699] (-) JobUnselected: {'identifier': 'moveit_simple_controller_manager'}
[0.001708] (-) JobUnselected: {'identifier': 'moveit_task_constructor_capabilities'}
[0.001735] (-) JobUnselected: {'identifier': 'moveit_task_constructor_core'}
[0.001766] (-) JobUnselected: {'identifier': 'moveit_task_constructor_demo'}
[0.001779] (-) JobUnselected: {'identifier': 'moveit_task_constructor_msgs'}
[0.001808] (-) JobUnselected: {'identifier': 'moveit_task_constructor_visualization'}
[0.001820] (-) JobUnselected: {'identifier': 'moveit_visual_tools'}
[0.001834] (-) JobUnselected: {'identifier': 'pilz_industrial_motion_planner'}
[0.001863] (-) JobUnselected: {'identifier': 'pilz_industrial_motion_planner_testutils'}
[0.001895] (-) JobUnselected: {'identifier': 'rosparam_shortcuts'}
[0.001906] (-) JobUnselected: {'identifier': 'rviz_marker_tools'}
[0.001936] (-) JobUnselected: {'identifier': 'srdfdom'}
[0.002033] (-) JobUnselected: {'identifier': 'ur3e_motion'}
[0.002074] (-) JobUnselected: {'identifier': 'ur3e_motion_cpp'}
[0.002722] (-) EventReactorShutdown: {}
