[0.613s] Invoking command in '/home/b/ws_moveit2/src/build/moveit_ros_control_interface': AMENT_PREFIX_PATH=/home/b/ws_moveit2/src/install/moveit_simple_controller_manager:/home/b/ws_moveit2/src/install/moveit_core:/home/b/ws_moveit2/src/install/moveit_resources_panda_moveit_config:/home/b/ws_moveit2/src/install/srdfdom:/home/b/ws_moveit2/src/install/moveit_resources_pr2_description:/home/b/ws_moveit2/src/install/moveit_resources_panda_description:/home/b/ws_moveit2/src/install/moveit_common:${AMENT_PREFIX_PATH} CMAKE_PREFIX_PATH=/home/b/ws_moveit2/src/install/moveit_simple_controller_manager:/home/b/ws_moveit2/src/install/moveit_core:/home/b/ws_moveit2/src/install/moveit_resources_panda_moveit_config:/home/b/ws_moveit2/src/install/srdfdom:/home/b/ws_moveit2/src/install/moveit_resources_pr2_description:/home/b/ws_moveit2/src/install/moveit_resources_panda_description:/home/b/ws_moveit2/src/install/moveit_common:/opt/ros/humble LD_LIBRARY_PATH=/home/b/ws_moveit2/src/install/moveit_simple_controller_manager/lib:/home/b/ws_moveit2/src/install/moveit_core/lib:/home/b/ws_moveit2/src/install/srdfdom/lib:${LD_LIBRARY_PATH} PATH=/home/b/ws_moveit2/src/install/moveit_core/bin:${PATH} PYTHONPATH=/home/b/ws_moveit2/src/install/srdfdom/local/lib/python3.10/dist-packages:${PYTHONPATH} /usr/bin/cmake /home/b/ws_moveit2/src/moveit2/moveit_plugins/moveit_ros_control_interface -DCMAKE_INSTALL_PREFIX=/home/b/ws_moveit2/src/install/moveit_ros_control_interface
[0.838s] -- The C compiler identification is GNU 11.4.0
[1.528s] -- The CXX compiler identification is GNU 11.4.0
[1.905s] -- Detecting C compiler ABI info
[2.199s] -- Detecting C compiler ABI info - done
[2.216s] -- Check for working C compiler: /usr/bin/cc - skipped
[2.216s] -- Detecting C compile features
[2.217s] -- Detecting C compile features - done
[2.224s] -- Detecting CXX compiler ABI info
[2.502s] -- Detecting CXX compiler ABI info - done
[2.513s] -- Check for working CXX compiler: /usr/bin/c++ - skipped
[2.514s] -- Detecting CXX compile features
[2.515s] -- Detecting CXX compile features - done
[2.522s] -- Found ament_cmake: 1.3.13 (/opt/ros/humble/share/ament_cmake/cmake)
[2.903s] -- Found Python3: /usr/bin/python3 (found version "3.10.12") found components: Interpreter 
[3.133s] -- Found rclcpp_action: 16.0.18 (/opt/ros/humble/share/rclcpp_action/cmake)
[3.458s] -- Found rosidl_generator_c: 3.1.8 (/opt/ros/humble/share/rosidl_generator_c/cmake)
[3.475s] -- Found rosidl_adapter: 3.1.8 (/opt/ros/humble/share/rosidl_adapter/cmake)
[3.496s] -- Found rosidl_generator_cpp: 3.1.8 (/opt/ros/humble/share/rosidl_generator_cpp/cmake)
[3.529s] -- Using all available rosidl_typesupport_c: rosidl_typesupport_fastrtps_c;rosidl_typesupport_introspection_c
[3.571s] -- Using all available rosidl_typesupport_cpp: rosidl_typesupport_fastrtps_cpp;rosidl_typesupport_introspection_cpp
[3.750s] -- Found rmw_implementation_cmake: 6.1.2 (/opt/ros/humble/share/rmw_implementation_cmake/cmake)
[3.755s] -- Found rmw_fastrtps_cpp: 6.2.10 (/opt/ros/humble/share/rmw_fastrtps_cpp/cmake)
[6.337s] -- Found OpenSSL: /usr/lib/x86_64-linux-gnu/libcrypto.so (found version "3.0.2")  
[9.424s] -- Found FastRTPS: /opt/ros/humble/include  
[14.650s] -- Using RMW implementation 'rmw_fastrtps_cpp' as default
[14.668s] -- Looking for pthread.h
[14.943s] -- Looking for pthread.h - found
[14.944s] -- Performing Test CMAKE_HAVE_LIBC_PTHREAD
[15.194s] -- Performing Test CMAKE_HAVE_LIBC_PTHREAD - Success
[15.196s] -- Found Threads: TRUE  
[15.332s] -- Found controller_manager_msgs: 2.53.1 (/opt/ros/humble/share/controller_manager_msgs/cmake)
[15.393s] -- Found moveit_core: 2.5.9 (/home/b/ws_moveit2/src/install/moveit_core/share/moveit_core/cmake)
[15.462s] -- Found Boost: /usr/lib/x86_64-linux-gnu/cmake/Boost-1.74.0/BoostConfig.cmake (found version "1.74.0") found components: chrono date_time filesystem iostreams program_options regex serialization system thread 
[17.306s] -- Found parameter_traits: 0.6.0 (/opt/ros/humble/share/parameter_traits/cmake)
[17.339s] -- Found rclcpp_lifecycle: 16.0.18 (/opt/ros/humble/share/rclcpp_lifecycle/cmake)
[17.368s] -- Found Boost: /usr/lib/x86_64-linux-gnu/cmake/Boost-1.74.0/BoostConfig.cmake (found version "1.74.0") found components: filesystem 
[26.157s] -- library: /usr/lib/x86_64-linux-gnu/libcurl.so
[26.376s] -- Found Eigen3: TRUE (found version "3.4.0") 
[26.376s] -- Ensuring Eigen3 include directory is part of orocos-kdl CMake target
[33.183s] -- Found moveit_simple_controller_manager: 2.5.9 (/home/b/ws_moveit2/src/install/moveit_simple_controller_manager/share/moveit_simple_controller_manager/cmake)
[33.188s] -- Found Boost: /usr/lib/x86_64-linux-gnu/cmake/Boost-1.74.0/BoostConfig.cmake (found version "1.74.0") found components: thread 
[33.239s] -- Found moveit_common: 2.5.9 (/home/b/ws_moveit2/src/install/moveit_common/share/moveit_common/cmake)
[33.323s] [0mmoveit_ros_control_interface: You did not request a specific build type: Choosing 'Release' for maximum performance[0m
[33.338s] -- Found Boost: /usr/lib/x86_64-linux-gnu/cmake/Boost-1.74.0/BoostConfig.cmake (found version "1.74.0") found components: system thread 
[33.378s] -- Found ament_cmake_gtest: 1.3.13 (/opt/ros/humble/share/ament_cmake_gtest/cmake)
[33.383s] -- Found gtest sources under '/opt/ros/humble/src/gtest_vendor': C++ tests using 'Google Test' will be built
[33.400s] -- Configuring done
[33.525s] -- Generating done
[33.562s] -- Build files have been written to: /home/b/ws_moveit2/src/build/moveit_ros_control_interface
[33.581s] Invoked command in '/home/b/ws_moveit2/src/build/moveit_ros_control_interface' returned '0': AMENT_PREFIX_PATH=/home/b/ws_moveit2/src/install/moveit_simple_controller_manager:/home/b/ws_moveit2/src/install/moveit_core:/home/b/ws_moveit2/src/install/moveit_resources_panda_moveit_config:/home/b/ws_moveit2/src/install/srdfdom:/home/b/ws_moveit2/src/install/moveit_resources_pr2_description:/home/b/ws_moveit2/src/install/moveit_resources_panda_description:/home/b/ws_moveit2/src/install/moveit_common:${AMENT_PREFIX_PATH} CMAKE_PREFIX_PATH=/home/b/ws_moveit2/src/install/moveit_simple_controller_manager:/home/b/ws_moveit2/src/install/moveit_core:/home/b/ws_moveit2/src/install/moveit_resources_panda_moveit_config:/home/b/ws_moveit2/src/install/srdfdom:/home/b/ws_moveit2/src/install/moveit_resources_pr2_description:/home/b/ws_moveit2/src/install/moveit_resources_panda_description:/home/b/ws_moveit2/src/install/moveit_common:/opt/ros/humble LD_LIBRARY_PATH=/home/b/ws_moveit2/src/install/moveit_simple_controller_manager/lib:/home/b/ws_moveit2/src/install/moveit_core/lib:/home/b/ws_moveit2/src/install/srdfdom/lib:${LD_LIBRARY_PATH} PATH=/home/b/ws_moveit2/src/install/moveit_core/bin:${PATH} PYTHONPATH=/home/b/ws_moveit2/src/install/srdfdom/local/lib/python3.10/dist-packages:${PYTHONPATH} /usr/bin/cmake /home/b/ws_moveit2/src/moveit2/moveit_plugins/moveit_ros_control_interface -DCMAKE_INSTALL_PREFIX=/home/b/ws_moveit2/src/install/moveit_ros_control_interface
[33.583s] Invoking command in '/home/b/ws_moveit2/src/build/moveit_ros_control_interface': AMENT_PREFIX_PATH=/home/b/ws_moveit2/src/install/moveit_simple_controller_manager:/home/b/ws_moveit2/src/install/moveit_core:/home/b/ws_moveit2/src/install/moveit_resources_panda_moveit_config:/home/b/ws_moveit2/src/install/srdfdom:/home/b/ws_moveit2/src/install/moveit_resources_pr2_description:/home/b/ws_moveit2/src/install/moveit_resources_panda_description:/home/b/ws_moveit2/src/install/moveit_common:${AMENT_PREFIX_PATH} CMAKE_PREFIX_PATH=/home/b/ws_moveit2/src/install/moveit_simple_controller_manager:/home/b/ws_moveit2/src/install/moveit_core:/home/b/ws_moveit2/src/install/moveit_resources_panda_moveit_config:/home/b/ws_moveit2/src/install/srdfdom:/home/b/ws_moveit2/src/install/moveit_resources_pr2_description:/home/b/ws_moveit2/src/install/moveit_resources_panda_description:/home/b/ws_moveit2/src/install/moveit_common:/opt/ros/humble LD_LIBRARY_PATH=/home/b/ws_moveit2/src/install/moveit_simple_controller_manager/lib:/home/b/ws_moveit2/src/install/moveit_core/lib:/home/b/ws_moveit2/src/install/srdfdom/lib:${LD_LIBRARY_PATH} PATH=/home/b/ws_moveit2/src/install/moveit_core/bin:${PATH} PYTHONPATH=/home/b/ws_moveit2/src/install/srdfdom/local/lib/python3.10/dist-packages:${PYTHONPATH} /usr/bin/cmake --build /home/b/ws_moveit2/src/build/moveit_ros_control_interface -- -j12 -l12
[33.670s] [  7%] [32mBuilding CXX object CMakeFiles/moveit_ros_control_interface_plugin.dir/src/controller_manager_plugin.cpp.o[0m
[33.671s] [ 14%] [32mBuilding CXX object CMakeFiles/moveit_ros_control_interface_trajectory_plugin.dir/src/joint_trajectory_controller_plugin.cpp.o[0m
[33.671s] [ 21%] [32mBuilding CXX object gtest/CMakeFiles/gtest_main.dir/src/gtest_main.cc.o[0m
[33.675s] [ 28%] [32mBuilding CXX object gtest/CMakeFiles/gtest.dir/src/gtest-all.cc.o[0m
[33.692s] [ 35%] [32mBuilding CXX object CMakeFiles/moveit_ros_control_interface_gripper_plugin.dir/src/gripper_controller_plugin.cpp.o[0m
[33.697s] [ 42%] [32mBuilding CXX object CMakeFiles/moveit_ros_control_interface_empty_plugin.dir/src/empty_controller_plugin.cpp.o[0m
[35.901s] [ 50%] [32m[1mLinking CXX static library libgtest_main.a[0m
[35.964s] [ 50%] Built target gtest_main
[41.384s] [ 57%] [32m[1mLinking CXX shared library libmoveit_ros_control_interface_empty_plugin.so[0m
[42.016s] [ 57%] Built target moveit_ros_control_interface_empty_plugin
[45.973s] [ 64%] [32m[1mLinking CXX shared library libmoveit_ros_control_interface_gripper_plugin.so[0m
[46.093s] [ 71%] [32m[1mLinking CXX shared library libmoveit_ros_control_interface_trajectory_plugin.so[0m
[46.533s] [ 71%] Built target moveit_ros_control_interface_gripper_plugin
[46.622s] [ 71%] Built target moveit_ros_control_interface_trajectory_plugin
[49.591s] [ 78%] [32m[1mLinking CXX static library libgtest.a[0m
[49.707s] [ 78%] Built target gtest
[70.967s] [ 85%] [32m[1mLinking CXX shared library libmoveit_ros_control_interface_plugin.so[0m
[71.896s] [ 85%] Built target moveit_ros_control_interface_plugin
[72.003s] [ 92%] [32mBuilding CXX object test/CMakeFiles/test_controller_manager_plugin.dir/test_controller_manager_plugin.cpp.o[0m
[103.327s] [100%] [32m[1mLinking CXX executable test_controller_manager_plugin[0m
[103.889s] [100%] Built target test_controller_manager_plugin
[103.909s] Invoked command in '/home/b/ws_moveit2/src/build/moveit_ros_control_interface' returned '0': AMENT_PREFIX_PATH=/home/b/ws_moveit2/src/install/moveit_simple_controller_manager:/home/b/ws_moveit2/src/install/moveit_core:/home/b/ws_moveit2/src/install/moveit_resources_panda_moveit_config:/home/b/ws_moveit2/src/install/srdfdom:/home/b/ws_moveit2/src/install/moveit_resources_pr2_description:/home/b/ws_moveit2/src/install/moveit_resources_panda_description:/home/b/ws_moveit2/src/install/moveit_common:${AMENT_PREFIX_PATH} CMAKE_PREFIX_PATH=/home/b/ws_moveit2/src/install/moveit_simple_controller_manager:/home/b/ws_moveit2/src/install/moveit_core:/home/b/ws_moveit2/src/install/moveit_resources_panda_moveit_config:/home/b/ws_moveit2/src/install/srdfdom:/home/b/ws_moveit2/src/install/moveit_resources_pr2_description:/home/b/ws_moveit2/src/install/moveit_resources_panda_description:/home/b/ws_moveit2/src/install/moveit_common:/opt/ros/humble LD_LIBRARY_PATH=/home/b/ws_moveit2/src/install/moveit_simple_controller_manager/lib:/home/b/ws_moveit2/src/install/moveit_core/lib:/home/b/ws_moveit2/src/install/srdfdom/lib:${LD_LIBRARY_PATH} PATH=/home/b/ws_moveit2/src/install/moveit_core/bin:${PATH} PYTHONPATH=/home/b/ws_moveit2/src/install/srdfdom/local/lib/python3.10/dist-packages:${PYTHONPATH} /usr/bin/cmake --build /home/b/ws_moveit2/src/build/moveit_ros_control_interface -- -j12 -l12
[103.912s] Invoking command in '/home/b/ws_moveit2/src/build/moveit_ros_control_interface': AMENT_PREFIX_PATH=/home/b/ws_moveit2/src/install/moveit_simple_controller_manager:/home/b/ws_moveit2/src/install/moveit_core:/home/b/ws_moveit2/src/install/moveit_resources_panda_moveit_config:/home/b/ws_moveit2/src/install/srdfdom:/home/b/ws_moveit2/src/install/moveit_resources_pr2_description:/home/b/ws_moveit2/src/install/moveit_resources_panda_description:/home/b/ws_moveit2/src/install/moveit_common:${AMENT_PREFIX_PATH} CMAKE_PREFIX_PATH=/home/b/ws_moveit2/src/install/moveit_simple_controller_manager:/home/b/ws_moveit2/src/install/moveit_core:/home/b/ws_moveit2/src/install/moveit_resources_panda_moveit_config:/home/b/ws_moveit2/src/install/srdfdom:/home/b/ws_moveit2/src/install/moveit_resources_pr2_description:/home/b/ws_moveit2/src/install/moveit_resources_panda_description:/home/b/ws_moveit2/src/install/moveit_common:/opt/ros/humble LD_LIBRARY_PATH=/home/b/ws_moveit2/src/install/moveit_simple_controller_manager/lib:/home/b/ws_moveit2/src/install/moveit_core/lib:/home/b/ws_moveit2/src/install/srdfdom/lib:${LD_LIBRARY_PATH} PATH=/home/b/ws_moveit2/src/install/moveit_core/bin:${PATH} PYTHONPATH=/home/b/ws_moveit2/src/install/srdfdom/local/lib/python3.10/dist-packages:${PYTHONPATH} /usr/bin/cmake --install /home/b/ws_moveit2/src/build/moveit_ros_control_interface
[103.924s] -- Install configuration: "Release"
[103.926s] -- Installing: /home/b/ws_moveit2/src/install/moveit_ros_control_interface/lib/libmoveit_ros_control_interface_plugin.so.2.5.9
[103.927s] -- Set runtime path of "/home/b/ws_moveit2/src/install/moveit_ros_control_interface/lib/libmoveit_ros_control_interface_plugin.so.2.5.9" to ""
[103.928s] -- Installing: /home/b/ws_moveit2/src/install/moveit_ros_control_interface/lib/libmoveit_ros_control_interface_plugin.so
[103.928s] -- Installing: /home/b/ws_moveit2/src/install/moveit_ros_control_interface/lib/libmoveit_ros_control_interface_trajectory_plugin.so.2.5.9
[103.929s] -- Set runtime path of "/home/b/ws_moveit2/src/install/moveit_ros_control_interface/lib/libmoveit_ros_control_interface_trajectory_plugin.so.2.5.9" to ""
[103.929s] -- Installing: /home/b/ws_moveit2/src/install/moveit_ros_control_interface/lib/libmoveit_ros_control_interface_trajectory_plugin.so
[103.929s] -- Installing: /home/b/ws_moveit2/src/install/moveit_ros_control_interface/lib/libmoveit_ros_control_interface_gripper_plugin.so.2.5.9
[103.930s] -- Set runtime path of "/home/b/ws_moveit2/src/install/moveit_ros_control_interface/lib/libmoveit_ros_control_interface_gripper_plugin.so.2.5.9" to ""
[103.930s] -- Installing: /home/b/ws_moveit2/src/install/moveit_ros_control_interface/lib/libmoveit_ros_control_interface_gripper_plugin.so
[103.931s] -- Installing: /home/b/ws_moveit2/src/install/moveit_ros_control_interface/lib/libmoveit_ros_control_interface_empty_plugin.so.2.5.9
[103.931s] -- Set runtime path of "/home/b/ws_moveit2/src/install/moveit_ros_control_interface/lib/libmoveit_ros_control_interface_empty_plugin.so.2.5.9" to ""
[103.931s] -- Installing: /home/b/ws_moveit2/src/install/moveit_ros_control_interface/lib/libmoveit_ros_control_interface_empty_plugin.so
[103.932s] -- Installing: /home/b/ws_moveit2/src/install/moveit_ros_control_interface/include
[103.932s] -- Installing: /home/b/ws_moveit2/src/install/moveit_ros_control_interface/include/moveit_ros_control_interface
[103.932s] -- Installing: /home/b/ws_moveit2/src/install/moveit_ros_control_interface/include/moveit_ros_control_interface/ControllerHandle.h
[103.933s] -- Installing: /home/b/ws_moveit2/src/install/moveit_ros_control_interface/share/moveit_ros_control_interface/moveit_core_plugins.xml
[103.934s] -- Installing: /home/b/ws_moveit2/src/install/moveit_ros_control_interface/share/moveit_ros_control_interface/moveit_ros_control_interface_plugins.xml
[103.936s] -- Installing: /home/b/ws_moveit2/src/install/moveit_ros_control_interface/share/moveit_ros_control_interface/environment/library_path.sh
[103.936s] -- Installing: /home/b/ws_moveit2/src/install/moveit_ros_control_interface/share/moveit_ros_control_interface/environment/library_path.dsv
[103.938s] -- Installing: /home/b/ws_moveit2/src/install/moveit_ros_control_interface/share/ament_index/resource_index/package_run_dependencies/moveit_ros_control_interface
[103.938s] -- Installing: /home/b/ws_moveit2/src/install/moveit_ros_control_interface/share/ament_index/resource_index/parent_prefix_path/moveit_ros_control_interface
[103.939s] -- Installing: /home/b/ws_moveit2/src/install/moveit_ros_control_interface/share/moveit_ros_control_interface/environment/ament_prefix_path.sh
[103.939s] -- Installing: /home/b/ws_moveit2/src/install/moveit_ros_control_interface/share/moveit_ros_control_interface/environment/ament_prefix_path.dsv
[103.939s] -- Installing: /home/b/ws_moveit2/src/install/moveit_ros_control_interface/share/moveit_ros_control_interface/environment/path.sh
[103.940s] -- Installing: /home/b/ws_moveit2/src/install/moveit_ros_control_interface/share/moveit_ros_control_interface/environment/path.dsv
[103.940s] -- Installing: /home/b/ws_moveit2/src/install/moveit_ros_control_interface/share/moveit_ros_control_interface/local_setup.bash
[103.944s] -- Installing: /home/b/ws_moveit2/src/install/moveit_ros_control_interface/share/moveit_ros_control_interface/local_setup.sh
[103.944s] -- Installing: /home/b/ws_moveit2/src/install/moveit_ros_control_interface/share/moveit_ros_control_interface/local_setup.zsh
[103.944s] -- Installing: /home/b/ws_moveit2/src/install/moveit_ros_control_interface/share/moveit_ros_control_interface/local_setup.dsv
[103.944s] -- Installing: /home/b/ws_moveit2/src/install/moveit_ros_control_interface/share/moveit_ros_control_interface/package.dsv
[103.945s] -- Installing: /home/b/ws_moveit2/src/install/moveit_ros_control_interface/share/ament_index/resource_index/packages/moveit_ros_control_interface
[103.945s] -- Installing: /home/b/ws_moveit2/src/install/moveit_ros_control_interface/share/ament_index/resource_index/moveit_core__pluginlib__plugin/moveit_ros_control_interface
[103.945s] -- Installing: /home/b/ws_moveit2/src/install/moveit_ros_control_interface/share/ament_index/resource_index/moveit_ros_control_interface__pluginlib__plugin/moveit_ros_control_interface
[103.945s] -- Installing: /home/b/ws_moveit2/src/install/moveit_ros_control_interface/share/moveit_ros_control_interface/cmake/export_moveit_ros_control_interfaceExport.cmake
[103.946s] -- Installing: /home/b/ws_moveit2/src/install/moveit_ros_control_interface/share/moveit_ros_control_interface/cmake/export_moveit_ros_control_interfaceExport-release.cmake
[103.946s] -- Installing: /home/b/ws_moveit2/src/install/moveit_ros_control_interface/share/moveit_ros_control_interface/cmake/ConfigExtras.cmake
[103.946s] -- Installing: /home/b/ws_moveit2/src/install/moveit_ros_control_interface/share/moveit_ros_control_interface/cmake/ament_cmake_export_targets-extras.cmake
[103.946s] -- Installing: /home/b/ws_moveit2/src/install/moveit_ros_control_interface/share/moveit_ros_control_interface/cmake/ament_cmake_export_dependencies-extras.cmake
[103.946s] -- Installing: /home/b/ws_moveit2/src/install/moveit_ros_control_interface/share/moveit_ros_control_interface/cmake/moveit_ros_control_interfaceConfig.cmake
[103.946s] -- Installing: /home/b/ws_moveit2/src/install/moveit_ros_control_interface/share/moveit_ros_control_interface/cmake/moveit_ros_control_interfaceConfig-version.cmake
[103.947s] -- Installing: /home/b/ws_moveit2/src/install/moveit_ros_control_interface/share/moveit_ros_control_interface/package.xml
[103.950s] Invoked command in '/home/b/ws_moveit2/src/build/moveit_ros_control_interface' returned '0': AMENT_PREFIX_PATH=/home/b/ws_moveit2/src/install/moveit_simple_controller_manager:/home/b/ws_moveit2/src/install/moveit_core:/home/b/ws_moveit2/src/install/moveit_resources_panda_moveit_config:/home/b/ws_moveit2/src/install/srdfdom:/home/b/ws_moveit2/src/install/moveit_resources_pr2_description:/home/b/ws_moveit2/src/install/moveit_resources_panda_description:/home/b/ws_moveit2/src/install/moveit_common:${AMENT_PREFIX_PATH} CMAKE_PREFIX_PATH=/home/b/ws_moveit2/src/install/moveit_simple_controller_manager:/home/b/ws_moveit2/src/install/moveit_core:/home/b/ws_moveit2/src/install/moveit_resources_panda_moveit_config:/home/b/ws_moveit2/src/install/srdfdom:/home/b/ws_moveit2/src/install/moveit_resources_pr2_description:/home/b/ws_moveit2/src/install/moveit_resources_panda_description:/home/b/ws_moveit2/src/install/moveit_common:/opt/ros/humble LD_LIBRARY_PATH=/home/b/ws_moveit2/src/install/moveit_simple_controller_manager/lib:/home/b/ws_moveit2/src/install/moveit_core/lib:/home/b/ws_moveit2/src/install/srdfdom/lib:${LD_LIBRARY_PATH} PATH=/home/b/ws_moveit2/src/install/moveit_core/bin:${PATH} PYTHONPATH=/home/b/ws_moveit2/src/install/srdfdom/local/lib/python3.10/dist-packages:${PYTHONPATH} /usr/bin/cmake --install /home/b/ws_moveit2/src/build/moveit_ros_control_interface
