[0.628s] Invoking command in '/home/b/ws_moveit2/build/moveit_ros_control_interface': AMENT_PREFIX_PATH=/home/b/ws_moveit2/install/moveit_simple_controller_manager:/home/b/ws_moveit2/install/moveit_core:/home/b/ws_moveit2/install/moveit_resources_panda_moveit_config:/home/b/ws_moveit2/install/srdfdom:/home/b/ws_moveit2/install/moveit_resources_pr2_description:/home/b/ws_moveit2/install/moveit_resources_panda_description:/home/b/ws_moveit2/install/moveit_common:${AMENT_PREFIX_PATH} CMAKE_PREFIX_PATH=/home/b/ws_moveit2/install/moveit_simple_controller_manager:/home/b/ws_moveit2/install/moveit_core:/home/b/ws_moveit2/install/moveit_resources_panda_moveit_config:/home/b/ws_moveit2/install/srdfdom:/home/b/ws_moveit2/install/moveit_resources_pr2_description:/home/b/ws_moveit2/install/moveit_resources_panda_description:/home/b/ws_moveit2/install/moveit_common:/opt/ros/humble LD_LIBRARY_PATH=/home/b/ws_moveit2/install/moveit_simple_controller_manager/lib:/home/b/ws_moveit2/install/moveit_core/lib:/home/b/ws_moveit2/install/srdfdom/lib:${LD_LIBRARY_PATH} PATH=/home/b/ws_moveit2/install/moveit_core/bin:${PATH} PYTHONPATH=/home/b/ws_moveit2/install/srdfdom/local/lib/python3.10/dist-packages:${PYTHONPATH} /usr/bin/cmake --build /home/b/ws_moveit2/build/moveit_ros_control_interface -- -j12 -l12
[0.679s] [35m[1mConsolidate compiler generated dependencies of target gtest[0m
[0.679s] [35m[1mConsolidate compiler generated dependencies of target moveit_ros_control_interface_trajectory_plugin[0m
[0.682s] [35m[1mConsolidate compiler generated dependencies of target moveit_ros_control_interface_empty_plugin[0m
[0.687s] [35m[1mConsolidate compiler generated dependencies of target moveit_ros_control_interface_plugin[0m
[0.690s] [35m[1mConsolidate compiler generated dependencies of target gtest_main[0m
[0.690s] [35m[1mConsolidate compiler generated dependencies of target moveit_ros_control_interface_gripper_plugin[0m
[0.702s] [ 21%] Built target moveit_ros_control_interface_trajectory_plugin
[0.702s] [ 28%] Built target gtest
[0.705s] [ 42%] Built target gtest_main
[0.707s] [ 57%] Built target moveit_ros_control_interface_empty_plugin
[0.715s] [ 71%] Built target moveit_ros_control_interface_gripper_plugin
[0.722s] [ 85%] Built target moveit_ros_control_interface_plugin
[0.737s] [35m[1mConsolidate compiler generated dependencies of target test_controller_manager_plugin[0m
[0.752s] [100%] Built target test_controller_manager_plugin
[0.760s] Invoked command in '/home/b/ws_moveit2/build/moveit_ros_control_interface' returned '0': AMENT_PREFIX_PATH=/home/b/ws_moveit2/install/moveit_simple_controller_manager:/home/b/ws_moveit2/install/moveit_core:/home/b/ws_moveit2/install/moveit_resources_panda_moveit_config:/home/b/ws_moveit2/install/srdfdom:/home/b/ws_moveit2/install/moveit_resources_pr2_description:/home/b/ws_moveit2/install/moveit_resources_panda_description:/home/b/ws_moveit2/install/moveit_common:${AMENT_PREFIX_PATH} CMAKE_PREFIX_PATH=/home/b/ws_moveit2/install/moveit_simple_controller_manager:/home/b/ws_moveit2/install/moveit_core:/home/b/ws_moveit2/install/moveit_resources_panda_moveit_config:/home/b/ws_moveit2/install/srdfdom:/home/b/ws_moveit2/install/moveit_resources_pr2_description:/home/b/ws_moveit2/install/moveit_resources_panda_description:/home/b/ws_moveit2/install/moveit_common:/opt/ros/humble LD_LIBRARY_PATH=/home/b/ws_moveit2/install/moveit_simple_controller_manager/lib:/home/b/ws_moveit2/install/moveit_core/lib:/home/b/ws_moveit2/install/srdfdom/lib:${LD_LIBRARY_PATH} PATH=/home/b/ws_moveit2/install/moveit_core/bin:${PATH} PYTHONPATH=/home/b/ws_moveit2/install/srdfdom/local/lib/python3.10/dist-packages:${PYTHONPATH} /usr/bin/cmake --build /home/b/ws_moveit2/build/moveit_ros_control_interface -- -j12 -l12
[0.765s] Invoking command in '/home/b/ws_moveit2/build/moveit_ros_control_interface': AMENT_PREFIX_PATH=/home/b/ws_moveit2/install/moveit_simple_controller_manager:/home/b/ws_moveit2/install/moveit_core:/home/b/ws_moveit2/install/moveit_resources_panda_moveit_config:/home/b/ws_moveit2/install/srdfdom:/home/b/ws_moveit2/install/moveit_resources_pr2_description:/home/b/ws_moveit2/install/moveit_resources_panda_description:/home/b/ws_moveit2/install/moveit_common:${AMENT_PREFIX_PATH} CMAKE_PREFIX_PATH=/home/b/ws_moveit2/install/moveit_simple_controller_manager:/home/b/ws_moveit2/install/moveit_core:/home/b/ws_moveit2/install/moveit_resources_panda_moveit_config:/home/b/ws_moveit2/install/srdfdom:/home/b/ws_moveit2/install/moveit_resources_pr2_description:/home/b/ws_moveit2/install/moveit_resources_panda_description:/home/b/ws_moveit2/install/moveit_common:/opt/ros/humble LD_LIBRARY_PATH=/home/b/ws_moveit2/install/moveit_simple_controller_manager/lib:/home/b/ws_moveit2/install/moveit_core/lib:/home/b/ws_moveit2/install/srdfdom/lib:${LD_LIBRARY_PATH} PATH=/home/b/ws_moveit2/install/moveit_core/bin:${PATH} PYTHONPATH=/home/b/ws_moveit2/install/srdfdom/local/lib/python3.10/dist-packages:${PYTHONPATH} /usr/bin/cmake --install /home/b/ws_moveit2/build/moveit_ros_control_interface
[0.771s] -- Install configuration: "Release"
[0.773s] -- Up-to-date: /home/b/ws_moveit2/install/moveit_ros_control_interface/lib/libmoveit_ros_control_interface_plugin.so.2.5.9
[0.774s] -- Up-to-date: /home/b/ws_moveit2/install/moveit_ros_control_interface/lib/libmoveit_ros_control_interface_plugin.so
[0.775s] -- Up-to-date: /home/b/ws_moveit2/install/moveit_ros_control_interface/lib/libmoveit_ros_control_interface_trajectory_plugin.so.2.5.9
[0.775s] -- Up-to-date: /home/b/ws_moveit2/install/moveit_ros_control_interface/lib/libmoveit_ros_control_interface_trajectory_plugin.so
[0.776s] -- Up-to-date: /home/b/ws_moveit2/install/moveit_ros_control_interface/lib/libmoveit_ros_control_interface_gripper_plugin.so.2.5.9
[0.776s] -- Up-to-date: /home/b/ws_moveit2/install/moveit_ros_control_interface/lib/libmoveit_ros_control_interface_gripper_plugin.so
[0.777s] -- Up-to-date: /home/b/ws_moveit2/install/moveit_ros_control_interface/lib/libmoveit_ros_control_interface_empty_plugin.so.2.5.9
[0.777s] -- Up-to-date: /home/b/ws_moveit2/install/moveit_ros_control_interface/lib/libmoveit_ros_control_interface_empty_plugin.so
[0.777s] -- Up-to-date: /home/b/ws_moveit2/install/moveit_ros_control_interface/include
[0.777s] -- Up-to-date: /home/b/ws_moveit2/install/moveit_ros_control_interface/include/moveit_ros_control_interface
[0.777s] -- Up-to-date: /home/b/ws_moveit2/install/moveit_ros_control_interface/include/moveit_ros_control_interface/ControllerHandle.h
[0.778s] -- Up-to-date: /home/b/ws_moveit2/install/moveit_ros_control_interface/share/moveit_ros_control_interface/moveit_core_plugins.xml
[0.778s] -- Up-to-date: /home/b/ws_moveit2/install/moveit_ros_control_interface/share/moveit_ros_control_interface/moveit_ros_control_interface_plugins.xml
[0.778s] -- Up-to-date: /home/b/ws_moveit2/install/moveit_ros_control_interface/share/moveit_ros_control_interface/environment/library_path.sh
[0.778s] -- Up-to-date: /home/b/ws_moveit2/install/moveit_ros_control_interface/share/moveit_ros_control_interface/environment/library_path.dsv
[0.779s] -- Up-to-date: /home/b/ws_moveit2/install/moveit_ros_control_interface/share/ament_index/resource_index/package_run_dependencies/moveit_ros_control_interface
[0.779s] -- Up-to-date: /home/b/ws_moveit2/install/moveit_ros_control_interface/share/ament_index/resource_index/parent_prefix_path/moveit_ros_control_interface
[0.779s] -- Up-to-date: /home/b/ws_moveit2/install/moveit_ros_control_interface/share/moveit_ros_control_interface/environment/ament_prefix_path.sh
[0.779s] -- Up-to-date: /home/b/ws_moveit2/install/moveit_ros_control_interface/share/moveit_ros_control_interface/environment/ament_prefix_path.dsv
[0.779s] -- Up-to-date: /home/b/ws_moveit2/install/moveit_ros_control_interface/share/moveit_ros_control_interface/environment/path.sh
[0.779s] -- Up-to-date: /home/b/ws_moveit2/install/moveit_ros_control_interface/share/moveit_ros_control_interface/environment/path.dsv
[0.779s] -- Up-to-date: /home/b/ws_moveit2/install/moveit_ros_control_interface/share/moveit_ros_control_interface/local_setup.bash
[0.779s] -- Up-to-date: /home/b/ws_moveit2/install/moveit_ros_control_interface/share/moveit_ros_control_interface/local_setup.sh
[0.779s] -- Up-to-date: /home/b/ws_moveit2/install/moveit_ros_control_interface/share/moveit_ros_control_interface/local_setup.zsh
[0.780s] -- Up-to-date: /home/b/ws_moveit2/install/moveit_ros_control_interface/share/moveit_ros_control_interface/local_setup.dsv
[0.780s] -- Installing: /home/b/ws_moveit2/install/moveit_ros_control_interface/share/moveit_ros_control_interface/package.dsv
[0.780s] -- Up-to-date: /home/b/ws_moveit2/install/moveit_ros_control_interface/share/ament_index/resource_index/packages/moveit_ros_control_interface
[0.780s] -- Up-to-date: /home/b/ws_moveit2/install/moveit_ros_control_interface/share/ament_index/resource_index/moveit_core__pluginlib__plugin/moveit_ros_control_interface
[0.780s] -- Up-to-date: /home/b/ws_moveit2/install/moveit_ros_control_interface/share/ament_index/resource_index/moveit_ros_control_interface__pluginlib__plugin/moveit_ros_control_interface
[0.782s] -- Up-to-date: /home/b/ws_moveit2/install/moveit_ros_control_interface/share/moveit_ros_control_interface/cmake/export_moveit_ros_control_interfaceExport.cmake
[0.782s] -- Up-to-date: /home/b/ws_moveit2/install/moveit_ros_control_interface/share/moveit_ros_control_interface/cmake/export_moveit_ros_control_interfaceExport-release.cmake
[0.782s] -- Up-to-date: /home/b/ws_moveit2/install/moveit_ros_control_interface/share/moveit_ros_control_interface/cmake/ConfigExtras.cmake
[0.782s] -- Up-to-date: /home/b/ws_moveit2/install/moveit_ros_control_interface/share/moveit_ros_control_interface/cmake/ament_cmake_export_targets-extras.cmake
[0.782s] -- Up-to-date: /home/b/ws_moveit2/install/moveit_ros_control_interface/share/moveit_ros_control_interface/cmake/ament_cmake_export_dependencies-extras.cmake
[0.782s] -- Up-to-date: /home/b/ws_moveit2/install/moveit_ros_control_interface/share/moveit_ros_control_interface/cmake/moveit_ros_control_interfaceConfig.cmake
[0.783s] -- Up-to-date: /home/b/ws_moveit2/install/moveit_ros_control_interface/share/moveit_ros_control_interface/cmake/moveit_ros_control_interfaceConfig-version.cmake
[0.783s] -- Up-to-date: /home/b/ws_moveit2/install/moveit_ros_control_interface/share/moveit_ros_control_interface/package.xml
[0.784s] Invoked command in '/home/b/ws_moveit2/build/moveit_ros_control_interface' returned '0': AMENT_PREFIX_PATH=/home/b/ws_moveit2/install/moveit_simple_controller_manager:/home/b/ws_moveit2/install/moveit_core:/home/b/ws_moveit2/install/moveit_resources_panda_moveit_config:/home/b/ws_moveit2/install/srdfdom:/home/b/ws_moveit2/install/moveit_resources_pr2_description:/home/b/ws_moveit2/install/moveit_resources_panda_description:/home/b/ws_moveit2/install/moveit_common:${AMENT_PREFIX_PATH} CMAKE_PREFIX_PATH=/home/b/ws_moveit2/install/moveit_simple_controller_manager:/home/b/ws_moveit2/install/moveit_core:/home/b/ws_moveit2/install/moveit_resources_panda_moveit_config:/home/b/ws_moveit2/install/srdfdom:/home/b/ws_moveit2/install/moveit_resources_pr2_description:/home/b/ws_moveit2/install/moveit_resources_panda_description:/home/b/ws_moveit2/install/moveit_common:/opt/ros/humble LD_LIBRARY_PATH=/home/b/ws_moveit2/install/moveit_simple_controller_manager/lib:/home/b/ws_moveit2/install/moveit_core/lib:/home/b/ws_moveit2/install/srdfdom/lib:${LD_LIBRARY_PATH} PATH=/home/b/ws_moveit2/install/moveit_core/bin:${PATH} PYTHONPATH=/home/b/ws_moveit2/install/srdfdom/local/lib/python3.10/dist-packages:${PYTHONPATH} /usr/bin/cmake --install /home/b/ws_moveit2/build/moveit_ros_control_interface
