-- Found ament_cmake: 1.3.14 (/opt/ros/humble/share/ament_cmake/cmake)
-- Override CMake install command with custom implementation using symlinks instead of copying resources
-- Configuring done
-- Generating done
-- Build files have been written to: /home/b/ws_moveit2/build/ur_moveit_config
Built target ament_cmake_python_symlink_ur_moveit_config
running egg_info
creating ur_moveit_config.egg-info
writing ur_moveit_config.egg-info/PKG-INFO
writing dependency_links to ur_moveit_config.egg-info/dependency_links.txt
writing top-level names to ur_moveit_config.egg-info/top_level.txt
writing manifest file 'ur_moveit_config.egg-info/SOURCES.txt'
reading manifest file 'ur_moveit_config.egg-info/SOURCES.txt'
writing manifest file 'ur_moveit_config.egg-info/SOURCES.txt'
Built target ament_cmake_python_build_ur_moveit_config_egg
-- Install configuration: ""
-- Execute custom install script
-- Symlinking: /home/b/ws_moveit2/install/ur_moveit_config/share/ur_moveit_config/environment/pythonpath.sh
-- Symlinking: /home/b/ws_moveit2/install/ur_moveit_config/share/ur_moveit_config/environment/pythonpath.dsv
-- Symlinking: /home/b/ws_moveit2/install/ur_moveit_config/local/lib/python3.10/dist-packages/ur_moveit_config-0.0.1-py3.10.egg-info/PKG-INFO
-- Symlinking: /home/b/ws_moveit2/install/ur_moveit_config/local/lib/python3.10/dist-packages/ur_moveit_config-0.0.1-py3.10.egg-info/SOURCES.txt
-- Symlinking: /home/b/ws_moveit2/install/ur_moveit_config/local/lib/python3.10/dist-packages/ur_moveit_config-0.0.1-py3.10.egg-info/dependency_links.txt
-- Symlinking: /home/b/ws_moveit2/install/ur_moveit_config/local/lib/python3.10/dist-packages/ur_moveit_config-0.0.1-py3.10.egg-info/top_level.txt
-- Symlinking: /home/b/ws_moveit2/install/ur_moveit_config/local/lib/python3.10/dist-packages/ur_moveit_config/__init__.py
-- Symlinking: /home/b/ws_moveit2/install/ur_moveit_config/local/lib/python3.10/dist-packages/ur_moveit_config/launch_common.py
-- Symlinking: /home/b/ws_moveit2/install/ur_moveit_config/share/ur_moveit_config/config/controllers.yaml
-- Up-to-date symlink: /home/b/ws_moveit2/install/ur_moveit_config/share/ur_moveit_config/config/kinematics.yaml
-- Symlinking: /home/b/ws_moveit2/install/ur_moveit_config/share/ur_moveit_config/config/ompl_planning.yaml
-- Symlinking: /home/b/ws_moveit2/install/ur_moveit_config/share/ur_moveit_config/config/ur_servo.yaml
-- Up-to-date symlink: /home/b/ws_moveit2/install/ur_moveit_config/share/ur_moveit_config/launch/ur_moveit.launch.py
-- Symlinking: /home/b/ws_moveit2/install/ur_moveit_config/share/ur_moveit_config/srdf/ur.srdf.xacro
-- Symlinking: /home/b/ws_moveit2/install/ur_moveit_config/share/ur_moveit_config/srdf/ur_macro.srdf.xacro
-- Symlinking: /home/b/ws_moveit2/install/ur_moveit_config/share/ur_moveit_config/rviz/view_robot.rviz
-- Up-to-date symlink: /home/b/ws_moveit2/install/ur_moveit_config/share/ament_index/resource_index/package_run_dependencies/ur_moveit_config
-- Up-to-date symlink: /home/b/ws_moveit2/install/ur_moveit_config/share/ament_index/resource_index/parent_prefix_path/ur_moveit_config
-- Up-to-date symlink: /home/b/ws_moveit2/install/ur_moveit_config/share/ur_moveit_config/environment/ament_prefix_path.sh
-- Up-to-date symlink: /home/b/ws_moveit2/install/ur_moveit_config/share/ur_moveit_config/environment/ament_prefix_path.dsv
-- Up-to-date symlink: /home/b/ws_moveit2/install/ur_moveit_config/share/ur_moveit_config/environment/path.sh
-- Up-to-date symlink: /home/b/ws_moveit2/install/ur_moveit_config/share/ur_moveit_config/environment/path.dsv
-- Up-to-date symlink: /home/b/ws_moveit2/install/ur_moveit_config/share/ur_moveit_config/local_setup.bash
-- Up-to-date symlink: /home/b/ws_moveit2/install/ur_moveit_config/share/ur_moveit_config/local_setup.sh
-- Up-to-date symlink: /home/b/ws_moveit2/install/ur_moveit_config/share/ur_moveit_config/local_setup.zsh
-- Up-to-date symlink: /home/b/ws_moveit2/install/ur_moveit_config/share/ur_moveit_config/local_setup.dsv
-- Symlinking: /home/b/ws_moveit2/install/ur_moveit_config/share/ur_moveit_config/package.dsv
-- Up-to-date symlink: /home/b/ws_moveit2/install/ur_moveit_config/share/ament_index/resource_index/packages/ur_moveit_config
-- Up-to-date symlink: /home/b/ws_moveit2/install/ur_moveit_config/share/ur_moveit_config/cmake/ur_moveit_configConfig.cmake
-- Up-to-date symlink: /home/b/ws_moveit2/install/ur_moveit_config/share/ur_moveit_config/cmake/ur_moveit_configConfig-version.cmake
-- Up-to-date symlink: /home/b/ws_moveit2/install/ur_moveit_config/share/ur_moveit_config/package.xml
Listing '/home/b/ws_moveit2/install/ur_moveit_config/local/lib/python3.10/dist-packages/ur_moveit_config'...
Compiling '/home/b/ws_moveit2/install/ur_moveit_config/local/lib/python3.10/dist-packages/ur_moveit_config/__init__.py'...
Compiling '/home/b/ws_moveit2/install/ur_moveit_config/local/lib/python3.10/dist-packages/ur_moveit_config/launch_common.py'...
