[1.710s] Invoking command in '/home/b/ws_moveit2/src/build/moveit_ros_visualization': AMENT_PREFIX_PATH=/home/b/ws_moveit2/src/install/moveit_ros_planning_interface:/home/b/ws_moveit2/src/install/moveit_ros_move_group:/home/b/ws_moveit2/src/install/moveit_ros_warehouse:/home/b/ws_moveit2/src/install/moveit_ros_robot_interaction:/home/b/ws_moveit2/src/install/moveit_planners_ompl:/home/b/ws_moveit2/src/install/moveit_kinematics:/home/b/ws_moveit2/src/install/moveit_ros_planning:/home/b/ws_moveit2/src/install/moveit_simple_controller_manager:/home/b/ws_moveit2/src/install/moveit_ros_occupancy_map_monitor:/home/b/ws_moveit2/src/install/moveit_core:/home/b/ws_moveit2/src/install/moveit_resources_panda_moveit_config:/home/b/ws_moveit2/src/install/moveit_resources_fanuc_moveit_config:/home/b/ws_moveit2/src/install/moveit_configs_utils:/home/b/ws_moveit2/src/install/srdfdom:/home/b/ws_moveit2/src/install/moveit_resources_pr2_description:/home/b/ws_moveit2/src/install/moveit_resources_panda_description:/home/b/ws_moveit2/src/install/moveit_resources_fanuc_description:/home/b/ws_moveit2/src/install/moveit_common:/home/b/ws_moveit2/src/install/launch_param_builder:${AMENT_PREFIX_PATH} CMAKE_PREFIX_PATH=/home/b/ws_moveit2/src/install/moveit_ros_planning_interface:/home/b/ws_moveit2/src/install/moveit_ros_move_group:/home/b/ws_moveit2/src/install/moveit_ros_warehouse:/home/b/ws_moveit2/src/install/moveit_ros_robot_interaction:/home/b/ws_moveit2/src/install/moveit_planners_ompl:/home/b/ws_moveit2/src/install/moveit_kinematics:/home/b/ws_moveit2/src/install/moveit_ros_planning:/home/b/ws_moveit2/src/install/moveit_simple_controller_manager:/home/b/ws_moveit2/src/install/moveit_ros_occupancy_map_monitor:/home/b/ws_moveit2/src/install/moveit_core:/home/b/ws_moveit2/src/install/moveit_resources_panda_moveit_config:/home/b/ws_moveit2/src/install/moveit_resources_fanuc_moveit_config:/home/b/ws_moveit2/src/install/srdfdom:/home/b/ws_moveit2/src/install/moveit_resources_pr2_description:/home/b/ws_moveit2/src/install/moveit_resources_panda_description:/home/b/ws_moveit2/src/install/moveit_resources_fanuc_description:/home/b/ws_moveit2/src/install/moveit_common:/opt/ros/humble LD_LIBRARY_PATH=/home/b/ws_moveit2/src/install/moveit_ros_planning_interface/lib:/home/b/ws_moveit2/src/install/moveit_ros_move_group/lib:/home/b/ws_moveit2/src/install/moveit_ros_warehouse/lib:/home/b/ws_moveit2/src/install/moveit_ros_robot_interaction/lib:/home/b/ws_moveit2/src/install/moveit_planners_ompl/lib:/home/b/ws_moveit2/src/install/moveit_kinematics/lib:/home/b/ws_moveit2/src/install/moveit_ros_planning/lib:/home/b/ws_moveit2/src/install/moveit_simple_controller_manager/lib:/home/b/ws_moveit2/src/install/moveit_ros_occupancy_map_monitor/lib:/home/b/ws_moveit2/src/install/moveit_core/lib:/home/b/ws_moveit2/src/install/srdfdom/lib:${LD_LIBRARY_PATH} PATH=/home/b/ws_moveit2/src/install/moveit_core/bin:${PATH} PYTHONPATH=/home/b/ws_moveit2/src/install/moveit_configs_utils/lib/python3.10/site-packages:/home/b/ws_moveit2/src/install/srdfdom/local/lib/python3.10/dist-packages:/home/b/ws_moveit2/src/install/launch_param_builder/lib/python3.10/site-packages:${PYTHONPATH} /usr/bin/cmake /home/b/ws_moveit2/src/moveit2/moveit_ros/visualization -DCMAKE_INSTALL_PREFIX=/home/b/ws_moveit2/src/install/moveit_ros_visualization
[2.008s] -- The C compiler identification is GNU 11.4.0
[2.472s] -- The CXX compiler identification is GNU 11.4.0
[2.639s] -- Detecting C compiler ABI info
[2.894s] -- Detecting C compiler ABI info - done
[2.898s] -- Check for working C compiler: /usr/bin/cc - skipped
[2.898s] -- Detecting C compile features
[2.898s] -- Detecting C compile features - done
[2.903s] -- Detecting CXX compiler ABI info
[3.170s] -- Detecting CXX compiler ABI info - done
[3.185s] -- Check for working CXX compiler: /usr/bin/c++ - skipped
[3.185s] -- Detecting CXX compile features
[3.186s] -- Detecting CXX compile features - done
[3.190s] -- Found moveit_common: 2.5.9 (/home/b/ws_moveit2/src/install/moveit_common/share/moveit_common/cmake)
[3.196s] -- Found ament_cmake: 1.3.13 (/opt/ros/humble/share/ament_cmake/cmake)
[3.467s] -- Found Python3: /usr/bin/python3 (found version "3.10.12") found components: Interpreter 
[3.783s] [0mmoveit_ros_visualization: You did not request a specific build type: Choosing 'Release' for maximum performance[0m
[3.789s] -- Found class_loader: 2.2.0 (/opt/ros/humble/share/class_loader/cmake)
[4.114s] -- Found geometric_shapes: 2.3.2 (/opt/ros/humble/share/geometric_shapes/cmake)
[4.139s] -- Found Boost: /usr/lib/x86_64-linux-gnu/cmake/Boost-1.74.0/BoostConfig.cmake (found version "1.74.0") found components: filesystem 
[4.251s] -- Found rosidl_generator_c: 3.1.8 (/opt/ros/humble/share/rosidl_generator_c/cmake)
[4.264s] -- Found rosidl_adapter: 3.1.8 (/opt/ros/humble/share/rosidl_adapter/cmake)
[4.281s] -- Found rosidl_generator_cpp: 3.1.8 (/opt/ros/humble/share/rosidl_generator_cpp/cmake)
[4.307s] -- Using all available rosidl_typesupport_c: rosidl_typesupport_fastrtps_c;rosidl_typesupport_introspection_c
[4.338s] -- Using all available rosidl_typesupport_cpp: rosidl_typesupport_fastrtps_cpp;rosidl_typesupport_introspection_cpp
[4.527s] -- Found rmw_implementation_cmake: 6.1.2 (/opt/ros/humble/share/rmw_implementation_cmake/cmake)
[4.535s] -- Found rmw_fastrtps_cpp: 6.2.10 (/opt/ros/humble/share/rmw_fastrtps_cpp/cmake)
[6.158s] -- Found OpenSSL: /usr/lib/x86_64-linux-gnu/libcrypto.so (found version "3.0.2")  
[7.601s] -- Found FastRTPS: /opt/ros/humble/include  
[15.543s] -- Using RMW implementation 'rmw_fastrtps_cpp' as default
[15.571s] -- Looking for pthread.h
[15.894s] -- Looking for pthread.h - found
[15.895s] -- Performing Test CMAKE_HAVE_LIBC_PTHREAD
[16.422s] -- Performing Test CMAKE_HAVE_LIBC_PTHREAD - Success
[16.423s] -- Found Threads: TRUE  
[22.211s] -- library: /usr/lib/x86_64-linux-gnu/libcurl.so
[22.289s] -- Found interactive_markers: 2.3.2 (/opt/ros/humble/share/interactive_markers/cmake)
[22.300s] -- Found moveit_ros_planning: 2.5.9 (/home/b/ws_moveit2/src/install/moveit_ros_planning/share/moveit_ros_planning/cmake)
[22.334s] -- Found Boost: /usr/lib/x86_64-linux-gnu/cmake/Boost-1.74.0/BoostConfig.cmake (found version "1.74.0") found components: system filesystem date_time program_options thread chrono 
[29.169s] -- Found Boost: /usr/lib/x86_64-linux-gnu/cmake/Boost-1.74.0/BoostConfig.cmake (found version "1.74.0") found components: chrono date_time filesystem iostreams program_options regex serialization system thread 
[32.623s] -- Found parameter_traits: 0.6.0 (/opt/ros/humble/share/parameter_traits/cmake)
[32.650s] -- Found rclcpp_lifecycle: 16.0.18 (/opt/ros/humble/share/rclcpp_lifecycle/cmake)
[32.931s] -- Found Eigen3: TRUE (found version "3.4.0") 
[32.931s] -- Ensuring Eigen3 include directory is part of orocos-kdl CMake target
[33.150s] -- Found moveit_ros_planning_interface: 2.5.9 (/home/b/ws_moveit2/src/install/moveit_ros_planning_interface/share/moveit_ros_planning_interface/cmake)
[33.157s] -- Found Boost: /usr/lib/x86_64-linux-gnu/cmake/Boost-1.74.0/BoostConfig.cmake (found version "1.74.0") found components: date_time filesystem program_options system thread 
[33.180s] -- Found Boost: /usr/lib/x86_64-linux-gnu/cmake/Boost-1.74.0/BoostConfig.cmake (found version "1.74.0") found components: thread system filesystem regex date_time program_options 
[33.209s] -- Found Boost: /usr/lib/x86_64-linux-gnu/cmake/Boost-1.74.0/BoostConfig.cmake (found version "1.74.0") found components: system filesystem date_time program_options thread 
[33.262s] -- Found moveit_ros_robot_interaction: 2.5.9 (/home/b/ws_moveit2/src/install/moveit_ros_robot_interaction/share/moveit_ros_robot_interaction/cmake)
[33.280s] -- Found rclpy: 3.3.20 (/opt/ros/humble/share/rclpy/cmake)
[33.285s] -- Found rviz2: 11.2.25 (/opt/ros/humble/share/rviz2/cmake)
[33.293s] -- Found rviz_common: 11.2.25 (/opt/ros/humble/share/rviz_common/cmake)
[33.934s] -- Setting assimp_DIR to: '/opt/ros/humble/share/rviz_assimp_vendor/cmake/../../../opt/rviz_assimp_vendor/lib/cmake/assimp-4.1'
[33.950s] -- Setting OGRE_DIR to: '/opt/ros/humble/share/rviz_ogre_vendor/cmake/../../../opt/rviz_ogre_vendor/lib/OGRE/cmake'
[33.951s] -- Found OGRE
[33.952s] --   static     : OFF
[33.952s] --   components : HLMS;MeshLodGenerator;Overlay;Paging;Property;RTShaderSystem;Terrain;Volume
[33.952s] --   plugins    : Plugin_BSPSceneManager;Plugin_OctreeSceneManager;Plugin_PCZSceneManager;Plugin_ParticleFX;RenderSystem_GL;RenderSystem_GL3Plus;Codec_STBI
[33.952s] --   media      : /opt/ros/humble/opt/rviz_ogre_vendor/share/OGRE/Media
[33.952s] -- OGRE_LIBRARIES: OgreHLMS;OgreMeshLodGenerator;OgreOverlay;OgrePaging;OgreProperty;OgreRTShaderSystem;OgreTerrain;OgreVolume;OgreMain
[33.953s] -- OGRE_LIBRARY_DIRS: /opt/ros/humble/opt/rviz_ogre_vendor/lib
[33.953s] -- OGRE_PLUGINS: Plugin_BSPSceneManager;Plugin_OctreeSceneManager;Plugin_PCZSceneManager;Plugin_ParticleFX;RenderSystem_GL;RenderSystem_GL3Plus;Codec_STBI
[33.953s] -- OGRE_PLUGIN_DIR: /opt/ros/humble/opt/rviz_ogre_vendor/lib/OGRE
[33.953s] -- rviz_ogre_vendor::OgreOverlay for IMPORTED_LOCATION_RELEASE: /opt/ros/humble/opt/rviz_ogre_vendor/lib/libOgreOverlay.so
[33.953s] -- rviz_ogre_vendor::OgreOverlay for IMPORTED_LOCATION_DEBUG: /opt/ros/humble/opt/rviz_ogre_vendor/lib/libOgreOverlay.so
[33.953s] -- rviz_ogre_vendor::OgreMain for IMPORTED_LOCATION_RELEASE: /opt/ros/humble/opt/rviz_ogre_vendor/lib/libOgreMain.so
[33.953s] -- rviz_ogre_vendor::OgreMain for IMPORTED_LOCATION_DEBUG: /opt/ros/humble/opt/rviz_ogre_vendor/lib/libOgreMain.so
[37.493s] -- Found ZLIB: /usr/lib/x86_64-linux-gnu/libz.so (found version "1.2.11") 
[38.124s] -- Found OpenGL: /usr/lib/x86_64-linux-gnu/libOpenGL.so   
[50.801s] -- Found X11: /usr/include   
[50.801s] -- Looking for XOpenDisplay in /usr/lib/x86_64-linux-gnu/libX11.so;/usr/lib/x86_64-linux-gnu/libXext.so
[52.385s] -- Looking for XOpenDisplay in /usr/lib/x86_64-linux-gnu/libX11.so;/usr/lib/x86_64-linux-gnu/libXext.so - found
[52.385s] -- Looking for gethostbyname
[54.583s] -- Looking for gethostbyname - found
[54.584s] -- Looking for connect
[55.905s] -- Looking for connect - found
[55.905s] -- Looking for remove
[57.237s] -- Looking for remove - found
[57.237s] -- Looking for shmat
[58.517s] -- Looking for shmat - found
[58.517s] -- Looking for IceConnectionNumber in ICE
[59.761s] -- Looking for IceConnectionNumber in ICE - found
[60.089s] -- Found rviz_default_plugins: 11.2.25 (/opt/ros/humble/share/rviz_default_plugins/cmake)
[60.713s] -- Found Boost: /usr/lib/x86_64-linux-gnu/cmake/Boost-1.74.0/BoostConfig.cmake (found version "1.74.0") found components: thread date_time system filesystem 
[61.001s] -- Performing Test COMPILER_HAS_HIDDEN_VISIBILITY
[62.265s] -- Performing Test COMPILER_HAS_HIDDEN_VISIBILITY - Success
[62.265s] -- Performing Test COMPILER_HAS_HIDDEN_INLINE_VISIBILITY
[63.257s] -- Performing Test COMPILER_HAS_HIDDEN_INLINE_VISIBILITY - Success
[63.257s] -- Performing Test COMPILER_HAS_DEPRECATED_ATTR
[64.668s] -- Performing Test COMPILER_HAS_DEPRECATED_ATTR - Success
[64.969s] -- Found ament_lint_auto: 0.12.15 (/opt/ros/humble/share/ament_lint_auto/cmake)
[65.240s] -- Added test 'cppcheck' to perform static code analysis on C / C++ code
[65.253s] -- Configured cppcheck include dirs: /home/b/ws_moveit2/src/moveit2/moveit_ros/visualization/rviz_plugin_render_tools/include;/home/b/ws_moveit2/src/moveit2/moveit_ros/visualization/robot_state_rviz_plugin/include;/home/b/ws_moveit2/src/moveit2/moveit_ros/visualization/planning_scene_rviz_plugin/include;/home/b/ws_moveit2/src/moveit2/moveit_ros/visualization/motion_planning_rviz_plugin/include;/home/b/ws_moveit2/src/moveit2/moveit_ros/visualization/trajectory_rviz_plugin/include
[65.253s] -- Configured cppcheck exclude dirs and/or files: 
[65.264s] -- Added test 'lint_cmake' to check CMake code style
[65.277s] -- Added test 'pep257' to check Python code against some of the docstring style conventions in PEP 257
[65.290s] -- Added test 'xmllint' to check XML markup files
[65.325s] -- Configuring done
[67.913s] -- Generating done
[68.404s] -- Build files have been written to: /home/b/ws_moveit2/src/build/moveit_ros_visualization
[68.742s] Invoked command in '/home/b/ws_moveit2/src/build/moveit_ros_visualization' returned '0': AMENT_PREFIX_PATH=/home/b/ws_moveit2/src/install/moveit_ros_planning_interface:/home/b/ws_moveit2/src/install/moveit_ros_move_group:/home/b/ws_moveit2/src/install/moveit_ros_warehouse:/home/b/ws_moveit2/src/install/moveit_ros_robot_interaction:/home/b/ws_moveit2/src/install/moveit_planners_ompl:/home/b/ws_moveit2/src/install/moveit_kinematics:/home/b/ws_moveit2/src/install/moveit_ros_planning:/home/b/ws_moveit2/src/install/moveit_simple_controller_manager:/home/b/ws_moveit2/src/install/moveit_ros_occupancy_map_monitor:/home/b/ws_moveit2/src/install/moveit_core:/home/b/ws_moveit2/src/install/moveit_resources_panda_moveit_config:/home/b/ws_moveit2/src/install/moveit_resources_fanuc_moveit_config:/home/b/ws_moveit2/src/install/moveit_configs_utils:/home/b/ws_moveit2/src/install/srdfdom:/home/b/ws_moveit2/src/install/moveit_resources_pr2_description:/home/b/ws_moveit2/src/install/moveit_resources_panda_description:/home/b/ws_moveit2/src/install/moveit_resources_fanuc_description:/home/b/ws_moveit2/src/install/moveit_common:/home/b/ws_moveit2/src/install/launch_param_builder:${AMENT_PREFIX_PATH} CMAKE_PREFIX_PATH=/home/b/ws_moveit2/src/install/moveit_ros_planning_interface:/home/b/ws_moveit2/src/install/moveit_ros_move_group:/home/b/ws_moveit2/src/install/moveit_ros_warehouse:/home/b/ws_moveit2/src/install/moveit_ros_robot_interaction:/home/b/ws_moveit2/src/install/moveit_planners_ompl:/home/b/ws_moveit2/src/install/moveit_kinematics:/home/b/ws_moveit2/src/install/moveit_ros_planning:/home/b/ws_moveit2/src/install/moveit_simple_controller_manager:/home/b/ws_moveit2/src/install/moveit_ros_occupancy_map_monitor:/home/b/ws_moveit2/src/install/moveit_core:/home/b/ws_moveit2/src/install/moveit_resources_panda_moveit_config:/home/b/ws_moveit2/src/install/moveit_resources_fanuc_moveit_config:/home/b/ws_moveit2/src/install/srdfdom:/home/b/ws_moveit2/src/install/moveit_resources_pr2_description:/home/b/ws_moveit2/src/install/moveit_resources_panda_description:/home/b/ws_moveit2/src/install/moveit_resources_fanuc_description:/home/b/ws_moveit2/src/install/moveit_common:/opt/ros/humble LD_LIBRARY_PATH=/home/b/ws_moveit2/src/install/moveit_ros_planning_interface/lib:/home/b/ws_moveit2/src/install/moveit_ros_move_group/lib:/home/b/ws_moveit2/src/install/moveit_ros_warehouse/lib:/home/b/ws_moveit2/src/install/moveit_ros_robot_interaction/lib:/home/b/ws_moveit2/src/install/moveit_planners_ompl/lib:/home/b/ws_moveit2/src/install/moveit_kinematics/lib:/home/b/ws_moveit2/src/install/moveit_ros_planning/lib:/home/b/ws_moveit2/src/install/moveit_simple_controller_manager/lib:/home/b/ws_moveit2/src/install/moveit_ros_occupancy_map_monitor/lib:/home/b/ws_moveit2/src/install/moveit_core/lib:/home/b/ws_moveit2/src/install/srdfdom/lib:${LD_LIBRARY_PATH} PATH=/home/b/ws_moveit2/src/install/moveit_core/bin:${PATH} PYTHONPATH=/home/b/ws_moveit2/src/install/moveit_configs_utils/lib/python3.10/site-packages:/home/b/ws_moveit2/src/install/srdfdom/local/lib/python3.10/dist-packages:/home/b/ws_moveit2/src/install/launch_param_builder/lib/python3.10/site-packages:${PYTHONPATH} /usr/bin/cmake /home/b/ws_moveit2/src/moveit2/moveit_ros/visualization -DCMAKE_INSTALL_PREFIX=/home/b/ws_moveit2/src/install/moveit_ros_visualization
[68.743s] Invoking command in '/home/b/ws_moveit2/src/build/moveit_ros_visualization': AMENT_PREFIX_PATH=/home/b/ws_moveit2/src/install/moveit_ros_planning_interface:/home/b/ws_moveit2/src/install/moveit_ros_move_group:/home/b/ws_moveit2/src/install/moveit_ros_warehouse:/home/b/ws_moveit2/src/install/moveit_ros_robot_interaction:/home/b/ws_moveit2/src/install/moveit_planners_ompl:/home/b/ws_moveit2/src/install/moveit_kinematics:/home/b/ws_moveit2/src/install/moveit_ros_planning:/home/b/ws_moveit2/src/install/moveit_simple_controller_manager:/home/b/ws_moveit2/src/install/moveit_ros_occupancy_map_monitor:/home/b/ws_moveit2/src/install/moveit_core:/home/b/ws_moveit2/src/install/moveit_resources_panda_moveit_config:/home/b/ws_moveit2/src/install/moveit_resources_fanuc_moveit_config:/home/b/ws_moveit2/src/install/moveit_configs_utils:/home/b/ws_moveit2/src/install/srdfdom:/home/b/ws_moveit2/src/install/moveit_resources_pr2_description:/home/b/ws_moveit2/src/install/moveit_resources_panda_description:/home/b/ws_moveit2/src/install/moveit_resources_fanuc_description:/home/b/ws_moveit2/src/install/moveit_common:/home/b/ws_moveit2/src/install/launch_param_builder:${AMENT_PREFIX_PATH} CMAKE_PREFIX_PATH=/home/b/ws_moveit2/src/install/moveit_ros_planning_interface:/home/b/ws_moveit2/src/install/moveit_ros_move_group:/home/b/ws_moveit2/src/install/moveit_ros_warehouse:/home/b/ws_moveit2/src/install/moveit_ros_robot_interaction:/home/b/ws_moveit2/src/install/moveit_planners_ompl:/home/b/ws_moveit2/src/install/moveit_kinematics:/home/b/ws_moveit2/src/install/moveit_ros_planning:/home/b/ws_moveit2/src/install/moveit_simple_controller_manager:/home/b/ws_moveit2/src/install/moveit_ros_occupancy_map_monitor:/home/b/ws_moveit2/src/install/moveit_core:/home/b/ws_moveit2/src/install/moveit_resources_panda_moveit_config:/home/b/ws_moveit2/src/install/moveit_resources_fanuc_moveit_config:/home/b/ws_moveit2/src/install/srdfdom:/home/b/ws_moveit2/src/install/moveit_resources_pr2_description:/home/b/ws_moveit2/src/install/moveit_resources_panda_description:/home/b/ws_moveit2/src/install/moveit_resources_fanuc_description:/home/b/ws_moveit2/src/install/moveit_common:/opt/ros/humble LD_LIBRARY_PATH=/home/b/ws_moveit2/src/install/moveit_ros_planning_interface/lib:/home/b/ws_moveit2/src/install/moveit_ros_move_group/lib:/home/b/ws_moveit2/src/install/moveit_ros_warehouse/lib:/home/b/ws_moveit2/src/install/moveit_ros_robot_interaction/lib:/home/b/ws_moveit2/src/install/moveit_planners_ompl/lib:/home/b/ws_moveit2/src/install/moveit_kinematics/lib:/home/b/ws_moveit2/src/install/moveit_ros_planning/lib:/home/b/ws_moveit2/src/install/moveit_simple_controller_manager/lib:/home/b/ws_moveit2/src/install/moveit_ros_occupancy_map_monitor/lib:/home/b/ws_moveit2/src/install/moveit_core/lib:/home/b/ws_moveit2/src/install/srdfdom/lib:${LD_LIBRARY_PATH} PATH=/home/b/ws_moveit2/src/install/moveit_core/bin:${PATH} PYTHONPATH=/home/b/ws_moveit2/src/install/moveit_configs_utils/lib/python3.10/site-packages:/home/b/ws_moveit2/src/install/srdfdom/local/lib/python3.10/dist-packages:/home/b/ws_moveit2/src/install/launch_param_builder/lib/python3.10/site-packages:${PYTHONPATH} /usr/bin/cmake --build /home/b/ws_moveit2/src/build/moveit_ros_visualization -- -j12 -l12
[69.345s] [  1%] [34m[1mAutomatic MOC for target moveit_rviz_plugin_render_tools[0m
[73.270s] [  1%] Built target moveit_rviz_plugin_render_tools_autogen
[73.475s] [  3%] [32mBuilding CXX object rviz_plugin_render_tools/CMakeFiles/moveit_rviz_plugin_render_tools.dir/moveit_rviz_plugin_render_tools_autogen/mocs_compilation.cpp.o[0m
[135.512s] [  5%] [32mBuilding CXX object rviz_plugin_render_tools/CMakeFiles/moveit_rviz_plugin_render_tools.dir/src/mesh_shape.cpp.o[0m
[141.838s] [  6%] [32mBuilding CXX object rviz_plugin_render_tools/CMakeFiles/moveit_rviz_plugin_render_tools.dir/src/trajectory_panel.cpp.o[0m
[151.251s] [  8%] [32mBuilding CXX object rviz_plugin_render_tools/CMakeFiles/moveit_rviz_plugin_render_tools.dir/src/trajectory_visualization.cpp.o[0m
[196.292s] [ 10%] [32mBuilding CXX object rviz_plugin_render_tools/CMakeFiles/moveit_rviz_plugin_render_tools.dir/src/planning_link_updater.cpp.o[0m
[196.301s] [ 12%] [32mBuilding CXX object rviz_plugin_render_tools/CMakeFiles/moveit_rviz_plugin_render_tools.dir/src/robot_state_visualization.cpp.o[0m
[196.302s] [ 13%] [32mBuilding CXX object rviz_plugin_render_tools/CMakeFiles/moveit_rviz_plugin_render_tools.dir/src/octomap_render.cpp.o[0m
[196.313s] [ 15%] [32mBuilding CXX object rviz_plugin_render_tools/CMakeFiles/moveit_rviz_plugin_render_tools.dir/src/planning_scene_render.cpp.o[0m
[229.769s] [ 17%] [32mBuilding CXX object rviz_plugin_render_tools/CMakeFiles/moveit_rviz_plugin_render_tools.dir/src/render_shapes.cpp.o[0m
[276.449s] [ 18%] [32m[1mLinking CXX shared library libmoveit_rviz_plugin_render_tools.so[0m
[288.307s] [ 18%] Built target moveit_rviz_plugin_render_tools
[288.383s] [ 20%] [34m[1mAutomatic MOC for target moveit_planning_scene_rviz_plugin_core[0m
[288.385s] [ 22%] [34m[1mAutomatic MOC for target moveit_robot_state_rviz_plugin_core[0m
[289.110s] [ 22%] Built target moveit_robot_state_rviz_plugin_core_autogen
[289.193s] [ 24%] [32mBuilding CXX object robot_state_rviz_plugin/CMakeFiles/moveit_robot_state_rviz_plugin_core.dir/moveit_robot_state_rviz_plugin_core_autogen/mocs_compilation.cpp.o[0m
[289.207s] [ 25%] [32mBuilding CXX object robot_state_rviz_plugin/CMakeFiles/moveit_robot_state_rviz_plugin_core.dir/src/robot_state_display.cpp.o[0m
[289.619s] [ 25%] Built target moveit_planning_scene_rviz_plugin_core_autogen
[289.758s] [ 27%] [32mBuilding CXX object planning_scene_rviz_plugin/CMakeFiles/moveit_planning_scene_rviz_plugin_core.dir/moveit_planning_scene_rviz_plugin_core_autogen/mocs_compilation.cpp.o[0m
[289.763s] [ 29%] [32mBuilding CXX object planning_scene_rviz_plugin/CMakeFiles/moveit_planning_scene_rviz_plugin_core.dir/src/planning_scene_display.cpp.o[0m
[374.685s] [ 31%] [32mBuilding CXX object planning_scene_rviz_plugin/CMakeFiles/moveit_planning_scene_rviz_plugin_core.dir/src/background_processing.cpp.o[0m
[379.222s] [ 32%] [32m[1mLinking CXX shared library libmoveit_planning_scene_rviz_plugin_core.so[0m
[385.287s] [ 34%] [32m[1mLinking CXX shared library libmoveit_robot_state_rviz_plugin_core.so[0m
[388.124s] [ 34%] Built target moveit_planning_scene_rviz_plugin_core
[392.326s] [ 34%] Built target moveit_robot_state_rviz_plugin_core
[392.391s] [ 36%] [34m[1mAutomatic MOC for target moveit_trajectory_rviz_plugin_core[0m
[393.209s] [ 36%] Built target moveit_trajectory_rviz_plugin_core_autogen
[393.267s] [ 37%] [34m[1mAutomatic MOC for target moveit_robot_state_rviz_plugin[0m
[393.327s] [ 37%] Built target moveit_robot_state_rviz_plugin_autogen
[393.391s] [ 39%] [32mBuilding CXX object trajectory_rviz_plugin/CMakeFiles/moveit_trajectory_rviz_plugin_core.dir/moveit_trajectory_rviz_plugin_core_autogen/mocs_compilation.cpp.o[0m
[412.353s] [ 41%] [32mBuilding CXX object trajectory_rviz_plugin/CMakeFiles/moveit_trajectory_rviz_plugin_core.dir/src/trajectory_display.cpp.o[0m
[432.644s] [ 43%] [32m[1mLinking CXX shared library libmoveit_trajectory_rviz_plugin_core.so[0m
[434.846s] [ 43%] Built target moveit_trajectory_rviz_plugin_core
[434.898s] [ 44%] [32mBuilding CXX object robot_state_rviz_plugin/CMakeFiles/moveit_robot_state_rviz_plugin.dir/src/plugin_init.cpp.o[0m
[434.905s] [ 46%] [34m[1mAutomatic MOC for target moveit_planning_scene_rviz_plugin[0m
[434.908s] [ 48%] [32mBuilding CXX object robot_state_rviz_plugin/CMakeFiles/moveit_robot_state_rviz_plugin.dir/moveit_robot_state_rviz_plugin_autogen/mocs_compilation.cpp.o[0m
[434.922s] [ 50%] [34m[1mAutomatic MOC for target moveit_trajectory_rviz_plugin[0m
[434.984s] [ 50%] Built target moveit_planning_scene_rviz_plugin_autogen
[435.041s] [ 51%] [32mBuilding CXX object planning_scene_rviz_plugin/CMakeFiles/moveit_planning_scene_rviz_plugin.dir/src/plugin_init.cpp.o[0m
[435.042s] [ 51%] Built target moveit_trajectory_rviz_plugin_autogen
[435.054s] [ 53%] [32mBuilding CXX object planning_scene_rviz_plugin/CMakeFiles/moveit_planning_scene_rviz_plugin.dir/moveit_planning_scene_rviz_plugin_autogen/mocs_compilation.cpp.o[0m
[435.115s] [ 55%] [32mBuilding CXX object trajectory_rviz_plugin/CMakeFiles/moveit_trajectory_rviz_plugin.dir/moveit_trajectory_rviz_plugin_autogen/mocs_compilation.cpp.o[0m
[435.125s] [ 56%] [32mBuilding CXX object trajectory_rviz_plugin/CMakeFiles/moveit_trajectory_rviz_plugin.dir/src/plugin_init.cpp.o[0m
[460.708s] [ 58%] [32m[1mLinking CXX shared library libmoveit_robot_state_rviz_plugin.so[0m
[461.610s] [ 60%] [32m[1mLinking CXX shared library libmoveit_trajectory_rviz_plugin.so[0m
[463.090s] [ 60%] Built target moveit_robot_state_rviz_plugin
[464.149s] [ 60%] Built target moveit_trajectory_rviz_plugin
[467.171s] [ 62%] [32m[1mLinking CXX shared library libmoveit_planning_scene_rviz_plugin.so[0m
[468.922s] [ 62%] Built target moveit_planning_scene_rviz_plugin
[468.971s] [ 63%] [34m[1mAutomatic MOC for target moveit_motion_planning_rviz_plugin_core[0m
[470.427s] [ 63%] Built target moveit_motion_planning_rviz_plugin_core_autogen
[470.456s] [ 65%] [34m[1mGenerating ui_motion_planning_rviz_plugin_frame_joints.h[0m
[470.458s] [ 67%] [34m[1mAutomatic RCC for src/icons/icons.qrc[0m
[470.466s] [ 68%] [34m[1mGenerating ui_motion_planning_rviz_plugin_frame.h[0m
[470.600s] [ 70%] [32mBuilding CXX object motion_planning_rviz_plugin/CMakeFiles/moveit_motion_planning_rviz_plugin_core.dir/src/motion_planning_frame_context.cpp.o[0m
[470.601s] [ 72%] [32mBuilding CXX object motion_planning_rviz_plugin/CMakeFiles/moveit_motion_planning_rviz_plugin_core.dir/src/motion_planning_frame.cpp.o[0m
[470.601s] [ 74%] [32mBuilding CXX object motion_planning_rviz_plugin/CMakeFiles/moveit_motion_planning_rviz_plugin_core.dir/moveit_motion_planning_rviz_plugin_core_autogen/mocs_compilation.cpp.o[0m
[470.621s] [ 75%] [32mBuilding CXX object motion_planning_rviz_plugin/CMakeFiles/moveit_motion_planning_rviz_plugin_core.dir/src/motion_planning_frame_joints_widget.cpp.o[0m
[470.621s] [ 77%] [32mBuilding CXX object motion_planning_rviz_plugin/CMakeFiles/moveit_motion_planning_rviz_plugin_core.dir/src/motion_planning_display.cpp.o[0m
[470.624s] [ 79%] [32mBuilding CXX object motion_planning_rviz_plugin/CMakeFiles/moveit_motion_planning_rviz_plugin_core.dir/src/motion_planning_frame_manipulation.cpp.o[0m
[470.633s] [ 81%] [32mBuilding CXX object motion_planning_rviz_plugin/CMakeFiles/moveit_motion_planning_rviz_plugin_core.dir/src/motion_planning_frame_planning.cpp.o[0m
[470.635s] [ 82%] [32mBuilding CXX object motion_planning_rviz_plugin/CMakeFiles/moveit_motion_planning_rviz_plugin_core.dir/src/motion_planning_param_widget.cpp.o[0m
[470.636s] [ 84%] [32mBuilding CXX object motion_planning_rviz_plugin/CMakeFiles/moveit_motion_planning_rviz_plugin_core.dir/src/motion_planning_frame_objects.cpp.o[0m
[470.641s] [ 87%] [32mBuilding CXX object motion_planning_rviz_plugin/CMakeFiles/moveit_motion_planning_rviz_plugin_core.dir/src/motion_planning_frame_states.cpp.o[0m
[470.641s] [ 87%] [32mBuilding CXX object motion_planning_rviz_plugin/CMakeFiles/moveit_motion_planning_rviz_plugin_core.dir/src/motion_planning_frame_scenes.cpp.o[0m
[470.682s] [ 89%] [32mBuilding CXX object motion_planning_rviz_plugin/CMakeFiles/moveit_motion_planning_rviz_plugin_core.dir/src/interactive_marker_display.cpp.o[0m
[568.210s] [ 91%] [32mBuilding CXX object motion_planning_rviz_plugin/CMakeFiles/moveit_motion_planning_rviz_plugin_core.dir/moveit_motion_planning_rviz_plugin_core_autogen/2OST2OT5Q2/qrc_icons.cpp.o[0m
[587.678s] [ 93%] [32m[1mLinking CXX shared library libmoveit_motion_planning_rviz_plugin_core.so[0m
[594.512s] [ 93%] Built target moveit_motion_planning_rviz_plugin_core
[594.547s] [ 94%] [34m[1mAutomatic MOC for target moveit_motion_planning_rviz_plugin[0m
[594.594s] [ 94%] Built target moveit_motion_planning_rviz_plugin_autogen
[594.630s] [ 96%] [32mBuilding CXX object motion_planning_rviz_plugin/CMakeFiles/moveit_motion_planning_rviz_plugin.dir/src/plugin_init.cpp.o[0m
[594.631s] [ 98%] [32mBuilding CXX object motion_planning_rviz_plugin/CMakeFiles/moveit_motion_planning_rviz_plugin.dir/moveit_motion_planning_rviz_plugin_autogen/mocs_compilation.cpp.o[0m
[649.417s] [100%] [32m[1mLinking CXX shared library libmoveit_motion_planning_rviz_plugin.so[0m
[653.099s] [100%] Built target moveit_motion_planning_rviz_plugin
[653.338s] Invoked command in '/home/b/ws_moveit2/src/build/moveit_ros_visualization' returned '0': AMENT_PREFIX_PATH=/home/b/ws_moveit2/src/install/moveit_ros_planning_interface:/home/b/ws_moveit2/src/install/moveit_ros_move_group:/home/b/ws_moveit2/src/install/moveit_ros_warehouse:/home/b/ws_moveit2/src/install/moveit_ros_robot_interaction:/home/b/ws_moveit2/src/install/moveit_planners_ompl:/home/b/ws_moveit2/src/install/moveit_kinematics:/home/b/ws_moveit2/src/install/moveit_ros_planning:/home/b/ws_moveit2/src/install/moveit_simple_controller_manager:/home/b/ws_moveit2/src/install/moveit_ros_occupancy_map_monitor:/home/b/ws_moveit2/src/install/moveit_core:/home/b/ws_moveit2/src/install/moveit_resources_panda_moveit_config:/home/b/ws_moveit2/src/install/moveit_resources_fanuc_moveit_config:/home/b/ws_moveit2/src/install/moveit_configs_utils:/home/b/ws_moveit2/src/install/srdfdom:/home/b/ws_moveit2/src/install/moveit_resources_pr2_description:/home/b/ws_moveit2/src/install/moveit_resources_panda_description:/home/b/ws_moveit2/src/install/moveit_resources_fanuc_description:/home/b/ws_moveit2/src/install/moveit_common:/home/b/ws_moveit2/src/install/launch_param_builder:${AMENT_PREFIX_PATH} CMAKE_PREFIX_PATH=/home/b/ws_moveit2/src/install/moveit_ros_planning_interface:/home/b/ws_moveit2/src/install/moveit_ros_move_group:/home/b/ws_moveit2/src/install/moveit_ros_warehouse:/home/b/ws_moveit2/src/install/moveit_ros_robot_interaction:/home/b/ws_moveit2/src/install/moveit_planners_ompl:/home/b/ws_moveit2/src/install/moveit_kinematics:/home/b/ws_moveit2/src/install/moveit_ros_planning:/home/b/ws_moveit2/src/install/moveit_simple_controller_manager:/home/b/ws_moveit2/src/install/moveit_ros_occupancy_map_monitor:/home/b/ws_moveit2/src/install/moveit_core:/home/b/ws_moveit2/src/install/moveit_resources_panda_moveit_config:/home/b/ws_moveit2/src/install/moveit_resources_fanuc_moveit_config:/home/b/ws_moveit2/src/install/srdfdom:/home/b/ws_moveit2/src/install/moveit_resources_pr2_description:/home/b/ws_moveit2/src/install/moveit_resources_panda_description:/home/b/ws_moveit2/src/install/moveit_resources_fanuc_description:/home/b/ws_moveit2/src/install/moveit_common:/opt/ros/humble LD_LIBRARY_PATH=/home/b/ws_moveit2/src/install/moveit_ros_planning_interface/lib:/home/b/ws_moveit2/src/install/moveit_ros_move_group/lib:/home/b/ws_moveit2/src/install/moveit_ros_warehouse/lib:/home/b/ws_moveit2/src/install/moveit_ros_robot_interaction/lib:/home/b/ws_moveit2/src/install/moveit_planners_ompl/lib:/home/b/ws_moveit2/src/install/moveit_kinematics/lib:/home/b/ws_moveit2/src/install/moveit_ros_planning/lib:/home/b/ws_moveit2/src/install/moveit_simple_controller_manager/lib:/home/b/ws_moveit2/src/install/moveit_ros_occupancy_map_monitor/lib:/home/b/ws_moveit2/src/install/moveit_core/lib:/home/b/ws_moveit2/src/install/srdfdom/lib:${LD_LIBRARY_PATH} PATH=/home/b/ws_moveit2/src/install/moveit_core/bin:${PATH} PYTHONPATH=/home/b/ws_moveit2/src/install/moveit_configs_utils/lib/python3.10/site-packages:/home/b/ws_moveit2/src/install/srdfdom/local/lib/python3.10/dist-packages:/home/b/ws_moveit2/src/install/launch_param_builder/lib/python3.10/site-packages:${PYTHONPATH} /usr/bin/cmake --build /home/b/ws_moveit2/src/build/moveit_ros_visualization -- -j12 -l12
[653.360s] Invoking command in '/home/b/ws_moveit2/src/build/moveit_ros_visualization': AMENT_PREFIX_PATH=/home/b/ws_moveit2/src/install/moveit_ros_planning_interface:/home/b/ws_moveit2/src/install/moveit_ros_move_group:/home/b/ws_moveit2/src/install/moveit_ros_warehouse:/home/b/ws_moveit2/src/install/moveit_ros_robot_interaction:/home/b/ws_moveit2/src/install/moveit_planners_ompl:/home/b/ws_moveit2/src/install/moveit_kinematics:/home/b/ws_moveit2/src/install/moveit_ros_planning:/home/b/ws_moveit2/src/install/moveit_simple_controller_manager:/home/b/ws_moveit2/src/install/moveit_ros_occupancy_map_monitor:/home/b/ws_moveit2/src/install/moveit_core:/home/b/ws_moveit2/src/install/moveit_resources_panda_moveit_config:/home/b/ws_moveit2/src/install/moveit_resources_fanuc_moveit_config:/home/b/ws_moveit2/src/install/moveit_configs_utils:/home/b/ws_moveit2/src/install/srdfdom:/home/b/ws_moveit2/src/install/moveit_resources_pr2_description:/home/b/ws_moveit2/src/install/moveit_resources_panda_description:/home/b/ws_moveit2/src/install/moveit_resources_fanuc_description:/home/b/ws_moveit2/src/install/moveit_common:/home/b/ws_moveit2/src/install/launch_param_builder:${AMENT_PREFIX_PATH} CMAKE_PREFIX_PATH=/home/b/ws_moveit2/src/install/moveit_ros_planning_interface:/home/b/ws_moveit2/src/install/moveit_ros_move_group:/home/b/ws_moveit2/src/install/moveit_ros_warehouse:/home/b/ws_moveit2/src/install/moveit_ros_robot_interaction:/home/b/ws_moveit2/src/install/moveit_planners_ompl:/home/b/ws_moveit2/src/install/moveit_kinematics:/home/b/ws_moveit2/src/install/moveit_ros_planning:/home/b/ws_moveit2/src/install/moveit_simple_controller_manager:/home/b/ws_moveit2/src/install/moveit_ros_occupancy_map_monitor:/home/b/ws_moveit2/src/install/moveit_core:/home/b/ws_moveit2/src/install/moveit_resources_panda_moveit_config:/home/b/ws_moveit2/src/install/moveit_resources_fanuc_moveit_config:/home/b/ws_moveit2/src/install/srdfdom:/home/b/ws_moveit2/src/install/moveit_resources_pr2_description:/home/b/ws_moveit2/src/install/moveit_resources_panda_description:/home/b/ws_moveit2/src/install/moveit_resources_fanuc_description:/home/b/ws_moveit2/src/install/moveit_common:/opt/ros/humble LD_LIBRARY_PATH=/home/b/ws_moveit2/src/install/moveit_ros_planning_interface/lib:/home/b/ws_moveit2/src/install/moveit_ros_move_group/lib:/home/b/ws_moveit2/src/install/moveit_ros_warehouse/lib:/home/b/ws_moveit2/src/install/moveit_ros_robot_interaction/lib:/home/b/ws_moveit2/src/install/moveit_planners_ompl/lib:/home/b/ws_moveit2/src/install/moveit_kinematics/lib:/home/b/ws_moveit2/src/install/moveit_ros_planning/lib:/home/b/ws_moveit2/src/install/moveit_simple_controller_manager/lib:/home/b/ws_moveit2/src/install/moveit_ros_occupancy_map_monitor/lib:/home/b/ws_moveit2/src/install/moveit_core/lib:/home/b/ws_moveit2/src/install/srdfdom/lib:${LD_LIBRARY_PATH} PATH=/home/b/ws_moveit2/src/install/moveit_core/bin:${PATH} PYTHONPATH=/home/b/ws_moveit2/src/install/moveit_configs_utils/lib/python3.10/site-packages:/home/b/ws_moveit2/src/install/srdfdom/local/lib/python3.10/dist-packages:/home/b/ws_moveit2/src/install/launch_param_builder/lib/python3.10/site-packages:${PYTHONPATH} /usr/bin/cmake --install /home/b/ws_moveit2/src/build/moveit_ros_visualization
[653.380s] -- Install configuration: "Release"
[653.382s] -- Installing: /home/b/ws_moveit2/src/install/moveit_ros_visualization/include
[653.383s] -- Installing: /home/b/ws_moveit2/src/install/moveit_ros_visualization/include/moveit
[653.384s] -- Installing: /home/b/ws_moveit2/src/install/moveit_ros_visualization/include/moveit/rviz_plugin_render_tools
[653.384s] -- Installing: /home/b/ws_moveit2/src/install/moveit_ros_visualization/include/moveit/rviz_plugin_render_tools/planning_scene_render.h
[653.385s] -- Installing: /home/b/ws_moveit2/src/install/moveit_ros_visualization/include/moveit/rviz_plugin_render_tools/octomap_render.h
[653.385s] -- Installing: /home/b/ws_moveit2/src/install/moveit_ros_visualization/include/moveit/rviz_plugin_render_tools/trajectory_visualization.h
[653.386s] -- Installing: /home/b/ws_moveit2/src/install/moveit_ros_visualization/include/moveit/rviz_plugin_render_tools/robot_state_visualization.h
[653.387s] -- Installing: /home/b/ws_moveit2/src/install/moveit_ros_visualization/include/moveit/rviz_plugin_render_tools/planning_link_updater.h
[653.387s] -- Installing: /home/b/ws_moveit2/src/install/moveit_ros_visualization/include/moveit/rviz_plugin_render_tools/trajectory_panel.h
[653.387s] -- Installing: /home/b/ws_moveit2/src/install/moveit_ros_visualization/include/moveit/rviz_plugin_render_tools/render_shapes.h
[653.388s] -- Installing: /home/b/ws_moveit2/src/install/moveit_ros_visualization/include/ogre_helpers
[653.389s] -- Installing: /home/b/ws_moveit2/src/install/moveit_ros_visualization/include/ogre_helpers/mesh_shape.hpp
[653.389s] -- Up-to-date: /home/b/ws_moveit2/src/install/moveit_ros_visualization/include
[653.390s] -- Up-to-date: /home/b/ws_moveit2/src/install/moveit_ros_visualization/include/moveit
[653.390s] -- Installing: /home/b/ws_moveit2/src/install/moveit_ros_visualization/include/moveit/robot_state_rviz_plugin
[653.391s] -- Installing: /home/b/ws_moveit2/src/install/moveit_ros_visualization/include/moveit/robot_state_rviz_plugin/robot_state_display.h
[653.392s] -- Up-to-date: /home/b/ws_moveit2/src/install/moveit_ros_visualization/include
[653.393s] -- Up-to-date: /home/b/ws_moveit2/src/install/moveit_ros_visualization/include/moveit
[653.393s] -- Installing: /home/b/ws_moveit2/src/install/moveit_ros_visualization/include/moveit/planning_scene_rviz_plugin
[653.394s] -- Installing: /home/b/ws_moveit2/src/install/moveit_ros_visualization/include/moveit/planning_scene_rviz_plugin/planning_scene_display.h
[653.394s] -- Installing: /home/b/ws_moveit2/src/install/moveit_ros_visualization/include/moveit/planning_scene_rviz_plugin/background_processing.hpp
[653.394s] -- Installing: /home/b/ws_moveit2/src/install/moveit_ros_visualization/include/moveit_planning_scene_rviz_plugin_core_export.h
[653.396s] -- Up-to-date: /home/b/ws_moveit2/src/install/moveit_ros_visualization/include
[653.397s] -- Up-to-date: /home/b/ws_moveit2/src/install/moveit_ros_visualization/include/moveit
[653.397s] -- Installing: /home/b/ws_moveit2/src/install/moveit_ros_visualization/include/moveit/motion_planning_rviz_plugin
[653.397s] -- Installing: /home/b/ws_moveit2/src/install/moveit_ros_visualization/include/moveit/motion_planning_rviz_plugin/interactive_marker_display.h
[653.398s] -- Installing: /home/b/ws_moveit2/src/install/moveit_ros_visualization/include/moveit/motion_planning_rviz_plugin/motion_planning_frame_joints_widget.h
[653.398s] -- Installing: /home/b/ws_moveit2/src/install/moveit_ros_visualization/include/moveit/motion_planning_rviz_plugin/motion_planning_param_widget.h
[653.398s] -- Installing: /home/b/ws_moveit2/src/install/moveit_ros_visualization/include/moveit/motion_planning_rviz_plugin/motion_planning_display.h
[653.399s] -- Installing: /home/b/ws_moveit2/src/install/moveit_ros_visualization/include/moveit/motion_planning_rviz_plugin/motion_planning_frame.h
[653.402s] -- Up-to-date: /home/b/ws_moveit2/src/install/moveit_ros_visualization/include
[653.402s] -- Up-to-date: /home/b/ws_moveit2/src/install/moveit_ros_visualization/include/moveit
[653.402s] -- Installing: /home/b/ws_moveit2/src/install/moveit_ros_visualization/include/moveit/trajectory_rviz_plugin
[653.403s] -- Installing: /home/b/ws_moveit2/src/install/moveit_ros_visualization/include/moveit/trajectory_rviz_plugin/trajectory_display.h
[653.403s] -- Installing: /home/b/ws_moveit2/src/install/moveit_ros_visualization/share/moveit_ros_visualization/icons
[653.406s] -- Installing: /home/b/ws_moveit2/src/install/moveit_ros_visualization/share/moveit_ros_visualization/icons/classes
[653.408s] -- Installing: /home/b/ws_moveit2/src/install/moveit_ros_visualization/share/moveit_ros_visualization/icons/classes/RobotState.png
[653.410s] -- Installing: /home/b/ws_moveit2/src/install/moveit_ros_visualization/share/moveit_ros_visualization/icons/classes/Trajectory.png
[653.411s] -- Installing: /home/b/ws_moveit2/src/install/moveit_ros_visualization/share/moveit_ros_visualization/icons/classes/PlanningScene.png
[653.412s] -- Installing: /home/b/ws_moveit2/src/install/moveit_ros_visualization/share/moveit_ros_visualization/icons/classes/MotionPlanning.png
[653.414s] -- Installing: /home/b/ws_moveit2/src/install/moveit_ros_visualization/share/moveit_ros_visualization/motion_planning_rviz_plugin_description.xml
[653.415s] -- Installing: /home/b/ws_moveit2/src/install/moveit_ros_visualization/share/moveit_ros_visualization/trajectory_rviz_plugin_description.xml
[653.417s] -- Installing: /home/b/ws_moveit2/src/install/moveit_ros_visualization/share/moveit_ros_visualization/planning_scene_rviz_plugin_description.xml
[653.418s] -- Installing: /home/b/ws_moveit2/src/install/moveit_ros_visualization/share/moveit_ros_visualization/robot_state_rviz_plugin_description.xml
[653.421s] -- Installing: /home/b/ws_moveit2/src/install/moveit_ros_visualization/lib/libmoveit_motion_planning_rviz_plugin.so.2.5.9
[653.422s] -- Set runtime path of "/home/b/ws_moveit2/src/install/moveit_ros_visualization/lib/libmoveit_motion_planning_rviz_plugin.so.2.5.9" to ""
[653.423s] -- Installing: /home/b/ws_moveit2/src/install/moveit_ros_visualization/lib/libmoveit_motion_planning_rviz_plugin.so
[653.423s] -- Installing: /home/b/ws_moveit2/src/install/moveit_ros_visualization/lib/libmoveit_motion_planning_rviz_plugin_core.so.2.5.9
[653.435s] -- Set runtime path of "/home/b/ws_moveit2/src/install/moveit_ros_visualization/lib/libmoveit_motion_planning_rviz_plugin_core.so.2.5.9" to ""
[653.435s] -- Installing: /home/b/ws_moveit2/src/install/moveit_ros_visualization/lib/libmoveit_motion_planning_rviz_plugin_core.so
[653.436s] -- Installing: /home/b/ws_moveit2/src/install/moveit_ros_visualization/lib/libmoveit_planning_scene_rviz_plugin.so.2.5.9
[653.437s] -- Set runtime path of "/home/b/ws_moveit2/src/install/moveit_ros_visualization/lib/libmoveit_planning_scene_rviz_plugin.so.2.5.9" to ""
[653.437s] -- Installing: /home/b/ws_moveit2/src/install/moveit_ros_visualization/lib/libmoveit_planning_scene_rviz_plugin.so
[653.438s] -- Installing: /home/b/ws_moveit2/src/install/moveit_ros_visualization/lib/libmoveit_planning_scene_rviz_plugin_core.so.2.5.9
[653.439s] -- Set runtime path of "/home/b/ws_moveit2/src/install/moveit_ros_visualization/lib/libmoveit_planning_scene_rviz_plugin_core.so.2.5.9" to ""
[653.440s] -- Installing: /home/b/ws_moveit2/src/install/moveit_ros_visualization/lib/libmoveit_planning_scene_rviz_plugin_core.so
[653.440s] -- Installing: /home/b/ws_moveit2/src/install/moveit_ros_visualization/lib/libmoveit_robot_state_rviz_plugin.so.2.5.9
[653.441s] -- Set runtime path of "/home/b/ws_moveit2/src/install/moveit_ros_visualization/lib/libmoveit_robot_state_rviz_plugin.so.2.5.9" to ""
[653.442s] -- Installing: /home/b/ws_moveit2/src/install/moveit_ros_visualization/lib/libmoveit_robot_state_rviz_plugin.so
[653.442s] -- Installing: /home/b/ws_moveit2/src/install/moveit_ros_visualization/lib/libmoveit_robot_state_rviz_plugin_core.so.2.5.9
[653.446s] -- Set runtime path of "/home/b/ws_moveit2/src/install/moveit_ros_visualization/lib/libmoveit_robot_state_rviz_plugin_core.so.2.5.9" to ""
[653.447s] -- Installing: /home/b/ws_moveit2/src/install/moveit_ros_visualization/lib/libmoveit_robot_state_rviz_plugin_core.so
[653.447s] -- Installing: /home/b/ws_moveit2/src/install/moveit_ros_visualization/lib/libmoveit_rviz_plugin_render_tools.so.2.5.9
[653.452s] -- Set runtime path of "/home/b/ws_moveit2/src/install/moveit_ros_visualization/lib/libmoveit_rviz_plugin_render_tools.so.2.5.9" to ""
[653.453s] -- Installing: /home/b/ws_moveit2/src/install/moveit_ros_visualization/lib/libmoveit_rviz_plugin_render_tools.so
[653.453s] -- Installing: /home/b/ws_moveit2/src/install/moveit_ros_visualization/lib/libmoveit_trajectory_rviz_plugin.so.2.5.9
[653.454s] -- Set runtime path of "/home/b/ws_moveit2/src/install/moveit_ros_visualization/lib/libmoveit_trajectory_rviz_plugin.so.2.5.9" to ""
[653.454s] -- Installing: /home/b/ws_moveit2/src/install/moveit_ros_visualization/lib/libmoveit_trajectory_rviz_plugin.so
[653.454s] -- Installing: /home/b/ws_moveit2/src/install/moveit_ros_visualization/lib/libmoveit_trajectory_rviz_plugin_core.so.2.5.9
[653.456s] -- Set runtime path of "/home/b/ws_moveit2/src/install/moveit_ros_visualization/lib/libmoveit_trajectory_rviz_plugin_core.so.2.5.9" to ""
[653.456s] -- Installing: /home/b/ws_moveit2/src/install/moveit_ros_visualization/lib/libmoveit_trajectory_rviz_plugin_core.so
[653.458s] -- Installing: /home/b/ws_moveit2/src/install/moveit_ros_visualization/share/moveit_ros_visualization/environment/library_path.sh
[653.459s] -- Installing: /home/b/ws_moveit2/src/install/moveit_ros_visualization/share/moveit_ros_visualization/environment/library_path.dsv
[653.466s] -- Installing: /home/b/ws_moveit2/src/install/moveit_ros_visualization/share/ament_index/resource_index/package_run_dependencies/moveit_ros_visualization
[653.469s] -- Installing: /home/b/ws_moveit2/src/install/moveit_ros_visualization/share/ament_index/resource_index/parent_prefix_path/moveit_ros_visualization
[653.470s] -- Installing: /home/b/ws_moveit2/src/install/moveit_ros_visualization/share/moveit_ros_visualization/environment/ament_prefix_path.sh
[653.471s] -- Installing: /home/b/ws_moveit2/src/install/moveit_ros_visualization/share/moveit_ros_visualization/environment/ament_prefix_path.dsv
[653.471s] -- Installing: /home/b/ws_moveit2/src/install/moveit_ros_visualization/share/moveit_ros_visualization/environment/path.sh
[653.472s] -- Installing: /home/b/ws_moveit2/src/install/moveit_ros_visualization/share/moveit_ros_visualization/environment/path.dsv
[653.474s] -- Installing: /home/b/ws_moveit2/src/install/moveit_ros_visualization/share/moveit_ros_visualization/local_setup.bash
[653.475s] -- Installing: /home/b/ws_moveit2/src/install/moveit_ros_visualization/share/moveit_ros_visualization/local_setup.sh
[653.477s] -- Installing: /home/b/ws_moveit2/src/install/moveit_ros_visualization/share/moveit_ros_visualization/local_setup.zsh
[653.478s] -- Installing: /home/b/ws_moveit2/src/install/moveit_ros_visualization/share/moveit_ros_visualization/local_setup.dsv
[653.480s] -- Installing: /home/b/ws_moveit2/src/install/moveit_ros_visualization/share/moveit_ros_visualization/package.dsv
[653.483s] -- Installing: /home/b/ws_moveit2/src/install/moveit_ros_visualization/share/ament_index/resource_index/packages/moveit_ros_visualization
[653.485s] -- Installing: /home/b/ws_moveit2/src/install/moveit_ros_visualization/share/ament_index/resource_index/rviz_common__pluginlib__plugin/moveit_ros_visualization
[653.490s] -- Installing: /home/b/ws_moveit2/src/install/moveit_ros_visualization/share/moveit_ros_visualization/cmake/export_moveit_ros_visualizationExport.cmake
[653.492s] -- Installing: /home/b/ws_moveit2/src/install/moveit_ros_visualization/share/moveit_ros_visualization/cmake/export_moveit_ros_visualizationExport-release.cmake
[653.493s] -- Installing: /home/b/ws_moveit2/src/install/moveit_ros_visualization/share/moveit_ros_visualization/cmake/ConfigExtras.cmake
[653.496s] -- Installing: /home/b/ws_moveit2/src/install/moveit_ros_visualization/share/moveit_ros_visualization/cmake/ament_cmake_export_targets-extras.cmake
[653.498s] -- Installing: /home/b/ws_moveit2/src/install/moveit_ros_visualization/share/moveit_ros_visualization/cmake/ament_cmake_export_dependencies-extras.cmake
[653.500s] -- Installing: /home/b/ws_moveit2/src/install/moveit_ros_visualization/share/moveit_ros_visualization/cmake/moveit_ros_visualizationConfig.cmake
[653.501s] -- Installing: /home/b/ws_moveit2/src/install/moveit_ros_visualization/share/moveit_ros_visualization/cmake/moveit_ros_visualizationConfig-version.cmake
[653.503s] -- Installing: /home/b/ws_moveit2/src/install/moveit_ros_visualization/share/moveit_ros_visualization/package.xml
[653.513s] Invoked command in '/home/b/ws_moveit2/src/build/moveit_ros_visualization' returned '0': AMENT_PREFIX_PATH=/home/b/ws_moveit2/src/install/moveit_ros_planning_interface:/home/b/ws_moveit2/src/install/moveit_ros_move_group:/home/b/ws_moveit2/src/install/moveit_ros_warehouse:/home/b/ws_moveit2/src/install/moveit_ros_robot_interaction:/home/b/ws_moveit2/src/install/moveit_planners_ompl:/home/b/ws_moveit2/src/install/moveit_kinematics:/home/b/ws_moveit2/src/install/moveit_ros_planning:/home/b/ws_moveit2/src/install/moveit_simple_controller_manager:/home/b/ws_moveit2/src/install/moveit_ros_occupancy_map_monitor:/home/b/ws_moveit2/src/install/moveit_core:/home/b/ws_moveit2/src/install/moveit_resources_panda_moveit_config:/home/b/ws_moveit2/src/install/moveit_resources_fanuc_moveit_config:/home/b/ws_moveit2/src/install/moveit_configs_utils:/home/b/ws_moveit2/src/install/srdfdom:/home/b/ws_moveit2/src/install/moveit_resources_pr2_description:/home/b/ws_moveit2/src/install/moveit_resources_panda_description:/home/b/ws_moveit2/src/install/moveit_resources_fanuc_description:/home/b/ws_moveit2/src/install/moveit_common:/home/b/ws_moveit2/src/install/launch_param_builder:${AMENT_PREFIX_PATH} CMAKE_PREFIX_PATH=/home/b/ws_moveit2/src/install/moveit_ros_planning_interface:/home/b/ws_moveit2/src/install/moveit_ros_move_group:/home/b/ws_moveit2/src/install/moveit_ros_warehouse:/home/b/ws_moveit2/src/install/moveit_ros_robot_interaction:/home/b/ws_moveit2/src/install/moveit_planners_ompl:/home/b/ws_moveit2/src/install/moveit_kinematics:/home/b/ws_moveit2/src/install/moveit_ros_planning:/home/b/ws_moveit2/src/install/moveit_simple_controller_manager:/home/b/ws_moveit2/src/install/moveit_ros_occupancy_map_monitor:/home/b/ws_moveit2/src/install/moveit_core:/home/b/ws_moveit2/src/install/moveit_resources_panda_moveit_config:/home/b/ws_moveit2/src/install/moveit_resources_fanuc_moveit_config:/home/b/ws_moveit2/src/install/srdfdom:/home/b/ws_moveit2/src/install/moveit_resources_pr2_description:/home/b/ws_moveit2/src/install/moveit_resources_panda_description:/home/b/ws_moveit2/src/install/moveit_resources_fanuc_description:/home/b/ws_moveit2/src/install/moveit_common:/opt/ros/humble LD_LIBRARY_PATH=/home/b/ws_moveit2/src/install/moveit_ros_planning_interface/lib:/home/b/ws_moveit2/src/install/moveit_ros_move_group/lib:/home/b/ws_moveit2/src/install/moveit_ros_warehouse/lib:/home/b/ws_moveit2/src/install/moveit_ros_robot_interaction/lib:/home/b/ws_moveit2/src/install/moveit_planners_ompl/lib:/home/b/ws_moveit2/src/install/moveit_kinematics/lib:/home/b/ws_moveit2/src/install/moveit_ros_planning/lib:/home/b/ws_moveit2/src/install/moveit_simple_controller_manager/lib:/home/b/ws_moveit2/src/install/moveit_ros_occupancy_map_monitor/lib:/home/b/ws_moveit2/src/install/moveit_core/lib:/home/b/ws_moveit2/src/install/srdfdom/lib:${LD_LIBRARY_PATH} PATH=/home/b/ws_moveit2/src/install/moveit_core/bin:${PATH} PYTHONPATH=/home/b/ws_moveit2/src/install/moveit_configs_utils/lib/python3.10/site-packages:/home/b/ws_moveit2/src/install/srdfdom/local/lib/python3.10/dist-packages:/home/b/ws_moveit2/src/install/launch_param_builder/lib/python3.10/site-packages:${PYTHONPATH} /usr/bin/cmake --install /home/b/ws_moveit2/src/build/moveit_ros_visualization
