[1.240s] Invoking command in '/home/b/ws_moveit2/build/moveit_core': CMAKE_PREFIX_PATH=/home/b/ws_moveit2/install/moveit_resources_panda_moveit_config:/home/b/ws_moveit2/install/srdfdom:/home/b/ws_moveit2/install/moveit_resources_pr2_description:/home/b/ws_moveit2/install/moveit_resources_panda_description:/home/b/ws_moveit2/install/moveit_common:/home/b/ws_moveit2/install/ur3e_motion_cpp:/home/b/ws_moveit2/install/pilz_industrial_motion_planner_testutils:/home/b/ws_moveit2/install/moveit_runtime:/home/b/ws_moveit2/install/moveit2_tutorials:/home/b/ws_moveit2/install/moveit:/home/b/ws_moveit2/install/moveit_planners:/home/b/ws_moveit2/install/pilz_industrial_motion_planner:/home/b/ws_moveit2/install/moveit_visual_tools:/home/b/ws_moveit2/install/moveit_task_constructor_visualization:/home/b/ws_moveit2/install/moveit_task_constructor_demo:/home/b/ws_moveit2/install/moveit_task_constructor_capabilities:/home/b/ws_moveit2/install/moveit_task_constructor_core:/home/b/ws_moveit2/install/moveit_ros_control_interface:/home/b/ws_moveit2/install/moveit_plugins:/home/b/ws_moveit2/install/moveit_simple_controller_manager:/home/b/ws_moveit2/install/moveit_setup_assistant:/home/b/ws_moveit2/install/moveit_setup_srdf_plugins:/home/b/ws_moveit2/install/moveit_setup_core_plugins:/home/b/ws_moveit2/install/moveit_setup_controllers:/home/b/ws_moveit2/install/moveit_setup_app_plugins:/home/b/ws_moveit2/install/moveit_setup_framework:/home/b/ws_moveit2/install/moveit_servo:/home/b/ws_moveit2/install/moveit_ros:/home/b/ws_moveit2/install/moveit_ros_visualization:/home/b/ws_moveit2/install/moveit_py:/home/b/ws_moveit2/install/moveit_hybrid_planning:/home/b/ws_moveit2/install/moveit_ros_planning_interface:/home/b/ws_moveit2/install/moveit_ros_benchmarks:/home/b/ws_moveit2/install/moveit_ros_warehouse:/home/b/ws_moveit2/install/moveit_ros_robot_interaction:/home/b/ws_moveit2/install/moveit_ros_perception:/home/b/ws_moveit2/install/moveit_resources_prbt_pg70_support:/home/b/ws_moveit2/install/moveit_resources_prbt_moveit_config:/home/b/ws_moveit2/install/moveit_ros_move_group:/home/b/ws_moveit2/install/moveit_planners_ompl:/home/b/ws_moveit2/install/moveit_ros_planning:/home/b/ws_moveit2/install/moveit_ros_occupancy_map_monitor:/home/b/ws_moveit2/install/moveit_resources_prbt_ikfast_manipulator_plugin:/home/b/ws_moveit2/install/moveit_planners_chomp:/home/b/ws_moveit2/install/moveit_kinematics:/home/b/ws_moveit2/install/moveit_chomp_optimizer_adapter:/home/b/ws_moveit2/install/chomp_motion_planner:/home/b/ws_moveit2/install/moveit_core:/home/b/ws_moveit2/install/rviz_marker_tools:/home/b/ws_moveit2/install/rosparam_shortcuts:/home/b/ws_moveit2/install/moveit_task_constructor_msgs:/home/b/ws_moveit2/install/moveit_resources_prbt_support:/home/b/ws_moveit2/install/moveit_resources:/home/b/ws_moveit2/install/moveit_resources_fanuc_moveit_config:/home/b/ws_moveit2/install/moveit_resources_fanuc_description:/home/b/ws_moveit2/install/ur3e_motion:/home/b/ws_moveit2/install/moveit_configs_utils:/home/b/ws_moveit2/install/launch_param_builder:/opt/ros/humble LD_LIBRARY_PATH=/home/b/ws_moveit2/install/srdfdom/lib:/home/b/ws_moveit2/install/pilz_industrial_motion_planner_testutils/lib:/home/b/ws_moveit2/install/pilz_industrial_motion_planner/lib:/home/b/ws_moveit2/install/moveit_visual_tools/lib:/home/b/ws_moveit2/install/moveit_task_constructor_visualization/lib:/home/b/ws_moveit2/install/moveit_task_constructor_demo/lib:/home/b/ws_moveit2/install/moveit_task_constructor_capabilities/lib:/home/b/ws_moveit2/install/moveit_task_constructor_core/lib:/home/b/ws_moveit2/install/moveit_ros_control_interface/lib:/home/b/ws_moveit2/install/moveit_simple_controller_manager/lib:/home/b/ws_moveit2/install/moveit_setup_assistant/lib:/home/b/ws_moveit2/install/moveit_setup_srdf_plugins/lib:/home/b/ws_moveit2/install/moveit_setup_core_plugins/lib:/home/b/ws_moveit2/install/moveit_setup_controllers/lib:/home/b/ws_moveit2/install/moveit_setup_app_plugins/lib:/home/b/ws_moveit2/install/moveit_setup_framework/lib:/home/b/ws_moveit2/install/moveit_servo/lib:/home/b/ws_moveit2/install/moveit_ros_visualization/lib:/home/b/ws_moveit2/install/moveit_py/lib:/home/b/ws_moveit2/install/moveit_hybrid_planning/lib:/home/b/ws_moveit2/install/moveit_ros_planning_interface/lib:/home/b/ws_moveit2/install/moveit_ros_benchmarks/lib:/home/b/ws_moveit2/install/moveit_ros_warehouse/lib:/home/b/ws_moveit2/install/moveit_ros_robot_interaction/lib:/home/b/ws_moveit2/install/moveit_ros_perception/lib:/home/b/ws_moveit2/install/moveit_ros_move_group/lib:/home/b/ws_moveit2/install/moveit_planners_ompl/lib:/home/b/ws_moveit2/install/moveit_ros_planning/lib:/home/b/ws_moveit2/install/moveit_ros_occupancy_map_monitor/lib:/home/b/ws_moveit2/install/moveit_resources_prbt_ikfast_manipulator_plugin/lib:/home/b/ws_moveit2/install/moveit_planners_chomp/lib:/home/b/ws_moveit2/install/moveit_kinematics/lib:/home/b/ws_moveit2/install/moveit_chomp_optimizer_adapter/lib:/home/b/ws_moveit2/install/chomp_motion_planner/lib:/home/b/ws_moveit2/install/moveit_core/lib:/home/b/ws_moveit2/install/rviz_marker_tools/lib:/home/b/ws_moveit2/install/rosparam_shortcuts/lib:/home/b/ws_moveit2/install/moveit_task_constructor_msgs/lib:/usr/lib/x86_64-linux-gnu/gazebo-11/plugins:/opt/ros/humble/opt/rviz_ogre_vendor/lib:/opt/ros/humble/lib/x86_64-linux-gnu:/opt/ros/humble/lib /usr/bin/cmake /home/b/ws_moveit2/src/moveit2/moveit_core -DAMENT_CMAKE_SYMLINK_INSTALL=1 -DCMAKE_INSTALL_PREFIX=/home/b/ws_moveit2/install/moveit_core
[1.534s] -- The CXX compiler identification is GNU 11.4.0
[2.076s] -- Detecting CXX compiler ABI info
[2.514s] -- Detecting CXX compiler ABI info - done
[2.531s] -- Check for working CXX compiler: /usr/bin/c++ - skipped
[2.531s] -- Detecting CXX compile features
[2.532s] -- Detecting CXX compile features - done
[2.535s] -- Found moveit_common: 2.5.9 (/home/b/ws_moveit2/install/moveit_common/share/moveit_common/cmake)
[2.542s] -- Found ament_cmake: 1.3.14 (/opt/ros/humble/share/ament_cmake/cmake)
[2.957s] -- Found Python3: /usr/bin/python3 (found version "3.10.12") found components: Interpreter 
[3.117s] -- Override CMake install command with custom implementation using symlinks instead of copying resources
[3.388s] [0mmoveit_core: You did not request a specific build type: Choosing 'Release' for maximum performance[0m
[3.395s] -- Found angles: 1.15.0 (/opt/ros/humble/share/angles/cmake)
[7.333s] -- Found Bullet: /usr/lib/x86_64-linux-gnu/libBulletDynamics.so (Required is at least version "2.87") 
[7.341s] -- Found common_interfaces: 4.9.1 (/opt/ros/humble/share/common_interfaces/cmake)
[7.349s] -- Found eigen_stl_containers: 1.1.0 (/opt/ros/humble/share/eigen_stl_containers/cmake)
[7.374s] -- Found eigen3_cmake_module: 0.1.1 (/opt/ros/humble/share/eigen3_cmake_module/cmake)
[7.384s] -- Found Eigen3: TRUE (found version "3.4.0") 
[7.403s] -- Found generate_parameter_library: 0.7.0 (/opt/ros/humble/share/generate_parameter_library/cmake)
[7.415s] -- Found parameter_traits: 0.7.0 (/opt/ros/humble/share/parameter_traits/cmake)
[7.625s] -- Found rosidl_generator_c: 3.1.8 (/opt/ros/humble/share/rosidl_generator_c/cmake)
[7.642s] -- Found rosidl_adapter: 3.1.8 (/opt/ros/humble/share/rosidl_adapter/cmake)
[7.666s] -- Found rosidl_generator_cpp: 3.1.8 (/opt/ros/humble/share/rosidl_generator_cpp/cmake)
[7.699s] -- Using all available rosidl_typesupport_c: rosidl_typesupport_fastrtps_c;rosidl_typesupport_introspection_c
[7.742s] -- Using all available rosidl_typesupport_cpp: rosidl_typesupport_fastrtps_cpp;rosidl_typesupport_introspection_cpp
[7.864s] -- Found rmw_implementation_cmake: 6.1.2 (/opt/ros/humble/share/rmw_implementation_cmake/cmake)
[7.877s] -- Found rmw_fastrtps_cpp: 6.2.10 (/opt/ros/humble/share/rmw_fastrtps_cpp/cmake)
[10.889s] -- Found OpenSSL: /usr/lib/x86_64-linux-gnu/libcrypto.so (found version "3.0.2")  
[14.426s] -- Found FastRTPS: /opt/ros/humble/include  
[20.052s] -- Using RMW implementation 'rmw_fastrtps_cpp' as default
[20.079s] -- Looking for C++ include pthread.h
[20.400s] -- Looking for C++ include pthread.h - found
[20.400s] -- Performing Test CMAKE_HAVE_LIBC_PTHREAD
[20.690s] -- Performing Test CMAKE_HAVE_LIBC_PTHREAD - Success
[20.692s] -- Found Threads: TRUE  
[20.774s] -- Found rclcpp_lifecycle: 16.0.18 (/opt/ros/humble/share/rclcpp_lifecycle/cmake)
[20.808s] -- Found geometric_shapes: 2.3.2 (/opt/ros/humble/share/geometric_shapes/cmake)
[20.825s] -- Found Boost: /usr/lib/x86_64-linux-gnu/cmake/Boost-1.74.0/BoostConfig.cmake (found version "1.74.0") found components: filesystem 
[22.779s] -- library: /usr/lib/x86_64-linux-gnu/libcurl.so
[22.882s] -- Found kdl_parser: 2.6.4 (/opt/ros/humble/share/kdl_parser/cmake)
[22.952s] -- Ensuring Eigen3 include directory is part of orocos-kdl CMake target
[22.962s] -- Found moveit_msgs: 2.2.1 (/opt/ros/humble/share/moveit_msgs/cmake)
[23.110s] -- Found pluginlib: 5.1.3 (/opt/ros/humble/share/pluginlib/cmake)
[24.266s] -- Found srdfdom: 2.0.8 (/home/b/ws_moveit2/install/srdfdom/share/srdfdom/cmake)
[24.286s] -- Found tf2_eigen: 0.25.19 (/opt/ros/humble/share/tf2_eigen/cmake)
[24.373s] -- Found tf2_geometry_msgs: 0.25.19 (/opt/ros/humble/share/tf2_geometry_msgs/cmake)
[24.380s] -- Found tf2_kdl: 0.25.19 (/opt/ros/humble/share/tf2_kdl/cmake)
[24.443s] -- Found Boost: /usr/lib/x86_64-linux-gnu/cmake/Boost-1.74.0/BoostConfig.cmake (found version "1.74.0") found components: chrono date_time filesystem iostreams program_options regex serialization system thread 
[24.445s] --  *** Building MoveIt 2.5.9-Alpha ***
[24.464s] -- Performing Test COMPILER_HAS_HIDDEN_VISIBILITY
[24.656s] -- Performing Test COMPILER_HAS_HIDDEN_VISIBILITY - Success
[24.657s] -- Performing Test COMPILER_HAS_HIDDEN_INLINE_VISIBILITY
[24.925s] -- Performing Test COMPILER_HAS_HIDDEN_INLINE_VISIBILITY - Success
[24.926s] -- Performing Test COMPILER_HAS_DEPRECATED_ATTR
[25.102s] -- Performing Test COMPILER_HAS_DEPRECATED_ATTR - Success
[25.118s] -- Found ament_cmake_gtest: 1.3.14 (/opt/ros/humble/share/ament_cmake_gtest/cmake)
[25.122s] -- Found gtest sources under '/opt/ros/humble/src/gtest_vendor': C++ tests using 'Google Test' will be built
[25.212s] -- The C compiler identification is GNU 11.4.0
[25.365s] -- Detecting C compiler ABI info
[25.516s] -- Detecting C compiler ABI info - done
[25.524s] -- Check for working C compiler: /usr/bin/cc - skipped
[25.524s] -- Detecting C compile features
[25.524s] -- Detecting C compile features - done
[25.562s] -- Found ament_cmake_gmock: 1.3.14 (/opt/ros/humble/share/ament_cmake_gmock/cmake)
[25.569s] -- Found gmock sources under '/opt/ros/humble/src/gmock_vendor': C++ tests using 'Google Mock' will be built
[25.574s] -- Found ament_cmake_gtest: 1.3.14 (/opt/ros/humble/share/ament_cmake_gtest/cmake)
[25.574s] -- Found gtest sources under '/opt/ros/humble/src/gtest_vendor': C++ tests using 'Google Test' will be built
[25.604s] -- Found ament_cmake_gtest: 1.3.14 (/opt/ros/humble/share/ament_cmake_gtest/cmake)
[25.605s] -- Found gtest sources under '/opt/ros/humble/src/gtest_vendor': C++ tests using 'Google Test' will be built
[25.677s] -- Found ament_cmake_gtest: 1.3.14 (/opt/ros/humble/share/ament_cmake_gtest/cmake)
[25.678s] -- Found gtest sources under '/opt/ros/humble/src/gtest_vendor': C++ tests using 'Google Test' will be built
[25.710s] -- Found ament_lint_auto: 0.12.15 (/opt/ros/humble/share/ament_lint_auto/cmake)
[25.711s] -- Found ament_cmake_gtest: 1.3.14 (/opt/ros/humble/share/ament_cmake_gtest/cmake)
[25.711s] -- Found gtest sources under '/opt/ros/humble/src/gtest_vendor': C++ tests using 'Google Test' will be built
[25.770s] -- Found ament_cmake_gtest: 1.3.14 (/opt/ros/humble/share/ament_cmake_gtest/cmake)
[25.770s] -- Found gtest sources under '/opt/ros/humble/src/gtest_vendor': C++ tests using 'Google Test' will be built
[25.817s] -- Found ament_cmake_gtest: 1.3.14 (/opt/ros/humble/share/ament_cmake_gtest/cmake)
[25.817s] -- Found gtest sources under '/opt/ros/humble/src/gtest_vendor': C++ tests using 'Google Test' will be built
[25.845s] -- Found ament_cmake_gtest: 1.3.14 (/opt/ros/humble/share/ament_cmake_gtest/cmake)
[25.845s] -- Found gmock sources under '/opt/ros/humble/src/gmock_vendor': C++ tests using 'Google Mock' will be built
[25.846s] -- Found gtest sources under '/opt/ros/humble/src/gtest_vendor': C++ tests using 'Google Test' will be built
[25.868s] -- Found gtest sources under '/opt/ros/humble/src/gtest_vendor': C++ tests using 'Google Test' will be built
[25.897s] -- Found gtest sources under '/opt/ros/humble/src/gtest_vendor': C++ tests using 'Google Test' will be built
[25.929s] -- Found ament_cmake_gtest: 1.3.14 (/opt/ros/humble/share/ament_cmake_gtest/cmake)
[25.930s] -- Found gtest sources under '/opt/ros/humble/src/gtest_vendor': C++ tests using 'Google Test' will be built
[25.996s] -- Found gtest sources under '/opt/ros/humble/src/gtest_vendor': C++ tests using 'Google Test' will be built
[26.039s] -- Found gtest sources under '/opt/ros/humble/src/gtest_vendor': C++ tests using 'Google Test' will be built
[26.070s] -- Found gtest sources under '/opt/ros/humble/src/gtest_vendor': C++ tests using 'Google Test' will be built
[26.081s] -- Found ament_lint_auto: 0.12.15 (/opt/ros/humble/share/ament_lint_auto/cmake)
[26.132s] -- Added test 'cppcheck' to perform static code analysis on C / C++ code
[26.133s] -- Configured cppcheck include dirs: /home/b/ws_moveit2/src/moveit2/moveit_core/exceptions/include;/home/b/ws_moveit2/src/moveit2/moveit_core/collision_detection/include;/home/b/ws_moveit2/src/moveit2/moveit_core/collision_detection_fcl/include;/home/b/ws_moveit2/src/moveit2/moveit_core/collision_detection_bullet/include;/home/b/ws_moveit2/src/moveit2/moveit_core/constraint_samplers/include;/home/b/ws_moveit2/src/moveit2/moveit_core/controller_manager/include;/home/b/ws_moveit2/src/moveit2/moveit_core/distance_field/include;/home/b/ws_moveit2/src/moveit2/moveit_core/collision_distance_field/include;/home/b/ws_moveit2/src/moveit2/moveit_core/dynamics_solver/include;/home/b/ws_moveit2/src/moveit2/moveit_core/kinematics_base/include;/home/b/ws_moveit2/src/moveit2/moveit_core/kinematics_metrics/include;/home/b/ws_moveit2/src/moveit2/moveit_core/robot_model/include;/home/b/ws_moveit2/src/moveit2/moveit_core/transforms/include;/home/b/ws_moveit2/src/moveit2/moveit_core/robot_state/include;/home/b/ws_moveit2/src/moveit2/moveit_core/robot_trajectory/include;/home/b/ws_moveit2/src/moveit2/moveit_core/kinematic_constraints/include;/home/b/ws_moveit2/src/moveit2/moveit_core/macros/include;/home/b/ws_moveit2/src/moveit2/moveit_core/online_signal_smoothing/include;/home/b/ws_moveit2/src/moveit2/moveit_core/planning_interface/include;/home/b/ws_moveit2/src/moveit2/moveit_core/planning_request_adapter/include;/home/b/ws_moveit2/src/moveit2/moveit_core/planning_scene/include;/home/b/ws_moveit2/src/moveit2/moveit_core/sensor_manager/include;/home/b/ws_moveit2/src/moveit2/moveit_core/trajectory_processing/include;/home/b/ws_moveit2/src/moveit2/moveit_core/utils/include
[26.133s] -- Configured cppcheck exclude dirs and/or files: 
[26.136s] -- Added test 'pep257' to check Python code against some of the docstring style conventions in PEP 257
[26.139s] -- Added test 'xmllint' to check XML markup files
[26.144s] -- Configuring done
[27.163s] -- Generating done
[27.387s] -- Build files have been written to: /home/b/ws_moveit2/build/moveit_core
[27.437s] Invoked command in '/home/b/ws_moveit2/build/moveit_core' returned '0': CMAKE_PREFIX_PATH=/home/b/ws_moveit2/install/moveit_resources_panda_moveit_config:/home/b/ws_moveit2/install/srdfdom:/home/b/ws_moveit2/install/moveit_resources_pr2_description:/home/b/ws_moveit2/install/moveit_resources_panda_description:/home/b/ws_moveit2/install/moveit_common:/home/b/ws_moveit2/install/ur3e_motion_cpp:/home/b/ws_moveit2/install/pilz_industrial_motion_planner_testutils:/home/b/ws_moveit2/install/moveit_runtime:/home/b/ws_moveit2/install/moveit2_tutorials:/home/b/ws_moveit2/install/moveit:/home/b/ws_moveit2/install/moveit_planners:/home/b/ws_moveit2/install/pilz_industrial_motion_planner:/home/b/ws_moveit2/install/moveit_visual_tools:/home/b/ws_moveit2/install/moveit_task_constructor_visualization:/home/b/ws_moveit2/install/moveit_task_constructor_demo:/home/b/ws_moveit2/install/moveit_task_constructor_capabilities:/home/b/ws_moveit2/install/moveit_task_constructor_core:/home/b/ws_moveit2/install/moveit_ros_control_interface:/home/b/ws_moveit2/install/moveit_plugins:/home/b/ws_moveit2/install/moveit_simple_controller_manager:/home/b/ws_moveit2/install/moveit_setup_assistant:/home/b/ws_moveit2/install/moveit_setup_srdf_plugins:/home/b/ws_moveit2/install/moveit_setup_core_plugins:/home/b/ws_moveit2/install/moveit_setup_controllers:/home/b/ws_moveit2/install/moveit_setup_app_plugins:/home/b/ws_moveit2/install/moveit_setup_framework:/home/b/ws_moveit2/install/moveit_servo:/home/b/ws_moveit2/install/moveit_ros:/home/b/ws_moveit2/install/moveit_ros_visualization:/home/b/ws_moveit2/install/moveit_py:/home/b/ws_moveit2/install/moveit_hybrid_planning:/home/b/ws_moveit2/install/moveit_ros_planning_interface:/home/b/ws_moveit2/install/moveit_ros_benchmarks:/home/b/ws_moveit2/install/moveit_ros_warehouse:/home/b/ws_moveit2/install/moveit_ros_robot_interaction:/home/b/ws_moveit2/install/moveit_ros_perception:/home/b/ws_moveit2/install/moveit_resources_prbt_pg70_support:/home/b/ws_moveit2/install/moveit_resources_prbt_moveit_config:/home/b/ws_moveit2/install/moveit_ros_move_group:/home/b/ws_moveit2/install/moveit_planners_ompl:/home/b/ws_moveit2/install/moveit_ros_planning:/home/b/ws_moveit2/install/moveit_ros_occupancy_map_monitor:/home/b/ws_moveit2/install/moveit_resources_prbt_ikfast_manipulator_plugin:/home/b/ws_moveit2/install/moveit_planners_chomp:/home/b/ws_moveit2/install/moveit_kinematics:/home/b/ws_moveit2/install/moveit_chomp_optimizer_adapter:/home/b/ws_moveit2/install/chomp_motion_planner:/home/b/ws_moveit2/install/moveit_core:/home/b/ws_moveit2/install/rviz_marker_tools:/home/b/ws_moveit2/install/rosparam_shortcuts:/home/b/ws_moveit2/install/moveit_task_constructor_msgs:/home/b/ws_moveit2/install/moveit_resources_prbt_support:/home/b/ws_moveit2/install/moveit_resources:/home/b/ws_moveit2/install/moveit_resources_fanuc_moveit_config:/home/b/ws_moveit2/install/moveit_resources_fanuc_description:/home/b/ws_moveit2/install/ur3e_motion:/home/b/ws_moveit2/install/moveit_configs_utils:/home/b/ws_moveit2/install/launch_param_builder:/opt/ros/humble LD_LIBRARY_PATH=/home/b/ws_moveit2/install/srdfdom/lib:/home/b/ws_moveit2/install/pilz_industrial_motion_planner_testutils/lib:/home/b/ws_moveit2/install/pilz_industrial_motion_planner/lib:/home/b/ws_moveit2/install/moveit_visual_tools/lib:/home/b/ws_moveit2/install/moveit_task_constructor_visualization/lib:/home/b/ws_moveit2/install/moveit_task_constructor_demo/lib:/home/b/ws_moveit2/install/moveit_task_constructor_capabilities/lib:/home/b/ws_moveit2/install/moveit_task_constructor_core/lib:/home/b/ws_moveit2/install/moveit_ros_control_interface/lib:/home/b/ws_moveit2/install/moveit_simple_controller_manager/lib:/home/b/ws_moveit2/install/moveit_setup_assistant/lib:/home/b/ws_moveit2/install/moveit_setup_srdf_plugins/lib:/home/b/ws_moveit2/install/moveit_setup_core_plugins/lib:/home/b/ws_moveit2/install/moveit_setup_controllers/lib:/home/b/ws_moveit2/install/moveit_setup_app_plugins/lib:/home/b/ws_moveit2/install/moveit_setup_framework/lib:/home/b/ws_moveit2/install/moveit_servo/lib:/home/b/ws_moveit2/install/moveit_ros_visualization/lib:/home/b/ws_moveit2/install/moveit_py/lib:/home/b/ws_moveit2/install/moveit_hybrid_planning/lib:/home/b/ws_moveit2/install/moveit_ros_planning_interface/lib:/home/b/ws_moveit2/install/moveit_ros_benchmarks/lib:/home/b/ws_moveit2/install/moveit_ros_warehouse/lib:/home/b/ws_moveit2/install/moveit_ros_robot_interaction/lib:/home/b/ws_moveit2/install/moveit_ros_perception/lib:/home/b/ws_moveit2/install/moveit_ros_move_group/lib:/home/b/ws_moveit2/install/moveit_planners_ompl/lib:/home/b/ws_moveit2/install/moveit_ros_planning/lib:/home/b/ws_moveit2/install/moveit_ros_occupancy_map_monitor/lib:/home/b/ws_moveit2/install/moveit_resources_prbt_ikfast_manipulator_plugin/lib:/home/b/ws_moveit2/install/moveit_planners_chomp/lib:/home/b/ws_moveit2/install/moveit_kinematics/lib:/home/b/ws_moveit2/install/moveit_chomp_optimizer_adapter/lib:/home/b/ws_moveit2/install/chomp_motion_planner/lib:/home/b/ws_moveit2/install/moveit_core/lib:/home/b/ws_moveit2/install/rviz_marker_tools/lib:/home/b/ws_moveit2/install/rosparam_shortcuts/lib:/home/b/ws_moveit2/install/moveit_task_constructor_msgs/lib:/usr/lib/x86_64-linux-gnu/gazebo-11/plugins:/opt/ros/humble/opt/rviz_ogre_vendor/lib:/opt/ros/humble/lib/x86_64-linux-gnu:/opt/ros/humble/lib /usr/bin/cmake /home/b/ws_moveit2/src/moveit2/moveit_core -DAMENT_CMAKE_SYMLINK_INSTALL=1 -DCMAKE_INSTALL_PREFIX=/home/b/ws_moveit2/install/moveit_core
[27.437s] Invoking command in '/home/b/ws_moveit2/build/moveit_core': CMAKE_PREFIX_PATH=/home/b/ws_moveit2/install/moveit_resources_panda_moveit_config:/home/b/ws_moveit2/install/srdfdom:/home/b/ws_moveit2/install/moveit_resources_pr2_description:/home/b/ws_moveit2/install/moveit_resources_panda_description:/home/b/ws_moveit2/install/moveit_common:/home/b/ws_moveit2/install/ur3e_motion_cpp:/home/b/ws_moveit2/install/pilz_industrial_motion_planner_testutils:/home/b/ws_moveit2/install/moveit_runtime:/home/b/ws_moveit2/install/moveit2_tutorials:/home/b/ws_moveit2/install/moveit:/home/b/ws_moveit2/install/moveit_planners:/home/b/ws_moveit2/install/pilz_industrial_motion_planner:/home/b/ws_moveit2/install/moveit_visual_tools:/home/b/ws_moveit2/install/moveit_task_constructor_visualization:/home/b/ws_moveit2/install/moveit_task_constructor_demo:/home/b/ws_moveit2/install/moveit_task_constructor_capabilities:/home/b/ws_moveit2/install/moveit_task_constructor_core:/home/b/ws_moveit2/install/moveit_ros_control_interface:/home/b/ws_moveit2/install/moveit_plugins:/home/b/ws_moveit2/install/moveit_simple_controller_manager:/home/b/ws_moveit2/install/moveit_setup_assistant:/home/b/ws_moveit2/install/moveit_setup_srdf_plugins:/home/b/ws_moveit2/install/moveit_setup_core_plugins:/home/b/ws_moveit2/install/moveit_setup_controllers:/home/b/ws_moveit2/install/moveit_setup_app_plugins:/home/b/ws_moveit2/install/moveit_setup_framework:/home/b/ws_moveit2/install/moveit_servo:/home/b/ws_moveit2/install/moveit_ros:/home/b/ws_moveit2/install/moveit_ros_visualization:/home/b/ws_moveit2/install/moveit_py:/home/b/ws_moveit2/install/moveit_hybrid_planning:/home/b/ws_moveit2/install/moveit_ros_planning_interface:/home/b/ws_moveit2/install/moveit_ros_benchmarks:/home/b/ws_moveit2/install/moveit_ros_warehouse:/home/b/ws_moveit2/install/moveit_ros_robot_interaction:/home/b/ws_moveit2/install/moveit_ros_perception:/home/b/ws_moveit2/install/moveit_resources_prbt_pg70_support:/home/b/ws_moveit2/install/moveit_resources_prbt_moveit_config:/home/b/ws_moveit2/install/moveit_ros_move_group:/home/b/ws_moveit2/install/moveit_planners_ompl:/home/b/ws_moveit2/install/moveit_ros_planning:/home/b/ws_moveit2/install/moveit_ros_occupancy_map_monitor:/home/b/ws_moveit2/install/moveit_resources_prbt_ikfast_manipulator_plugin:/home/b/ws_moveit2/install/moveit_planners_chomp:/home/b/ws_moveit2/install/moveit_kinematics:/home/b/ws_moveit2/install/moveit_chomp_optimizer_adapter:/home/b/ws_moveit2/install/chomp_motion_planner:/home/b/ws_moveit2/install/moveit_core:/home/b/ws_moveit2/install/rviz_marker_tools:/home/b/ws_moveit2/install/rosparam_shortcuts:/home/b/ws_moveit2/install/moveit_task_constructor_msgs:/home/b/ws_moveit2/install/moveit_resources_prbt_support:/home/b/ws_moveit2/install/moveit_resources:/home/b/ws_moveit2/install/moveit_resources_fanuc_moveit_config:/home/b/ws_moveit2/install/moveit_resources_fanuc_description:/home/b/ws_moveit2/install/ur3e_motion:/home/b/ws_moveit2/install/moveit_configs_utils:/home/b/ws_moveit2/install/launch_param_builder:/opt/ros/humble LD_LIBRARY_PATH=/home/b/ws_moveit2/install/srdfdom/lib:/home/b/ws_moveit2/install/pilz_industrial_motion_planner_testutils/lib:/home/b/ws_moveit2/install/pilz_industrial_motion_planner/lib:/home/b/ws_moveit2/install/moveit_visual_tools/lib:/home/b/ws_moveit2/install/moveit_task_constructor_visualization/lib:/home/b/ws_moveit2/install/moveit_task_constructor_demo/lib:/home/b/ws_moveit2/install/moveit_task_constructor_capabilities/lib:/home/b/ws_moveit2/install/moveit_task_constructor_core/lib:/home/b/ws_moveit2/install/moveit_ros_control_interface/lib:/home/b/ws_moveit2/install/moveit_simple_controller_manager/lib:/home/b/ws_moveit2/install/moveit_setup_assistant/lib:/home/b/ws_moveit2/install/moveit_setup_srdf_plugins/lib:/home/b/ws_moveit2/install/moveit_setup_core_plugins/lib:/home/b/ws_moveit2/install/moveit_setup_controllers/lib:/home/b/ws_moveit2/install/moveit_setup_app_plugins/lib:/home/b/ws_moveit2/install/moveit_setup_framework/lib:/home/b/ws_moveit2/install/moveit_servo/lib:/home/b/ws_moveit2/install/moveit_ros_visualization/lib:/home/b/ws_moveit2/install/moveit_py/lib:/home/b/ws_moveit2/install/moveit_hybrid_planning/lib:/home/b/ws_moveit2/install/moveit_ros_planning_interface/lib:/home/b/ws_moveit2/install/moveit_ros_benchmarks/lib:/home/b/ws_moveit2/install/moveit_ros_warehouse/lib:/home/b/ws_moveit2/install/moveit_ros_robot_interaction/lib:/home/b/ws_moveit2/install/moveit_ros_perception/lib:/home/b/ws_moveit2/install/moveit_ros_move_group/lib:/home/b/ws_moveit2/install/moveit_planners_ompl/lib:/home/b/ws_moveit2/install/moveit_ros_planning/lib:/home/b/ws_moveit2/install/moveit_ros_occupancy_map_monitor/lib:/home/b/ws_moveit2/install/moveit_resources_prbt_ikfast_manipulator_plugin/lib:/home/b/ws_moveit2/install/moveit_planners_chomp/lib:/home/b/ws_moveit2/install/moveit_kinematics/lib:/home/b/ws_moveit2/install/moveit_chomp_optimizer_adapter/lib:/home/b/ws_moveit2/install/chomp_motion_planner/lib:/home/b/ws_moveit2/install/moveit_core/lib:/home/b/ws_moveit2/install/rviz_marker_tools/lib:/home/b/ws_moveit2/install/rosparam_shortcuts/lib:/home/b/ws_moveit2/install/moveit_task_constructor_msgs/lib:/usr/lib/x86_64-linux-gnu/gazebo-11/plugins:/opt/ros/humble/opt/rviz_ogre_vendor/lib:/opt/ros/humble/lib/x86_64-linux-gnu:/opt/ros/humble/lib /usr/bin/cmake --build /home/b/ws_moveit2/build/moveit_core -- -j12 -l12
[27.532s] [  1%] [32mBuilding CXX object exceptions/CMakeFiles/moveit_exceptions.dir/src/exceptions.cpp.o[0m
[27.532s] [  2%] [32mBuilding CXX object transforms/CMakeFiles/moveit_transforms.dir/src/transforms.cpp.o[0m
[27.555s] [  3%] [32mBuilding CXX object kinematics_base/CMakeFiles/moveit_kinematics_base.dir/src/kinematics_base.cpp.o[0m
[27.566s] [  4%] [32mBuilding CXX object distance_field/CMakeFiles/moveit_distance_field.dir/src/distance_field.cpp.o[0m
[27.566s] [  5%] [32mBuilding CXX object utils/CMakeFiles/moveit_utils.dir/src/lexical_casts.cpp.o[0m
[27.567s] [  5%] [32mBuilding CXX object gtest/CMakeFiles/gtest.dir/src/gtest-all.cc.o[0m
[27.571s] [  5%] [32mBuilding CXX object gmock/CMakeFiles/gmock.dir/opt/ros/humble/src/gtest_vendor/src/gtest-all.cc.o[0m
[27.586s] [  5%] [32mBuilding CXX object utils/CMakeFiles/moveit_utils.dir/src/message_checks.cpp.o[0m
[27.607s] [  6%] [32mBuilding CXX object distance_field/CMakeFiles/moveit_distance_field.dir/src/find_internal_points.cpp.o[0m
[27.630s] [  7%] [32mBuilding CXX object online_signal_smoothing/CMakeFiles/moveit_smoothing_base.dir/src/smoothing_base_class.cpp.o[0m
[27.633s] [  8%] [32mBuilding CXX object gtest/CMakeFiles/gtest_main.dir/src/gtest_main.cc.o[0m
[27.653s] [  8%] [32mBuilding CXX object gmock/CMakeFiles/gmock_main.dir/src/gmock_main.cc.o[0m
[29.885s] [  9%] [32mBuilding CXX object utils/CMakeFiles/moveit_utils.dir/src/rclcpp_utils.cpp.o[0m
[31.284s] [  9%] [32mBuilding CXX object distance_field/CMakeFiles/moveit_distance_field.dir/src/propagation_distance_field.cpp.o[0m
[31.617s] [  9%] [32m[1mLinking CXX shared library libmoveit_exceptions.so[0m
[32.452s] [  9%] Built target moveit_exceptions
[32.490s] [  9%] [32m[1mLinking CXX static library libgtest_main.a[0m
[32.505s] [ 10%] [32mBuilding CXX object gmock/CMakeFiles/gmock.dir/src/gmock-all.cc.o[0m
[32.638s] [ 10%] Built target gtest_main
[32.723s] [ 11%] [34m[1mRunning `/opt/ros/humble/bin/generate_parameter_library_cpp /home/b/ws_moveit2/build/moveit_core/online_signal_smoothing/include/moveit_core/moveit_butterworth_parameters.hpp /home/b/ws_moveit2/src/moveit2/moveit_core/online_signal_smoothing/src/butterworth_parameters.yaml `[0m
[33.157s] [ 12%] [32m[1mLinking CXX shared library libmoveit_utils.so[0m
[33.355s] [ 13%] [34m[1mCreating deprecated header file /home/b/ws_moveit2/build/moveit_core/online_signal_smoothing/include/moveit_butterworth_parameters.hpp[0m
[33.417s] [ 13%] Built target moveit_butterworth_parameters
[33.539s] [ 13%] [32mBuilding CXX object version/CMakeFiles/moveit_version.dir/version.cpp.o[0m
[33.823s] [ 14%] [32m[1mLinking CXX executable moveit_version[0m
[35.406s] [ 15%] [32m[1mLinking CXX static library libgmock_main.a[0m
[35.568s] [ 15%] Built target moveit_version
[35.592s] [ 15%] Built target gmock_main
[36.929s] [ 15%] Built target moveit_utils
[42.525s] [ 15%] [32m[1mLinking CXX shared library libmoveit_smoothing_base.so[0m
[43.272s] [ 15%] Built target moveit_smoothing_base
[46.759s] [ 15%] [32m[1mLinking CXX shared library libmoveit_kinematics_base.so[0m
[47.314s] [ 15%] Built target moveit_kinematics_base
[47.392s] [ 15%] [32mBuilding CXX object robot_model/CMakeFiles/moveit_robot_model.dir/src/floating_joint_model.cpp.o[0m
[47.392s] [ 16%] [32mBuilding CXX object robot_model/CMakeFiles/moveit_robot_model.dir/src/fixed_joint_model.cpp.o[0m
[47.397s] [ 17%] [32mBuilding CXX object robot_model/CMakeFiles/moveit_robot_model.dir/src/planar_joint_model.cpp.o[0m
[47.404s] [ 17%] [32mBuilding CXX object robot_model/CMakeFiles/moveit_robot_model.dir/src/joint_model_group.cpp.o[0m
[47.414s] [ 18%] [32mBuilding CXX object robot_model/CMakeFiles/moveit_robot_model.dir/src/joint_model.cpp.o[0m
[47.414s] [ 18%] [32mBuilding CXX object robot_model/CMakeFiles/moveit_robot_model.dir/src/aabb.cpp.o[0m
[47.415s] [ 19%] [32mBuilding CXX object robot_model/CMakeFiles/moveit_robot_model.dir/src/link_model.cpp.o[0m
[55.633s] [ 19%] [32mBuilding CXX object robot_model/CMakeFiles/moveit_robot_model.dir/src/prismatic_joint_model.cpp.o[0m
[57.530s] [ 20%] [32m[1mLinking CXX static library libgmock.a[0m
[57.718s] [ 20%] Built target gmock
[57.751s] [ 21%] [32mBuilding CXX object robot_model/CMakeFiles/moveit_robot_model.dir/src/revolute_joint_model.cpp.o[0m
[57.883s] [ 22%] [32m[1mLinking CXX static library libgtest.a[0m
[58.081s] [ 22%] [32m[1mLinking CXX shared library libmoveit_transforms.so[0m
[58.111s] [ 22%] Built target gtest
[58.155s] [ 22%] [32mBuilding CXX object robot_model/CMakeFiles/moveit_robot_model.dir/src/robot_model.cpp.o[0m
[59.294s] [ 22%] Built target moveit_transforms
[59.389s] [ 22%] [32mBuilding CXX object transforms/CMakeFiles/test_transforms.dir/test/test_transforms.cpp.o[0m
[64.097s] [ 23%] [32m[1mLinking CXX shared library libmoveit_distance_field.so[0m
[64.693s] [ 23%] Built target moveit_distance_field
[64.762s] [ 24%] [32mBuilding CXX object distance_field/CMakeFiles/test_distance_field.dir/test/test_distance_field.cpp.o[0m
[64.768s] [ 25%] [32mBuilding CXX object distance_field/CMakeFiles/test_voxel_grid.dir/test/test_voxel_grid.cpp.o[0m
[68.160s] [ 26%] [32m[1mLinking CXX executable test_transforms[0m
[68.684s] [ 26%] Built target test_transforms
[73.442s] [ 26%] [32m[1mLinking CXX executable test_voxel_grid[0m
[73.970s] [ 26%] Built target test_voxel_grid
[77.671s] [ 27%] [32m[1mLinking CXX shared library libmoveit_robot_model.so[0m
[78.046s] [ 27%] Built target moveit_robot_model
[78.086s] [ 27%] [32mBuilding CXX object robot_state/CMakeFiles/moveit_robot_state.dir/src/conversions.cpp.o[0m
[78.096s] [ 28%] [32mBuilding CXX object robot_state/CMakeFiles/moveit_robot_state.dir/src/attached_body.cpp.o[0m
[78.096s] [ 28%] [32mBuilding CXX object robot_state/CMakeFiles/moveit_robot_state.dir/src/cartesian_interpolator.cpp.o[0m
[78.098s] [ 29%] [32mBuilding CXX object robot_state/CMakeFiles/moveit_robot_state.dir/src/robot_state.cpp.o[0m
[78.126s] [ 30%] [32mBuilding CXX object utils/CMakeFiles/moveit_test_utils.dir/src/robot_model_test_utils.cpp.o[0m
[78.180s] [ 31%] [32mBuilding CXX object online_signal_smoothing/CMakeFiles/moveit_butterworth_filter.dir/src/butterworth_filter.cpp.o[0m
[82.641s] [ 31%] [32m[1mLinking CXX executable test_distance_field[0m
[83.283s] [ 31%] Built target test_distance_field
[91.744s] [ 31%] [32m[1mLinking CXX shared library libmoveit_butterworth_filter.so[0m
[92.213s] [ 31%] Built target moveit_butterworth_filter
[92.275s] [ 31%] [32mBuilding CXX object online_signal_smoothing/CMakeFiles/test_butterworth_filter.dir/test/test_butterworth_filter.cpp.o[0m
[95.616s] [ 32%] [32m[1mLinking CXX shared library libmoveit_test_utils.so[0m
[96.153s] [ 32%] Built target moveit_test_utils
[96.206s] [ 33%] [32mBuilding CXX object robot_model/CMakeFiles/test_robot_model.dir/test/test.cpp.o[0m
[103.998s] [ 34%] [32m[1mLinking CXX executable test_butterworth_filter[0m
[104.460s] [ 34%] Built target test_butterworth_filter
[105.514s] [ 34%] [32m[1mLinking CXX executable test_robot_model[0m
[105.963s] [ 34%] Built target test_robot_model
[116.697s] [ 35%] [32m[1mLinking CXX shared library libmoveit_robot_state.so[0m
[117.001s] [ 35%] Built target moveit_robot_state
[117.069s] [ 36%] [32mBuilding CXX object robot_trajectory/CMakeFiles/moveit_robot_trajectory.dir/src/robot_trajectory.cpp.o[0m
[117.080s] [ 36%] [32mBuilding CXX object collision_detection/CMakeFiles/moveit_collision_detection.dir/src/allvalid/collision_env_allvalid.cpp.o[0m
[117.084s] [ 37%] [32mBuilding CXX object collision_detection/CMakeFiles/moveit_collision_detection.dir/src/collision_common.cpp.o[0m
[117.084s] [ 37%] [32mBuilding CXX object robot_state/CMakeFiles/test_robot_state_complex.dir/test/test_kinematic_complex.cpp.o[0m
[117.090s] [ 37%] [32mBuilding CXX object dynamics_solver/CMakeFiles/moveit_dynamics_solver.dir/src/dynamics_solver.cpp.o[0m
[117.099s] [ 37%] [32mBuilding CXX object robot_state/CMakeFiles/test_robot_state_benchmark.dir/test/robot_state_benchmark.cpp.o[0m
[117.099s] [ 38%] [32mBuilding CXX object robot_state/CMakeFiles/test_cartesian_interpolator.dir/test/test_cartesian_interpolator.cpp.o[0m
[117.099s] [ 39%] [32mBuilding CXX object robot_state/CMakeFiles/test_robot_state.dir/test/robot_state_test.cpp.o[0m
[117.106s] [ 40%] [32mBuilding CXX object collision_detection/CMakeFiles/moveit_collision_detection.dir/src/collision_octomap_filter.cpp.o[0m
[117.109s] [ 40%] [32mBuilding CXX object collision_detection/CMakeFiles/moveit_collision_detection.dir/src/collision_matrix.cpp.o[0m
[117.127s] [ 40%] [32mBuilding CXX object robot_state/CMakeFiles/test_aabb.dir/test/test_aabb.cpp.o[0m
[117.133s] [ 41%] [32mBuilding CXX object kinematics_metrics/CMakeFiles/moveit_kinematics_metrics.dir/src/kinematics_metrics.cpp.o[0m
[131.129s] [ 42%] [32mBuilding CXX object collision_detection/CMakeFiles/moveit_collision_detection.dir/src/collision_tools.cpp.o[0m
[132.032s] [ 42%] [32mBuilding CXX object collision_detection/CMakeFiles/moveit_collision_detection.dir/src/world.cpp.o[0m
[134.494s] [ 42%] [32m[1mLinking CXX executable test_cartesian_interpolator[0m
[135.941s] [ 43%] [32mBuilding CXX object collision_detection/CMakeFiles/moveit_collision_detection.dir/src/world_diff.cpp.o[0m
[136.143s] [ 44%] [32m[1mLinking CXX shared library libmoveit_dynamics_solver.so[0m
[136.404s] [ 44%] Built target test_cartesian_interpolator
[136.454s] [ 44%] [32mBuilding CXX object collision_detection/CMakeFiles/moveit_collision_detection.dir/src/collision_env.cpp.o[0m
[136.769s] [ 45%] [32mBuilding CXX object collision_detection/CMakeFiles/moveit_collision_detection.dir/src/collision_plugin_cache.cpp.o[0m
[137.149s] [ 45%] Built target moveit_dynamics_solver
[141.443s] [ 46%] [32m[1mLinking CXX executable test_robot_state_benchmark[0m
[142.600s] [ 46%] Built target test_robot_state_benchmark
[145.335s] [ 47%] [32m[1mLinking CXX executable test_robot_state_complex[0m
[146.436s] [ 47%] Built target test_robot_state_complex
[146.497s] [ 48%] [32m[1mLinking CXX executable test_aabb[0m
[147.399s] [ 48%] Built target test_aabb
[148.118s] [ 48%] [32m[1mLinking CXX shared library libmoveit_robot_trajectory.so[0m
[148.695s] [ 48%] Built target moveit_robot_trajectory
[148.766s] [ 49%] [32mBuilding CXX object planning_interface/CMakeFiles/moveit_planning_interface.dir/src/planning_response.cpp.o[0m
[148.766s] [ 49%] [32mBuilding CXX object trajectory_processing/CMakeFiles/moveit_trajectory_processing.dir/src/iterative_time_parameterization.cpp.o[0m
[148.769s] [ 50%] [32mBuilding CXX object trajectory_processing/CMakeFiles/moveit_trajectory_processing.dir/src/iterative_spline_parameterization.cpp.o[0m
[148.769s] [ 51%] [32mBuilding CXX object robot_trajectory/CMakeFiles/test_robot_trajectory.dir/test/test_robot_trajectory.cpp.o[0m
[148.769s] [ 52%] [32mBuilding CXX object planning_interface/CMakeFiles/moveit_planning_interface.dir/src/planning_interface.cpp.o[0m
[148.770s] [ 53%] [32mBuilding CXX object trajectory_processing/CMakeFiles/moveit_trajectory_processing.dir/src/trajectory_tools.cpp.o[0m
[148.783s] [ 53%] [32mBuilding CXX object trajectory_processing/CMakeFiles/moveit_trajectory_processing.dir/src/ruckig_traj_smoothing.cpp.o[0m
[151.402s] [ 53%] [32mBuilding CXX object trajectory_processing/CMakeFiles/moveit_trajectory_processing.dir/src/time_optimal_trajectory_generation.cpp.o[0m
[153.728s] [ 54%] [32m[1mLinking CXX executable test_robot_state[0m
[154.953s] [ 54%] Built target test_robot_state
[173.044s] [ 54%] [32m[1mLinking CXX shared library libmoveit_collision_detection.so[0m
[173.370s] [ 54%] [32m[1mLinking CXX shared library libmoveit_kinematics_metrics.so[0m
[173.705s] [ 54%] Built target moveit_collision_detection
[173.775s] [ 54%] [32mBuilding CXX object collision_detection_fcl/CMakeFiles/moveit_collision_detection_fcl.dir/src/collision_env_fcl.cpp.o[0m
[173.776s] [ 55%] [32mBuilding CXX object collision_detection/CMakeFiles/test_world_diff.dir/test/test_world_diff.cpp.o[0m
[173.776s] [ 56%] [32mBuilding CXX object collision_detection_fcl/CMakeFiles/moveit_collision_detection_fcl.dir/src/collision_common.cpp.o[0m
[173.781s] [ 57%] [32mBuilding CXX object collision_detection/CMakeFiles/test_all_valid.dir/test/test_all_valid.cpp.o[0m
[173.781s] [ 58%] [32mBuilding CXX object collision_detection/CMakeFiles/test_world.dir/test/test_world.cpp.o[0m
[173.788s] [ 59%] [32mBuilding CXX object collision_detection_bullet/CMakeFiles/moveit_collision_detection_bullet.dir/src/bullet_integration/bullet_utils.cpp.o[0m
[173.801s] [ 60%] [32mBuilding CXX object collision_detection_bullet/CMakeFiles/moveit_collision_detection_bullet.dir/src/bullet_integration/bullet_discrete_bvh_manager.cpp.o[0m
[174.137s] [ 60%] Built target moveit_kinematics_metrics
[174.172s] [ 60%] [32mBuilding CXX object collision_detection_bullet/CMakeFiles/moveit_collision_detection_bullet.dir/src/bullet_integration/bullet_cast_bvh_manager.cpp.o[0m
[174.629s] [ 60%] [32m[1mLinking CXX shared library libmoveit_planning_interface.so[0m
[175.287s] [ 60%] [32m[1mLinking CXX executable test_robot_trajectory[0m
[175.551s] [ 60%] Built target moveit_planning_interface
[175.588s] [ 61%] [32mBuilding CXX object collision_detection_bullet/CMakeFiles/moveit_collision_detection_bullet.dir/src/collision_env_bullet.cpp.o[0m
[176.914s] [ 61%] Built target test_robot_trajectory
[176.962s] [ 61%] [32mBuilding CXX object collision_detection_bullet/CMakeFiles/moveit_collision_detection_bullet.dir/src/bullet_integration/bullet_bvh_manager.cpp.o[0m
[177.127s] [ 62%] [32mBuilding CXX object collision_detection_bullet/CMakeFiles/moveit_collision_detection_bullet.dir/src/bullet_integration/contact_checker_common.cpp.o[0m
[177.943s] [ 63%] [32m[1mLinking CXX shared library libmoveit_trajectory_processing.so[0m
[179.103s] [ 63%] Built target moveit_trajectory_processing
[179.142s] [ 64%] [32mBuilding CXX object collision_detection_bullet/CMakeFiles/moveit_collision_detection_bullet.dir/src/bullet_integration/ros_bullet_utils.cpp.o[0m
[192.552s] [ 65%] [32m[1mLinking CXX executable test_world_diff[0m
[193.649s] [ 65%] Built target test_world_diff
[193.733s] [ 65%] [32mBuilding CXX object trajectory_processing/CMakeFiles/test_time_parameterization.dir/test/test_time_parameterization.cpp.o[0m
[194.817s] [ 66%] [32mBuilding CXX object trajectory_processing/CMakeFiles/test_time_optimal_trajectory_generation.dir/test/test_time_optimal_trajectory_generation.cpp.o[0m
[195.083s] [ 67%] [32mBuilding CXX object trajectory_processing/CMakeFiles/test_ruckig_traj_smoothing.dir/test/test_ruckig_traj_smoothing.cpp.o[0m
[195.481s] [ 67%] [32m[1mLinking CXX executable test_world[0m
[196.547s] [ 67%] [32m[1mLinking CXX executable test_all_valid[0m
[196.577s] [ 67%] Built target test_world
[197.582s] [ 67%] Built target test_all_valid
[203.486s] [ 67%] [32m[1mLinking CXX shared library libmoveit_collision_detection_bullet.so[0m
[204.127s] [ 67%] Built target moveit_collision_detection_bullet
[204.185s] [ 68%] [32mBuilding CXX object collision_detection_bullet/CMakeFiles/test_bullet_collision_detection.dir/test/test_bullet_collision_detection_pr2.cpp.o[0m
[204.191s] [ 68%] [32mBuilding CXX object collision_detection_bullet/CMakeFiles/test_bullet_continuous_collision_checking.dir/test/test_bullet_continuous_collision_checking.cpp.o[0m
[204.197s] [ 69%] [32mBuilding CXX object collision_detection_bullet/CMakeFiles/test_bullet_collision_detection_panda.dir/test/test_bullet_collision_detection_panda.cpp.o[0m
[205.303s] [ 70%] [32m[1mLinking CXX shared library libmoveit_collision_detection_fcl.so[0m
[205.944s] [ 70%] Built target moveit_collision_detection_fcl
[206.015s] [ 71%] [32mBuilding CXX object kinematic_constraints/CMakeFiles/moveit_kinematic_constraints.dir/src/kinematic_constraint.cpp.o[0m
[206.016s] [ 71%] [32mBuilding CXX object collision_detection_fcl/CMakeFiles/test_fcl_collision_env.dir/test/test_fcl_env.cpp.o[0m
[206.016s] [ 72%] [32mBuilding CXX object collision_detection_fcl/CMakeFiles/test_fcl_collision_detection.dir/test/test_fcl_collision_detection_pr2.cpp.o[0m
[206.017s] [ 72%] [32mBuilding CXX object kinematic_constraints/CMakeFiles/moveit_kinematic_constraints.dir/src/utils.cpp.o[0m
[206.021s] [ 73%] [32mBuilding CXX object collision_detection_fcl/CMakeFiles/test_fcl_collision_detection_panda.dir/test/test_fcl_collision_detection_panda.cpp.o[0m
[216.290s] [ 74%] [32m[1mLinking CXX executable test_time_parameterization[0m
[217.626s] [ 74%] Built target test_time_parameterization
[221.536s] [ 75%] [32m[1mLinking CXX executable test_time_optimal_trajectory_generation[0m
[222.113s] [ 75%] [32m[1mLinking CXX executable test_ruckig_traj_smoothing[0m
[222.720s] [ 75%] Built target test_time_optimal_trajectory_generation
[223.230s] [ 75%] Built target test_ruckig_traj_smoothing
[231.970s] [ 76%] [32m[1mLinking CXX executable test_bullet_collision_detection_panda[0m
[233.098s] [ 76%] Built target test_bullet_collision_detection_panda
[234.617s] [ 77%] [32m[1mLinking CXX executable test_fcl_collision_detection_panda[0m
[235.593s] [ 77%] Built target test_fcl_collision_detection_panda
[235.674s] [ 78%] [32m[1mLinking CXX executable test_fcl_collision_env[0m
[236.590s] [ 78%] Built target test_fcl_collision_env
[236.654s] [ 78%] [32m[1mLinking CXX executable test_bullet_collision_detection[0m
[237.190s] [ 79%] [32m[1mLinking CXX executable test_bullet_continuous_collision_checking[0m
[237.580s] [ 79%] Built target test_bullet_collision_detection
[238.116s] [ 79%] Built target test_bullet_continuous_collision_checking
[238.880s] [ 79%] [32m[1mLinking CXX executable test_fcl_collision_detection[0m
[239.585s] [ 79%] Built target test_fcl_collision_detection
[243.437s] [ 80%] [32m[1mLinking CXX shared library libmoveit_kinematic_constraints.so[0m
[243.741s] [ 80%] Built target moveit_kinematic_constraints
[243.795s] [ 80%] [32mBuilding CXX object kinematic_constraints/CMakeFiles/test_constraints.dir/test/test_constraints.cpp.o[0m
[243.800s] [ 81%] [32mBuilding CXX object planning_scene/CMakeFiles/moveit_planning_scene.dir/src/planning_scene.cpp.o[0m
[243.807s] [ 82%] [32mBuilding CXX object kinematic_constraints/CMakeFiles/test_orientation_constraints.dir/test/test_orientation_constraints.cpp.o[0m
[260.357s] [ 82%] [32m[1mLinking CXX executable test_orientation_constraints[0m
[261.036s] [ 82%] Built target test_orientation_constraints
[262.583s] [ 83%] [32m[1mLinking CXX executable test_constraints[0m
[263.047s] [ 83%] Built target test_constraints
[271.679s] [ 84%] [32m[1mLinking CXX shared library libmoveit_planning_scene.so[0m
[272.056s] [ 84%] Built target moveit_planning_scene
[272.128s] [ 84%] [32mBuilding CXX object constraint_samplers/CMakeFiles/moveit_constraint_samplers.dir/src/constraint_sampler_manager.cpp.o[0m
[272.128s] [ 85%] [32mBuilding CXX object constraint_samplers/CMakeFiles/moveit_constraint_samplers.dir/src/constraint_sampler.cpp.o[0m
[272.140s] [ 85%] [32mBuilding CXX object constraint_samplers/CMakeFiles/moveit_constraint_samplers.dir/src/default_constraint_samplers.cpp.o[0m
[272.140s] [ 86%] [32mBuilding CXX object planning_scene/CMakeFiles/test_planning_scene.dir/test/test_planning_scene.cpp.o[0m
[272.150s] [ 87%] [32mBuilding CXX object constraint_samplers/CMakeFiles/moveit_constraint_samplers.dir/src/constraint_sampler_tools.cpp.o[0m
[272.156s] [ 88%] [32mBuilding CXX object planning_scene/CMakeFiles/test_collision_objects.dir/test/test_collision_objects.cpp.o[0m
[272.167s] [ 89%] [32mBuilding CXX object constraint_samplers/CMakeFiles/moveit_constraint_samplers.dir/src/union_constraint_sampler.cpp.o[0m
[272.173s] [ 89%] [32mBuilding CXX object planning_scene/CMakeFiles/test_multi_threaded.dir/test/test_multi_threaded.cpp.o[0m
[272.176s] [ 90%] [32mBuilding CXX object planning_request_adapter/CMakeFiles/moveit_planning_request_adapter.dir/src/planning_request_adapter.cpp.o[0m
[272.191s] [ 90%] [32mBuilding CXX object collision_detection_bullet/CMakeFiles/collision_detector_bullet_plugin.dir/src/collision_detector_bullet_plugin_loader.cpp.o[0m
[272.207s] [ 91%] [32mBuilding CXX object collision_detection_fcl/CMakeFiles/collision_detector_fcl_plugin.dir/src/collision_detector_fcl_plugin_loader.cpp.o[0m
[272.209s] [ 91%] [32mBuilding CXX object collision_distance_field/CMakeFiles/moveit_collision_distance_field.dir/src/collision_distance_field_types.cpp.o[0m
[292.116s] [ 91%] [32mBuilding CXX object collision_distance_field/CMakeFiles/moveit_collision_distance_field.dir/src/collision_common_distance_field.cpp.o[0m
[294.055s] [ 92%] [32mBuilding CXX object collision_distance_field/CMakeFiles/moveit_collision_distance_field.dir/src/collision_env_distance_field.cpp.o[0m
[294.941s] [ 92%] [32m[1mLinking CXX shared library libmoveit_planning_request_adapter.so[0m
[296.403s] [ 92%] Built target moveit_planning_request_adapter
[296.471s] [ 92%] [32mBuilding CXX object collision_distance_field/CMakeFiles/moveit_collision_distance_field.dir/src/collision_env_hybrid.cpp.o[0m
[298.251s] [ 93%] [32m[1mLinking CXX executable test_multi_threaded[0m
[299.279s] [ 94%] [32m[1mLinking CXX shared library libcollision_detector_bullet_plugin.so[0m
[299.487s] [ 94%] Built target test_multi_threaded
[299.995s] [ 94%] Built target collision_detector_bullet_plugin
[300.605s] [ 95%] [32m[1mLinking CXX shared library libcollision_detector_fcl_plugin.so[0m
[301.215s] [ 95%] Built target collision_detector_fcl_plugin
[302.710s] [ 95%] [32m[1mLinking CXX shared library libmoveit_constraint_samplers.so[0m
[303.264s] [ 95%] Built target moveit_constraint_samplers
[303.330s] [ 95%] [32mBuilding CXX object constraint_samplers/CMakeFiles/test_constraint_samplers.dir/test/pr2_arm_ik.cpp.o[0m
[303.330s] [ 96%] [32mBuilding CXX object constraint_samplers/CMakeFiles/test_constraint_samplers.dir/test/test_constraint_samplers.cpp.o[0m
[303.332s] [ 97%] [32mBuilding CXX object constraint_samplers/CMakeFiles/test_constraint_samplers.dir/test/pr2_arm_kinematics_plugin.cpp.o[0m
[305.096s] [ 97%] [32m[1mLinking CXX executable test_collision_objects[0m
[306.040s] [ 97%] Built target test_collision_objects
[315.817s] [ 97%] [32m[1mLinking CXX executable test_planning_scene[0m
[316.717s] [ 97%] Built target test_planning_scene
[325.817s] [ 98%] [32m[1mLinking CXX shared library libmoveit_collision_distance_field.so[0m
[326.262s] [ 98%] Built target moveit_collision_distance_field
[326.296s] [ 99%] [32mBuilding CXX object collision_distance_field/CMakeFiles/test_collision_distance_field.dir/test/test_collision_distance_field.cpp.o[0m
[330.613s] [100%] [32m[1mLinking CXX executable test_constraint_samplers[0m
[331.269s] [100%] Built target test_constraint_samplers
[342.148s] [100%] [32m[1mLinking CXX executable test_collision_distance_field[0m
[342.654s] [100%] Built target test_collision_distance_field
[342.672s] Invoked command in '/home/b/ws_moveit2/build/moveit_core' returned '0': CMAKE_PREFIX_PATH=/home/b/ws_moveit2/install/moveit_resources_panda_moveit_config:/home/b/ws_moveit2/install/srdfdom:/home/b/ws_moveit2/install/moveit_resources_pr2_description:/home/b/ws_moveit2/install/moveit_resources_panda_description:/home/b/ws_moveit2/install/moveit_common:/home/b/ws_moveit2/install/ur3e_motion_cpp:/home/b/ws_moveit2/install/pilz_industrial_motion_planner_testutils:/home/b/ws_moveit2/install/moveit_runtime:/home/b/ws_moveit2/install/moveit2_tutorials:/home/b/ws_moveit2/install/moveit:/home/b/ws_moveit2/install/moveit_planners:/home/b/ws_moveit2/install/pilz_industrial_motion_planner:/home/b/ws_moveit2/install/moveit_visual_tools:/home/b/ws_moveit2/install/moveit_task_constructor_visualization:/home/b/ws_moveit2/install/moveit_task_constructor_demo:/home/b/ws_moveit2/install/moveit_task_constructor_capabilities:/home/b/ws_moveit2/install/moveit_task_constructor_core:/home/b/ws_moveit2/install/moveit_ros_control_interface:/home/b/ws_moveit2/install/moveit_plugins:/home/b/ws_moveit2/install/moveit_simple_controller_manager:/home/b/ws_moveit2/install/moveit_setup_assistant:/home/b/ws_moveit2/install/moveit_setup_srdf_plugins:/home/b/ws_moveit2/install/moveit_setup_core_plugins:/home/b/ws_moveit2/install/moveit_setup_controllers:/home/b/ws_moveit2/install/moveit_setup_app_plugins:/home/b/ws_moveit2/install/moveit_setup_framework:/home/b/ws_moveit2/install/moveit_servo:/home/b/ws_moveit2/install/moveit_ros:/home/b/ws_moveit2/install/moveit_ros_visualization:/home/b/ws_moveit2/install/moveit_py:/home/b/ws_moveit2/install/moveit_hybrid_planning:/home/b/ws_moveit2/install/moveit_ros_planning_interface:/home/b/ws_moveit2/install/moveit_ros_benchmarks:/home/b/ws_moveit2/install/moveit_ros_warehouse:/home/b/ws_moveit2/install/moveit_ros_robot_interaction:/home/b/ws_moveit2/install/moveit_ros_perception:/home/b/ws_moveit2/install/moveit_resources_prbt_pg70_support:/home/b/ws_moveit2/install/moveit_resources_prbt_moveit_config:/home/b/ws_moveit2/install/moveit_ros_move_group:/home/b/ws_moveit2/install/moveit_planners_ompl:/home/b/ws_moveit2/install/moveit_ros_planning:/home/b/ws_moveit2/install/moveit_ros_occupancy_map_monitor:/home/b/ws_moveit2/install/moveit_resources_prbt_ikfast_manipulator_plugin:/home/b/ws_moveit2/install/moveit_planners_chomp:/home/b/ws_moveit2/install/moveit_kinematics:/home/b/ws_moveit2/install/moveit_chomp_optimizer_adapter:/home/b/ws_moveit2/install/chomp_motion_planner:/home/b/ws_moveit2/install/moveit_core:/home/b/ws_moveit2/install/rviz_marker_tools:/home/b/ws_moveit2/install/rosparam_shortcuts:/home/b/ws_moveit2/install/moveit_task_constructor_msgs:/home/b/ws_moveit2/install/moveit_resources_prbt_support:/home/b/ws_moveit2/install/moveit_resources:/home/b/ws_moveit2/install/moveit_resources_fanuc_moveit_config:/home/b/ws_moveit2/install/moveit_resources_fanuc_description:/home/b/ws_moveit2/install/ur3e_motion:/home/b/ws_moveit2/install/moveit_configs_utils:/home/b/ws_moveit2/install/launch_param_builder:/opt/ros/humble LD_LIBRARY_PATH=/home/b/ws_moveit2/install/srdfdom/lib:/home/b/ws_moveit2/install/pilz_industrial_motion_planner_testutils/lib:/home/b/ws_moveit2/install/pilz_industrial_motion_planner/lib:/home/b/ws_moveit2/install/moveit_visual_tools/lib:/home/b/ws_moveit2/install/moveit_task_constructor_visualization/lib:/home/b/ws_moveit2/install/moveit_task_constructor_demo/lib:/home/b/ws_moveit2/install/moveit_task_constructor_capabilities/lib:/home/b/ws_moveit2/install/moveit_task_constructor_core/lib:/home/b/ws_moveit2/install/moveit_ros_control_interface/lib:/home/b/ws_moveit2/install/moveit_simple_controller_manager/lib:/home/b/ws_moveit2/install/moveit_setup_assistant/lib:/home/b/ws_moveit2/install/moveit_setup_srdf_plugins/lib:/home/b/ws_moveit2/install/moveit_setup_core_plugins/lib:/home/b/ws_moveit2/install/moveit_setup_controllers/lib:/home/b/ws_moveit2/install/moveit_setup_app_plugins/lib:/home/b/ws_moveit2/install/moveit_setup_framework/lib:/home/b/ws_moveit2/install/moveit_servo/lib:/home/b/ws_moveit2/install/moveit_ros_visualization/lib:/home/b/ws_moveit2/install/moveit_py/lib:/home/b/ws_moveit2/install/moveit_hybrid_planning/lib:/home/b/ws_moveit2/install/moveit_ros_planning_interface/lib:/home/b/ws_moveit2/install/moveit_ros_benchmarks/lib:/home/b/ws_moveit2/install/moveit_ros_warehouse/lib:/home/b/ws_moveit2/install/moveit_ros_robot_interaction/lib:/home/b/ws_moveit2/install/moveit_ros_perception/lib:/home/b/ws_moveit2/install/moveit_ros_move_group/lib:/home/b/ws_moveit2/install/moveit_planners_ompl/lib:/home/b/ws_moveit2/install/moveit_ros_planning/lib:/home/b/ws_moveit2/install/moveit_ros_occupancy_map_monitor/lib:/home/b/ws_moveit2/install/moveit_resources_prbt_ikfast_manipulator_plugin/lib:/home/b/ws_moveit2/install/moveit_planners_chomp/lib:/home/b/ws_moveit2/install/moveit_kinematics/lib:/home/b/ws_moveit2/install/moveit_chomp_optimizer_adapter/lib:/home/b/ws_moveit2/install/chomp_motion_planner/lib:/home/b/ws_moveit2/install/moveit_core/lib:/home/b/ws_moveit2/install/rviz_marker_tools/lib:/home/b/ws_moveit2/install/rosparam_shortcuts/lib:/home/b/ws_moveit2/install/moveit_task_constructor_msgs/lib:/usr/lib/x86_64-linux-gnu/gazebo-11/plugins:/opt/ros/humble/opt/rviz_ogre_vendor/lib:/opt/ros/humble/lib/x86_64-linux-gnu:/opt/ros/humble/lib /usr/bin/cmake --build /home/b/ws_moveit2/build/moveit_core -- -j12 -l12
[342.675s] Invoking command in '/home/b/ws_moveit2/build/moveit_core': CMAKE_PREFIX_PATH=/home/b/ws_moveit2/install/moveit_resources_panda_moveit_config:/home/b/ws_moveit2/install/srdfdom:/home/b/ws_moveit2/install/moveit_resources_pr2_description:/home/b/ws_moveit2/install/moveit_resources_panda_description:/home/b/ws_moveit2/install/moveit_common:/home/b/ws_moveit2/install/ur3e_motion_cpp:/home/b/ws_moveit2/install/pilz_industrial_motion_planner_testutils:/home/b/ws_moveit2/install/moveit_runtime:/home/b/ws_moveit2/install/moveit2_tutorials:/home/b/ws_moveit2/install/moveit:/home/b/ws_moveit2/install/moveit_planners:/home/b/ws_moveit2/install/pilz_industrial_motion_planner:/home/b/ws_moveit2/install/moveit_visual_tools:/home/b/ws_moveit2/install/moveit_task_constructor_visualization:/home/b/ws_moveit2/install/moveit_task_constructor_demo:/home/b/ws_moveit2/install/moveit_task_constructor_capabilities:/home/b/ws_moveit2/install/moveit_task_constructor_core:/home/b/ws_moveit2/install/moveit_ros_control_interface:/home/b/ws_moveit2/install/moveit_plugins:/home/b/ws_moveit2/install/moveit_simple_controller_manager:/home/b/ws_moveit2/install/moveit_setup_assistant:/home/b/ws_moveit2/install/moveit_setup_srdf_plugins:/home/b/ws_moveit2/install/moveit_setup_core_plugins:/home/b/ws_moveit2/install/moveit_setup_controllers:/home/b/ws_moveit2/install/moveit_setup_app_plugins:/home/b/ws_moveit2/install/moveit_setup_framework:/home/b/ws_moveit2/install/moveit_servo:/home/b/ws_moveit2/install/moveit_ros:/home/b/ws_moveit2/install/moveit_ros_visualization:/home/b/ws_moveit2/install/moveit_py:/home/b/ws_moveit2/install/moveit_hybrid_planning:/home/b/ws_moveit2/install/moveit_ros_planning_interface:/home/b/ws_moveit2/install/moveit_ros_benchmarks:/home/b/ws_moveit2/install/moveit_ros_warehouse:/home/b/ws_moveit2/install/moveit_ros_robot_interaction:/home/b/ws_moveit2/install/moveit_ros_perception:/home/b/ws_moveit2/install/moveit_resources_prbt_pg70_support:/home/b/ws_moveit2/install/moveit_resources_prbt_moveit_config:/home/b/ws_moveit2/install/moveit_ros_move_group:/home/b/ws_moveit2/install/moveit_planners_ompl:/home/b/ws_moveit2/install/moveit_ros_planning:/home/b/ws_moveit2/install/moveit_ros_occupancy_map_monitor:/home/b/ws_moveit2/install/moveit_resources_prbt_ikfast_manipulator_plugin:/home/b/ws_moveit2/install/moveit_planners_chomp:/home/b/ws_moveit2/install/moveit_kinematics:/home/b/ws_moveit2/install/moveit_chomp_optimizer_adapter:/home/b/ws_moveit2/install/chomp_motion_planner:/home/b/ws_moveit2/install/moveit_core:/home/b/ws_moveit2/install/rviz_marker_tools:/home/b/ws_moveit2/install/rosparam_shortcuts:/home/b/ws_moveit2/install/moveit_task_constructor_msgs:/home/b/ws_moveit2/install/moveit_resources_prbt_support:/home/b/ws_moveit2/install/moveit_resources:/home/b/ws_moveit2/install/moveit_resources_fanuc_moveit_config:/home/b/ws_moveit2/install/moveit_resources_fanuc_description:/home/b/ws_moveit2/install/ur3e_motion:/home/b/ws_moveit2/install/moveit_configs_utils:/home/b/ws_moveit2/install/launch_param_builder:/opt/ros/humble LD_LIBRARY_PATH=/home/b/ws_moveit2/install/srdfdom/lib:/home/b/ws_moveit2/install/pilz_industrial_motion_planner_testutils/lib:/home/b/ws_moveit2/install/pilz_industrial_motion_planner/lib:/home/b/ws_moveit2/install/moveit_visual_tools/lib:/home/b/ws_moveit2/install/moveit_task_constructor_visualization/lib:/home/b/ws_moveit2/install/moveit_task_constructor_demo/lib:/home/b/ws_moveit2/install/moveit_task_constructor_capabilities/lib:/home/b/ws_moveit2/install/moveit_task_constructor_core/lib:/home/b/ws_moveit2/install/moveit_ros_control_interface/lib:/home/b/ws_moveit2/install/moveit_simple_controller_manager/lib:/home/b/ws_moveit2/install/moveit_setup_assistant/lib:/home/b/ws_moveit2/install/moveit_setup_srdf_plugins/lib:/home/b/ws_moveit2/install/moveit_setup_core_plugins/lib:/home/b/ws_moveit2/install/moveit_setup_controllers/lib:/home/b/ws_moveit2/install/moveit_setup_app_plugins/lib:/home/b/ws_moveit2/install/moveit_setup_framework/lib:/home/b/ws_moveit2/install/moveit_servo/lib:/home/b/ws_moveit2/install/moveit_ros_visualization/lib:/home/b/ws_moveit2/install/moveit_py/lib:/home/b/ws_moveit2/install/moveit_hybrid_planning/lib:/home/b/ws_moveit2/install/moveit_ros_planning_interface/lib:/home/b/ws_moveit2/install/moveit_ros_benchmarks/lib:/home/b/ws_moveit2/install/moveit_ros_warehouse/lib:/home/b/ws_moveit2/install/moveit_ros_robot_interaction/lib:/home/b/ws_moveit2/install/moveit_ros_perception/lib:/home/b/ws_moveit2/install/moveit_ros_move_group/lib:/home/b/ws_moveit2/install/moveit_planners_ompl/lib:/home/b/ws_moveit2/install/moveit_ros_planning/lib:/home/b/ws_moveit2/install/moveit_ros_occupancy_map_monitor/lib:/home/b/ws_moveit2/install/moveit_resources_prbt_ikfast_manipulator_plugin/lib:/home/b/ws_moveit2/install/moveit_planners_chomp/lib:/home/b/ws_moveit2/install/moveit_kinematics/lib:/home/b/ws_moveit2/install/moveit_chomp_optimizer_adapter/lib:/home/b/ws_moveit2/install/chomp_motion_planner/lib:/home/b/ws_moveit2/install/moveit_core/lib:/home/b/ws_moveit2/install/rviz_marker_tools/lib:/home/b/ws_moveit2/install/rosparam_shortcuts/lib:/home/b/ws_moveit2/install/moveit_task_constructor_msgs/lib:/usr/lib/x86_64-linux-gnu/gazebo-11/plugins:/opt/ros/humble/opt/rviz_ogre_vendor/lib:/opt/ros/humble/lib/x86_64-linux-gnu:/opt/ros/humble/lib /usr/bin/cmake --install /home/b/ws_moveit2/build/moveit_core
[342.686s] -- Install configuration: "Release"
[342.687s] -- Execute custom install script
[342.688s] -- Symlinking: /home/b/ws_moveit2/install/moveit_core/include/moveit/version.h
[342.702s] -- Symlinking: /home/b/ws_moveit2/install/moveit_core/include/moveit/collision_distance_field/collision_common_distance_field.h
[342.714s] -- Symlinking: /home/b/ws_moveit2/install/moveit_core/include/moveit/collision_distance_field/collision_detector_allocator_distance_field.h
[342.725s] -- Symlinking: /home/b/ws_moveit2/install/moveit_core/include/moveit/collision_distance_field/collision_detector_allocator_hybrid.h
[342.736s] -- Symlinking: /home/b/ws_moveit2/install/moveit_core/include/moveit/collision_distance_field/collision_distance_field_types.h
[342.747s] -- Symlinking: /home/b/ws_moveit2/install/moveit_core/include/moveit/collision_distance_field/collision_env_distance_field.h
[342.758s] -- Symlinking: /home/b/ws_moveit2/install/moveit_core/include/moveit/collision_distance_field/collision_env_hybrid.h
[342.769s] -- Symlinking: /home/b/ws_moveit2/install/moveit_core/include/moveit_collision_distance_field_export.h
[342.783s] -- Symlinking: /home/b/ws_moveit2/install/moveit_core/include/moveit/constraint_samplers/constraint_sampler.h
[342.793s] -- Symlinking: /home/b/ws_moveit2/install/moveit_core/include/moveit/constraint_samplers/constraint_sampler_allocator.h
[342.804s] -- Symlinking: /home/b/ws_moveit2/install/moveit_core/include/moveit/constraint_samplers/constraint_sampler_manager.h
[342.814s] -- Symlinking: /home/b/ws_moveit2/install/moveit_core/include/moveit/constraint_samplers/constraint_sampler_tools.h
[342.828s] -- Symlinking: /home/b/ws_moveit2/install/moveit_core/include/moveit/constraint_samplers/default_constraint_samplers.h
[342.844s] -- Symlinking: /home/b/ws_moveit2/install/moveit_core/include/moveit/constraint_samplers/union_constraint_sampler.h
[342.857s] -- Symlinking: /home/b/ws_moveit2/install/moveit_core/include/moveit/controller_manager/controller_manager.h
[342.870s] -- Symlinking: /home/b/ws_moveit2/install/moveit_core/include/moveit/distance_field/distance_field.h
[342.883s] -- Symlinking: /home/b/ws_moveit2/install/moveit_core/include/moveit/distance_field/find_internal_points.h
[342.893s] -- Symlinking: /home/b/ws_moveit2/install/moveit_core/include/moveit/distance_field/propagation_distance_field.h
[342.904s] -- Symlinking: /home/b/ws_moveit2/install/moveit_core/include/moveit/distance_field/voxel_grid.h
[342.916s] -- Symlinking: /home/b/ws_moveit2/install/moveit_core/include/moveit/dynamics_solver/dynamics_solver.h
[342.927s] -- Symlinking: /home/b/ws_moveit2/install/moveit_core/include/moveit/exceptions/exceptions.h
[342.938s] -- Symlinking: /home/b/ws_moveit2/install/moveit_core/include/moveit/kinematics_base/kinematics_base.h
[342.948s] -- Symlinking: /home/b/ws_moveit2/install/moveit_core/include/moveit_kinematics_base_export.h
[342.959s] -- Symlinking: /home/b/ws_moveit2/install/moveit_core/include/moveit/kinematic_constraints/kinematic_constraint.h
[342.972s] -- Symlinking: /home/b/ws_moveit2/install/moveit_core/include/moveit/kinematic_constraints/utils.h
[342.983s] -- Symlinking: /home/b/ws_moveit2/install/moveit_core/include/moveit/kinematics_metrics/kinematics_metrics.h
[342.997s] -- Symlinking: /home/b/ws_moveit2/install/moveit_core/include/moveit/macros/class_forward.h
[343.009s] -- Symlinking: /home/b/ws_moveit2/install/moveit_core/include/moveit/macros/console_colors.h
[343.030s] -- Symlinking: /home/b/ws_moveit2/install/moveit_core/include/moveit/macros/declare_ptr.h
[343.052s] -- Symlinking: /home/b/ws_moveit2/install/moveit_core/include/moveit/macros/deprecation.h
[343.064s] -- Symlinking: /home/b/ws_moveit2/install/moveit_core/include/moveit_core/moveit_butterworth_parameters.hpp
[343.077s] -- Symlinking: /home/b/ws_moveit2/install/moveit_core/include/moveit/online_signal_smoothing/butterworth_filter.h
[343.088s] -- Symlinking: /home/b/ws_moveit2/install/moveit_core/include/moveit/online_signal_smoothing/smoothing_base_class.h
[343.098s] -- Symlinking: /home/b/ws_moveit2/install/moveit_core/include/moveit_smoothing_base_export.h
[343.114s] -- Symlinking: /home/b/ws_moveit2/install/moveit_core/include/moveit_butterworth_filter_export.h
[343.126s] -- Symlinking: /home/b/ws_moveit2/install/moveit_core/include/moveit/planning_interface/planning_interface.h
[343.137s] -- Symlinking: /home/b/ws_moveit2/install/moveit_core/include/moveit/planning_interface/planning_request.h
[343.147s] -- Symlinking: /home/b/ws_moveit2/install/moveit_core/include/moveit/planning_interface/planning_response.h
[343.158s] -- Symlinking: /home/b/ws_moveit2/install/moveit_core/include/moveit/planning_request_adapter/planning_request_adapter.h
[343.170s] -- Symlinking: /home/b/ws_moveit2/install/moveit_core/include/moveit/planning_scene/planning_scene.h
[343.181s] -- Symlinking: /home/b/ws_moveit2/install/moveit_core/include/moveit_planning_scene_export.h
[343.193s] -- Symlinking: /home/b/ws_moveit2/install/moveit_core/include/moveit/robot_model/aabb.h
[343.205s] -- Symlinking: /home/b/ws_moveit2/install/moveit_core/include/moveit/robot_model/fixed_joint_model.h
[343.217s] -- Symlinking: /home/b/ws_moveit2/install/moveit_core/include/moveit/robot_model/floating_joint_model.h
[343.231s] -- Symlinking: /home/b/ws_moveit2/install/moveit_core/include/moveit/robot_model/joint_model.h
[343.241s] -- Symlinking: /home/b/ws_moveit2/install/moveit_core/include/moveit/robot_model/joint_model_group.h
[343.252s] -- Symlinking: /home/b/ws_moveit2/install/moveit_core/include/moveit/robot_model/link_model.h
[343.262s] -- Symlinking: /home/b/ws_moveit2/install/moveit_core/include/moveit/robot_model/planar_joint_model.h
[343.274s] -- Symlinking: /home/b/ws_moveit2/install/moveit_core/include/moveit/robot_model/prismatic_joint_model.h
[343.285s] -- Symlinking: /home/b/ws_moveit2/install/moveit_core/include/moveit/robot_model/revolute_joint_model.h
[343.312s] -- Symlinking: /home/b/ws_moveit2/install/moveit_core/include/moveit/robot_model/robot_model.h
[343.326s] -- Symlinking: /home/b/ws_moveit2/install/moveit_core/include/moveit/robot_state/attached_body.h
[343.335s] -- Symlinking: /home/b/ws_moveit2/install/moveit_core/include/moveit/robot_state/cartesian_interpolator.h
[343.346s] -- Symlinking: /home/b/ws_moveit2/install/moveit_core/include/moveit/robot_state/conversions.h
[343.365s] -- Symlinking: /home/b/ws_moveit2/install/moveit_core/include/moveit/robot_state/robot_state.h
[343.373s] -- Symlinking: /home/b/ws_moveit2/install/moveit_core/include/moveit/robot_trajectory/robot_trajectory.h
[343.384s] -- Symlinking: /home/b/ws_moveit2/install/moveit_core/include/moveit/sensor_manager/sensor_manager.h
[343.396s] -- Symlinking: /home/b/ws_moveit2/install/moveit_core/include/moveit/trajectory_processing/iterative_spline_parameterization.h
[343.406s] -- Symlinking: /home/b/ws_moveit2/install/moveit_core/include/moveit/trajectory_processing/iterative_time_parameterization.h
[343.417s] -- Symlinking: /home/b/ws_moveit2/install/moveit_core/include/moveit/trajectory_processing/ruckig_traj_smoothing.h
[343.436s] -- Symlinking: /home/b/ws_moveit2/install/moveit_core/include/moveit/trajectory_processing/time_optimal_trajectory_generation.h
[343.452s] -- Symlinking: /home/b/ws_moveit2/install/moveit_core/include/moveit/trajectory_processing/time_parameterization.h
[343.464s] -- Symlinking: /home/b/ws_moveit2/install/moveit_core/include/moveit/trajectory_processing/trajectory_tools.h
[343.479s] -- Symlinking: /home/b/ws_moveit2/install/moveit_core/include/moveit/transforms/transforms.h
[343.493s] -- Symlinking: /home/b/ws_moveit2/install/moveit_core/include/moveit/utils/lexical_casts.h
[343.505s] -- Symlinking: /home/b/ws_moveit2/install/moveit_core/include/moveit/utils/message_checks.h
[343.518s] -- Symlinking: /home/b/ws_moveit2/install/moveit_core/include/moveit/utils/moveit_error_code.h
[343.527s] -- Symlinking: /home/b/ws_moveit2/install/moveit_core/include/moveit/utils/rclcpp_utils.h
[343.539s] -- Symlinking: /home/b/ws_moveit2/install/moveit_core/include/moveit/utils/robot_model_test_utils.h
[343.553s] -- Symlinking: /home/b/ws_moveit2/install/moveit_core/bin/moveit_version
[343.569s] -- Symlinking: /home/b/ws_moveit2/install/moveit_core/include/moveit/collision_detection/allvalid/collision_detector_allocator_allvalid.h
[343.578s] -- Symlinking: /home/b/ws_moveit2/install/moveit_core/include/moveit/collision_detection/allvalid/collision_env_allvalid.h
[343.590s] -- Symlinking: /home/b/ws_moveit2/install/moveit_core/include/moveit/collision_detection/collision_common.h
[343.601s] -- Symlinking: /home/b/ws_moveit2/install/moveit_core/include/moveit/collision_detection/collision_detector_allocator.h
[343.612s] -- Symlinking: /home/b/ws_moveit2/install/moveit_core/include/moveit/collision_detection/collision_env.h
[343.622s] -- Symlinking: /home/b/ws_moveit2/install/moveit_core/include/moveit/collision_detection/collision_matrix.h
[343.634s] -- Symlinking: /home/b/ws_moveit2/install/moveit_core/include/moveit/collision_detection/collision_octomap_filter.h
[343.645s] -- Symlinking: /home/b/ws_moveit2/install/moveit_core/include/moveit/collision_detection/collision_plugin.h
[343.661s] -- Symlinking: /home/b/ws_moveit2/install/moveit_core/include/moveit/collision_detection/collision_plugin_cache.h
[343.676s] -- Symlinking: /home/b/ws_moveit2/install/moveit_core/include/moveit/collision_detection/collision_tools.h
[343.688s] -- Symlinking: /home/b/ws_moveit2/install/moveit_core/include/moveit/collision_detection/occupancy_map.h
[343.699s] -- Symlinking: /home/b/ws_moveit2/install/moveit_core/include/moveit/collision_detection/test_collision_common_panda.h
[343.712s] -- Symlinking: /home/b/ws_moveit2/install/moveit_core/include/moveit/collision_detection/test_collision_common_pr2.h
[343.723s] -- Symlinking: /home/b/ws_moveit2/install/moveit_core/include/moveit/collision_detection/world.h
[343.733s] -- Symlinking: /home/b/ws_moveit2/install/moveit_core/include/moveit/collision_detection/world_diff.h
[343.744s] -- Symlinking: /home/b/ws_moveit2/install/moveit_core/include/moveit_collision_detection_export.h
[343.755s] -- Symlinking: /home/b/ws_moveit2/install/moveit_core/include/moveit/collision_detection_bullet/bullet_integration/basic_types.h
[343.765s] -- Symlinking: /home/b/ws_moveit2/install/moveit_core/include/moveit/collision_detection_bullet/bullet_integration/bullet_bvh_manager.h
[343.776s] -- Symlinking: /home/b/ws_moveit2/install/moveit_core/include/moveit/collision_detection_bullet/bullet_integration/bullet_cast_bvh_manager.h
[343.787s] -- Symlinking: /home/b/ws_moveit2/install/moveit_core/include/moveit/collision_detection_bullet/bullet_integration/bullet_discrete_bvh_manager.h
[343.797s] -- Symlinking: /home/b/ws_moveit2/install/moveit_core/include/moveit/collision_detection_bullet/bullet_integration/bullet_utils.h
[343.808s] -- Symlinking: /home/b/ws_moveit2/install/moveit_core/include/moveit/collision_detection_bullet/bullet_integration/contact_checker_common.h
[343.818s] -- Symlinking: /home/b/ws_moveit2/install/moveit_core/include/moveit/collision_detection_bullet/bullet_integration/ros_bullet_utils.h
[343.829s] -- Symlinking: /home/b/ws_moveit2/install/moveit_core/include/moveit/collision_detection_bullet/collision_detector_allocator_bullet.h
[343.844s] -- Symlinking: /home/b/ws_moveit2/install/moveit_core/include/moveit/collision_detection_bullet/collision_detector_bullet_plugin_loader.h
[343.860s] -- Symlinking: /home/b/ws_moveit2/install/moveit_core/include/moveit/collision_detection_bullet/collision_env_bullet.h
[343.872s] -- Symlinking: /home/b/ws_moveit2/install/moveit_core/include/moveit_collision_detection_bullet_export.h
[343.884s] -- Symlinking: /home/b/ws_moveit2/install/moveit_core/include/moveit/collision_detection_fcl/collision_common.h
[343.897s] -- Symlinking: /home/b/ws_moveit2/install/moveit_core/include/moveit/collision_detection_fcl/collision_detector_allocator_fcl.h
[343.908s] -- Symlinking: /home/b/ws_moveit2/install/moveit_core/include/moveit/collision_detection_fcl/collision_detector_fcl_plugin_loader.h
[343.918s] -- Symlinking: /home/b/ws_moveit2/install/moveit_core/include/moveit/collision_detection_fcl/collision_env_fcl.h
[343.928s] -- Symlinking: /home/b/ws_moveit2/install/moveit_core/include/moveit/collision_detection_fcl/fcl_compat.h
[343.941s] -- Symlinking: /home/b/ws_moveit2/install/moveit_core/include/moveit_collision_detection_fcl_export.h
[343.954s] -- Symlinking: /home/b/ws_moveit2/install/moveit_core/share/moveit_core/environment/library_path.sh
[343.964s] -- Symlinking: /home/b/ws_moveit2/install/moveit_core/share/moveit_core/environment/library_path.dsv
[343.975s] -- Symlinking: /home/b/ws_moveit2/install/moveit_core/share/moveit_core//collision_detector_fcl_description.xml
[343.986s] -- Symlinking: /home/b/ws_moveit2/install/moveit_core/share/moveit_core//collision_detector_bullet_description.xml
[343.997s] -- Symlinking: /home/b/ws_moveit2/install/moveit_core/share/moveit_core//filter_plugin_butterworth.xml
[344.009s] -- Symlinking: /home/b/ws_moveit2/install/moveit_core/share/ament_index/resource_index/package_run_dependencies/moveit_core
[344.021s] -- Symlinking: /home/b/ws_moveit2/install/moveit_core/share/ament_index/resource_index/parent_prefix_path/moveit_core
[344.038s] -- Symlinking: /home/b/ws_moveit2/install/moveit_core/share/moveit_core/environment/ament_prefix_path.sh
[344.062s] -- Symlinking: /home/b/ws_moveit2/install/moveit_core/share/moveit_core/environment/ament_prefix_path.dsv
[344.079s] -- Symlinking: /home/b/ws_moveit2/install/moveit_core/share/moveit_core/environment/path.sh
[344.093s] -- Symlinking: /home/b/ws_moveit2/install/moveit_core/share/moveit_core/environment/path.dsv
[344.105s] -- Symlinking: /home/b/ws_moveit2/install/moveit_core/share/moveit_core/local_setup.bash
[344.119s] -- Symlinking: /home/b/ws_moveit2/install/moveit_core/share/moveit_core/local_setup.sh
[344.130s] -- Symlinking: /home/b/ws_moveit2/install/moveit_core/share/moveit_core/local_setup.zsh
[344.142s] -- Symlinking: /home/b/ws_moveit2/install/moveit_core/share/moveit_core/local_setup.dsv
[344.153s] -- Symlinking: /home/b/ws_moveit2/install/moveit_core/share/moveit_core/package.dsv
[344.164s] -- Symlinking: /home/b/ws_moveit2/install/moveit_core/share/ament_index/resource_index/packages/moveit_core
[344.176s] -- Symlinking: /home/b/ws_moveit2/install/moveit_core/share/ament_index/resource_index/moveit_core__pluginlib__plugin/moveit_core
[344.189s] -- Symlinking: /home/b/ws_moveit2/install/moveit_core/share/moveit_core/cmake/ConfigExtras.cmake
[344.199s] -- Symlinking: /home/b/ws_moveit2/install/moveit_core/share/moveit_core/cmake/ament_cmake_export_targets-extras.cmake
[344.210s] -- Symlinking: /home/b/ws_moveit2/install/moveit_core/share/moveit_core/cmake/ament_cmake_export_dependencies-extras.cmake
[344.221s] -- Symlinking: /home/b/ws_moveit2/install/moveit_core/share/moveit_core/cmake/moveit_coreConfig.cmake
[344.230s] -- Symlinking: /home/b/ws_moveit2/install/moveit_core/share/moveit_core/cmake/moveit_coreConfig-version.cmake
[344.240s] -- Symlinking: /home/b/ws_moveit2/install/moveit_core/share/moveit_core/package.xml
[344.256s] -- Installing: /home/b/ws_moveit2/install/moveit_core/lib/libcollision_detector_bullet_plugin.so.2.5.9
[344.257s] -- Set runtime path of "/home/b/ws_moveit2/install/moveit_core/lib/libcollision_detector_bullet_plugin.so.2.5.9" to ""
[344.257s] -- Installing: /home/b/ws_moveit2/install/moveit_core/lib/libcollision_detector_bullet_plugin.so
[344.257s] -- Installing: /home/b/ws_moveit2/install/moveit_core/lib/libmoveit_butterworth_filter.so.2.5.9
[344.258s] -- Set runtime path of "/home/b/ws_moveit2/install/moveit_core/lib/libmoveit_butterworth_filter.so.2.5.9" to ""
[344.258s] -- Installing: /home/b/ws_moveit2/install/moveit_core/lib/libmoveit_butterworth_filter.so
[344.258s] -- Installing: /home/b/ws_moveit2/install/moveit_core/lib/libmoveit_collision_distance_field.so.2.5.9
[344.277s] -- Set runtime path of "/home/b/ws_moveit2/install/moveit_core/lib/libmoveit_collision_distance_field.so.2.5.9" to ""
[344.277s] -- Installing: /home/b/ws_moveit2/install/moveit_core/lib/libmoveit_collision_distance_field.so
[344.277s] -- Installing: /home/b/ws_moveit2/install/moveit_core/lib/libmoveit_collision_detection.so.2.5.9
[344.277s] -- Set runtime path of "/home/b/ws_moveit2/install/moveit_core/lib/libmoveit_collision_detection.so.2.5.9" to ""
[344.277s] -- Installing: /home/b/ws_moveit2/install/moveit_core/lib/libmoveit_collision_detection.so
[344.277s] -- Installing: /home/b/ws_moveit2/install/moveit_core/lib/libmoveit_collision_detection_fcl.so.2.5.9
[344.277s] -- Set runtime path of "/home/b/ws_moveit2/install/moveit_core/lib/libmoveit_collision_detection_fcl.so.2.5.9" to ""
[344.278s] -- Installing: /home/b/ws_moveit2/install/moveit_core/lib/libmoveit_collision_detection_fcl.so
[344.278s] -- Installing: /home/b/ws_moveit2/install/moveit_core/lib/libmoveit_collision_detection_bullet.so.2.5.9
[344.278s] -- Set runtime path of "/home/b/ws_moveit2/install/moveit_core/lib/libmoveit_collision_detection_bullet.so.2.5.9" to ""
[344.278s] -- Installing: /home/b/ws_moveit2/install/moveit_core/lib/libmoveit_collision_detection_bullet.so
[344.279s] -- Installing: /home/b/ws_moveit2/install/moveit_core/lib/libmoveit_dynamics_solver.so.2.5.9
[344.279s] -- Set runtime path of "/home/b/ws_moveit2/install/moveit_core/lib/libmoveit_dynamics_solver.so.2.5.9" to ""
[344.279s] -- Installing: /home/b/ws_moveit2/install/moveit_core/lib/libmoveit_dynamics_solver.so
[344.279s] -- Installing: /home/b/ws_moveit2/install/moveit_core/lib/libmoveit_constraint_samplers.so.2.5.9
[344.279s] -- Set runtime path of "/home/b/ws_moveit2/install/moveit_core/lib/libmoveit_constraint_samplers.so.2.5.9" to ""
[344.279s] -- Installing: /home/b/ws_moveit2/install/moveit_core/lib/libmoveit_constraint_samplers.so
[344.279s] -- Installing: /home/b/ws_moveit2/install/moveit_core/lib/libmoveit_distance_field.so.2.5.9
[344.279s] -- Set runtime path of "/home/b/ws_moveit2/install/moveit_core/lib/libmoveit_distance_field.so.2.5.9" to ""
[344.279s] -- Installing: /home/b/ws_moveit2/install/moveit_core/lib/libmoveit_distance_field.so
[344.279s] -- Installing: /home/b/ws_moveit2/install/moveit_core/lib/libmoveit_exceptions.so.2.5.9
[344.279s] -- Set runtime path of "/home/b/ws_moveit2/install/moveit_core/lib/libmoveit_exceptions.so.2.5.9" to ""
[344.279s] -- Installing: /home/b/ws_moveit2/install/moveit_core/lib/libmoveit_exceptions.so
[344.279s] -- Installing: /home/b/ws_moveit2/install/moveit_core/lib/libmoveit_kinematics_base.so
[344.279s] -- Set runtime path of "/home/b/ws_moveit2/install/moveit_core/lib/libmoveit_kinematics_base.so" to ""
[344.280s] -- Installing: /home/b/ws_moveit2/install/moveit_core/lib/libmoveit_kinematic_constraints.so.2.5.9
[344.280s] -- Set runtime path of "/home/b/ws_moveit2/install/moveit_core/lib/libmoveit_kinematic_constraints.so.2.5.9" to ""
[344.280s] -- Installing: /home/b/ws_moveit2/install/moveit_core/lib/libmoveit_kinematic_constraints.so
[344.280s] -- Installing: /home/b/ws_moveit2/install/moveit_core/lib/libmoveit_kinematics_metrics.so.2.5.9
[344.280s] -- Set runtime path of "/home/b/ws_moveit2/install/moveit_core/lib/libmoveit_kinematics_metrics.so.2.5.9" to ""
[344.284s] -- Installing: /home/b/ws_moveit2/install/moveit_core/lib/libmoveit_kinematics_metrics.so
[344.284s] -- Installing: /home/b/ws_moveit2/install/moveit_core/lib/libmoveit_planning_interface.so.2.5.9
[344.284s] -- Set runtime path of "/home/b/ws_moveit2/install/moveit_core/lib/libmoveit_planning_interface.so.2.5.9" to ""
[344.284s] -- Installing: /home/b/ws_moveit2/install/moveit_core/lib/libmoveit_planning_interface.so
[344.284s] -- Installing: /home/b/ws_moveit2/install/moveit_core/lib/libmoveit_planning_scene.so.2.5.9
[344.284s] -- Set runtime path of "/home/b/ws_moveit2/install/moveit_core/lib/libmoveit_planning_scene.so.2.5.9" to ""
[344.284s] -- Installing: /home/b/ws_moveit2/install/moveit_core/lib/libmoveit_planning_scene.so
[344.284s] -- Installing: /home/b/ws_moveit2/install/moveit_core/lib/libmoveit_planning_request_adapter.so.2.5.9
[344.284s] -- Set runtime path of "/home/b/ws_moveit2/install/moveit_core/lib/libmoveit_planning_request_adapter.so.2.5.9" to ""
[344.284s] -- Installing: /home/b/ws_moveit2/install/moveit_core/lib/libmoveit_planning_request_adapter.so
[344.285s] -- Installing: /home/b/ws_moveit2/install/moveit_core/lib/libmoveit_robot_model.so.2.5.9
[344.285s] -- Set runtime path of "/home/b/ws_moveit2/install/moveit_core/lib/libmoveit_robot_model.so.2.5.9" to ""
[344.285s] -- Installing: /home/b/ws_moveit2/install/moveit_core/lib/libmoveit_robot_model.so
[344.285s] -- Installing: /home/b/ws_moveit2/install/moveit_core/lib/libmoveit_robot_state.so.2.5.9
[344.285s] -- Set runtime path of "/home/b/ws_moveit2/install/moveit_core/lib/libmoveit_robot_state.so.2.5.9" to ""
[344.285s] -- Installing: /home/b/ws_moveit2/install/moveit_core/lib/libmoveit_robot_state.so
[344.285s] -- Installing: /home/b/ws_moveit2/install/moveit_core/lib/libmoveit_robot_trajectory.so.2.5.9
[344.286s] -- Set runtime path of "/home/b/ws_moveit2/install/moveit_core/lib/libmoveit_robot_trajectory.so.2.5.9" to ""
[344.286s] -- Installing: /home/b/ws_moveit2/install/moveit_core/lib/libmoveit_robot_trajectory.so
[344.286s] -- Installing: /home/b/ws_moveit2/install/moveit_core/lib/libmoveit_smoothing_base.so.2.5.9
[344.287s] -- Set runtime path of "/home/b/ws_moveit2/install/moveit_core/lib/libmoveit_smoothing_base.so.2.5.9" to ""
[344.287s] -- Installing: /home/b/ws_moveit2/install/moveit_core/lib/libmoveit_smoothing_base.so
[344.287s] -- Installing: /home/b/ws_moveit2/install/moveit_core/lib/libmoveit_test_utils.so.2.5.9
[344.287s] -- Set runtime path of "/home/b/ws_moveit2/install/moveit_core/lib/libmoveit_test_utils.so.2.5.9" to ""
[344.287s] -- Installing: /home/b/ws_moveit2/install/moveit_core/lib/libmoveit_test_utils.so
[344.288s] -- Installing: /home/b/ws_moveit2/install/moveit_core/lib/libmoveit_trajectory_processing.so.2.5.9
[344.288s] -- Set runtime path of "/home/b/ws_moveit2/install/moveit_core/lib/libmoveit_trajectory_processing.so.2.5.9" to ""
[344.288s] -- Installing: /home/b/ws_moveit2/install/moveit_core/lib/libmoveit_trajectory_processing.so
[344.289s] -- Installing: /home/b/ws_moveit2/install/moveit_core/lib/libmoveit_transforms.so.2.5.9
[344.289s] -- Set runtime path of "/home/b/ws_moveit2/install/moveit_core/lib/libmoveit_transforms.so.2.5.9" to ""
[344.289s] -- Installing: /home/b/ws_moveit2/install/moveit_core/lib/libmoveit_transforms.so
[344.290s] -- Installing: /home/b/ws_moveit2/install/moveit_core/lib/libmoveit_utils.so.2.5.9
[344.295s] -- Set runtime path of "/home/b/ws_moveit2/install/moveit_core/lib/libmoveit_utils.so.2.5.9" to ""
[344.295s] -- Installing: /home/b/ws_moveit2/install/moveit_core/lib/libmoveit_utils.so
[344.295s] -- Installing: /home/b/ws_moveit2/install/moveit_core/share/moveit_core/cmake/export_moveit_coreExport.cmake
[344.295s] -- Installing: /home/b/ws_moveit2/install/moveit_core/share/moveit_core/cmake/export_moveit_coreExport-release.cmake
[344.296s] Invoked command in '/home/b/ws_moveit2/build/moveit_core' returned '0': CMAKE_PREFIX_PATH=/home/b/ws_moveit2/install/moveit_resources_panda_moveit_config:/home/b/ws_moveit2/install/srdfdom:/home/b/ws_moveit2/install/moveit_resources_pr2_description:/home/b/ws_moveit2/install/moveit_resources_panda_description:/home/b/ws_moveit2/install/moveit_common:/home/b/ws_moveit2/install/ur3e_motion_cpp:/home/b/ws_moveit2/install/pilz_industrial_motion_planner_testutils:/home/b/ws_moveit2/install/moveit_runtime:/home/b/ws_moveit2/install/moveit2_tutorials:/home/b/ws_moveit2/install/moveit:/home/b/ws_moveit2/install/moveit_planners:/home/b/ws_moveit2/install/pilz_industrial_motion_planner:/home/b/ws_moveit2/install/moveit_visual_tools:/home/b/ws_moveit2/install/moveit_task_constructor_visualization:/home/b/ws_moveit2/install/moveit_task_constructor_demo:/home/b/ws_moveit2/install/moveit_task_constructor_capabilities:/home/b/ws_moveit2/install/moveit_task_constructor_core:/home/b/ws_moveit2/install/moveit_ros_control_interface:/home/b/ws_moveit2/install/moveit_plugins:/home/b/ws_moveit2/install/moveit_simple_controller_manager:/home/b/ws_moveit2/install/moveit_setup_assistant:/home/b/ws_moveit2/install/moveit_setup_srdf_plugins:/home/b/ws_moveit2/install/moveit_setup_core_plugins:/home/b/ws_moveit2/install/moveit_setup_controllers:/home/b/ws_moveit2/install/moveit_setup_app_plugins:/home/b/ws_moveit2/install/moveit_setup_framework:/home/b/ws_moveit2/install/moveit_servo:/home/b/ws_moveit2/install/moveit_ros:/home/b/ws_moveit2/install/moveit_ros_visualization:/home/b/ws_moveit2/install/moveit_py:/home/b/ws_moveit2/install/moveit_hybrid_planning:/home/b/ws_moveit2/install/moveit_ros_planning_interface:/home/b/ws_moveit2/install/moveit_ros_benchmarks:/home/b/ws_moveit2/install/moveit_ros_warehouse:/home/b/ws_moveit2/install/moveit_ros_robot_interaction:/home/b/ws_moveit2/install/moveit_ros_perception:/home/b/ws_moveit2/install/moveit_resources_prbt_pg70_support:/home/b/ws_moveit2/install/moveit_resources_prbt_moveit_config:/home/b/ws_moveit2/install/moveit_ros_move_group:/home/b/ws_moveit2/install/moveit_planners_ompl:/home/b/ws_moveit2/install/moveit_ros_planning:/home/b/ws_moveit2/install/moveit_ros_occupancy_map_monitor:/home/b/ws_moveit2/install/moveit_resources_prbt_ikfast_manipulator_plugin:/home/b/ws_moveit2/install/moveit_planners_chomp:/home/b/ws_moveit2/install/moveit_kinematics:/home/b/ws_moveit2/install/moveit_chomp_optimizer_adapter:/home/b/ws_moveit2/install/chomp_motion_planner:/home/b/ws_moveit2/install/moveit_core:/home/b/ws_moveit2/install/rviz_marker_tools:/home/b/ws_moveit2/install/rosparam_shortcuts:/home/b/ws_moveit2/install/moveit_task_constructor_msgs:/home/b/ws_moveit2/install/moveit_resources_prbt_support:/home/b/ws_moveit2/install/moveit_resources:/home/b/ws_moveit2/install/moveit_resources_fanuc_moveit_config:/home/b/ws_moveit2/install/moveit_resources_fanuc_description:/home/b/ws_moveit2/install/ur3e_motion:/home/b/ws_moveit2/install/moveit_configs_utils:/home/b/ws_moveit2/install/launch_param_builder:/opt/ros/humble LD_LIBRARY_PATH=/home/b/ws_moveit2/install/srdfdom/lib:/home/b/ws_moveit2/install/pilz_industrial_motion_planner_testutils/lib:/home/b/ws_moveit2/install/pilz_industrial_motion_planner/lib:/home/b/ws_moveit2/install/moveit_visual_tools/lib:/home/b/ws_moveit2/install/moveit_task_constructor_visualization/lib:/home/b/ws_moveit2/install/moveit_task_constructor_demo/lib:/home/b/ws_moveit2/install/moveit_task_constructor_capabilities/lib:/home/b/ws_moveit2/install/moveit_task_constructor_core/lib:/home/b/ws_moveit2/install/moveit_ros_control_interface/lib:/home/b/ws_moveit2/install/moveit_simple_controller_manager/lib:/home/b/ws_moveit2/install/moveit_setup_assistant/lib:/home/b/ws_moveit2/install/moveit_setup_srdf_plugins/lib:/home/b/ws_moveit2/install/moveit_setup_core_plugins/lib:/home/b/ws_moveit2/install/moveit_setup_controllers/lib:/home/b/ws_moveit2/install/moveit_setup_app_plugins/lib:/home/b/ws_moveit2/install/moveit_setup_framework/lib:/home/b/ws_moveit2/install/moveit_servo/lib:/home/b/ws_moveit2/install/moveit_ros_visualization/lib:/home/b/ws_moveit2/install/moveit_py/lib:/home/b/ws_moveit2/install/moveit_hybrid_planning/lib:/home/b/ws_moveit2/install/moveit_ros_planning_interface/lib:/home/b/ws_moveit2/install/moveit_ros_benchmarks/lib:/home/b/ws_moveit2/install/moveit_ros_warehouse/lib:/home/b/ws_moveit2/install/moveit_ros_robot_interaction/lib:/home/b/ws_moveit2/install/moveit_ros_perception/lib:/home/b/ws_moveit2/install/moveit_ros_move_group/lib:/home/b/ws_moveit2/install/moveit_planners_ompl/lib:/home/b/ws_moveit2/install/moveit_ros_planning/lib:/home/b/ws_moveit2/install/moveit_ros_occupancy_map_monitor/lib:/home/b/ws_moveit2/install/moveit_resources_prbt_ikfast_manipulator_plugin/lib:/home/b/ws_moveit2/install/moveit_planners_chomp/lib:/home/b/ws_moveit2/install/moveit_kinematics/lib:/home/b/ws_moveit2/install/moveit_chomp_optimizer_adapter/lib:/home/b/ws_moveit2/install/chomp_motion_planner/lib:/home/b/ws_moveit2/install/moveit_core/lib:/home/b/ws_moveit2/install/rviz_marker_tools/lib:/home/b/ws_moveit2/install/rosparam_shortcuts/lib:/home/b/ws_moveit2/install/moveit_task_constructor_msgs/lib:/usr/lib/x86_64-linux-gnu/gazebo-11/plugins:/opt/ros/humble/opt/rviz_ogre_vendor/lib:/opt/ros/humble/lib/x86_64-linux-gnu:/opt/ros/humble/lib /usr/bin/cmake --install /home/b/ws_moveit2/build/moveit_core
