[1.962s] Invoking command in '/home/b/ws_moveit2/build/moveit_task_constructor_core': AMENT_PREFIX_PATH=/home/b/ws_moveit2/install/moveit_planners:/home/b/ws_moveit2/install/pilz_industrial_motion_planner:/home/b/ws_moveit2/install/moveit_resources_prbt_pg70_support:/home/b/ws_moveit2/install/moveit_ros_planning_interface:/home/b/ws_moveit2/install/moveit_resources_prbt_moveit_config:/home/b/ws_moveit2/install/moveit_ros_move_group:/home/b/ws_moveit2/install/moveit_ros_warehouse:/home/b/ws_moveit2/install/moveit_planners_ompl:/home/b/ws_moveit2/install/moveit_kinematics:/home/b/ws_moveit2/install/moveit_ros_planning:/home/b/ws_moveit2/install/moveit_planners_chomp:/home/b/ws_moveit2/install/pilz_industrial_motion_planner_testutils:/home/b/ws_moveit2/install/moveit_simple_controller_manager:/home/b/ws_moveit2/install/moveit_ros_occupancy_map_monitor:/home/b/ws_moveit2/install/moveit_resources_prbt_ikfast_manipulator_plugin:/home/b/ws_moveit2/install/chomp_motion_planner:/home/b/ws_moveit2/install/moveit_core:/home/b/ws_moveit2/install/rviz_marker_tools:/home/b/ws_moveit2/install/moveit_resources_panda_moveit_config:/home/b/ws_moveit2/install/moveit_resources_fanuc_moveit_config:/home/b/ws_moveit2/install/moveit_configs_utils:/home/b/ws_moveit2/install/srdfdom:/home/b/ws_moveit2/install/moveit_task_constructor_msgs:/home/b/ws_moveit2/install/moveit_resources_prbt_support:/home/b/ws_moveit2/install/moveit_resources_pr2_description:/home/b/ws_moveit2/install/moveit_resources_panda_description:/home/b/ws_moveit2/install/moveit_resources_fanuc_description:/home/b/ws_moveit2/install/moveit_common:/home/b/ws_moveit2/install/launch_param_builder:${AMENT_PREFIX_PATH} CMAKE_PREFIX_PATH=/home/b/ws_moveit2/install/moveit_planners:/home/b/ws_moveit2/install/pilz_industrial_motion_planner:/home/b/ws_moveit2/install/moveit_resources_prbt_pg70_support:/home/b/ws_moveit2/install/moveit_ros_planning_interface:/home/b/ws_moveit2/install/moveit_resources_prbt_moveit_config:/home/b/ws_moveit2/install/moveit_ros_move_group:/home/b/ws_moveit2/install/moveit_ros_warehouse:/home/b/ws_moveit2/install/moveit_planners_ompl:/home/b/ws_moveit2/install/moveit_kinematics:/home/b/ws_moveit2/install/moveit_ros_planning:/home/b/ws_moveit2/install/moveit_planners_chomp:/home/b/ws_moveit2/install/pilz_industrial_motion_planner_testutils:/home/b/ws_moveit2/install/moveit_simple_controller_manager:/home/b/ws_moveit2/install/moveit_ros_occupancy_map_monitor:/home/b/ws_moveit2/install/moveit_resources_prbt_ikfast_manipulator_plugin:/home/b/ws_moveit2/install/chomp_motion_planner:/home/b/ws_moveit2/install/moveit_core:/home/b/ws_moveit2/install/rviz_marker_tools:/home/b/ws_moveit2/install/moveit_resources_panda_moveit_config:/home/b/ws_moveit2/install/moveit_resources_fanuc_moveit_config:/home/b/ws_moveit2/install/srdfdom:/home/b/ws_moveit2/install/moveit_task_constructor_msgs:/home/b/ws_moveit2/install/moveit_resources_prbt_support:/home/b/ws_moveit2/install/moveit_resources_pr2_description:/home/b/ws_moveit2/install/moveit_resources_panda_description:/home/b/ws_moveit2/install/moveit_resources_fanuc_description:/home/b/ws_moveit2/install/moveit_common:/opt/ros/humble LD_LIBRARY_PATH=/home/b/ws_moveit2/install/pilz_industrial_motion_planner/lib:/home/b/ws_moveit2/install/moveit_ros_planning_interface/lib:/home/b/ws_moveit2/install/moveit_ros_move_group/lib:/home/b/ws_moveit2/install/moveit_ros_warehouse/lib:/home/b/ws_moveit2/install/moveit_planners_ompl/lib:/home/b/ws_moveit2/install/moveit_kinematics/lib:/home/b/ws_moveit2/install/moveit_ros_planning/lib:/home/b/ws_moveit2/install/moveit_planners_chomp/lib:/home/b/ws_moveit2/install/pilz_industrial_motion_planner_testutils/lib:/home/b/ws_moveit2/install/moveit_simple_controller_manager/lib:/home/b/ws_moveit2/install/moveit_ros_occupancy_map_monitor/lib:/home/b/ws_moveit2/install/moveit_resources_prbt_ikfast_manipulator_plugin/lib:/home/b/ws_moveit2/install/chomp_motion_planner/lib:/home/b/ws_moveit2/install/moveit_core/lib:/home/b/ws_moveit2/install/rviz_marker_tools/lib:/home/b/ws_moveit2/install/srdfdom/lib:/home/b/ws_moveit2/install/moveit_task_constructor_msgs/lib:${LD_LIBRARY_PATH} PATH=/home/b/ws_moveit2/install/moveit_core/bin:${PATH} PYTHONPATH=/home/b/ws_moveit2/install/moveit_configs_utils/lib/python3.10/site-packages:/home/b/ws_moveit2/install/srdfdom/local/lib/python3.10/dist-packages:/home/b/ws_moveit2/install/moveit_task_constructor_msgs/local/lib/python3.10/dist-packages:/home/b/ws_moveit2/install/launch_param_builder/lib/python3.10/site-packages:${PYTHONPATH} /usr/bin/cmake --build /home/b/ws_moveit2/build/moveit_task_constructor_core -- -j12 -l12
[2.019s] [35m[1mConsolidate compiler generated dependencies of target gtest_main[0m
[2.020s] [35m[1mConsolidate compiler generated dependencies of target gmock[0m
[2.020s] [35m[1mConsolidate compiler generated dependencies of target gmock_main[0m
[2.025s] [35m[1mConsolidate compiler generated dependencies of target gtest[0m
[2.036s] [  2%] Built target gtest_main
[2.036s] [  4%] Built target gmock_main
[2.037s] [  8%] Built target gmock
[2.040s] [  8%] Built target ament_cmake_python_copy_moveit
[2.042s] [ 10%] Built target gtest
[2.065s] [35m[1mConsolidate compiler generated dependencies of target moveit_task_constructor_core[0m
[2.117s] [ 29%] Built target moveit_task_constructor_core
[2.135s] [35m[1mConsolidate compiler generated dependencies of target gtest_utils[0m
[2.163s] [ 34%] Built target gtest_utils
[2.175s] [35m[1mConsolidate compiler generated dependencies of target moveit_task_constructor_core_stages[0m
[2.194s] running egg_info
[2.195s] writing moveit.egg-info/PKG-INFO
[2.195s] writing dependency_links to moveit.egg-info/dependency_links.txt
[2.195s] writing top-level names to moveit.egg-info/top_level.txt
[2.196s] reading manifest file 'moveit.egg-info/SOURCES.txt'
[2.197s] writing manifest file 'moveit.egg-info/SOURCES.txt'
[2.217s] [ 34%] Built target ament_cmake_python_build_moveit_egg
[2.226s] [ 55%] Built target moveit_task_constructor_core_stages
[2.244s] [35m[1mConsolidate compiler generated dependencies of target moveit_task_constructor_core-test-stage[0m
[2.244s] [35m[1mConsolidate compiler generated dependencies of target moveit_task_constructor_core-test-container[0m
[2.248s] [35m[1mConsolidate compiler generated dependencies of target moveit_task_constructor_core-test-mockups[0m
[2.248s] [35m[1mConsolidate compiler generated dependencies of target moveit_task_constructor_core-test-cost-queue[0m
[2.249s] [35m[1mConsolidate compiler generated dependencies of target moveit_task_constructor_core_stage_plugins[0m
[2.256s] [35m[1mConsolidate compiler generated dependencies of target moveit_task_constructor_core-test-interface-state[0m
[2.256s] [35m[1mConsolidate compiler generated dependencies of target pymoveit_mtc[0m
[2.256s] [35m[1mConsolidate compiler generated dependencies of target moveit_task_constructor_core-test-fallback[0m
[2.256s] [35m[1mConsolidate compiler generated dependencies of target moveit_task_constructor_core-test-cost-terms[0m
[2.256s] [35m[1mConsolidate compiler generated dependencies of target moveit_task_constructor_core-test-serial[0m
[2.257s] [35m[1mConsolidate compiler generated dependencies of target moveit_task_constructor_core-test-properties[0m
[2.260s] [35m[1mConsolidate compiler generated dependencies of target moveit_task_constructor_core-test-pruning[0m
[2.280s] [ 57%] Built target moveit_task_constructor_core-test-interface-state
[2.280s] [ 60%] Built target moveit_task_constructor_core-test-cost-queue
[2.280s] [ 62%] Built target moveit_task_constructor_core-test-container
[2.280s] [ 64%] Built target moveit_task_constructor_core-test-mockups
[2.282s] [ 67%] Built target moveit_task_constructor_core-test-stage
[2.283s] [ 69%] Built target moveit_task_constructor_core-test-properties
[2.289s] [ 71%] Built target moveit_task_constructor_core_stage_plugins
[2.290s] [ 76%] Built target moveit_task_constructor_core-test-serial
[2.290s] [ 76%] Built target moveit_task_constructor_core-test-pruning
[2.293s] [ 78%] Built target moveit_task_constructor_core-test-cost-terms
[2.295s] [ 81%] [32mBuilding CXX object python/bindings/CMakeFiles/pymoveit_mtc.dir/src/core.cpp.o[0m
[2.295s] [ 82%] Built target moveit_task_constructor_core-test-fallback
[2.297s] [35m[1mConsolidate compiler generated dependencies of target moveit_task_constructor_core-test-move-relative[0m
[2.298s] [35m[1mConsolidate compiler generated dependencies of target moveit_task_constructor_core-test-move-to[0m
[2.314s] [ 83%] [32mBuilding CXX object test/CMakeFiles/pick_ur5.dir/pick_ur5.cpp.o[0m
[2.315s] [ 87%] Built target moveit_task_constructor_core-test-move-relative
[2.315s] [ 85%] [32mBuilding CXX object test/CMakeFiles/pick_pa10.dir/pick_pa10.cpp.o[0m
[2.315s] [ 88%] [32mBuilding CXX object test/CMakeFiles/pick_pr2.dir/pick_pr2.cpp.o[0m
[2.326s] [ 90%] Built target moveit_task_constructor_core-test-move-to
[13.370s] [ 91%] [32m[1mLinking CXX executable pick_pr2[0m
[13.708s] [ 92%] [32m[1mLinking CXX executable pick_ur5[0m
[13.929s] [ 92%] Built target pick_pr2
[14.193s] [ 92%] Built target pick_ur5
[14.848s] [ 94%] [32m[1mLinking CXX executable pick_pa10[0m
[15.282s] [ 94%] Built target pick_pa10
[20.703s] [ 95%] [32m[1mLinking CXX shared module pymoveit_mtc.cpython-310-x86_64-linux-gnu.so[0m
[22.342s] lto-wrapper: warning: using serial compilation of 12 LTRANS jobs
[31.592s] [100%] Built target pymoveit_mtc
[31.608s] Invoked command in '/home/b/ws_moveit2/build/moveit_task_constructor_core' returned '0': AMENT_PREFIX_PATH=/home/b/ws_moveit2/install/moveit_planners:/home/b/ws_moveit2/install/pilz_industrial_motion_planner:/home/b/ws_moveit2/install/moveit_resources_prbt_pg70_support:/home/b/ws_moveit2/install/moveit_ros_planning_interface:/home/b/ws_moveit2/install/moveit_resources_prbt_moveit_config:/home/b/ws_moveit2/install/moveit_ros_move_group:/home/b/ws_moveit2/install/moveit_ros_warehouse:/home/b/ws_moveit2/install/moveit_planners_ompl:/home/b/ws_moveit2/install/moveit_kinematics:/home/b/ws_moveit2/install/moveit_ros_planning:/home/b/ws_moveit2/install/moveit_planners_chomp:/home/b/ws_moveit2/install/pilz_industrial_motion_planner_testutils:/home/b/ws_moveit2/install/moveit_simple_controller_manager:/home/b/ws_moveit2/install/moveit_ros_occupancy_map_monitor:/home/b/ws_moveit2/install/moveit_resources_prbt_ikfast_manipulator_plugin:/home/b/ws_moveit2/install/chomp_motion_planner:/home/b/ws_moveit2/install/moveit_core:/home/b/ws_moveit2/install/rviz_marker_tools:/home/b/ws_moveit2/install/moveit_resources_panda_moveit_config:/home/b/ws_moveit2/install/moveit_resources_fanuc_moveit_config:/home/b/ws_moveit2/install/moveit_configs_utils:/home/b/ws_moveit2/install/srdfdom:/home/b/ws_moveit2/install/moveit_task_constructor_msgs:/home/b/ws_moveit2/install/moveit_resources_prbt_support:/home/b/ws_moveit2/install/moveit_resources_pr2_description:/home/b/ws_moveit2/install/moveit_resources_panda_description:/home/b/ws_moveit2/install/moveit_resources_fanuc_description:/home/b/ws_moveit2/install/moveit_common:/home/b/ws_moveit2/install/launch_param_builder:${AMENT_PREFIX_PATH} CMAKE_PREFIX_PATH=/home/b/ws_moveit2/install/moveit_planners:/home/b/ws_moveit2/install/pilz_industrial_motion_planner:/home/b/ws_moveit2/install/moveit_resources_prbt_pg70_support:/home/b/ws_moveit2/install/moveit_ros_planning_interface:/home/b/ws_moveit2/install/moveit_resources_prbt_moveit_config:/home/b/ws_moveit2/install/moveit_ros_move_group:/home/b/ws_moveit2/install/moveit_ros_warehouse:/home/b/ws_moveit2/install/moveit_planners_ompl:/home/b/ws_moveit2/install/moveit_kinematics:/home/b/ws_moveit2/install/moveit_ros_planning:/home/b/ws_moveit2/install/moveit_planners_chomp:/home/b/ws_moveit2/install/pilz_industrial_motion_planner_testutils:/home/b/ws_moveit2/install/moveit_simple_controller_manager:/home/b/ws_moveit2/install/moveit_ros_occupancy_map_monitor:/home/b/ws_moveit2/install/moveit_resources_prbt_ikfast_manipulator_plugin:/home/b/ws_moveit2/install/chomp_motion_planner:/home/b/ws_moveit2/install/moveit_core:/home/b/ws_moveit2/install/rviz_marker_tools:/home/b/ws_moveit2/install/moveit_resources_panda_moveit_config:/home/b/ws_moveit2/install/moveit_resources_fanuc_moveit_config:/home/b/ws_moveit2/install/srdfdom:/home/b/ws_moveit2/install/moveit_task_constructor_msgs:/home/b/ws_moveit2/install/moveit_resources_prbt_support:/home/b/ws_moveit2/install/moveit_resources_pr2_description:/home/b/ws_moveit2/install/moveit_resources_panda_description:/home/b/ws_moveit2/install/moveit_resources_fanuc_description:/home/b/ws_moveit2/install/moveit_common:/opt/ros/humble LD_LIBRARY_PATH=/home/b/ws_moveit2/install/pilz_industrial_motion_planner/lib:/home/b/ws_moveit2/install/moveit_ros_planning_interface/lib:/home/b/ws_moveit2/install/moveit_ros_move_group/lib:/home/b/ws_moveit2/install/moveit_ros_warehouse/lib:/home/b/ws_moveit2/install/moveit_planners_ompl/lib:/home/b/ws_moveit2/install/moveit_kinematics/lib:/home/b/ws_moveit2/install/moveit_ros_planning/lib:/home/b/ws_moveit2/install/moveit_planners_chomp/lib:/home/b/ws_moveit2/install/pilz_industrial_motion_planner_testutils/lib:/home/b/ws_moveit2/install/moveit_simple_controller_manager/lib:/home/b/ws_moveit2/install/moveit_ros_occupancy_map_monitor/lib:/home/b/ws_moveit2/install/moveit_resources_prbt_ikfast_manipulator_plugin/lib:/home/b/ws_moveit2/install/chomp_motion_planner/lib:/home/b/ws_moveit2/install/moveit_core/lib:/home/b/ws_moveit2/install/rviz_marker_tools/lib:/home/b/ws_moveit2/install/srdfdom/lib:/home/b/ws_moveit2/install/moveit_task_constructor_msgs/lib:${LD_LIBRARY_PATH} PATH=/home/b/ws_moveit2/install/moveit_core/bin:${PATH} PYTHONPATH=/home/b/ws_moveit2/install/moveit_configs_utils/lib/python3.10/site-packages:/home/b/ws_moveit2/install/srdfdom/local/lib/python3.10/dist-packages:/home/b/ws_moveit2/install/moveit_task_constructor_msgs/local/lib/python3.10/dist-packages:/home/b/ws_moveit2/install/launch_param_builder/lib/python3.10/site-packages:${PYTHONPATH} /usr/bin/cmake --build /home/b/ws_moveit2/build/moveit_task_constructor_core -- -j12 -l12
[31.613s] Invoking command in '/home/b/ws_moveit2/build/moveit_task_constructor_core': AMENT_PREFIX_PATH=/home/b/ws_moveit2/install/moveit_planners:/home/b/ws_moveit2/install/pilz_industrial_motion_planner:/home/b/ws_moveit2/install/moveit_resources_prbt_pg70_support:/home/b/ws_moveit2/install/moveit_ros_planning_interface:/home/b/ws_moveit2/install/moveit_resources_prbt_moveit_config:/home/b/ws_moveit2/install/moveit_ros_move_group:/home/b/ws_moveit2/install/moveit_ros_warehouse:/home/b/ws_moveit2/install/moveit_planners_ompl:/home/b/ws_moveit2/install/moveit_kinematics:/home/b/ws_moveit2/install/moveit_ros_planning:/home/b/ws_moveit2/install/moveit_planners_chomp:/home/b/ws_moveit2/install/pilz_industrial_motion_planner_testutils:/home/b/ws_moveit2/install/moveit_simple_controller_manager:/home/b/ws_moveit2/install/moveit_ros_occupancy_map_monitor:/home/b/ws_moveit2/install/moveit_resources_prbt_ikfast_manipulator_plugin:/home/b/ws_moveit2/install/chomp_motion_planner:/home/b/ws_moveit2/install/moveit_core:/home/b/ws_moveit2/install/rviz_marker_tools:/home/b/ws_moveit2/install/moveit_resources_panda_moveit_config:/home/b/ws_moveit2/install/moveit_resources_fanuc_moveit_config:/home/b/ws_moveit2/install/moveit_configs_utils:/home/b/ws_moveit2/install/srdfdom:/home/b/ws_moveit2/install/moveit_task_constructor_msgs:/home/b/ws_moveit2/install/moveit_resources_prbt_support:/home/b/ws_moveit2/install/moveit_resources_pr2_description:/home/b/ws_moveit2/install/moveit_resources_panda_description:/home/b/ws_moveit2/install/moveit_resources_fanuc_description:/home/b/ws_moveit2/install/moveit_common:/home/b/ws_moveit2/install/launch_param_builder:${AMENT_PREFIX_PATH} CMAKE_PREFIX_PATH=/home/b/ws_moveit2/install/moveit_planners:/home/b/ws_moveit2/install/pilz_industrial_motion_planner:/home/b/ws_moveit2/install/moveit_resources_prbt_pg70_support:/home/b/ws_moveit2/install/moveit_ros_planning_interface:/home/b/ws_moveit2/install/moveit_resources_prbt_moveit_config:/home/b/ws_moveit2/install/moveit_ros_move_group:/home/b/ws_moveit2/install/moveit_ros_warehouse:/home/b/ws_moveit2/install/moveit_planners_ompl:/home/b/ws_moveit2/install/moveit_kinematics:/home/b/ws_moveit2/install/moveit_ros_planning:/home/b/ws_moveit2/install/moveit_planners_chomp:/home/b/ws_moveit2/install/pilz_industrial_motion_planner_testutils:/home/b/ws_moveit2/install/moveit_simple_controller_manager:/home/b/ws_moveit2/install/moveit_ros_occupancy_map_monitor:/home/b/ws_moveit2/install/moveit_resources_prbt_ikfast_manipulator_plugin:/home/b/ws_moveit2/install/chomp_motion_planner:/home/b/ws_moveit2/install/moveit_core:/home/b/ws_moveit2/install/rviz_marker_tools:/home/b/ws_moveit2/install/moveit_resources_panda_moveit_config:/home/b/ws_moveit2/install/moveit_resources_fanuc_moveit_config:/home/b/ws_moveit2/install/srdfdom:/home/b/ws_moveit2/install/moveit_task_constructor_msgs:/home/b/ws_moveit2/install/moveit_resources_prbt_support:/home/b/ws_moveit2/install/moveit_resources_pr2_description:/home/b/ws_moveit2/install/moveit_resources_panda_description:/home/b/ws_moveit2/install/moveit_resources_fanuc_description:/home/b/ws_moveit2/install/moveit_common:/opt/ros/humble LD_LIBRARY_PATH=/home/b/ws_moveit2/install/pilz_industrial_motion_planner/lib:/home/b/ws_moveit2/install/moveit_ros_planning_interface/lib:/home/b/ws_moveit2/install/moveit_ros_move_group/lib:/home/b/ws_moveit2/install/moveit_ros_warehouse/lib:/home/b/ws_moveit2/install/moveit_planners_ompl/lib:/home/b/ws_moveit2/install/moveit_kinematics/lib:/home/b/ws_moveit2/install/moveit_ros_planning/lib:/home/b/ws_moveit2/install/moveit_planners_chomp/lib:/home/b/ws_moveit2/install/pilz_industrial_motion_planner_testutils/lib:/home/b/ws_moveit2/install/moveit_simple_controller_manager/lib:/home/b/ws_moveit2/install/moveit_ros_occupancy_map_monitor/lib:/home/b/ws_moveit2/install/moveit_resources_prbt_ikfast_manipulator_plugin/lib:/home/b/ws_moveit2/install/chomp_motion_planner/lib:/home/b/ws_moveit2/install/moveit_core/lib:/home/b/ws_moveit2/install/rviz_marker_tools/lib:/home/b/ws_moveit2/install/srdfdom/lib:/home/b/ws_moveit2/install/moveit_task_constructor_msgs/lib:${LD_LIBRARY_PATH} PATH=/home/b/ws_moveit2/install/moveit_core/bin:${PATH} PYTHONPATH=/home/b/ws_moveit2/install/moveit_configs_utils/lib/python3.10/site-packages:/home/b/ws_moveit2/install/srdfdom/local/lib/python3.10/dist-packages:/home/b/ws_moveit2/install/moveit_task_constructor_msgs/local/lib/python3.10/dist-packages:/home/b/ws_moveit2/install/launch_param_builder/lib/python3.10/site-packages:${PYTHONPATH} /usr/bin/cmake --install /home/b/ws_moveit2/build/moveit_task_constructor_core
[31.621s] -- Install configuration: "Release"
[31.622s] -- Installing: /home/b/ws_moveit2/install/moveit_task_constructor_core/lib/libmoveit_task_constructor_core_stages.so
[31.624s] -- Set runtime path of "/home/b/ws_moveit2/install/moveit_task_constructor_core/lib/libmoveit_task_constructor_core_stages.so" to ""
[31.624s] -- Installing: /home/b/ws_moveit2/install/moveit_task_constructor_core/lib/libmoveit_task_constructor_core_stage_plugins.so
[31.625s] -- Set runtime path of "/home/b/ws_moveit2/install/moveit_task_constructor_core/lib/libmoveit_task_constructor_core_stage_plugins.so" to ""
[31.625s] -- Installing: /home/b/ws_moveit2/install/moveit_task_constructor_core/lib/libmoveit_task_constructor_core.so
[31.629s] -- Set runtime path of "/home/b/ws_moveit2/install/moveit_task_constructor_core/lib/libmoveit_task_constructor_core.so" to ""
[31.630s] -- Installing: /home/b/ws_moveit2/install/moveit_task_constructor_core/share/moveit_task_constructor_core/environment/pythonpath.sh
[31.630s] -- Installing: /home/b/ws_moveit2/install/moveit_task_constructor_core/share/moveit_task_constructor_core/environment/pythonpath.dsv
[31.630s] -- Installing: /home/b/ws_moveit2/install/moveit_task_constructor_core/local/lib/python3.10/dist-packages/moveit-0.1.3-py3.10.egg-info
[31.631s] -- Installing: /home/b/ws_moveit2/install/moveit_task_constructor_core/local/lib/python3.10/dist-packages/moveit-0.1.3-py3.10.egg-info/dependency_links.txt
[31.631s] -- Installing: /home/b/ws_moveit2/install/moveit_task_constructor_core/local/lib/python3.10/dist-packages/moveit-0.1.3-py3.10.egg-info/SOURCES.txt
[31.631s] -- Installing: /home/b/ws_moveit2/install/moveit_task_constructor_core/local/lib/python3.10/dist-packages/moveit-0.1.3-py3.10.egg-info/PKG-INFO
[31.631s] -- Installing: /home/b/ws_moveit2/install/moveit_task_constructor_core/local/lib/python3.10/dist-packages/moveit-0.1.3-py3.10.egg-info/top_level.txt
[31.631s] -- Installing: /home/b/ws_moveit2/install/moveit_task_constructor_core/local/lib/python3.10/dist-packages/moveit
[31.632s] -- Installing: /home/b/ws_moveit2/install/moveit_task_constructor_core/local/lib/python3.10/dist-packages/moveit/__init__.py
[31.632s] -- Installing: /home/b/ws_moveit2/install/moveit_task_constructor_core/local/lib/python3.10/dist-packages/moveit/task_constructor
[31.632s] -- Installing: /home/b/ws_moveit2/install/moveit_task_constructor_core/local/lib/python3.10/dist-packages/moveit/task_constructor/stages.py
[31.632s] -- Installing: /home/b/ws_moveit2/install/moveit_task_constructor_core/local/lib/python3.10/dist-packages/moveit/task_constructor/__init__.py
[31.632s] -- Installing: /home/b/ws_moveit2/install/moveit_task_constructor_core/local/lib/python3.10/dist-packages/moveit/task_constructor/core.py
[31.655s] Listing '/home/b/ws_moveit2/install/moveit_task_constructor_core/local/lib/python3.10/dist-packages/moveit'...
[31.655s] Compiling '/home/b/ws_moveit2/install/moveit_task_constructor_core/local/lib/python3.10/dist-packages/moveit/__init__.py'...
[31.655s] Listing '/home/b/ws_moveit2/install/moveit_task_constructor_core/local/lib/python3.10/dist-packages/moveit/task_constructor'...
[31.656s] Compiling '/home/b/ws_moveit2/install/moveit_task_constructor_core/local/lib/python3.10/dist-packages/moveit/task_constructor/__init__.py'...
[31.656s] Compiling '/home/b/ws_moveit2/install/moveit_task_constructor_core/local/lib/python3.10/dist-packages/moveit/task_constructor/core.py'...
[31.656s] Compiling '/home/b/ws_moveit2/install/moveit_task_constructor_core/local/lib/python3.10/dist-packages/moveit/task_constructor/stages.py'...
[31.660s] -- Installing: /home/b/ws_moveit2/install/moveit_task_constructor_core/include/moveit/python/pybind11
[31.661s] -- Installing: /home/b/ws_moveit2/install/moveit_task_constructor_core/include/moveit/python/pybind11/numpy.h
[31.662s] -- Installing: /home/b/ws_moveit2/install/moveit_task_constructor_core/include/moveit/python/pybind11/cast.h
[31.663s] -- Installing: /home/b/ws_moveit2/install/moveit_task_constructor_core/include/moveit/python/pybind11/iostream.h
[31.663s] -- Installing: /home/b/ws_moveit2/install/moveit_task_constructor_core/include/moveit/python/pybind11/common.h
[31.663s] -- Installing: /home/b/ws_moveit2/install/moveit_task_constructor_core/include/moveit/python/pybind11/eigen
[31.665s] -- Installing: /home/b/ws_moveit2/install/moveit_task_constructor_core/include/moveit/python/pybind11/eigen/common.h
[31.665s] -- Installing: /home/b/ws_moveit2/install/moveit_task_constructor_core/include/moveit/python/pybind11/eigen/tensor.h
[31.665s] -- Installing: /home/b/ws_moveit2/install/moveit_task_constructor_core/include/moveit/python/pybind11/eigen/matrix.h
[31.666s] -- Installing: /home/b/ws_moveit2/install/moveit_task_constructor_core/include/moveit/python/pybind11/options.h
[31.667s] -- Installing: /home/b/ws_moveit2/install/moveit_task_constructor_core/include/moveit/python/pybind11/pybind11.h
[31.667s] -- Installing: /home/b/ws_moveit2/install/moveit_task_constructor_core/include/moveit/python/pybind11/detail
[31.667s] -- Installing: /home/b/ws_moveit2/install/moveit_task_constructor_core/include/moveit/python/pybind11/detail/internals.h
[31.667s] -- Installing: /home/b/ws_moveit2/install/moveit_task_constructor_core/include/moveit/python/pybind11/detail/common.h
[31.668s] -- Installing: /home/b/ws_moveit2/install/moveit_task_constructor_core/include/moveit/python/pybind11/detail/smart_holder_poc.h
[31.668s] -- Installing: /home/b/ws_moveit2/install/moveit_task_constructor_core/include/moveit/python/pybind11/detail/typeid.h
[31.668s] -- Installing: /home/b/ws_moveit2/install/moveit_task_constructor_core/include/moveit/python/pybind11/detail/smart_holder_type_casters.h
[31.668s] -- Installing: /home/b/ws_moveit2/install/moveit_task_constructor_core/include/moveit/python/pybind11/detail/type_caster_base.h
[31.668s] -- Installing: /home/b/ws_moveit2/install/moveit_task_constructor_core/include/moveit/python/pybind11/detail/type_caster_odr_guard.h
[31.668s] -- Installing: /home/b/ws_moveit2/install/moveit_task_constructor_core/include/moveit/python/pybind11/detail/smart_holder_sfinae_hooks_only.h
[31.668s] -- Installing: /home/b/ws_moveit2/install/moveit_task_constructor_core/include/moveit/python/pybind11/detail/class.h
[31.668s] -- Installing: /home/b/ws_moveit2/install/moveit_task_constructor_core/include/moveit/python/pybind11/detail/dynamic_raw_ptr_cast_if_possible.h
[31.668s] -- Installing: /home/b/ws_moveit2/install/moveit_task_constructor_core/include/moveit/python/pybind11/detail/descr.h
[31.668s] -- Installing: /home/b/ws_moveit2/install/moveit_task_constructor_core/include/moveit/python/pybind11/detail/init.h
[31.668s] -- Installing: /home/b/ws_moveit2/install/moveit_task_constructor_core/include/moveit/python/pybind11/gil_safe_call_once.h
[31.668s] -- Installing: /home/b/ws_moveit2/install/moveit_task_constructor_core/include/moveit/python/pybind11/gil.h
[31.668s] -- Installing: /home/b/ws_moveit2/install/moveit_task_constructor_core/include/moveit/python/pybind11/eval.h
[31.668s] -- Installing: /home/b/ws_moveit2/install/moveit_task_constructor_core/include/moveit/python/pybind11/buffer_info.h
[31.669s] -- Installing: /home/b/ws_moveit2/install/moveit_task_constructor_core/include/moveit/python/pybind11/trampoline_self_life_support.h
[31.669s] -- Installing: /home/b/ws_moveit2/install/moveit_task_constructor_core/include/moveit/python/pybind11/complex.h
[31.669s] -- Installing: /home/b/ws_moveit2/install/moveit_task_constructor_core/include/moveit/python/pybind11/smart_holder.h
[31.669s] -- Installing: /home/b/ws_moveit2/install/moveit_task_constructor_core/include/moveit/python/pybind11/chrono.h
[31.669s] -- Installing: /home/b/ws_moveit2/install/moveit_task_constructor_core/include/moveit/python/pybind11/stl_bind.h
[31.670s] -- Installing: /home/b/ws_moveit2/install/moveit_task_constructor_core/include/moveit/python/pybind11/pytypes.h
[31.670s] -- Installing: /home/b/ws_moveit2/install/moveit_task_constructor_core/include/moveit/python/pybind11/functional.h
[31.670s] -- Installing: /home/b/ws_moveit2/install/moveit_task_constructor_core/include/moveit/python/pybind11/operators.h
[31.670s] -- Installing: /home/b/ws_moveit2/install/moveit_task_constructor_core/include/moveit/python/pybind11/attr.h
[31.671s] -- Installing: /home/b/ws_moveit2/install/moveit_task_constructor_core/include/moveit/python/pybind11/stl.h
[31.671s] -- Installing: /home/b/ws_moveit2/install/moveit_task_constructor_core/include/moveit/python/pybind11/typing.h
[31.671s] -- Installing: /home/b/ws_moveit2/install/moveit_task_constructor_core/include/moveit/python/pybind11/eigen.h
[31.671s] -- Installing: /home/b/ws_moveit2/install/moveit_task_constructor_core/include/moveit/python/pybind11/type_caster_pyobject_ptr.h
[31.671s] -- Installing: /home/b/ws_moveit2/install/moveit_task_constructor_core/include/moveit/python/pybind11/embed.h
[31.672s] -- Installing: /home/b/ws_moveit2/install/moveit_task_constructor_core/include/moveit/python/pybind11/stl
[31.672s] -- Installing: /home/b/ws_moveit2/install/moveit_task_constructor_core/include/moveit/python/pybind11/stl/filesystem.h
[31.672s] -- Installing: /home/b/ws_moveit2/install/moveit_task_constructor_core/share/moveit_task_constructor_core/cmake/pybind11Config.cmake
[31.673s] -- Installing: /home/b/ws_moveit2/install/moveit_task_constructor_core/share/moveit_task_constructor_core/cmake/pybind11ConfigVersion.cmake
[31.673s] -- Installing: /home/b/ws_moveit2/install/moveit_task_constructor_core/share/moveit_task_constructor_core/cmake/FindPythonLibsNew.cmake
[31.673s] -- Installing: /home/b/ws_moveit2/install/moveit_task_constructor_core/share/moveit_task_constructor_core/cmake/pybind11Common.cmake
[31.674s] -- Installing: /home/b/ws_moveit2/install/moveit_task_constructor_core/share/moveit_task_constructor_core/cmake/pybind11Tools.cmake
[31.674s] -- Installing: /home/b/ws_moveit2/install/moveit_task_constructor_core/share/moveit_task_constructor_core/cmake/pybind11NewTools.cmake
[31.679s] -- Installing: /home/b/ws_moveit2/install/moveit_task_constructor_core/share/moveit_task_constructor_core/cmake/pybind11Targets.cmake
[31.679s] -- Installing: /home/b/ws_moveit2/install/moveit_task_constructor_core/share/pkgconfig/pybind11.pc
[31.680s] -- Installing: /home/b/ws_moveit2/install/moveit_task_constructor_core/local/lib/python3.10/dist-packages/pymoveit_mtc.cpython-310-x86_64-linux-gnu.so
[31.680s] -- Set runtime path of "/home/b/ws_moveit2/install/moveit_task_constructor_core/local/lib/python3.10/dist-packages/pymoveit_mtc.cpython-310-x86_64-linux-gnu.so" to ""
[31.680s] -- Up-to-date: /home/b/ws_moveit2/install/moveit_task_constructor_core/include
[31.680s] -- Up-to-date: /home/b/ws_moveit2/install/moveit_task_constructor_core/include/moveit
[31.680s] -- Up-to-date: /home/b/ws_moveit2/install/moveit_task_constructor_core/include/moveit/python
[31.681s] -- Installing: /home/b/ws_moveit2/install/moveit_task_constructor_core/include/moveit/python/task_constructor
[31.681s] -- Installing: /home/b/ws_moveit2/install/moveit_task_constructor_core/include/moveit/python/task_constructor/properties.h
[31.681s] -- Installing: /home/b/ws_moveit2/install/moveit_task_constructor_core/include/moveit/task_constructor
[31.681s] -- Installing: /home/b/ws_moveit2/install/moveit_task_constructor_core/include/moveit/task_constructor/trajectory_execution_info.h
[31.681s] -- Installing: /home/b/ws_moveit2/install/moveit_task_constructor_core/include/moveit/task_constructor/properties.h
[31.681s] -- Installing: /home/b/ws_moveit2/install/moveit_task_constructor_core/include/moveit/task_constructor/task.h
[31.681s] -- Installing: /home/b/ws_moveit2/install/moveit_task_constructor_core/include/moveit/task_constructor/stages.h
[31.681s] -- Installing: /home/b/ws_moveit2/install/moveit_task_constructor_core/include/moveit/task_constructor/stages
[31.681s] -- Installing: /home/b/ws_moveit2/install/moveit_task_constructor_core/include/moveit/task_constructor/stages/predicate_filter.h
[31.681s] -- Installing: /home/b/ws_moveit2/install/moveit_task_constructor_core/include/moveit/task_constructor/stages/fix_collision_objects.h
[31.681s] -- Installing: /home/b/ws_moveit2/install/moveit_task_constructor_core/include/moveit/task_constructor/stages/pick.h
[31.681s] -- Installing: /home/b/ws_moveit2/install/moveit_task_constructor_core/include/moveit/task_constructor/stages/current_state.h
[31.681s] -- Installing: /home/b/ws_moveit2/install/moveit_task_constructor_core/include/moveit/task_constructor/stages/generate_place_pose.h
[31.681s] -- Installing: /home/b/ws_moveit2/install/moveit_task_constructor_core/include/moveit/task_constructor/stages/passthrough.h
[31.682s] -- Installing: /home/b/ws_moveit2/install/moveit_task_constructor_core/include/moveit/task_constructor/stages/move_to.h
[31.682s] -- Installing: /home/b/ws_moveit2/install/moveit_task_constructor_core/include/moveit/task_constructor/stages/noop.h
[31.684s] -- Installing: /home/b/ws_moveit2/install/moveit_task_constructor_core/include/moveit/task_constructor/stages/simple_grasp.h
[31.684s] -- Installing: /home/b/ws_moveit2/install/moveit_task_constructor_core/include/moveit/task_constructor/stages/generate_random_pose.h
[31.684s] -- Installing: /home/b/ws_moveit2/install/moveit_task_constructor_core/include/moveit/task_constructor/stages/modify_planning_scene.h
[31.684s] -- Installing: /home/b/ws_moveit2/install/moveit_task_constructor_core/include/moveit/task_constructor/stages/fixed_state.h
[31.684s] -- Installing: /home/b/ws_moveit2/install/moveit_task_constructor_core/include/moveit/task_constructor/stages/generate_pose.h
[31.684s] -- Installing: /home/b/ws_moveit2/install/moveit_task_constructor_core/include/moveit/task_constructor/stages/fixed_cartesian_poses.h
[31.684s] -- Installing: /home/b/ws_moveit2/install/moveit_task_constructor_core/include/moveit/task_constructor/stages/move_relative.h
[31.684s] -- Installing: /home/b/ws_moveit2/install/moveit_task_constructor_core/include/moveit/task_constructor/stages/compute_ik.h
[31.684s] -- Installing: /home/b/ws_moveit2/install/moveit_task_constructor_core/include/moveit/task_constructor/stages/connect.h
[31.685s] -- Installing: /home/b/ws_moveit2/install/moveit_task_constructor_core/include/moveit/task_constructor/stages/generate_grasp_pose.h
[31.685s] -- Installing: /home/b/ws_moveit2/install/moveit_task_constructor_core/include/moveit/task_constructor/type_traits.h
[31.685s] -- Installing: /home/b/ws_moveit2/install/moveit_task_constructor_core/include/moveit/task_constructor/merge.h
[31.685s] -- Installing: /home/b/ws_moveit2/install/moveit_task_constructor_core/include/moveit/task_constructor/moveit_compat.h
[31.685s] -- Installing: /home/b/ws_moveit2/install/moveit_task_constructor_core/include/moveit/task_constructor/solvers.h
[31.686s] -- Installing: /home/b/ws_moveit2/install/moveit_task_constructor_core/include/moveit/task_constructor/cost_queue.h
[31.686s] -- Installing: /home/b/ws_moveit2/install/moveit_task_constructor_core/include/moveit/task_constructor/introspection.h
[31.686s] -- Installing: /home/b/ws_moveit2/install/moveit_task_constructor_core/include/moveit/task_constructor/storage.h
[31.686s] -- Installing: /home/b/ws_moveit2/install/moveit_task_constructor_core/include/moveit/task_constructor/stage.h
[31.686s] -- Installing: /home/b/ws_moveit2/install/moveit_task_constructor_core/include/moveit/task_constructor/cost_terms.h
[31.686s] -- Installing: /home/b/ws_moveit2/install/moveit_task_constructor_core/include/moveit/task_constructor/utils.h
[31.686s] -- Installing: /home/b/ws_moveit2/install/moveit_task_constructor_core/include/moveit/task_constructor/solvers
[31.686s] -- Installing: /home/b/ws_moveit2/install/moveit_task_constructor_core/include/moveit/task_constructor/solvers/planner_interface.h
[31.687s] -- Installing: /home/b/ws_moveit2/install/moveit_task_constructor_core/include/moveit/task_constructor/solvers/multi_planner.h
[31.687s] -- Installing: /home/b/ws_moveit2/install/moveit_task_constructor_core/include/moveit/task_constructor/solvers/pipeline_planner.h
[31.687s] -- Installing: /home/b/ws_moveit2/install/moveit_task_constructor_core/include/moveit/task_constructor/solvers/cartesian_path.h
[31.687s] -- Installing: /home/b/ws_moveit2/install/moveit_task_constructor_core/include/moveit/task_constructor/solvers/joint_interpolation.h
[31.687s] -- Installing: /home/b/ws_moveit2/install/moveit_task_constructor_core/include/moveit/task_constructor/container.h
[31.688s] -- Installing: /home/b/ws_moveit2/install/moveit_task_constructor_core/include/moveit/task_constructor/marker_tools.h
[31.688s] -- Installing: /home/b/ws_moveit2/install/moveit_task_constructor_core/share/moveit_task_constructor_core/motion_planning_stages_plugin_description.xml
[31.688s] -- Installing: /home/b/ws_moveit2/install/moveit_task_constructor_core/share/moveit_task_constructor_core/environment/library_path.sh
[31.689s] -- Installing: /home/b/ws_moveit2/install/moveit_task_constructor_core/share/moveit_task_constructor_core/environment/library_path.dsv
[31.689s] -- Installing: /home/b/ws_moveit2/install/moveit_task_constructor_core/share/ament_index/resource_index/package_run_dependencies/moveit_task_constructor_core
[31.690s] -- Installing: /home/b/ws_moveit2/install/moveit_task_constructor_core/share/ament_index/resource_index/parent_prefix_path/moveit_task_constructor_core
[31.690s] -- Installing: /home/b/ws_moveit2/install/moveit_task_constructor_core/share/moveit_task_constructor_core/environment/ament_prefix_path.sh
[31.691s] -- Installing: /home/b/ws_moveit2/install/moveit_task_constructor_core/share/moveit_task_constructor_core/environment/ament_prefix_path.dsv
[31.691s] -- Installing: /home/b/ws_moveit2/install/moveit_task_constructor_core/share/moveit_task_constructor_core/environment/path.sh
[31.691s] -- Installing: /home/b/ws_moveit2/install/moveit_task_constructor_core/share/moveit_task_constructor_core/environment/path.dsv
[31.692s] -- Installing: /home/b/ws_moveit2/install/moveit_task_constructor_core/share/moveit_task_constructor_core/local_setup.bash
[31.692s] -- Installing: /home/b/ws_moveit2/install/moveit_task_constructor_core/share/moveit_task_constructor_core/local_setup.sh
[31.692s] -- Installing: /home/b/ws_moveit2/install/moveit_task_constructor_core/share/moveit_task_constructor_core/local_setup.zsh
[31.693s] -- Installing: /home/b/ws_moveit2/install/moveit_task_constructor_core/share/moveit_task_constructor_core/local_setup.dsv
[31.693s] -- Installing: /home/b/ws_moveit2/install/moveit_task_constructor_core/share/moveit_task_constructor_core/package.dsv
[31.693s] -- Installing: /home/b/ws_moveit2/install/moveit_task_constructor_core/share/ament_index/resource_index/packages/moveit_task_constructor_core
[31.693s] -- Installing: /home/b/ws_moveit2/install/moveit_task_constructor_core/share/ament_index/resource_index/moveit_task_constructor_core__pluginlib__plugin/moveit_task_constructor_core
[31.695s] -- Installing: /home/b/ws_moveit2/install/moveit_task_constructor_core/share/moveit_task_constructor_core/cmake/moveit_task_constructor_coreTargetsExport.cmake
[31.695s] -- Installing: /home/b/ws_moveit2/install/moveit_task_constructor_core/share/moveit_task_constructor_core/cmake/moveit_task_constructor_coreTargetsExport-release.cmake
[31.696s] -- Installing: /home/b/ws_moveit2/install/moveit_task_constructor_core/share/moveit_task_constructor_core/cmake/ament_cmake_export_targets-extras.cmake
[31.696s] -- Installing: /home/b/ws_moveit2/install/moveit_task_constructor_core/share/moveit_task_constructor_core/cmake/ament_cmake_export_dependencies-extras.cmake
[31.697s] -- Installing: /home/b/ws_moveit2/install/moveit_task_constructor_core/share/moveit_task_constructor_core/cmake/moveit_task_constructor_coreConfig.cmake
[31.697s] -- Installing: /home/b/ws_moveit2/install/moveit_task_constructor_core/share/moveit_task_constructor_core/cmake/moveit_task_constructor_coreConfig-version.cmake
[31.698s] -- Installing: /home/b/ws_moveit2/install/moveit_task_constructor_core/share/moveit_task_constructor_core/package.xml
[31.701s] Invoked command in '/home/b/ws_moveit2/build/moveit_task_constructor_core' returned '0': AMENT_PREFIX_PATH=/home/b/ws_moveit2/install/moveit_planners:/home/b/ws_moveit2/install/pilz_industrial_motion_planner:/home/b/ws_moveit2/install/moveit_resources_prbt_pg70_support:/home/b/ws_moveit2/install/moveit_ros_planning_interface:/home/b/ws_moveit2/install/moveit_resources_prbt_moveit_config:/home/b/ws_moveit2/install/moveit_ros_move_group:/home/b/ws_moveit2/install/moveit_ros_warehouse:/home/b/ws_moveit2/install/moveit_planners_ompl:/home/b/ws_moveit2/install/moveit_kinematics:/home/b/ws_moveit2/install/moveit_ros_planning:/home/b/ws_moveit2/install/moveit_planners_chomp:/home/b/ws_moveit2/install/pilz_industrial_motion_planner_testutils:/home/b/ws_moveit2/install/moveit_simple_controller_manager:/home/b/ws_moveit2/install/moveit_ros_occupancy_map_monitor:/home/b/ws_moveit2/install/moveit_resources_prbt_ikfast_manipulator_plugin:/home/b/ws_moveit2/install/chomp_motion_planner:/home/b/ws_moveit2/install/moveit_core:/home/b/ws_moveit2/install/rviz_marker_tools:/home/b/ws_moveit2/install/moveit_resources_panda_moveit_config:/home/b/ws_moveit2/install/moveit_resources_fanuc_moveit_config:/home/b/ws_moveit2/install/moveit_configs_utils:/home/b/ws_moveit2/install/srdfdom:/home/b/ws_moveit2/install/moveit_task_constructor_msgs:/home/b/ws_moveit2/install/moveit_resources_prbt_support:/home/b/ws_moveit2/install/moveit_resources_pr2_description:/home/b/ws_moveit2/install/moveit_resources_panda_description:/home/b/ws_moveit2/install/moveit_resources_fanuc_description:/home/b/ws_moveit2/install/moveit_common:/home/b/ws_moveit2/install/launch_param_builder:${AMENT_PREFIX_PATH} CMAKE_PREFIX_PATH=/home/b/ws_moveit2/install/moveit_planners:/home/b/ws_moveit2/install/pilz_industrial_motion_planner:/home/b/ws_moveit2/install/moveit_resources_prbt_pg70_support:/home/b/ws_moveit2/install/moveit_ros_planning_interface:/home/b/ws_moveit2/install/moveit_resources_prbt_moveit_config:/home/b/ws_moveit2/install/moveit_ros_move_group:/home/b/ws_moveit2/install/moveit_ros_warehouse:/home/b/ws_moveit2/install/moveit_planners_ompl:/home/b/ws_moveit2/install/moveit_kinematics:/home/b/ws_moveit2/install/moveit_ros_planning:/home/b/ws_moveit2/install/moveit_planners_chomp:/home/b/ws_moveit2/install/pilz_industrial_motion_planner_testutils:/home/b/ws_moveit2/install/moveit_simple_controller_manager:/home/b/ws_moveit2/install/moveit_ros_occupancy_map_monitor:/home/b/ws_moveit2/install/moveit_resources_prbt_ikfast_manipulator_plugin:/home/b/ws_moveit2/install/chomp_motion_planner:/home/b/ws_moveit2/install/moveit_core:/home/b/ws_moveit2/install/rviz_marker_tools:/home/b/ws_moveit2/install/moveit_resources_panda_moveit_config:/home/b/ws_moveit2/install/moveit_resources_fanuc_moveit_config:/home/b/ws_moveit2/install/srdfdom:/home/b/ws_moveit2/install/moveit_task_constructor_msgs:/home/b/ws_moveit2/install/moveit_resources_prbt_support:/home/b/ws_moveit2/install/moveit_resources_pr2_description:/home/b/ws_moveit2/install/moveit_resources_panda_description:/home/b/ws_moveit2/install/moveit_resources_fanuc_description:/home/b/ws_moveit2/install/moveit_common:/opt/ros/humble LD_LIBRARY_PATH=/home/b/ws_moveit2/install/pilz_industrial_motion_planner/lib:/home/b/ws_moveit2/install/moveit_ros_planning_interface/lib:/home/b/ws_moveit2/install/moveit_ros_move_group/lib:/home/b/ws_moveit2/install/moveit_ros_warehouse/lib:/home/b/ws_moveit2/install/moveit_planners_ompl/lib:/home/b/ws_moveit2/install/moveit_kinematics/lib:/home/b/ws_moveit2/install/moveit_ros_planning/lib:/home/b/ws_moveit2/install/moveit_planners_chomp/lib:/home/b/ws_moveit2/install/pilz_industrial_motion_planner_testutils/lib:/home/b/ws_moveit2/install/moveit_simple_controller_manager/lib:/home/b/ws_moveit2/install/moveit_ros_occupancy_map_monitor/lib:/home/b/ws_moveit2/install/moveit_resources_prbt_ikfast_manipulator_plugin/lib:/home/b/ws_moveit2/install/chomp_motion_planner/lib:/home/b/ws_moveit2/install/moveit_core/lib:/home/b/ws_moveit2/install/rviz_marker_tools/lib:/home/b/ws_moveit2/install/srdfdom/lib:/home/b/ws_moveit2/install/moveit_task_constructor_msgs/lib:${LD_LIBRARY_PATH} PATH=/home/b/ws_moveit2/install/moveit_core/bin:${PATH} PYTHONPATH=/home/b/ws_moveit2/install/moveit_configs_utils/lib/python3.10/site-packages:/home/b/ws_moveit2/install/srdfdom/local/lib/python3.10/dist-packages:/home/b/ws_moveit2/install/moveit_task_constructor_msgs/local/lib/python3.10/dist-packages:/home/b/ws_moveit2/install/launch_param_builder/lib/python3.10/site-packages:${PYTHONPATH} /usr/bin/cmake --install /home/b/ws_moveit2/build/moveit_task_constructor_core
