[0.364s] Invoking command in '/home/b/ws_moveit2/src/build/moveit_core': AMENT_PREFIX_PATH=/home/b/ws_moveit2/src/install/moveit_resources_panda_moveit_config:/home/b/ws_moveit2/src/install/srdfdom:/home/b/ws_moveit2/src/install/moveit_resources_pr2_description:/home/b/ws_moveit2/src/install/moveit_resources_panda_description:/home/b/ws_moveit2/src/install/moveit_common:${AMENT_PREFIX_PATH} CMAKE_PREFIX_PATH=/home/b/ws_moveit2/src/install/moveit_resources_panda_moveit_config:/home/b/ws_moveit2/src/install/srdfdom:/home/b/ws_moveit2/src/install/moveit_resources_pr2_description:/home/b/ws_moveit2/src/install/moveit_resources_panda_description:/home/b/ws_moveit2/src/install/moveit_common:/opt/ros/humble LD_LIBRARY_PATH=/home/b/ws_moveit2/src/install/srdfdom/lib:${LD_LIBRARY_PATH} PYTHONPATH=/home/b/ws_moveit2/src/install/srdfdom/local/lib/python3.10/dist-packages:${PYTHONPATH} /usr/bin/cmake /home/b/ws_moveit2/src/moveit2/moveit_core -DCMAKE_INSTALL_PREFIX=/home/b/ws_moveit2/src/install/moveit_core
[0.485s] -- The CXX compiler identification is GNU 11.4.0
[1.034s] -- Detecting CXX compiler ABI info
[1.201s] -- Detecting CXX compiler ABI info - done
[1.208s] -- Check for working CXX compiler: /usr/bin/c++ - skipped
[1.208s] -- Detecting CXX compile features
[1.209s] -- Detecting CXX compile features - done
[1.210s] -- Found moveit_common: 2.5.9 (/home/b/ws_moveit2/src/install/moveit_common/share/moveit_common/cmake)
[1.213s] -- Found ament_cmake: 1.3.13 (/opt/ros/humble/share/ament_cmake/cmake)
[1.379s] -- Found Python3: /usr/bin/python3 (found version "3.10.12") found components: Interpreter 
[1.573s] [0mmoveit_core: You did not request a specific build type: Choosing 'Release' for maximum performance[0m
[1.576s] -- Found angles: 1.15.0 (/opt/ros/humble/share/angles/cmake)
[3.003s] -- Found Bullet: /usr/lib/x86_64-linux-gnu/libBulletDynamics.so (Required is at least version "2.87") 
[3.006s] -- Found common_interfaces: 4.9.1 (/opt/ros/humble/share/common_interfaces/cmake)
[3.010s] -- Found eigen_stl_containers: 1.1.0 (/opt/ros/humble/share/eigen_stl_containers/cmake)
[3.024s] -- Found eigen3_cmake_module: 0.1.1 (/opt/ros/humble/share/eigen3_cmake_module/cmake)
[3.031s] -- Found Eigen3: TRUE (found version "3.4.0") 
[3.042s] -- Found generate_parameter_library: 0.6.0 (/opt/ros/humble/share/generate_parameter_library/cmake)
[3.047s] -- Found parameter_traits: 0.6.0 (/opt/ros/humble/share/parameter_traits/cmake)
[3.113s] -- Found rosidl_generator_c: 3.1.8 (/opt/ros/humble/share/rosidl_generator_c/cmake)
[3.118s] -- Found rosidl_adapter: 3.1.8 (/opt/ros/humble/share/rosidl_adapter/cmake)
[3.125s] -- Found rosidl_generator_cpp: 3.1.8 (/opt/ros/humble/share/rosidl_generator_cpp/cmake)
[3.135s] -- Using all available rosidl_typesupport_c: rosidl_typesupport_fastrtps_c;rosidl_typesupport_introspection_c
[3.147s] -- Using all available rosidl_typesupport_cpp: rosidl_typesupport_fastrtps_cpp;rosidl_typesupport_introspection_cpp
[3.184s] -- Found rmw_implementation_cmake: 6.1.2 (/opt/ros/humble/share/rmw_implementation_cmake/cmake)
[3.186s] -- Found rmw_fastrtps_cpp: 6.2.10 (/opt/ros/humble/share/rmw_fastrtps_cpp/cmake)
[4.893s] -- Found OpenSSL: /usr/lib/x86_64-linux-gnu/libcrypto.so (found version "3.0.2")  
[6.749s] -- Found FastRTPS: /opt/ros/humble/include  
[9.622s] -- Using RMW implementation 'rmw_fastrtps_cpp' as default
[9.629s] -- Looking for C++ include pthread.h
[9.806s] -- Looking for C++ include pthread.h - found
[9.806s] -- Performing Test CMAKE_HAVE_LIBC_PTHREAD
[10.008s] -- Performing Test CMAKE_HAVE_LIBC_PTHREAD - Success
[10.009s] -- Found Threads: TRUE  
[10.072s] -- Found rclcpp_lifecycle: 16.0.18 (/opt/ros/humble/share/rclcpp_lifecycle/cmake)
[10.096s] -- Found geometric_shapes: 2.3.2 (/opt/ros/humble/share/geometric_shapes/cmake)
[10.107s] -- Found Boost: /usr/lib/x86_64-linux-gnu/cmake/Boost-1.74.0/BoostConfig.cmake (found version "1.74.0") found components: filesystem 
[10.964s] -- library: /usr/lib/x86_64-linux-gnu/libcurl.so
[11.009s] -- Found kdl_parser: 2.6.4 (/opt/ros/humble/share/kdl_parser/cmake)
[11.077s] -- Ensuring Eigen3 include directory is part of orocos-kdl CMake target
[11.085s] -- Found moveit_msgs: 2.2.1 (/opt/ros/humble/share/moveit_msgs/cmake)
[11.169s] -- Found pluginlib: 5.1.3 (/opt/ros/humble/share/pluginlib/cmake)
[12.066s] -- Found srdfdom: 2.0.8 (/home/b/ws_moveit2/src/install/srdfdom/share/srdfdom/cmake)
[12.079s] -- Found tf2_eigen: 0.25.19 (/opt/ros/humble/share/tf2_eigen/cmake)
[12.133s] -- Found tf2_geometry_msgs: 0.25.19 (/opt/ros/humble/share/tf2_geometry_msgs/cmake)
[12.140s] -- Found tf2_kdl: 0.25.19 (/opt/ros/humble/share/tf2_kdl/cmake)
[12.176s] -- Found Boost: /usr/lib/x86_64-linux-gnu/cmake/Boost-1.74.0/BoostConfig.cmake (found version "1.74.0") found components: chrono date_time filesystem iostreams program_options regex serialization system thread 
[12.177s] --  *** Building MoveIt 2.5.9-Alpha ***
[12.183s] -- Performing Test COMPILER_HAS_HIDDEN_VISIBILITY
[12.293s] -- Performing Test COMPILER_HAS_HIDDEN_VISIBILITY - Success
[12.293s] -- Performing Test COMPILER_HAS_HIDDEN_INLINE_VISIBILITY
[12.413s] -- Performing Test COMPILER_HAS_HIDDEN_INLINE_VISIBILITY - Success
[12.413s] -- Performing Test COMPILER_HAS_DEPRECATED_ATTR
[12.526s] -- Performing Test COMPILER_HAS_DEPRECATED_ATTR - Success
[12.530s] -- Found ament_cmake_gtest: 1.3.13 (/opt/ros/humble/share/ament_cmake_gtest/cmake)
[12.532s] -- Found gtest sources under '/opt/ros/humble/src/gtest_vendor': C++ tests using 'Google Test' will be built
[12.685s] -- The C compiler identification is GNU 11.4.0
[12.793s] -- Detecting C compiler ABI info
[12.897s] -- Detecting C compiler ABI info - done
[12.902s] -- Check for working C compiler: /usr/bin/cc - skipped
[12.903s] -- Detecting C compile features
[12.903s] -- Detecting C compile features - done
[12.913s] -- Found ament_cmake_gmock: 1.3.13 (/opt/ros/humble/share/ament_cmake_gmock/cmake)
[12.918s] -- Found gmock sources under '/opt/ros/humble/src/gmock_vendor': C++ tests using 'Google Mock' will be built
[12.922s] -- Found ament_cmake_gtest: 1.3.13 (/opt/ros/humble/share/ament_cmake_gtest/cmake)
[12.922s] -- Found gtest sources under '/opt/ros/humble/src/gtest_vendor': C++ tests using 'Google Test' will be built
[12.930s] -- Found ament_cmake_gtest: 1.3.13 (/opt/ros/humble/share/ament_cmake_gtest/cmake)
[12.931s] -- Found gtest sources under '/opt/ros/humble/src/gtest_vendor': C++ tests using 'Google Test' will be built
[12.949s] -- Found ament_cmake_gtest: 1.3.13 (/opt/ros/humble/share/ament_cmake_gtest/cmake)
[12.950s] -- Found gtest sources under '/opt/ros/humble/src/gtest_vendor': C++ tests using 'Google Test' will be built
[12.965s] -- Found ament_lint_auto: 0.12.15 (/opt/ros/humble/share/ament_lint_auto/cmake)
[12.965s] -- Found ament_cmake_gtest: 1.3.13 (/opt/ros/humble/share/ament_cmake_gtest/cmake)
[12.965s] -- Found gtest sources under '/opt/ros/humble/src/gtest_vendor': C++ tests using 'Google Test' will be built
[12.979s] -- Found ament_cmake_gtest: 1.3.13 (/opt/ros/humble/share/ament_cmake_gtest/cmake)
[12.980s] -- Found gtest sources under '/opt/ros/humble/src/gtest_vendor': C++ tests using 'Google Test' will be built
[12.989s] -- Found ament_cmake_gtest: 1.3.13 (/opt/ros/humble/share/ament_cmake_gtest/cmake)
[12.990s] -- Found gtest sources under '/opt/ros/humble/src/gtest_vendor': C++ tests using 'Google Test' will be built
[12.996s] -- Found ament_cmake_gtest: 1.3.13 (/opt/ros/humble/share/ament_cmake_gtest/cmake)
[12.997s] -- Found gmock sources under '/opt/ros/humble/src/gmock_vendor': C++ tests using 'Google Mock' will be built
[12.998s] -- Found gtest sources under '/opt/ros/humble/src/gtest_vendor': C++ tests using 'Google Test' will be built
[13.009s] -- Found gtest sources under '/opt/ros/humble/src/gtest_vendor': C++ tests using 'Google Test' will be built
[13.018s] -- Found gtest sources under '/opt/ros/humble/src/gtest_vendor': C++ tests using 'Google Test' will be built
[13.028s] -- Found ament_cmake_gtest: 1.3.13 (/opt/ros/humble/share/ament_cmake_gtest/cmake)
[13.029s] -- Found gtest sources under '/opt/ros/humble/src/gtest_vendor': C++ tests using 'Google Test' will be built
[13.048s] -- Found gtest sources under '/opt/ros/humble/src/gtest_vendor': C++ tests using 'Google Test' will be built
[13.059s] -- Found gtest sources under '/opt/ros/humble/src/gtest_vendor': C++ tests using 'Google Test' will be built
[13.070s] -- Found gtest sources under '/opt/ros/humble/src/gtest_vendor': C++ tests using 'Google Test' will be built
[13.075s] -- Found ament_lint_auto: 0.12.15 (/opt/ros/humble/share/ament_lint_auto/cmake)
[13.115s] -- Added test 'cppcheck' to perform static code analysis on C / C++ code
[13.116s] -- Configured cppcheck include dirs: /home/b/ws_moveit2/src/moveit2/moveit_core/exceptions/include;/home/b/ws_moveit2/src/moveit2/moveit_core/collision_detection/include;/home/b/ws_moveit2/src/moveit2/moveit_core/collision_detection_fcl/include;/home/b/ws_moveit2/src/moveit2/moveit_core/collision_detection_bullet/include;/home/b/ws_moveit2/src/moveit2/moveit_core/constraint_samplers/include;/home/b/ws_moveit2/src/moveit2/moveit_core/controller_manager/include;/home/b/ws_moveit2/src/moveit2/moveit_core/distance_field/include;/home/b/ws_moveit2/src/moveit2/moveit_core/collision_distance_field/include;/home/b/ws_moveit2/src/moveit2/moveit_core/dynamics_solver/include;/home/b/ws_moveit2/src/moveit2/moveit_core/kinematics_base/include;/home/b/ws_moveit2/src/moveit2/moveit_core/kinematics_metrics/include;/home/b/ws_moveit2/src/moveit2/moveit_core/robot_model/include;/home/b/ws_moveit2/src/moveit2/moveit_core/transforms/include;/home/b/ws_moveit2/src/moveit2/moveit_core/robot_state/include;/home/b/ws_moveit2/src/moveit2/moveit_core/robot_trajectory/include;/home/b/ws_moveit2/src/moveit2/moveit_core/kinematic_constraints/include;/home/b/ws_moveit2/src/moveit2/moveit_core/macros/include;/home/b/ws_moveit2/src/moveit2/moveit_core/online_signal_smoothing/include;/home/b/ws_moveit2/src/moveit2/moveit_core/planning_interface/include;/home/b/ws_moveit2/src/moveit2/moveit_core/planning_request_adapter/include;/home/b/ws_moveit2/src/moveit2/moveit_core/planning_scene/include;/home/b/ws_moveit2/src/moveit2/moveit_core/sensor_manager/include;/home/b/ws_moveit2/src/moveit2/moveit_core/trajectory_processing/include;/home/b/ws_moveit2/src/moveit2/moveit_core/utils/include
[13.116s] -- Configured cppcheck exclude dirs and/or files: 
[13.118s] -- Added test 'pep257' to check Python code against some of the docstring style conventions in PEP 257
[13.120s] -- Added test 'xmllint' to check XML markup files
[13.122s] -- Configuring done
[13.566s] -- Generating done
[13.698s] -- Build files have been written to: /home/b/ws_moveit2/src/build/moveit_core
[13.729s] Invoked command in '/home/b/ws_moveit2/src/build/moveit_core' returned '0': AMENT_PREFIX_PATH=/home/b/ws_moveit2/src/install/moveit_resources_panda_moveit_config:/home/b/ws_moveit2/src/install/srdfdom:/home/b/ws_moveit2/src/install/moveit_resources_pr2_description:/home/b/ws_moveit2/src/install/moveit_resources_panda_description:/home/b/ws_moveit2/src/install/moveit_common:${AMENT_PREFIX_PATH} CMAKE_PREFIX_PATH=/home/b/ws_moveit2/src/install/moveit_resources_panda_moveit_config:/home/b/ws_moveit2/src/install/srdfdom:/home/b/ws_moveit2/src/install/moveit_resources_pr2_description:/home/b/ws_moveit2/src/install/moveit_resources_panda_description:/home/b/ws_moveit2/src/install/moveit_common:/opt/ros/humble LD_LIBRARY_PATH=/home/b/ws_moveit2/src/install/srdfdom/lib:${LD_LIBRARY_PATH} PYTHONPATH=/home/b/ws_moveit2/src/install/srdfdom/local/lib/python3.10/dist-packages:${PYTHONPATH} /usr/bin/cmake /home/b/ws_moveit2/src/moveit2/moveit_core -DCMAKE_INSTALL_PREFIX=/home/b/ws_moveit2/src/install/moveit_core
[13.731s] Invoking command in '/home/b/ws_moveit2/src/build/moveit_core': AMENT_PREFIX_PATH=/home/b/ws_moveit2/src/install/moveit_resources_panda_moveit_config:/home/b/ws_moveit2/src/install/srdfdom:/home/b/ws_moveit2/src/install/moveit_resources_pr2_description:/home/b/ws_moveit2/src/install/moveit_resources_panda_description:/home/b/ws_moveit2/src/install/moveit_common:${AMENT_PREFIX_PATH} CMAKE_PREFIX_PATH=/home/b/ws_moveit2/src/install/moveit_resources_panda_moveit_config:/home/b/ws_moveit2/src/install/srdfdom:/home/b/ws_moveit2/src/install/moveit_resources_pr2_description:/home/b/ws_moveit2/src/install/moveit_resources_panda_description:/home/b/ws_moveit2/src/install/moveit_common:/opt/ros/humble LD_LIBRARY_PATH=/home/b/ws_moveit2/src/install/srdfdom/lib:${LD_LIBRARY_PATH} PYTHONPATH=/home/b/ws_moveit2/src/install/srdfdom/local/lib/python3.10/dist-packages:${PYTHONPATH} /usr/bin/cmake --build /home/b/ws_moveit2/src/build/moveit_core -- -j12 -l12
[13.786s] [  1%] [34m[1mRunning `/opt/ros/humble/bin/generate_parameter_library_cpp /home/b/ws_moveit2/src/build/moveit_core/online_signal_smoothing/include/moveit_core/moveit_butterworth_parameters.hpp /home/b/ws_moveit2/src/moveit2/moveit_core/online_signal_smoothing/src/butterworth_parameters.yaml `[0m
[13.787s] [  2%] [32mBuilding CXX object utils/CMakeFiles/moveit_utils.dir/src/lexical_casts.cpp.o[0m
[13.787s] [  2%] [32mBuilding CXX object gtest/CMakeFiles/gtest.dir/src/gtest-all.cc.o[0m
[13.787s] [  3%] [32mBuilding CXX object kinematics_base/CMakeFiles/moveit_kinematics_base.dir/src/kinematics_base.cpp.o[0m
[13.790s] [  4%] [32mBuilding CXX object exceptions/CMakeFiles/moveit_exceptions.dir/src/exceptions.cpp.o[0m
[13.792s] [  4%] [32mBuilding CXX object gmock/CMakeFiles/gmock.dir/opt/ros/humble/src/gtest_vendor/src/gtest-all.cc.o[0m
[13.792s] [  4%] [32mBuilding CXX object gmock/CMakeFiles/gmock_main.dir/src/gmock_main.cc.o[0m
[13.793s] [  6%] [32mBuilding CXX object gtest/CMakeFiles/gtest_main.dir/src/gtest_main.cc.o[0m
[13.793s] [  6%] [32mBuilding CXX object transforms/CMakeFiles/moveit_transforms.dir/src/transforms.cpp.o[0m
[13.793s] [  7%] [32mBuilding CXX object distance_field/CMakeFiles/moveit_distance_field.dir/src/distance_field.cpp.o[0m
[13.798s] [  8%] [32mBuilding CXX object online_signal_smoothing/CMakeFiles/moveit_smoothing_base.dir/src/smoothing_base_class.cpp.o[0m
[13.798s] [  8%] [32mBuilding CXX object version/CMakeFiles/moveit_version.dir/version.cpp.o[0m
[13.853s] [  9%] [32m[1mLinking CXX executable moveit_version[0m
[14.039s] [ 10%] [34m[1mCreating deprecated header file /home/b/ws_moveit2/src/build/moveit_core/online_signal_smoothing/include/moveit_butterworth_parameters.hpp[0m
[14.070s] [ 10%] Built target moveit_butterworth_parameters
[14.083s] [ 10%] [32mBuilding CXX object utils/CMakeFiles/moveit_utils.dir/src/message_checks.cpp.o[0m
[14.178s] [ 10%] Built target moveit_version
[14.194s] [ 11%] [32mBuilding CXX object utils/CMakeFiles/moveit_utils.dir/src/rclcpp_utils.cpp.o[0m
[14.394s] [ 12%] [32mBuilding CXX object distance_field/CMakeFiles/moveit_distance_field.dir/src/find_internal_points.cpp.o[0m
[14.620s] [ 13%] [32mBuilding CXX object gmock/CMakeFiles/gmock.dir/src/gmock-all.cc.o[0m
[14.859s] [ 13%] [32m[1mLinking CXX shared library libmoveit_exceptions.so[0m
[15.300s] [ 13%] [32m[1mLinking CXX static library libgtest_main.a[0m
[15.337s] [ 13%] Built target gtest_main
[15.346s] [ 13%] [32mBuilding CXX object distance_field/CMakeFiles/moveit_distance_field.dir/src/propagation_distance_field.cpp.o[0m
[15.365s] [ 13%] Built target moveit_exceptions
[15.816s] [ 14%] [32m[1mLinking CXX static library libgmock_main.a[0m
[15.859s] [ 14%] Built target gmock_main
[15.923s] [ 15%] [32m[1mLinking CXX shared library libmoveit_utils.so[0m
[16.783s] [ 15%] Built target moveit_utils
[18.241s] [ 15%] [32m[1mLinking CXX shared library libmoveit_smoothing_base.so[0m
[18.474s] [ 15%] Built target moveit_smoothing_base
[20.099s] [ 15%] [32m[1mLinking CXX shared library libmoveit_kinematics_base.so[0m
[20.326s] [ 15%] Built target moveit_kinematics_base
[20.351s] [ 16%] [32mBuilding CXX object robot_model/CMakeFiles/moveit_robot_model.dir/src/fixed_joint_model.cpp.o[0m
[20.353s] [ 16%] [32mBuilding CXX object robot_model/CMakeFiles/moveit_robot_model.dir/src/joint_model_group.cpp.o[0m
[20.356s] [ 16%] [32mBuilding CXX object robot_model/CMakeFiles/moveit_robot_model.dir/src/aabb.cpp.o[0m
[20.356s] [ 17%] [32mBuilding CXX object robot_model/CMakeFiles/moveit_robot_model.dir/src/joint_model.cpp.o[0m
[20.356s] [ 17%] [32mBuilding CXX object robot_model/CMakeFiles/moveit_robot_model.dir/src/floating_joint_model.cpp.o[0m
[20.357s] [ 18%] [32mBuilding CXX object robot_model/CMakeFiles/moveit_robot_model.dir/src/link_model.cpp.o[0m
[20.357s] [ 19%] [32mBuilding CXX object robot_model/CMakeFiles/moveit_robot_model.dir/src/planar_joint_model.cpp.o[0m
[23.040s] [ 19%] [32mBuilding CXX object robot_model/CMakeFiles/moveit_robot_model.dir/src/prismatic_joint_model.cpp.o[0m
[23.265s] [ 20%] [32mBuilding CXX object robot_model/CMakeFiles/moveit_robot_model.dir/src/revolute_joint_model.cpp.o[0m
[23.416s] [ 20%] [32m[1mLinking CXX shared library libmoveit_transforms.so[0m
[23.456s] [ 20%] [32mBuilding CXX object robot_model/CMakeFiles/moveit_robot_model.dir/src/robot_model.cpp.o[0m
[23.703s] [ 20%] Built target moveit_transforms
[23.776s] [ 21%] [32m[1mLinking CXX static library libgmock.a[0m
[23.836s] [ 21%] Built target gmock
[23.854s] [ 22%] [32m[1mLinking CXX static library libgtest.a[0m
[23.911s] [ 22%] Built target gtest
[23.940s] [ 22%] [32mBuilding CXX object transforms/CMakeFiles/test_transforms.dir/test/test_transforms.cpp.o[0m
[26.023s] [ 23%] [32m[1mLinking CXX shared library libmoveit_distance_field.so[0m
[26.317s] [ 23%] Built target moveit_distance_field
[26.340s] [ 24%] [32mBuilding CXX object distance_field/CMakeFiles/test_distance_field.dir/test/test_distance_field.cpp.o[0m
[26.340s] [ 25%] [32mBuilding CXX object distance_field/CMakeFiles/test_voxel_grid.dir/test/test_voxel_grid.cpp.o[0m
[27.910s] [ 26%] [32m[1mLinking CXX executable test_transforms[0m
[28.194s] [ 26%] Built target test_transforms
[30.989s] [ 26%] [32m[1mLinking CXX executable test_voxel_grid[0m
[31.255s] [ 26%] Built target test_voxel_grid
[33.014s] [ 27%] [32m[1mLinking CXX shared library libmoveit_robot_model.so[0m
[33.246s] [ 27%] Built target moveit_robot_model
[33.267s] [ 27%] [32mBuilding CXX object robot_state/CMakeFiles/moveit_robot_state.dir/src/conversions.cpp.o[0m
[33.267s] [ 28%] [32mBuilding CXX object robot_state/CMakeFiles/moveit_robot_state.dir/src/robot_state.cpp.o[0m
[33.269s] [ 29%] [32mBuilding CXX object robot_state/CMakeFiles/moveit_robot_state.dir/src/attached_body.cpp.o[0m
[33.270s] [ 29%] [32mBuilding CXX object robot_state/CMakeFiles/moveit_robot_state.dir/src/cartesian_interpolator.cpp.o[0m
[33.279s] [ 30%] [32mBuilding CXX object utils/CMakeFiles/moveit_test_utils.dir/src/robot_model_test_utils.cpp.o[0m
[33.279s] [ 31%] [32mBuilding CXX object online_signal_smoothing/CMakeFiles/moveit_butterworth_filter.dir/src/butterworth_filter.cpp.o[0m
[36.235s] [ 31%] [32m[1mLinking CXX executable test_distance_field[0m
[36.596s] [ 31%] Built target test_distance_field
[42.627s] [ 31%] [32m[1mLinking CXX shared library libmoveit_butterworth_filter.so[0m
[43.073s] [ 31%] Built target moveit_butterworth_filter
[43.108s] [ 31%] [32mBuilding CXX object online_signal_smoothing/CMakeFiles/test_butterworth_filter.dir/test/test_butterworth_filter.cpp.o[0m
[47.214s] [ 32%] [32m[1mLinking CXX shared library libmoveit_test_utils.so[0m
[47.727s] [ 32%] Built target moveit_test_utils
[47.769s] [ 33%] [32mBuilding CXX object robot_model/CMakeFiles/test_robot_model.dir/test/test.cpp.o[0m
[54.225s] [ 34%] [32m[1mLinking CXX executable test_butterworth_filter[0m
[54.549s] [ 34%] Built target test_butterworth_filter
[56.728s] [ 34%] [32m[1mLinking CXX executable test_robot_model[0m
[57.221s] [ 34%] Built target test_robot_model
[66.659s] [ 35%] [32m[1mLinking CXX shared library libmoveit_robot_state.so[0m
[66.982s] [ 35%] Built target moveit_robot_state
[67.048s] [ 35%] [32mBuilding CXX object collision_detection/CMakeFiles/moveit_collision_detection.dir/src/allvalid/collision_env_allvalid.cpp.o[0m
[67.048s] [ 35%] [32mBuilding CXX object dynamics_solver/CMakeFiles/moveit_dynamics_solver.dir/src/dynamics_solver.cpp.o[0m
[67.048s] [ 36%] [32mBuilding CXX object robot_trajectory/CMakeFiles/moveit_robot_trajectory.dir/src/robot_trajectory.cpp.o[0m
[67.051s] [ 36%] [32mBuilding CXX object collision_detection/CMakeFiles/moveit_collision_detection.dir/src/collision_matrix.cpp.o[0m
[67.051s] [ 37%] [32mBuilding CXX object kinematics_metrics/CMakeFiles/moveit_kinematics_metrics.dir/src/kinematics_metrics.cpp.o[0m
[67.059s] [ 38%] [32mBuilding CXX object collision_detection/CMakeFiles/moveit_collision_detection.dir/src/collision_octomap_filter.cpp.o[0m
[67.063s] [ 39%] [32mBuilding CXX object robot_state/CMakeFiles/test_robot_state.dir/test/robot_state_test.cpp.o[0m
[67.064s] [ 40%] [32mBuilding CXX object collision_detection/CMakeFiles/moveit_collision_detection.dir/src/collision_common.cpp.o[0m
[67.077s] [ 41%] [32mBuilding CXX object collision_detection/CMakeFiles/moveit_collision_detection.dir/src/collision_tools.cpp.o[0m
[67.085s] [ 41%] [32mBuilding CXX object robot_state/CMakeFiles/test_robot_state_benchmark.dir/test/robot_state_benchmark.cpp.o[0m
[67.093s] [ 41%] [32mBuilding CXX object robot_state/CMakeFiles/test_aabb.dir/test/test_aabb.cpp.o[0m
[67.111s] [ 41%] [32mBuilding CXX object robot_state/CMakeFiles/test_robot_state_complex.dir/test/test_kinematic_complex.cpp.o[0m
[75.243s] [ 41%] [32mBuilding CXX object collision_detection/CMakeFiles/moveit_collision_detection.dir/src/world.cpp.o[0m
[79.411s] [ 42%] [32m[1mLinking CXX executable test_robot_state_benchmark[0m
[79.994s] [ 43%] [32mBuilding CXX object collision_detection/CMakeFiles/moveit_collision_detection.dir/src/world_diff.cpp.o[0m
[80.339s] [ 43%] [32mBuilding CXX object collision_detection/CMakeFiles/moveit_collision_detection.dir/src/collision_env.cpp.o[0m
[81.077s] [ 43%] Built target test_robot_state_benchmark
[81.152s] [ 44%] [32mBuilding CXX object robot_state/CMakeFiles/test_cartesian_interpolator.dir/test/test_cartesian_interpolator.cpp.o[0m
[81.311s] [ 45%] [32mBuilding CXX object collision_detection/CMakeFiles/moveit_collision_detection.dir/src/collision_plugin_cache.cpp.o[0m
[83.948s] [ 46%] [32m[1mLinking CXX shared library libmoveit_dynamics_solver.so[0m
[84.479s] [ 47%] [32m[1mLinking CXX executable test_robot_state_complex[0m
[84.553s] [ 47%] Built target moveit_dynamics_solver
[85.325s] [ 47%] Built target test_robot_state_complex
[87.193s] [ 48%] [32m[1mLinking CXX executable test_aabb[0m
[87.899s] [ 48%] Built target test_aabb
[89.923s] [ 48%] [32m[1mLinking CXX shared library libmoveit_robot_trajectory.so[0m
[90.465s] [ 48%] Built target moveit_robot_trajectory
[90.511s] [ 48%] [32mBuilding CXX object trajectory_processing/CMakeFiles/moveit_trajectory_processing.dir/src/iterative_time_parameterization.cpp.o[0m
[90.518s] [ 49%] [32mBuilding CXX object trajectory_processing/CMakeFiles/moveit_trajectory_processing.dir/src/iterative_spline_parameterization.cpp.o[0m
[90.518s] [ 50%] [32mBuilding CXX object planning_interface/CMakeFiles/moveit_planning_interface.dir/src/planning_response.cpp.o[0m
[90.529s] [ 50%] [32mBuilding CXX object trajectory_processing/CMakeFiles/moveit_trajectory_processing.dir/src/ruckig_traj_smoothing.cpp.o[0m
[90.530s] [ 51%] [32mBuilding CXX object trajectory_processing/CMakeFiles/moveit_trajectory_processing.dir/src/trajectory_tools.cpp.o[0m
[90.531s] [ 52%] [32mBuilding CXX object planning_interface/CMakeFiles/moveit_planning_interface.dir/src/planning_interface.cpp.o[0m
[90.536s] [ 53%] [32mBuilding CXX object robot_trajectory/CMakeFiles/test_robot_trajectory.dir/test/test_robot_trajectory.cpp.o[0m
[92.671s] [ 53%] [32mBuilding CXX object trajectory_processing/CMakeFiles/moveit_trajectory_processing.dir/src/time_optimal_trajectory_generation.cpp.o[0m
[93.161s] [ 54%] [32m[1mLinking CXX executable test_robot_state[0m
[94.230s] [ 54%] Built target test_robot_state
[97.023s] [ 54%] [32m[1mLinking CXX executable test_cartesian_interpolator[0m
[97.810s] [ 54%] Built target test_cartesian_interpolator
[109.845s] [ 54%] [32m[1mLinking CXX shared library libmoveit_kinematics_metrics.so[0m
[109.915s] [ 54%] [32m[1mLinking CXX shared library libmoveit_collision_detection.so[0m
[110.270s] [ 54%] Built target moveit_kinematics_metrics
[110.415s] [ 54%] Built target moveit_collision_detection
[110.451s] [ 55%] [32mBuilding CXX object collision_detection/CMakeFiles/test_world.dir/test/test_world.cpp.o[0m
[110.457s] [ 56%] [32mBuilding CXX object collision_detection/CMakeFiles/test_world_diff.dir/test/test_world_diff.cpp.o[0m
[110.468s] [ 57%] [32mBuilding CXX object collision_detection/CMakeFiles/test_all_valid.dir/test/test_all_valid.cpp.o[0m
[110.486s] [ 57%] [32mBuilding CXX object collision_detection_fcl/CMakeFiles/moveit_collision_detection_fcl.dir/src/collision_env_fcl.cpp.o[0m
[110.495s] [ 58%] [32mBuilding CXX object collision_detection_fcl/CMakeFiles/moveit_collision_detection_fcl.dir/src/collision_common.cpp.o[0m
[110.522s] [ 59%] [32mBuilding CXX object collision_detection_bullet/CMakeFiles/moveit_collision_detection_bullet.dir/src/bullet_integration/bullet_utils.cpp.o[0m
[110.535s] [ 60%] [32mBuilding CXX object collision_detection_bullet/CMakeFiles/moveit_collision_detection_bullet.dir/src/bullet_integration/bullet_discrete_bvh_manager.cpp.o[0m
[110.535s] [ 60%] [32mBuilding CXX object collision_detection_bullet/CMakeFiles/moveit_collision_detection_bullet.dir/src/bullet_integration/bullet_cast_bvh_manager.cpp.o[0m
[110.820s] [ 60%] [32m[1mLinking CXX executable test_robot_trajectory[0m
[111.532s] [ 60%] [32m[1mLinking CXX shared library libmoveit_planning_interface.so[0m
[111.604s] [ 60%] Built target test_robot_trajectory
[111.626s] [ 61%] [32mBuilding CXX object collision_detection_bullet/CMakeFiles/moveit_collision_detection_bullet.dir/src/collision_env_bullet.cpp.o[0m
[111.981s] [ 61%] Built target moveit_planning_interface
[112.004s] [ 61%] [32mBuilding CXX object collision_detection_bullet/CMakeFiles/moveit_collision_detection_bullet.dir/src/bullet_integration/bullet_bvh_manager.cpp.o[0m
[112.564s] [ 62%] [32mBuilding CXX object collision_detection_bullet/CMakeFiles/moveit_collision_detection_bullet.dir/src/bullet_integration/contact_checker_common.cpp.o[0m
[112.662s] [ 63%] [32m[1mLinking CXX shared library libmoveit_trajectory_processing.so[0m
[113.394s] [ 63%] Built target moveit_trajectory_processing
[113.421s] [ 64%] [32mBuilding CXX object collision_detection_bullet/CMakeFiles/moveit_collision_detection_bullet.dir/src/bullet_integration/ros_bullet_utils.cpp.o[0m
[120.998s] [ 65%] [32m[1mLinking CXX executable test_world_diff[0m
[121.730s] [ 65%] Built target test_world_diff
[121.769s] [ 65%] [32mBuilding CXX object trajectory_processing/CMakeFiles/test_time_parameterization.dir/test/test_time_parameterization.cpp.o[0m
[125.683s] [ 65%] [32m[1mLinking CXX executable test_all_valid[0m
[126.435s] [ 65%] Built target test_all_valid
[126.476s] [ 66%] [32mBuilding CXX object trajectory_processing/CMakeFiles/test_time_optimal_trajectory_generation.dir/test/test_time_optimal_trajectory_generation.cpp.o[0m
[126.672s] [ 66%] [32m[1mLinking CXX executable test_world[0m
[126.922s] [ 67%] [32mBuilding CXX object trajectory_processing/CMakeFiles/test_ruckig_traj_smoothing.dir/test/test_ruckig_traj_smoothing.cpp.o[0m
[127.456s] [ 67%] Built target test_world
[131.394s] [ 67%] [32m[1mLinking CXX shared library libmoveit_collision_detection_bullet.so[0m
[131.979s] [ 67%] Built target moveit_collision_detection_bullet
[132.032s] [ 67%] [32mBuilding CXX object collision_detection_bullet/CMakeFiles/test_bullet_continuous_collision_checking.dir/test/test_bullet_continuous_collision_checking.cpp.o[0m
[132.044s] [ 68%] [32mBuilding CXX object collision_detection_bullet/CMakeFiles/test_bullet_collision_detection.dir/test/test_bullet_collision_detection_pr2.cpp.o[0m
[132.052s] [ 69%] [32mBuilding CXX object collision_detection_bullet/CMakeFiles/test_bullet_collision_detection_panda.dir/test/test_bullet_collision_detection_panda.cpp.o[0m
[134.228s] [ 70%] [32m[1mLinking CXX shared library libmoveit_collision_detection_fcl.so[0m
[134.699s] [ 70%] Built target moveit_collision_detection_fcl
[134.747s] [ 70%] [32mBuilding CXX object kinematic_constraints/CMakeFiles/moveit_kinematic_constraints.dir/src/utils.cpp.o[0m
[134.757s] [ 71%] [32mBuilding CXX object collision_detection_fcl/CMakeFiles/test_fcl_collision_detection_panda.dir/test/test_fcl_collision_detection_panda.cpp.o[0m
[134.757s] [ 73%] [32mBuilding CXX object collision_detection_fcl/CMakeFiles/test_fcl_collision_detection.dir/test/test_fcl_collision_detection_pr2.cpp.o[0m
[134.757s] [ 73%] [32mBuilding CXX object kinematic_constraints/CMakeFiles/moveit_kinematic_constraints.dir/src/kinematic_constraint.cpp.o[0m
[134.765s] [ 73%] [32mBuilding CXX object collision_detection_fcl/CMakeFiles/test_fcl_collision_env.dir/test/test_fcl_env.cpp.o[0m
[138.776s] [ 74%] [32m[1mLinking CXX executable test_time_parameterization[0m
[139.732s] [ 74%] Built target test_time_parameterization
[146.202s] [ 74%] [32m[1mLinking CXX executable test_ruckig_traj_smoothing[0m
[147.013s] [ 74%] Built target test_ruckig_traj_smoothing
[148.776s] [ 75%] [32m[1mLinking CXX executable test_time_optimal_trajectory_generation[0m
[149.544s] [ 75%] Built target test_time_optimal_trajectory_generation
[151.928s] [ 76%] [32m[1mLinking CXX executable test_bullet_collision_detection_panda[0m
[152.767s] [ 76%] Built target test_bullet_collision_detection_panda
[155.222s] [ 77%] [32m[1mLinking CXX executable test_bullet_continuous_collision_checking[0m
[155.722s] [ 77%] [32m[1mLinking CXX executable test_bullet_collision_detection[0m
[156.003s] [ 77%] Built target test_bullet_continuous_collision_checking
[156.081s] [ 78%] [32m[1mLinking CXX executable test_fcl_collision_env[0m
[156.532s] [ 78%] Built target test_bullet_collision_detection
[156.858s] [ 78%] Built target test_fcl_collision_env
[157.345s] [ 79%] [32m[1mLinking CXX executable test_fcl_collision_detection_panda[0m
[158.666s] [ 79%] Built target test_fcl_collision_detection_panda
[158.875s] [ 79%] [32m[1mLinking CXX executable test_fcl_collision_detection[0m
[160.676s] [ 79%] Built target test_fcl_collision_detection
[163.010s] [ 80%] [32m[1mLinking CXX shared library libmoveit_kinematic_constraints.so[0m
[163.386s] [ 80%] Built target moveit_kinematic_constraints
[163.425s] [ 81%] [32mBuilding CXX object planning_scene/CMakeFiles/moveit_planning_scene.dir/src/planning_scene.cpp.o[0m
[163.427s] [ 82%] [32mBuilding CXX object kinematic_constraints/CMakeFiles/test_orientation_constraints.dir/test/test_orientation_constraints.cpp.o[0m
[163.436s] [ 82%] [32mBuilding CXX object kinematic_constraints/CMakeFiles/test_constraints.dir/test/test_constraints.cpp.o[0m
[178.786s] [ 82%] [32m[1mLinking CXX executable test_orientation_constraints[0m
[179.326s] [ 82%] Built target test_orientation_constraints
[180.306s] [ 83%] [32m[1mLinking CXX executable test_constraints[0m
[180.864s] [ 83%] Built target test_constraints
[189.611s] [ 84%] [32m[1mLinking CXX shared library libmoveit_planning_scene.so[0m
[190.028s] [ 84%] Built target moveit_planning_scene
[190.079s] [ 84%] [32mBuilding CXX object constraint_samplers/CMakeFiles/moveit_constraint_samplers.dir/src/constraint_sampler_manager.cpp.o[0m
[190.083s] [ 85%] [32mBuilding CXX object collision_distance_field/CMakeFiles/moveit_collision_distance_field.dir/src/collision_distance_field_types.cpp.o[0m
[190.096s] [ 85%] [32mBuilding CXX object collision_distance_field/CMakeFiles/moveit_collision_distance_field.dir/src/collision_common_distance_field.cpp.o[0m
[190.105s] [ 85%] [32mBuilding CXX object collision_distance_field/CMakeFiles/moveit_collision_distance_field.dir/src/collision_env_hybrid.cpp.o[0m
[190.105s] [ 86%] [32mBuilding CXX object planning_scene/CMakeFiles/test_planning_scene.dir/test/test_planning_scene.cpp.o[0m
[190.125s] [ 87%] [32mBuilding CXX object constraint_samplers/CMakeFiles/moveit_constraint_samplers.dir/src/constraint_sampler.cpp.o[0m
[190.139s] [ 88%] [32mBuilding CXX object collision_distance_field/CMakeFiles/moveit_collision_distance_field.dir/src/collision_env_distance_field.cpp.o[0m
[190.154s] [ 88%] [32mBuilding CXX object planning_scene/CMakeFiles/test_multi_threaded.dir/test/test_multi_threaded.cpp.o[0m
[190.171s] [ 89%] [32mBuilding CXX object planning_request_adapter/CMakeFiles/moveit_planning_request_adapter.dir/src/planning_request_adapter.cpp.o[0m
[190.207s] [ 89%] [32mBuilding CXX object collision_detection_fcl/CMakeFiles/collision_detector_fcl_plugin.dir/src/collision_detector_fcl_plugin_loader.cpp.o[0m
[190.207s] [ 90%] [32mBuilding CXX object planning_scene/CMakeFiles/test_collision_objects.dir/test/test_collision_objects.cpp.o[0m
[190.258s] [ 90%] [32mBuilding CXX object collision_detection_bullet/CMakeFiles/collision_detector_bullet_plugin.dir/src/collision_detector_bullet_plugin_loader.cpp.o[0m
[204.906s] [ 91%] [32mBuilding CXX object constraint_samplers/CMakeFiles/moveit_constraint_samplers.dir/src/constraint_sampler_tools.cpp.o[0m
[209.644s] [ 91%] [32mBuilding CXX object constraint_samplers/CMakeFiles/moveit_constraint_samplers.dir/src/default_constraint_samplers.cpp.o[0m
[209.802s] [ 92%] [32mBuilding CXX object constraint_samplers/CMakeFiles/moveit_constraint_samplers.dir/src/union_constraint_sampler.cpp.o[0m
[213.854s] [ 92%] [32m[1mLinking CXX shared library libmoveit_planning_request_adapter.so[0m
[214.377s] [ 93%] [32m[1mLinking CXX shared library libcollision_detector_bullet_plugin.so[0m
[214.502s] [ 93%] Built target moveit_planning_request_adapter
[214.965s] [ 93%] Built target collision_detector_bullet_plugin
[216.523s] [ 94%] [32m[1mLinking CXX executable test_multi_threaded[0m
[216.801s] [ 95%] [32m[1mLinking CXX shared library libcollision_detector_fcl_plugin.so[0m
[217.415s] [ 95%] Built target collision_detector_fcl_plugin
[217.479s] [ 95%] Built target test_multi_threaded
[221.369s] [ 95%] [32m[1mLinking CXX executable test_collision_objects[0m
[222.021s] [ 95%] Built target test_collision_objects
[227.603s] [ 96%] [32m[1mLinking CXX shared library libmoveit_collision_distance_field.so[0m
[228.124s] [ 96%] Built target moveit_collision_distance_field
[228.174s] [ 97%] [32mBuilding CXX object collision_distance_field/CMakeFiles/test_collision_distance_field.dir/test/test_collision_distance_field.cpp.o[0m
[228.674s] [ 97%] [32m[1mLinking CXX executable test_planning_scene[0m
[229.262s] [ 97%] Built target test_planning_scene
[230.910s] [ 97%] [32m[1mLinking CXX shared library libmoveit_constraint_samplers.so[0m
[231.352s] [ 97%] Built target moveit_constraint_samplers
[231.385s] [ 97%] [32mBuilding CXX object constraint_samplers/CMakeFiles/test_constraint_samplers.dir/test/pr2_arm_ik.cpp.o[0m
[231.389s] [ 98%] [32mBuilding CXX object constraint_samplers/CMakeFiles/test_constraint_samplers.dir/test/test_constraint_samplers.cpp.o[0m
[231.391s] [ 99%] [32mBuilding CXX object constraint_samplers/CMakeFiles/test_constraint_samplers.dir/test/pr2_arm_kinematics_plugin.cpp.o[0m
[247.412s] [ 99%] [32m[1mLinking CXX executable test_collision_distance_field[0m
[247.882s] [ 99%] Built target test_collision_distance_field
[252.661s] [100%] [32m[1mLinking CXX executable test_constraint_samplers[0m
[253.251s] [100%] Built target test_constraint_samplers
[253.268s] Invoked command in '/home/b/ws_moveit2/src/build/moveit_core' returned '0': AMENT_PREFIX_PATH=/home/b/ws_moveit2/src/install/moveit_resources_panda_moveit_config:/home/b/ws_moveit2/src/install/srdfdom:/home/b/ws_moveit2/src/install/moveit_resources_pr2_description:/home/b/ws_moveit2/src/install/moveit_resources_panda_description:/home/b/ws_moveit2/src/install/moveit_common:${AMENT_PREFIX_PATH} CMAKE_PREFIX_PATH=/home/b/ws_moveit2/src/install/moveit_resources_panda_moveit_config:/home/b/ws_moveit2/src/install/srdfdom:/home/b/ws_moveit2/src/install/moveit_resources_pr2_description:/home/b/ws_moveit2/src/install/moveit_resources_panda_description:/home/b/ws_moveit2/src/install/moveit_common:/opt/ros/humble LD_LIBRARY_PATH=/home/b/ws_moveit2/src/install/srdfdom/lib:${LD_LIBRARY_PATH} PYTHONPATH=/home/b/ws_moveit2/src/install/srdfdom/local/lib/python3.10/dist-packages:${PYTHONPATH} /usr/bin/cmake --build /home/b/ws_moveit2/src/build/moveit_core -- -j12 -l12
[253.272s] Invoking command in '/home/b/ws_moveit2/src/build/moveit_core': AMENT_PREFIX_PATH=/home/b/ws_moveit2/src/install/moveit_resources_panda_moveit_config:/home/b/ws_moveit2/src/install/srdfdom:/home/b/ws_moveit2/src/install/moveit_resources_pr2_description:/home/b/ws_moveit2/src/install/moveit_resources_panda_description:/home/b/ws_moveit2/src/install/moveit_common:${AMENT_PREFIX_PATH} CMAKE_PREFIX_PATH=/home/b/ws_moveit2/src/install/moveit_resources_panda_moveit_config:/home/b/ws_moveit2/src/install/srdfdom:/home/b/ws_moveit2/src/install/moveit_resources_pr2_description:/home/b/ws_moveit2/src/install/moveit_resources_panda_description:/home/b/ws_moveit2/src/install/moveit_common:/opt/ros/humble LD_LIBRARY_PATH=/home/b/ws_moveit2/src/install/srdfdom/lib:${LD_LIBRARY_PATH} PYTHONPATH=/home/b/ws_moveit2/src/install/srdfdom/local/lib/python3.10/dist-packages:${PYTHONPATH} /usr/bin/cmake --install /home/b/ws_moveit2/src/build/moveit_core
[253.282s] -- Install configuration: "Release"
[253.283s] -- Installing: /home/b/ws_moveit2/src/install/moveit_core/include/moveit/version.h
[253.284s] -- Up-to-date: /home/b/ws_moveit2/src/install/moveit_core/include
[253.285s] -- Up-to-date: /home/b/ws_moveit2/src/install/moveit_core/include/moveit
[253.285s] -- Installing: /home/b/ws_moveit2/src/install/moveit_core/include/moveit/collision_distance_field
[253.285s] -- Installing: /home/b/ws_moveit2/src/install/moveit_core/include/moveit/collision_distance_field/collision_distance_field_types.h
[253.286s] -- Installing: /home/b/ws_moveit2/src/install/moveit_core/include/moveit/collision_distance_field/collision_detector_allocator_distance_field.h
[253.286s] -- Installing: /home/b/ws_moveit2/src/install/moveit_core/include/moveit/collision_distance_field/collision_env_distance_field.h
[253.286s] -- Installing: /home/b/ws_moveit2/src/install/moveit_core/include/moveit/collision_distance_field/collision_common_distance_field.h
[253.287s] -- Installing: /home/b/ws_moveit2/src/install/moveit_core/include/moveit/collision_distance_field/collision_detector_allocator_hybrid.h
[253.287s] -- Installing: /home/b/ws_moveit2/src/install/moveit_core/include/moveit/collision_distance_field/collision_env_hybrid.h
[253.287s] -- Installing: /home/b/ws_moveit2/src/install/moveit_core/include/moveit_collision_distance_field_export.h
[253.287s] -- Up-to-date: /home/b/ws_moveit2/src/install/moveit_core/include
[253.287s] -- Up-to-date: /home/b/ws_moveit2/src/install/moveit_core/include/moveit
[253.287s] -- Installing: /home/b/ws_moveit2/src/install/moveit_core/include/moveit/constraint_samplers
[253.287s] -- Installing: /home/b/ws_moveit2/src/install/moveit_core/include/moveit/constraint_samplers/default_constraint_samplers.h
[253.287s] -- Installing: /home/b/ws_moveit2/src/install/moveit_core/include/moveit/constraint_samplers/constraint_sampler_allocator.h
[253.288s] -- Installing: /home/b/ws_moveit2/src/install/moveit_core/include/moveit/constraint_samplers/constraint_sampler_manager.h
[253.288s] -- Installing: /home/b/ws_moveit2/src/install/moveit_core/include/moveit/constraint_samplers/union_constraint_sampler.h
[253.288s] -- Installing: /home/b/ws_moveit2/src/install/moveit_core/include/moveit/constraint_samplers/constraint_sampler.h
[253.288s] -- Installing: /home/b/ws_moveit2/src/install/moveit_core/include/moveit/constraint_samplers/constraint_sampler_tools.h
[253.288s] -- Up-to-date: /home/b/ws_moveit2/src/install/moveit_core/include
[253.288s] -- Up-to-date: /home/b/ws_moveit2/src/install/moveit_core/include/moveit
[253.288s] -- Installing: /home/b/ws_moveit2/src/install/moveit_core/include/moveit/controller_manager
[253.288s] -- Installing: /home/b/ws_moveit2/src/install/moveit_core/include/moveit/controller_manager/controller_manager.h
[253.290s] -- Up-to-date: /home/b/ws_moveit2/src/install/moveit_core/include
[253.290s] -- Up-to-date: /home/b/ws_moveit2/src/install/moveit_core/include/moveit
[253.290s] -- Installing: /home/b/ws_moveit2/src/install/moveit_core/include/moveit/distance_field
[253.290s] -- Installing: /home/b/ws_moveit2/src/install/moveit_core/include/moveit/distance_field/distance_field.h
[253.291s] -- Installing: /home/b/ws_moveit2/src/install/moveit_core/include/moveit/distance_field/propagation_distance_field.h
[253.291s] -- Installing: /home/b/ws_moveit2/src/install/moveit_core/include/moveit/distance_field/find_internal_points.h
[253.291s] -- Installing: /home/b/ws_moveit2/src/install/moveit_core/include/moveit/distance_field/voxel_grid.h
[253.291s] -- Up-to-date: /home/b/ws_moveit2/src/install/moveit_core/include
[253.291s] -- Up-to-date: /home/b/ws_moveit2/src/install/moveit_core/include/moveit
[253.291s] -- Installing: /home/b/ws_moveit2/src/install/moveit_core/include/moveit/dynamics_solver
[253.292s] -- Installing: /home/b/ws_moveit2/src/install/moveit_core/include/moveit/dynamics_solver/dynamics_solver.h
[253.292s] -- Up-to-date: /home/b/ws_moveit2/src/install/moveit_core/include
[253.292s] -- Up-to-date: /home/b/ws_moveit2/src/install/moveit_core/include/moveit
[253.292s] -- Installing: /home/b/ws_moveit2/src/install/moveit_core/include/moveit/exceptions
[253.292s] -- Installing: /home/b/ws_moveit2/src/install/moveit_core/include/moveit/exceptions/exceptions.h
[253.292s] -- Up-to-date: /home/b/ws_moveit2/src/install/moveit_core/include
[253.293s] -- Up-to-date: /home/b/ws_moveit2/src/install/moveit_core/include/moveit
[253.293s] -- Installing: /home/b/ws_moveit2/src/install/moveit_core/include/moveit/kinematics_base
[253.293s] -- Installing: /home/b/ws_moveit2/src/install/moveit_core/include/moveit/kinematics_base/kinematics_base.h
[253.293s] -- Installing: /home/b/ws_moveit2/src/install/moveit_core/include/moveit_kinematics_base_export.h
[253.293s] -- Up-to-date: /home/b/ws_moveit2/src/install/moveit_core/include
[253.293s] -- Up-to-date: /home/b/ws_moveit2/src/install/moveit_core/include/moveit
[253.293s] -- Installing: /home/b/ws_moveit2/src/install/moveit_core/include/moveit/kinematic_constraints
[253.293s] -- Installing: /home/b/ws_moveit2/src/install/moveit_core/include/moveit/kinematic_constraints/kinematic_constraint.h
[253.294s] -- Installing: /home/b/ws_moveit2/src/install/moveit_core/include/moveit/kinematic_constraints/utils.h
[253.294s] -- Up-to-date: /home/b/ws_moveit2/src/install/moveit_core/include
[253.294s] -- Up-to-date: /home/b/ws_moveit2/src/install/moveit_core/include/moveit
[253.294s] -- Installing: /home/b/ws_moveit2/src/install/moveit_core/include/moveit/kinematics_metrics
[253.294s] -- Installing: /home/b/ws_moveit2/src/install/moveit_core/include/moveit/kinematics_metrics/kinematics_metrics.h
[253.294s] -- Up-to-date: /home/b/ws_moveit2/src/install/moveit_core/include
[253.294s] -- Up-to-date: /home/b/ws_moveit2/src/install/moveit_core/include/moveit
[253.295s] -- Installing: /home/b/ws_moveit2/src/install/moveit_core/include/moveit/macros
[253.295s] -- Installing: /home/b/ws_moveit2/src/install/moveit_core/include/moveit/macros/deprecation.h
[253.295s] -- Installing: /home/b/ws_moveit2/src/install/moveit_core/include/moveit/macros/console_colors.h
[253.295s] -- Installing: /home/b/ws_moveit2/src/install/moveit_core/include/moveit/macros/declare_ptr.h
[253.295s] -- Installing: /home/b/ws_moveit2/src/install/moveit_core/include/moveit/macros/class_forward.h
[253.295s] -- Installing: /home/b/ws_moveit2/src/install/moveit_core/include/moveit_core
[253.295s] -- Installing: /home/b/ws_moveit2/src/install/moveit_core/include/moveit_core/moveit_butterworth_parameters.hpp
[253.296s] -- Up-to-date: /home/b/ws_moveit2/src/install/moveit_core/include
[253.296s] -- Up-to-date: /home/b/ws_moveit2/src/install/moveit_core/include/moveit
[253.296s] -- Installing: /home/b/ws_moveit2/src/install/moveit_core/include/moveit/online_signal_smoothing
[253.296s] -- Installing: /home/b/ws_moveit2/src/install/moveit_core/include/moveit/online_signal_smoothing/butterworth_filter.h
[253.297s] -- Installing: /home/b/ws_moveit2/src/install/moveit_core/include/moveit/online_signal_smoothing/smoothing_base_class.h
[253.297s] -- Installing: /home/b/ws_moveit2/src/install/moveit_core/include/moveit_smoothing_base_export.h
[253.297s] -- Installing: /home/b/ws_moveit2/src/install/moveit_core/include/moveit_butterworth_filter_export.h
[253.299s] -- Up-to-date: /home/b/ws_moveit2/src/install/moveit_core/include
[253.299s] -- Up-to-date: /home/b/ws_moveit2/src/install/moveit_core/include/moveit
[253.299s] -- Installing: /home/b/ws_moveit2/src/install/moveit_core/include/moveit/planning_interface
[253.299s] -- Installing: /home/b/ws_moveit2/src/install/moveit_core/include/moveit/planning_interface/planning_request.h
[253.299s] -- Installing: /home/b/ws_moveit2/src/install/moveit_core/include/moveit/planning_interface/planning_response.h
[253.299s] -- Installing: /home/b/ws_moveit2/src/install/moveit_core/include/moveit/planning_interface/planning_interface.h
[253.300s] -- Up-to-date: /home/b/ws_moveit2/src/install/moveit_core/include
[253.300s] -- Up-to-date: /home/b/ws_moveit2/src/install/moveit_core/include/moveit
[253.300s] -- Installing: /home/b/ws_moveit2/src/install/moveit_core/include/moveit/planning_request_adapter
[253.300s] -- Installing: /home/b/ws_moveit2/src/install/moveit_core/include/moveit/planning_request_adapter/planning_request_adapter.h
[253.300s] -- Up-to-date: /home/b/ws_moveit2/src/install/moveit_core/include
[253.300s] -- Up-to-date: /home/b/ws_moveit2/src/install/moveit_core/include/moveit
[253.300s] -- Installing: /home/b/ws_moveit2/src/install/moveit_core/include/moveit/planning_scene
[253.301s] -- Installing: /home/b/ws_moveit2/src/install/moveit_core/include/moveit/planning_scene/planning_scene.h
[253.301s] -- Installing: /home/b/ws_moveit2/src/install/moveit_core/include/moveit_planning_scene_export.h
[253.301s] -- Up-to-date: /home/b/ws_moveit2/src/install/moveit_core/include
[253.301s] -- Up-to-date: /home/b/ws_moveit2/src/install/moveit_core/include/moveit
[253.301s] -- Installing: /home/b/ws_moveit2/src/install/moveit_core/include/moveit/robot_model
[253.302s] -- Installing: /home/b/ws_moveit2/src/install/moveit_core/include/moveit/robot_model/link_model.h
[253.302s] -- Installing: /home/b/ws_moveit2/src/install/moveit_core/include/moveit/robot_model/joint_model.h
[253.302s] -- Installing: /home/b/ws_moveit2/src/install/moveit_core/include/moveit/robot_model/robot_model.h
[253.302s] -- Installing: /home/b/ws_moveit2/src/install/moveit_core/include/moveit/robot_model/joint_model_group.h
[253.302s] -- Installing: /home/b/ws_moveit2/src/install/moveit_core/include/moveit/robot_model/prismatic_joint_model.h
[253.302s] -- Installing: /home/b/ws_moveit2/src/install/moveit_core/include/moveit/robot_model/fixed_joint_model.h
[253.302s] -- Installing: /home/b/ws_moveit2/src/install/moveit_core/include/moveit/robot_model/revolute_joint_model.h
[253.302s] -- Installing: /home/b/ws_moveit2/src/install/moveit_core/include/moveit/robot_model/aabb.h
[253.303s] -- Installing: /home/b/ws_moveit2/src/install/moveit_core/include/moveit/robot_model/floating_joint_model.h
[253.303s] -- Installing: /home/b/ws_moveit2/src/install/moveit_core/include/moveit/robot_model/planar_joint_model.h
[253.303s] -- Up-to-date: /home/b/ws_moveit2/src/install/moveit_core/include
[253.303s] -- Up-to-date: /home/b/ws_moveit2/src/install/moveit_core/include/moveit
[253.303s] -- Installing: /home/b/ws_moveit2/src/install/moveit_core/include/moveit/robot_state
[253.303s] -- Installing: /home/b/ws_moveit2/src/install/moveit_core/include/moveit/robot_state/cartesian_interpolator.h
[253.303s] -- Installing: /home/b/ws_moveit2/src/install/moveit_core/include/moveit/robot_state/robot_state.h
[253.303s] -- Installing: /home/b/ws_moveit2/src/install/moveit_core/include/moveit/robot_state/conversions.h
[253.303s] -- Installing: /home/b/ws_moveit2/src/install/moveit_core/include/moveit/robot_state/attached_body.h
[253.303s] -- Up-to-date: /home/b/ws_moveit2/src/install/moveit_core/include
[253.304s] -- Up-to-date: /home/b/ws_moveit2/src/install/moveit_core/include/moveit
[253.304s] -- Installing: /home/b/ws_moveit2/src/install/moveit_core/include/moveit/robot_trajectory
[253.304s] -- Installing: /home/b/ws_moveit2/src/install/moveit_core/include/moveit/robot_trajectory/robot_trajectory.h
[253.304s] -- Up-to-date: /home/b/ws_moveit2/src/install/moveit_core/include
[253.304s] -- Up-to-date: /home/b/ws_moveit2/src/install/moveit_core/include/moveit
[253.304s] -- Installing: /home/b/ws_moveit2/src/install/moveit_core/include/moveit/sensor_manager
[253.304s] -- Installing: /home/b/ws_moveit2/src/install/moveit_core/include/moveit/sensor_manager/sensor_manager.h
[253.306s] -- Up-to-date: /home/b/ws_moveit2/src/install/moveit_core/include
[253.306s] -- Up-to-date: /home/b/ws_moveit2/src/install/moveit_core/include/moveit
[253.306s] -- Installing: /home/b/ws_moveit2/src/install/moveit_core/include/moveit/trajectory_processing
[253.306s] -- Installing: /home/b/ws_moveit2/src/install/moveit_core/include/moveit/trajectory_processing/iterative_spline_parameterization.h
[253.306s] -- Installing: /home/b/ws_moveit2/src/install/moveit_core/include/moveit/trajectory_processing/time_parameterization.h
[253.307s] -- Installing: /home/b/ws_moveit2/src/install/moveit_core/include/moveit/trajectory_processing/trajectory_tools.h
[253.307s] -- Installing: /home/b/ws_moveit2/src/install/moveit_core/include/moveit/trajectory_processing/time_optimal_trajectory_generation.h
[253.307s] -- Installing: /home/b/ws_moveit2/src/install/moveit_core/include/moveit/trajectory_processing/iterative_time_parameterization.h
[253.308s] -- Installing: /home/b/ws_moveit2/src/install/moveit_core/include/moveit/trajectory_processing/ruckig_traj_smoothing.h
[253.308s] -- Up-to-date: /home/b/ws_moveit2/src/install/moveit_core/include
[253.308s] -- Up-to-date: /home/b/ws_moveit2/src/install/moveit_core/include/moveit
[253.308s] -- Installing: /home/b/ws_moveit2/src/install/moveit_core/include/moveit/transforms
[253.308s] -- Installing: /home/b/ws_moveit2/src/install/moveit_core/include/moveit/transforms/transforms.h
[253.308s] -- Up-to-date: /home/b/ws_moveit2/src/install/moveit_core/include
[253.308s] -- Up-to-date: /home/b/ws_moveit2/src/install/moveit_core/include/moveit
[253.308s] -- Installing: /home/b/ws_moveit2/src/install/moveit_core/include/moveit/utils
[253.308s] -- Installing: /home/b/ws_moveit2/src/install/moveit_core/include/moveit/utils/rclcpp_utils.h
[253.309s] -- Installing: /home/b/ws_moveit2/src/install/moveit_core/include/moveit/utils/lexical_casts.h
[253.309s] -- Installing: /home/b/ws_moveit2/src/install/moveit_core/include/moveit/utils/moveit_error_code.h
[253.309s] -- Installing: /home/b/ws_moveit2/src/install/moveit_core/include/moveit/utils/message_checks.h
[253.309s] -- Installing: /home/b/ws_moveit2/src/install/moveit_core/include/moveit/utils/robot_model_test_utils.h
[253.309s] -- Installing: /home/b/ws_moveit2/src/install/moveit_core/bin/moveit_version
[253.309s] -- Up-to-date: /home/b/ws_moveit2/src/install/moveit_core/include
[253.309s] -- Up-to-date: /home/b/ws_moveit2/src/install/moveit_core/include/moveit
[253.309s] -- Installing: /home/b/ws_moveit2/src/install/moveit_core/include/moveit/collision_detection
[253.309s] -- Installing: /home/b/ws_moveit2/src/install/moveit_core/include/moveit/collision_detection/collision_detector_allocator.h
[253.310s] -- Installing: /home/b/ws_moveit2/src/install/moveit_core/include/moveit/collision_detection/collision_common.h
[253.310s] -- Installing: /home/b/ws_moveit2/src/install/moveit_core/include/moveit/collision_detection/test_collision_common_panda.h
[253.310s] -- Installing: /home/b/ws_moveit2/src/install/moveit_core/include/moveit/collision_detection/collision_env.h
[253.310s] -- Installing: /home/b/ws_moveit2/src/install/moveit_core/include/moveit/collision_detection/world_diff.h
[253.310s] -- Installing: /home/b/ws_moveit2/src/install/moveit_core/include/moveit/collision_detection/world.h
[253.310s] -- Installing: /home/b/ws_moveit2/src/install/moveit_core/include/moveit/collision_detection/collision_octomap_filter.h
[253.310s] -- Installing: /home/b/ws_moveit2/src/install/moveit_core/include/moveit/collision_detection/collision_plugin.h
[253.311s] -- Installing: /home/b/ws_moveit2/src/install/moveit_core/include/moveit/collision_detection/test_collision_common_pr2.h
[253.311s] -- Installing: /home/b/ws_moveit2/src/install/moveit_core/include/moveit/collision_detection/collision_plugin_cache.h
[253.311s] -- Installing: /home/b/ws_moveit2/src/install/moveit_core/include/moveit/collision_detection/allvalid
[253.311s] -- Installing: /home/b/ws_moveit2/src/install/moveit_core/include/moveit/collision_detection/allvalid/collision_detector_allocator_allvalid.h
[253.311s] -- Installing: /home/b/ws_moveit2/src/install/moveit_core/include/moveit/collision_detection/allvalid/collision_env_allvalid.h
[253.311s] -- Installing: /home/b/ws_moveit2/src/install/moveit_core/include/moveit/collision_detection/occupancy_map.h
[253.311s] -- Installing: /home/b/ws_moveit2/src/install/moveit_core/include/moveit/collision_detection/collision_tools.h
[253.311s] -- Installing: /home/b/ws_moveit2/src/install/moveit_core/include/moveit/collision_detection/collision_matrix.h
[253.311s] -- Installing: /home/b/ws_moveit2/src/install/moveit_core/include/moveit_collision_detection_export.h
[253.311s] -- Up-to-date: /home/b/ws_moveit2/src/install/moveit_core/include
[253.311s] -- Up-to-date: /home/b/ws_moveit2/src/install/moveit_core/include/moveit
[253.311s] -- Installing: /home/b/ws_moveit2/src/install/moveit_core/include/moveit/collision_detection_bullet
[253.312s] -- Installing: /home/b/ws_moveit2/src/install/moveit_core/include/moveit/collision_detection_bullet/collision_detector_bullet_plugin_loader.h
[253.314s] -- Installing: /home/b/ws_moveit2/src/install/moveit_core/include/moveit/collision_detection_bullet/collision_env_bullet.h
[253.315s] -- Installing: /home/b/ws_moveit2/src/install/moveit_core/include/moveit/collision_detection_bullet/bullet_integration
[253.315s] -- Installing: /home/b/ws_moveit2/src/install/moveit_core/include/moveit/collision_detection_bullet/bullet_integration/contact_checker_common.h
[253.315s] -- Installing: /home/b/ws_moveit2/src/install/moveit_core/include/moveit/collision_detection_bullet/bullet_integration/bullet_utils.h
[253.315s] -- Installing: /home/b/ws_moveit2/src/install/moveit_core/include/moveit/collision_detection_bullet/bullet_integration/bullet_discrete_bvh_manager.h
[253.315s] -- Installing: /home/b/ws_moveit2/src/install/moveit_core/include/moveit/collision_detection_bullet/bullet_integration/bullet_bvh_manager.h
[253.315s] -- Installing: /home/b/ws_moveit2/src/install/moveit_core/include/moveit/collision_detection_bullet/bullet_integration/basic_types.h
[253.315s] -- Installing: /home/b/ws_moveit2/src/install/moveit_core/include/moveit/collision_detection_bullet/bullet_integration/ros_bullet_utils.h
[253.315s] -- Installing: /home/b/ws_moveit2/src/install/moveit_core/include/moveit/collision_detection_bullet/bullet_integration/bullet_cast_bvh_manager.h
[253.315s] -- Installing: /home/b/ws_moveit2/src/install/moveit_core/include/moveit/collision_detection_bullet/collision_detector_allocator_bullet.h
[253.315s] -- Installing: /home/b/ws_moveit2/src/install/moveit_core/include/moveit_collision_detection_bullet_export.h
[253.315s] -- Up-to-date: /home/b/ws_moveit2/src/install/moveit_core/include
[253.315s] -- Up-to-date: /home/b/ws_moveit2/src/install/moveit_core/include/moveit
[253.315s] -- Installing: /home/b/ws_moveit2/src/install/moveit_core/include/moveit/collision_detection_fcl
[253.315s] -- Installing: /home/b/ws_moveit2/src/install/moveit_core/include/moveit/collision_detection_fcl/collision_common.h
[253.315s] -- Installing: /home/b/ws_moveit2/src/install/moveit_core/include/moveit/collision_detection_fcl/collision_env_fcl.h
[253.315s] -- Installing: /home/b/ws_moveit2/src/install/moveit_core/include/moveit/collision_detection_fcl/collision_detector_fcl_plugin_loader.h
[253.316s] -- Installing: /home/b/ws_moveit2/src/install/moveit_core/include/moveit/collision_detection_fcl/fcl_compat.h
[253.316s] -- Installing: /home/b/ws_moveit2/src/install/moveit_core/include/moveit/collision_detection_fcl/collision_detector_allocator_fcl.h
[253.316s] -- Installing: /home/b/ws_moveit2/src/install/moveit_core/include/moveit_collision_detection_fcl_export.h
[253.316s] -- Installing: /home/b/ws_moveit2/src/install/moveit_core/lib/libcollision_detector_bullet_plugin.so.2.5.9
[253.317s] -- Set runtime path of "/home/b/ws_moveit2/src/install/moveit_core/lib/libcollision_detector_bullet_plugin.so.2.5.9" to ""
[253.317s] -- Installing: /home/b/ws_moveit2/src/install/moveit_core/lib/libcollision_detector_bullet_plugin.so
[253.317s] -- Installing: /home/b/ws_moveit2/src/install/moveit_core/lib/libmoveit_butterworth_filter.so.2.5.9
[253.317s] -- Set runtime path of "/home/b/ws_moveit2/src/install/moveit_core/lib/libmoveit_butterworth_filter.so.2.5.9" to ""
[253.317s] -- Installing: /home/b/ws_moveit2/src/install/moveit_core/lib/libmoveit_butterworth_filter.so
[253.317s] -- Installing: /home/b/ws_moveit2/src/install/moveit_core/lib/libmoveit_collision_distance_field.so.2.5.9
[253.318s] -- Set runtime path of "/home/b/ws_moveit2/src/install/moveit_core/lib/libmoveit_collision_distance_field.so.2.5.9" to ""
[253.318s] -- Installing: /home/b/ws_moveit2/src/install/moveit_core/lib/libmoveit_collision_distance_field.so
[253.318s] -- Installing: /home/b/ws_moveit2/src/install/moveit_core/lib/libmoveit_collision_detection.so.2.5.9
[253.319s] -- Set runtime path of "/home/b/ws_moveit2/src/install/moveit_core/lib/libmoveit_collision_detection.so.2.5.9" to ""
[253.319s] -- Installing: /home/b/ws_moveit2/src/install/moveit_core/lib/libmoveit_collision_detection.so
[253.320s] -- Installing: /home/b/ws_moveit2/src/install/moveit_core/lib/libmoveit_collision_detection_fcl.so.2.5.9
[253.320s] -- Set runtime path of "/home/b/ws_moveit2/src/install/moveit_core/lib/libmoveit_collision_detection_fcl.so.2.5.9" to ""
[253.320s] -- Installing: /home/b/ws_moveit2/src/install/moveit_core/lib/libmoveit_collision_detection_fcl.so
[253.320s] -- Installing: /home/b/ws_moveit2/src/install/moveit_core/lib/libmoveit_collision_detection_bullet.so.2.5.9
[253.321s] -- Set runtime path of "/home/b/ws_moveit2/src/install/moveit_core/lib/libmoveit_collision_detection_bullet.so.2.5.9" to ""
[253.321s] -- Installing: /home/b/ws_moveit2/src/install/moveit_core/lib/libmoveit_collision_detection_bullet.so
[253.321s] -- Installing: /home/b/ws_moveit2/src/install/moveit_core/lib/libmoveit_dynamics_solver.so.2.5.9
[253.322s] -- Set runtime path of "/home/b/ws_moveit2/src/install/moveit_core/lib/libmoveit_dynamics_solver.so.2.5.9" to ""
[253.322s] -- Installing: /home/b/ws_moveit2/src/install/moveit_core/lib/libmoveit_dynamics_solver.so
[253.322s] -- Installing: /home/b/ws_moveit2/src/install/moveit_core/lib/libmoveit_constraint_samplers.so.2.5.9
[253.322s] -- Set runtime path of "/home/b/ws_moveit2/src/install/moveit_core/lib/libmoveit_constraint_samplers.so.2.5.9" to ""
[253.322s] -- Installing: /home/b/ws_moveit2/src/install/moveit_core/lib/libmoveit_constraint_samplers.so
[253.323s] -- Installing: /home/b/ws_moveit2/src/install/moveit_core/lib/libmoveit_distance_field.so.2.5.9
[253.323s] -- Set runtime path of "/home/b/ws_moveit2/src/install/moveit_core/lib/libmoveit_distance_field.so.2.5.9" to ""
[253.323s] -- Installing: /home/b/ws_moveit2/src/install/moveit_core/lib/libmoveit_distance_field.so
[253.323s] -- Installing: /home/b/ws_moveit2/src/install/moveit_core/lib/libmoveit_exceptions.so.2.5.9
[253.323s] -- Set runtime path of "/home/b/ws_moveit2/src/install/moveit_core/lib/libmoveit_exceptions.so.2.5.9" to ""
[253.324s] -- Installing: /home/b/ws_moveit2/src/install/moveit_core/lib/libmoveit_exceptions.so
[253.324s] -- Installing: /home/b/ws_moveit2/src/install/moveit_core/lib/libmoveit_kinematics_base.so
[253.324s] -- Set runtime path of "/home/b/ws_moveit2/src/install/moveit_core/lib/libmoveit_kinematics_base.so" to ""
[253.324s] -- Installing: /home/b/ws_moveit2/src/install/moveit_core/lib/libmoveit_kinematic_constraints.so.2.5.9
[253.324s] -- Set runtime path of "/home/b/ws_moveit2/src/install/moveit_core/lib/libmoveit_kinematic_constraints.so.2.5.9" to ""
[253.325s] -- Installing: /home/b/ws_moveit2/src/install/moveit_core/lib/libmoveit_kinematic_constraints.so
[253.325s] -- Installing: /home/b/ws_moveit2/src/install/moveit_core/lib/libmoveit_kinematics_metrics.so.2.5.9
[253.325s] -- Set runtime path of "/home/b/ws_moveit2/src/install/moveit_core/lib/libmoveit_kinematics_metrics.so.2.5.9" to ""
[253.325s] -- Installing: /home/b/ws_moveit2/src/install/moveit_core/lib/libmoveit_kinematics_metrics.so
[253.325s] -- Installing: /home/b/ws_moveit2/src/install/moveit_core/lib/libmoveit_planning_interface.so.2.5.9
[253.325s] -- Set runtime path of "/home/b/ws_moveit2/src/install/moveit_core/lib/libmoveit_planning_interface.so.2.5.9" to ""
[253.325s] -- Installing: /home/b/ws_moveit2/src/install/moveit_core/lib/libmoveit_planning_interface.so
[253.326s] -- Installing: /home/b/ws_moveit2/src/install/moveit_core/lib/libmoveit_planning_scene.so.2.5.9
[253.326s] -- Set runtime path of "/home/b/ws_moveit2/src/install/moveit_core/lib/libmoveit_planning_scene.so.2.5.9" to ""
[253.327s] -- Installing: /home/b/ws_moveit2/src/install/moveit_core/lib/libmoveit_planning_scene.so
[253.327s] -- Installing: /home/b/ws_moveit2/src/install/moveit_core/lib/libmoveit_planning_request_adapter.so.2.5.9
[253.327s] -- Set runtime path of "/home/b/ws_moveit2/src/install/moveit_core/lib/libmoveit_planning_request_adapter.so.2.5.9" to ""
[253.327s] -- Installing: /home/b/ws_moveit2/src/install/moveit_core/lib/libmoveit_planning_request_adapter.so
[253.327s] -- Installing: /home/b/ws_moveit2/src/install/moveit_core/lib/libmoveit_robot_model.so.2.5.9
[253.331s] -- Set runtime path of "/home/b/ws_moveit2/src/install/moveit_core/lib/libmoveit_robot_model.so.2.5.9" to ""
[253.331s] -- Installing: /home/b/ws_moveit2/src/install/moveit_core/lib/libmoveit_robot_model.so
[253.331s] -- Installing: /home/b/ws_moveit2/src/install/moveit_core/lib/libmoveit_robot_state.so.2.5.9
[253.331s] -- Set runtime path of "/home/b/ws_moveit2/src/install/moveit_core/lib/libmoveit_robot_state.so.2.5.9" to ""
[253.331s] -- Installing: /home/b/ws_moveit2/src/install/moveit_core/lib/libmoveit_robot_state.so
[253.332s] -- Installing: /home/b/ws_moveit2/src/install/moveit_core/lib/libmoveit_robot_trajectory.so.2.5.9
[253.332s] -- Set runtime path of "/home/b/ws_moveit2/src/install/moveit_core/lib/libmoveit_robot_trajectory.so.2.5.9" to ""
[253.332s] -- Installing: /home/b/ws_moveit2/src/install/moveit_core/lib/libmoveit_robot_trajectory.so
[253.332s] -- Installing: /home/b/ws_moveit2/src/install/moveit_core/lib/libmoveit_smoothing_base.so.2.5.9
[253.332s] -- Set runtime path of "/home/b/ws_moveit2/src/install/moveit_core/lib/libmoveit_smoothing_base.so.2.5.9" to ""
[253.332s] -- Installing: /home/b/ws_moveit2/src/install/moveit_core/lib/libmoveit_smoothing_base.so
[253.332s] -- Installing: /home/b/ws_moveit2/src/install/moveit_core/lib/libmoveit_test_utils.so.2.5.9
[253.332s] -- Set runtime path of "/home/b/ws_moveit2/src/install/moveit_core/lib/libmoveit_test_utils.so.2.5.9" to ""
[253.332s] -- Installing: /home/b/ws_moveit2/src/install/moveit_core/lib/libmoveit_test_utils.so
[253.332s] -- Installing: /home/b/ws_moveit2/src/install/moveit_core/lib/libmoveit_trajectory_processing.so.2.5.9
[253.332s] -- Set runtime path of "/home/b/ws_moveit2/src/install/moveit_core/lib/libmoveit_trajectory_processing.so.2.5.9" to ""
[253.332s] -- Installing: /home/b/ws_moveit2/src/install/moveit_core/lib/libmoveit_trajectory_processing.so
[253.332s] -- Installing: /home/b/ws_moveit2/src/install/moveit_core/lib/libmoveit_transforms.so.2.5.9
[253.332s] -- Set runtime path of "/home/b/ws_moveit2/src/install/moveit_core/lib/libmoveit_transforms.so.2.5.9" to ""
[253.332s] -- Installing: /home/b/ws_moveit2/src/install/moveit_core/lib/libmoveit_transforms.so
[253.333s] -- Installing: /home/b/ws_moveit2/src/install/moveit_core/lib/libmoveit_utils.so.2.5.9
[253.334s] -- Set runtime path of "/home/b/ws_moveit2/src/install/moveit_core/lib/libmoveit_utils.so.2.5.9" to ""
[253.334s] -- Installing: /home/b/ws_moveit2/src/install/moveit_core/lib/libmoveit_utils.so
[253.335s] -- Installing: /home/b/ws_moveit2/src/install/moveit_core/share/moveit_core/environment/library_path.sh
[253.335s] -- Installing: /home/b/ws_moveit2/src/install/moveit_core/share/moveit_core/environment/library_path.dsv
[253.335s] -- Installing: /home/b/ws_moveit2/src/install/moveit_core/share/moveit_core/collision_detector_fcl_description.xml
[253.336s] -- Installing: /home/b/ws_moveit2/src/install/moveit_core/share/moveit_core/collision_detector_bullet_description.xml
[253.337s] -- Installing: /home/b/ws_moveit2/src/install/moveit_core/share/moveit_core/filter_plugin_butterworth.xml
[253.338s] -- Installing: /home/b/ws_moveit2/src/install/moveit_core/share/ament_index/resource_index/package_run_dependencies/moveit_core
[253.338s] -- Installing: /home/b/ws_moveit2/src/install/moveit_core/share/ament_index/resource_index/parent_prefix_path/moveit_core
[253.339s] -- Installing: /home/b/ws_moveit2/src/install/moveit_core/share/moveit_core/environment/ament_prefix_path.sh
[253.339s] -- Installing: /home/b/ws_moveit2/src/install/moveit_core/share/moveit_core/environment/ament_prefix_path.dsv
[253.339s] -- Installing: /home/b/ws_moveit2/src/install/moveit_core/share/moveit_core/environment/path.sh
[253.340s] -- Installing: /home/b/ws_moveit2/src/install/moveit_core/share/moveit_core/environment/path.dsv
[253.340s] -- Installing: /home/b/ws_moveit2/src/install/moveit_core/share/moveit_core/local_setup.bash
[253.341s] -- Installing: /home/b/ws_moveit2/src/install/moveit_core/share/moveit_core/local_setup.sh
[253.341s] -- Installing: /home/b/ws_moveit2/src/install/moveit_core/share/moveit_core/local_setup.zsh
[253.341s] -- Installing: /home/b/ws_moveit2/src/install/moveit_core/share/moveit_core/local_setup.dsv
[253.341s] -- Installing: /home/b/ws_moveit2/src/install/moveit_core/share/moveit_core/package.dsv
[253.341s] -- Installing: /home/b/ws_moveit2/src/install/moveit_core/share/ament_index/resource_index/packages/moveit_core
[253.341s] -- Installing: /home/b/ws_moveit2/src/install/moveit_core/share/ament_index/resource_index/moveit_core__pluginlib__plugin/moveit_core
[253.342s] -- Installing: /home/b/ws_moveit2/src/install/moveit_core/share/moveit_core/cmake/export_moveit_coreExport.cmake
[253.342s] -- Installing: /home/b/ws_moveit2/src/install/moveit_core/share/moveit_core/cmake/export_moveit_coreExport-release.cmake
[253.342s] -- Installing: /home/b/ws_moveit2/src/install/moveit_core/share/moveit_core/cmake/ConfigExtras.cmake
[253.342s] -- Installing: /home/b/ws_moveit2/src/install/moveit_core/share/moveit_core/cmake/ament_cmake_export_targets-extras.cmake
[253.342s] -- Installing: /home/b/ws_moveit2/src/install/moveit_core/share/moveit_core/cmake/ament_cmake_export_dependencies-extras.cmake
[253.342s] -- Installing: /home/b/ws_moveit2/src/install/moveit_core/share/moveit_core/cmake/moveit_coreConfig.cmake
[253.342s] -- Installing: /home/b/ws_moveit2/src/install/moveit_core/share/moveit_core/cmake/moveit_coreConfig-version.cmake
[253.342s] -- Installing: /home/b/ws_moveit2/src/install/moveit_core/share/moveit_core/package.xml
[253.343s] Invoked command in '/home/b/ws_moveit2/src/build/moveit_core' returned '0': AMENT_PREFIX_PATH=/home/b/ws_moveit2/src/install/moveit_resources_panda_moveit_config:/home/b/ws_moveit2/src/install/srdfdom:/home/b/ws_moveit2/src/install/moveit_resources_pr2_description:/home/b/ws_moveit2/src/install/moveit_resources_panda_description:/home/b/ws_moveit2/src/install/moveit_common:${AMENT_PREFIX_PATH} CMAKE_PREFIX_PATH=/home/b/ws_moveit2/src/install/moveit_resources_panda_moveit_config:/home/b/ws_moveit2/src/install/srdfdom:/home/b/ws_moveit2/src/install/moveit_resources_pr2_description:/home/b/ws_moveit2/src/install/moveit_resources_panda_description:/home/b/ws_moveit2/src/install/moveit_common:/opt/ros/humble LD_LIBRARY_PATH=/home/b/ws_moveit2/src/install/srdfdom/lib:${LD_LIBRARY_PATH} PYTHONPATH=/home/b/ws_moveit2/src/install/srdfdom/local/lib/python3.10/dist-packages:${PYTHONPATH} /usr/bin/cmake --install /home/b/ws_moveit2/src/build/moveit_core
