[ 50%] Built target move_to_position_testing
[ 75%] [32mBuilding CXX object CMakeFiles/move_to_position.dir/src/move_to_position.cpp.o[0m
[01m[K/home/b/ws_moveit2/src/ur3e_motion_cpp/src/move_to_position.cpp:[m[K In function ‘[01m[Kbool moveToPose(moveit::planning_interface::MoveGroupInterface&, const TargetPose&, const rclcpp::Logger&)[m[K’:
[01m[K/home/b/ws_moveit2/src/ur3e_motion_cpp/src/move_to_position.cpp:73:9:[m[K [01;31m[Kerror: [m[Kexpected ‘[01m[K}[m[K’ before numeric constant
   73 |         [01;31m[K1.1909[m[K
      |         [01;31m[K^~~~~~[m[K
[01m[K/home/b/ws_moveit2/src/ur3e_motion_cpp/src/move_to_position.cpp:71:32:[m[K [01;36m[Knote: [m[Kto match this ‘[01m[K{[m[K’
   71 |     std::vector<double> seed = [01;36m[K{[m[K
      |                                [01;36m[K^[m[K
[01m[K/home/b/ws_moveit2/src/ur3e_motion_cpp/src/move_to_position.cpp:73:9:[m[K [01;31m[Kerror: [m[Kexpected ‘[01m[K,[m[K’ or ‘[01m[K;[m[K’ before numeric constant
   73 |         [01;31m[K1.1909[m[K
      |         [01;31m[K^~~~~~[m[K
[01m[K/home/b/ws_moveit2/src/ur3e_motion_cpp/src/move_to_position.cpp:78:5:[m[K [01;35m[Kwarning: [m[Kno return statement in function returning non-void [[01;35m[K]8;;https://gcc.gnu.org/onlinedocs/gcc/Warning-Options.html#index-Wreturn-type-Wreturn-type]8;;[m[K]
   78 |     [01;35m[K}[m[K;
      |     [01;35m[K^[m[K
[01m[K/home/b/ws_moveit2/src/ur3e_motion_cpp/src/move_to_position.cpp:59:54:[m[K [01;35m[Kwarning: [m[Kunused parameter ‘[01m[Kmove_group[m[K’ [[01;35m[K]8;;https://gcc.gnu.org/onlinedocs/gcc/Warning-Options.html#index-Wunused-parameter-Wunused-parameter]8;;[m[K]
   59 |     [01;35m[Kmoveit::planning_interface::MoveGroupInterface & move_group[m[K,
      |     [01;35m[K~~~~~~~~~~~~~~~~~~~~~~~~~~~~~~~~~~~~~~~~~~~~~~~~~^~~~~~~~~~[m[K
[01m[K/home/b/ws_moveit2/src/ur3e_motion_cpp/src/move_to_position.cpp:[m[K At global scope:
[01m[K/home/b/ws_moveit2/src/ur3e_motion_cpp/src/move_to_position.cpp:79:5:[m[K [01;31m[Kerror: [m[K‘[01m[Kmove_group[m[K’ does not name a type
   79 |     [01;31m[Kmove_group[m[K.setJointValueTarget(seed);  // or use as IK seed
      |     [01;31m[K^~~~~~~~~~[m[K
[01m[K/home/b/ws_moveit2/src/ur3e_motion_cpp/src/move_to_position.cpp:83:5:[m[K [01;31m[Kerror: [m[K‘[01m[Kpose[m[K’ does not name a type
   83 |     [01;31m[Kpose[m[K.position.x = target.x;
      |     [01;31m[K^~~~[m[K
[01m[K/home/b/ws_moveit2/src/ur3e_motion_cpp/src/move_to_position.cpp:84:5:[m[K [01;31m[Kerror: [m[K‘[01m[Kpose[m[K’ does not name a type
   84 |     [01;31m[Kpose[m[K.position.y = target.y;
      |     [01;31m[K^~~~[m[K
[01m[K/home/b/ws_moveit2/src/ur3e_motion_cpp/src/move_to_position.cpp:85:5:[m[K [01;31m[Kerror: [m[K‘[01m[Kpose[m[K’ does not name a type
   85 |     [01;31m[Kpose[m[K.position.z = target.z;
      |     [01;31m[K^~~~[m[K
[01m[K/home/b/ws_moveit2/src/ur3e_motion_cpp/src/move_to_position.cpp:88:5:[m[K [01;31m[Kerror: [m[K‘[01m[Kq[m[K’ does not name a type
   88 |     [01;31m[Kq[m[K.setRPY(target.roll, target.pitch, target.yaw);
      |     [01;31m[K^[m[K
[01m[K/home/b/ws_moveit2/src/ur3e_motion_cpp/src/move_to_position.cpp:89:5:[m[K [01;31m[Kerror: [m[K‘[01m[Kpose[m[K’ does not name a type
   89 |     [01;31m[Kpose[m[K.orientation = tf2::toMsg(q);
      |     [01;31m[K^~~~[m[K
[01m[K/home/b/ws_moveit2/src/ur3e_motion_cpp/src/move_to_position.cpp:91:5:[m[K [01;31m[Kerror: [m[K‘[01m[Kmove_group[m[K’ does not name a type
   91 |     [01;31m[Kmove_group[m[K.setPoseTarget(pose);
      |     [01;31m[K^~~~~~~~~~[m[K
[01m[K/home/b/ws_moveit2/src/ur3e_motion_cpp/src/move_to_position.cpp:92:5:[m[K [01;31m[Kerror: [m[K‘[01m[Kmove_group[m[K’ does not name a type
   92 |     [01;31m[Kmove_group[m[K.setNumPlanningAttempts(20);
      |     [01;31m[K^~~~~~~~~~[m[K
[01m[K/home/b/ws_moveit2/src/ur3e_motion_cpp/src/move_to_position.cpp:96:21:[m[K [01;31m[Kerror: [m[K‘[01m[Kmove_group[m[K’ was not declared in this scope
   96 |     bool success = ([01;31m[Kmove_group[m[K.plan(plan) == moveit::core::MoveItErrorCode::SUCCESS);
      |                     [01;31m[K^~~~~~~~~~[m[K
[01m[K/home/b/ws_moveit2/src/ur3e_motion_cpp/src/move_to_position.cpp:98:5:[m[K [01;31m[Kerror: [m[Kexpected unqualified-id before ‘[01m[Kif[m[K’
   98 |     [01;31m[Kif[m[K (!success) {
      |     [01;31m[K^~[m[K
[01m[K/home/b/ws_moveit2/src/ur3e_motion_cpp/src/move_to_position.cpp:104:22:[m[K [01;31m[Kerror: [m[K‘[01m[Kmove_group[m[K’ was not declared in this scope
  104 |     bool executed = ([01;31m[Kmove_group[m[K.execute(plan) == moveit::core::MoveItErrorCode::SUCCESS);
      |                      [01;31m[K^~~~~~~~~~[m[K
[01m[K/home/b/ws_moveit2/src/ur3e_motion_cpp/src/move_to_position.cpp:106:5:[m[K [01;31m[Kerror: [m[Kexpected unqualified-id before ‘[01m[Kif[m[K’
  106 |     [01;31m[Kif[m[K (executed) {
      |     [01;31m[K^~[m[K
[01m[K/home/b/ws_moveit2/src/ur3e_motion_cpp/src/move_to_position.cpp:108:7:[m[K [01;31m[Kerror: [m[Kexpected unqualified-id before ‘[01m[Kelse[m[K’
  108 |     } [01;31m[Kelse[m[K {
      |       [01;31m[K^~~~[m[K
[01m[K/home/b/ws_moveit2/src/ur3e_motion_cpp/src/move_to_position.cpp:112:5:[m[K [01;31m[Kerror: [m[Kexpected unqualified-id before ‘[01m[Kreturn[m[K’
  112 |     [01;31m[Kreturn[m[K executed;
      |     [01;31m[K^~~~~~[m[K
[01m[K/home/b/ws_moveit2/src/ur3e_motion_cpp/src/move_to_position.cpp:113:1:[m[K [01;31m[Kerror: [m[Kexpected declaration before ‘[01m[K}[m[K’ token
  113 | [01;31m[K}[m[K
      | [01;31m[K^[m[K
gmake[2]: *** [CMakeFiles/move_to_position.dir/build.make:76: CMakeFiles/move_to_position.dir/src/move_to_position.cpp.o] Error 1
gmake[1]: *** [CMakeFiles/Makefile2:139: CMakeFiles/move_to_position.dir/all] Error 2
gmake: *** [Makefile:146: all] Error 2
