[0.970s] Invoking command in '/home/b/ws_moveit2/src/build/moveit_planners_ompl': AMENT_PREFIX_PATH=/home/b/ws_moveit2/src/install/moveit_ros_planning:/home/b/ws_moveit2/src/install/moveit_ros_occupancy_map_monitor:/home/b/ws_moveit2/src/install/moveit_core:/home/b/ws_moveit2/src/install/moveit_resources_panda_moveit_config:/home/b/ws_moveit2/src/install/moveit_resources_fanuc_moveit_config:/home/b/ws_moveit2/src/install/moveit_configs_utils:/home/b/ws_moveit2/src/install/srdfdom:/home/b/ws_moveit2/src/install/moveit_resources_pr2_description:/home/b/ws_moveit2/src/install/moveit_resources_panda_description:/home/b/ws_moveit2/src/install/moveit_resources_fanuc_description:/home/b/ws_moveit2/src/install/moveit_common:/home/b/ws_moveit2/src/install/launch_param_builder:${AMENT_PREFIX_PATH} CMAKE_PREFIX_PATH=/home/b/ws_moveit2/src/install/moveit_ros_planning:/home/b/ws_moveit2/src/install/moveit_ros_occupancy_map_monitor:/home/b/ws_moveit2/src/install/moveit_core:/home/b/ws_moveit2/src/install/moveit_resources_panda_moveit_config:/home/b/ws_moveit2/src/install/moveit_resources_fanuc_moveit_config:/home/b/ws_moveit2/src/install/srdfdom:/home/b/ws_moveit2/src/install/moveit_resources_pr2_description:/home/b/ws_moveit2/src/install/moveit_resources_panda_description:/home/b/ws_moveit2/src/install/moveit_resources_fanuc_description:/home/b/ws_moveit2/src/install/moveit_common:/opt/ros/humble LD_LIBRARY_PATH=/home/b/ws_moveit2/src/install/moveit_ros_planning/lib:/home/b/ws_moveit2/src/install/moveit_ros_occupancy_map_monitor/lib:/home/b/ws_moveit2/src/install/moveit_core/lib:/home/b/ws_moveit2/src/install/srdfdom/lib:${LD_LIBRARY_PATH} PATH=/home/b/ws_moveit2/src/install/moveit_core/bin:${PATH} PYTHONPATH=/home/b/ws_moveit2/src/install/moveit_configs_utils/lib/python3.10/site-packages:/home/b/ws_moveit2/src/install/srdfdom/local/lib/python3.10/dist-packages:/home/b/ws_moveit2/src/install/launch_param_builder/lib/python3.10/site-packages:${PYTHONPATH} /usr/bin/cmake /home/b/ws_moveit2/src/moveit2/moveit_planners/ompl -DCMAKE_INSTALL_PREFIX=/home/b/ws_moveit2/src/install/moveit_planners_ompl
[1.171s] -- The C compiler identification is GNU 11.4.0
[1.706s] -- The CXX compiler identification is GNU 11.4.0
[2.143s] -- Detecting C compiler ABI info
[2.371s] -- Detecting C compiler ABI info - done
[2.388s] -- Check for working C compiler: /usr/bin/cc - skipped
[2.388s] -- Detecting C compile features
[2.388s] -- Detecting C compile features - done
[2.392s] -- Detecting CXX compiler ABI info
[2.711s] -- Detecting CXX compiler ABI info - done
[2.729s] -- Check for working CXX compiler: /usr/bin/c++ - skipped
[2.730s] -- Detecting CXX compile features
[2.731s] -- Detecting CXX compile features - done
[2.737s] -- Found moveit_common: 2.5.9 (/home/b/ws_moveit2/src/install/moveit_common/share/moveit_common/cmake)
[2.742s] -- Found ament_cmake: 1.3.13 (/opt/ros/humble/share/ament_cmake/cmake)
[3.085s] -- Found Python3: /usr/bin/python3 (found version "3.10.12") found components: Interpreter 
[3.385s] [0mmoveit_planners_ompl: You did not request a specific build type: Choosing 'Release' for maximum performance[0m
[3.917s] -- Found Boost: /usr/lib/x86_64-linux-gnu/cmake/Boost-1.74.0/BoostConfig.cmake (found version "1.74.0") found components: system filesystem date_time thread serialization 
[3.919s] -- Found moveit_core: 2.5.9 (/home/b/ws_moveit2/src/install/moveit_core/share/moveit_core/cmake)
[3.950s] -- Found Boost: /usr/lib/x86_64-linux-gnu/cmake/Boost-1.74.0/BoostConfig.cmake (found version "1.74.0") found components: chrono date_time filesystem iostreams program_options regex serialization system thread 
[5.744s] -- Found parameter_traits: 0.6.0 (/opt/ros/humble/share/parameter_traits/cmake)
[5.885s] -- Found rosidl_generator_c: 3.1.8 (/opt/ros/humble/share/rosidl_generator_c/cmake)
[5.893s] -- Found rosidl_adapter: 3.1.8 (/opt/ros/humble/share/rosidl_adapter/cmake)
[5.908s] -- Found rosidl_generator_cpp: 3.1.8 (/opt/ros/humble/share/rosidl_generator_cpp/cmake)
[5.928s] -- Using all available rosidl_typesupport_c: rosidl_typesupport_fastrtps_c;rosidl_typesupport_introspection_c
[5.952s] -- Using all available rosidl_typesupport_cpp: rosidl_typesupport_fastrtps_cpp;rosidl_typesupport_introspection_cpp
[6.018s] -- Found rmw_implementation_cmake: 6.1.2 (/opt/ros/humble/share/rmw_implementation_cmake/cmake)
[6.023s] -- Found rmw_fastrtps_cpp: 6.2.10 (/opt/ros/humble/share/rmw_fastrtps_cpp/cmake)
[9.344s] -- Found OpenSSL: /usr/lib/x86_64-linux-gnu/libcrypto.so (found version "3.0.2")  
[14.321s] -- Found FastRTPS: /opt/ros/humble/include  
[25.340s] -- Using RMW implementation 'rmw_fastrtps_cpp' as default
[25.357s] -- Found Threads: TRUE  
[25.446s] -- Found rclcpp_lifecycle: 16.0.18 (/opt/ros/humble/share/rclcpp_lifecycle/cmake)
[25.494s] -- Found Boost: /usr/lib/x86_64-linux-gnu/cmake/Boost-1.74.0/BoostConfig.cmake (found version "1.74.0") found components: filesystem 
[29.567s] -- library: /usr/lib/x86_64-linux-gnu/libcurl.so
[29.724s] -- Found Eigen3: TRUE (found version "3.4.0") 
[29.724s] -- Ensuring Eigen3 include directory is part of orocos-kdl CMake target
[34.921s] -- Found moveit_ros_planning: 2.5.9 (/home/b/ws_moveit2/src/install/moveit_ros_planning/share/moveit_ros_planning/cmake)
[34.929s] -- Found Boost: /usr/lib/x86_64-linux-gnu/cmake/Boost-1.74.0/BoostConfig.cmake (found version "1.74.0") found components: system filesystem date_time program_options thread chrono 
[35.010s] -- Found Boost: /usr/lib/x86_64-linux-gnu/cmake/Boost-1.74.0/BoostConfig.cmake (found version "1.74.0") found components: serialization filesystem system 
[35.029s] -- Found ompl: /opt/ros/humble/include/ompl-1.7;/usr/include;/usr/include/eigen3  
[37.141s] -- Found OpenMP_C: -fopenmp (found version "4.5") 
[38.038s] -- Found OpenMP_CXX: -fopenmp (found version "4.5") 
[38.039s] -- Found OpenMP: TRUE (found version "4.5")  
[38.146s] -- Found ament_cmake_gtest: 1.3.13 (/opt/ros/humble/share/ament_cmake_gtest/cmake)
[38.172s] -- Found gtest sources under '/opt/ros/humble/src/gtest_vendor': C++ tests using 'Google Test' will be built
[38.377s] -- Found ament_lint_auto: 0.12.15 (/opt/ros/humble/share/ament_lint_auto/cmake)
[42.041s] -- Added test 'cppcheck' to perform static code analysis on C / C++ code
[42.041s] -- Configured cppcheck include dirs: /home/b/ws_moveit2/src/moveit2/moveit_planners/ompl/ompl_interface/include
[42.041s] -- Configured cppcheck exclude dirs and/or files: 
[42.053s] -- Added test 'lint_cmake' to check CMake code style
[42.055s] -- Added test 'xmllint' to check XML markup files
[42.063s] -- Configuring done
[42.610s] -- Generating done
[42.772s] -- Build files have been written to: /home/b/ws_moveit2/src/build/moveit_planners_ompl
[42.812s] Invoked command in '/home/b/ws_moveit2/src/build/moveit_planners_ompl' returned '0': AMENT_PREFIX_PATH=/home/b/ws_moveit2/src/install/moveit_ros_planning:/home/b/ws_moveit2/src/install/moveit_ros_occupancy_map_monitor:/home/b/ws_moveit2/src/install/moveit_core:/home/b/ws_moveit2/src/install/moveit_resources_panda_moveit_config:/home/b/ws_moveit2/src/install/moveit_resources_fanuc_moveit_config:/home/b/ws_moveit2/src/install/moveit_configs_utils:/home/b/ws_moveit2/src/install/srdfdom:/home/b/ws_moveit2/src/install/moveit_resources_pr2_description:/home/b/ws_moveit2/src/install/moveit_resources_panda_description:/home/b/ws_moveit2/src/install/moveit_resources_fanuc_description:/home/b/ws_moveit2/src/install/moveit_common:/home/b/ws_moveit2/src/install/launch_param_builder:${AMENT_PREFIX_PATH} CMAKE_PREFIX_PATH=/home/b/ws_moveit2/src/install/moveit_ros_planning:/home/b/ws_moveit2/src/install/moveit_ros_occupancy_map_monitor:/home/b/ws_moveit2/src/install/moveit_core:/home/b/ws_moveit2/src/install/moveit_resources_panda_moveit_config:/home/b/ws_moveit2/src/install/moveit_resources_fanuc_moveit_config:/home/b/ws_moveit2/src/install/srdfdom:/home/b/ws_moveit2/src/install/moveit_resources_pr2_description:/home/b/ws_moveit2/src/install/moveit_resources_panda_description:/home/b/ws_moveit2/src/install/moveit_resources_fanuc_description:/home/b/ws_moveit2/src/install/moveit_common:/opt/ros/humble LD_LIBRARY_PATH=/home/b/ws_moveit2/src/install/moveit_ros_planning/lib:/home/b/ws_moveit2/src/install/moveit_ros_occupancy_map_monitor/lib:/home/b/ws_moveit2/src/install/moveit_core/lib:/home/b/ws_moveit2/src/install/srdfdom/lib:${LD_LIBRARY_PATH} PATH=/home/b/ws_moveit2/src/install/moveit_core/bin:${PATH} PYTHONPATH=/home/b/ws_moveit2/src/install/moveit_configs_utils/lib/python3.10/site-packages:/home/b/ws_moveit2/src/install/srdfdom/local/lib/python3.10/dist-packages:/home/b/ws_moveit2/src/install/launch_param_builder/lib/python3.10/site-packages:${PYTHONPATH} /usr/bin/cmake /home/b/ws_moveit2/src/moveit2/moveit_planners/ompl -DCMAKE_INSTALL_PREFIX=/home/b/ws_moveit2/src/install/moveit_planners_ompl
[42.822s] Invoking command in '/home/b/ws_moveit2/src/build/moveit_planners_ompl': AMENT_PREFIX_PATH=/home/b/ws_moveit2/src/install/moveit_ros_planning:/home/b/ws_moveit2/src/install/moveit_ros_occupancy_map_monitor:/home/b/ws_moveit2/src/install/moveit_core:/home/b/ws_moveit2/src/install/moveit_resources_panda_moveit_config:/home/b/ws_moveit2/src/install/moveit_resources_fanuc_moveit_config:/home/b/ws_moveit2/src/install/moveit_configs_utils:/home/b/ws_moveit2/src/install/srdfdom:/home/b/ws_moveit2/src/install/moveit_resources_pr2_description:/home/b/ws_moveit2/src/install/moveit_resources_panda_description:/home/b/ws_moveit2/src/install/moveit_resources_fanuc_description:/home/b/ws_moveit2/src/install/moveit_common:/home/b/ws_moveit2/src/install/launch_param_builder:${AMENT_PREFIX_PATH} CMAKE_PREFIX_PATH=/home/b/ws_moveit2/src/install/moveit_ros_planning:/home/b/ws_moveit2/src/install/moveit_ros_occupancy_map_monitor:/home/b/ws_moveit2/src/install/moveit_core:/home/b/ws_moveit2/src/install/moveit_resources_panda_moveit_config:/home/b/ws_moveit2/src/install/moveit_resources_fanuc_moveit_config:/home/b/ws_moveit2/src/install/srdfdom:/home/b/ws_moveit2/src/install/moveit_resources_pr2_description:/home/b/ws_moveit2/src/install/moveit_resources_panda_description:/home/b/ws_moveit2/src/install/moveit_resources_fanuc_description:/home/b/ws_moveit2/src/install/moveit_common:/opt/ros/humble LD_LIBRARY_PATH=/home/b/ws_moveit2/src/install/moveit_ros_planning/lib:/home/b/ws_moveit2/src/install/moveit_ros_occupancy_map_monitor/lib:/home/b/ws_moveit2/src/install/moveit_core/lib:/home/b/ws_moveit2/src/install/srdfdom/lib:${LD_LIBRARY_PATH} PATH=/home/b/ws_moveit2/src/install/moveit_core/bin:${PATH} PYTHONPATH=/home/b/ws_moveit2/src/install/moveit_configs_utils/lib/python3.10/site-packages:/home/b/ws_moveit2/src/install/srdfdom/local/lib/python3.10/dist-packages:/home/b/ws_moveit2/src/install/launch_param_builder/lib/python3.10/site-packages:${PYTHONPATH} /usr/bin/cmake --build /home/b/ws_moveit2/src/build/moveit_planners_ompl -- -j12 -l12
[43.134s] [  2%] [32mBuilding CXX object gtest/CMakeFiles/gtest.dir/src/gtest-all.cc.o[0m
[43.169s] [  4%] [32mBuilding CXX object gtest/CMakeFiles/gtest_main.dir/src/gtest_main.cc.o[0m
[43.193s] [  7%] [32mBuilding CXX object ompl_interface/CMakeFiles/moveit_ompl_interface.dir/src/model_based_planning_context.cpp.o[0m
[43.195s] [  9%] [32mBuilding CXX object ompl_interface/CMakeFiles/moveit_ompl_interface.dir/src/parameterization/model_based_state_space.cpp.o[0m
[43.197s] [ 12%] [32mBuilding CXX object ompl_interface/CMakeFiles/moveit_ompl_interface.dir/src/parameterization/joint_space/constrained_planning_state_space.cpp.o[0m
[43.202s] [ 19%] [32mBuilding CXX object ompl_interface/CMakeFiles/moveit_ompl_interface.dir/src/parameterization/joint_space/constrained_planning_state_space_factory.cpp.o[0m
[43.208s] [ 17%] [32mBuilding CXX object ompl_interface/CMakeFiles/moveit_ompl_interface.dir/src/planning_context_manager.cpp.o[0m
[43.218s] [ 21%] [32mBuilding CXX object ompl_interface/CMakeFiles/moveit_ompl_interface.dir/src/parameterization/work_space/pose_model_state_space.cpp.o[0m
[43.218s] [ 17%] [32mBuilding CXX object ompl_interface/CMakeFiles/moveit_ompl_interface.dir/src/ompl_interface.cpp.o[0m
[43.225s] [ 24%] [32mBuilding CXX object ompl_interface/CMakeFiles/moveit_ompl_interface.dir/src/parameterization/joint_space/joint_model_state_space.cpp.o[0m
[43.230s] [ 26%] [32mBuilding CXX object ompl_interface/CMakeFiles/moveit_ompl_interface.dir/src/parameterization/model_based_state_space_factory.cpp.o[0m
[43.250s] [ 29%] [32mBuilding CXX object ompl_interface/CMakeFiles/moveit_ompl_interface.dir/src/parameterization/joint_space/joint_model_state_space_factory.cpp.o[0m
[48.816s] [ 31%] [32m[1mLinking CXX static library libgtest_main.a[0m
[48.977s] [ 31%] Built target gtest_main
[49.038s] [ 34%] [32mBuilding CXX object ompl_interface/CMakeFiles/moveit_ompl_interface.dir/src/parameterization/work_space/pose_model_state_space_factory.cpp.o[0m
[81.736s] [ 36%] [32m[1mLinking CXX static library libgtest.a[0m
[81.923s] [ 36%] Built target gtest
[104.653s] [ 39%] [32mBuilding CXX object ompl_interface/CMakeFiles/moveit_ompl_interface.dir/src/detail/constrained_goal_sampler.cpp.o[0m
[127.331s] [ 41%] [32mBuilding CXX object ompl_interface/CMakeFiles/moveit_ompl_interface.dir/src/detail/constrained_sampler.cpp.o[0m
[127.358s] [ 43%] [32mBuilding CXX object ompl_interface/CMakeFiles/moveit_ompl_interface.dir/src/detail/constraints_library.cpp.o[0m
[127.394s] [ 46%] [32mBuilding CXX object ompl_interface/CMakeFiles/moveit_ompl_interface.dir/src/detail/goal_union.cpp.o[0m
[127.400s] [ 48%] [32mBuilding CXX object ompl_interface/CMakeFiles/moveit_ompl_interface.dir/src/detail/constrained_valid_state_sampler.cpp.o[0m
[167.078s] [ 51%] [32mBuilding CXX object ompl_interface/CMakeFiles/moveit_ompl_interface.dir/src/detail/projection_evaluators.cpp.o[0m
[184.517s] [ 53%] [32mBuilding CXX object ompl_interface/CMakeFiles/moveit_ompl_interface.dir/src/detail/ompl_constraints.cpp.o[0m
[184.517s] [ 56%] [32mBuilding CXX object ompl_interface/CMakeFiles/moveit_ompl_interface.dir/src/detail/threadsafe_state_storage.cpp.o[0m
[184.520s] [ 58%] [32mBuilding CXX object ompl_interface/CMakeFiles/moveit_ompl_interface.dir/src/detail/state_validity_checker.cpp.o[0m
[207.893s] [ 60%] [32m[1mLinking CXX shared library libmoveit_ompl_interface.so[0m
[208.844s] [ 60%] Built target moveit_ompl_interface
[208.885s] [ 63%] [32mBuilding CXX object ompl_interface/CMakeFiles/moveit_generate_state_database.dir/scripts/generate_state_database.cpp.o[0m
[208.894s] [ 65%] [32mBuilding CXX object ompl_interface/CMakeFiles/moveit_ompl_planner_plugin.dir/src/ompl_planner_manager.cpp.o[0m
[208.894s] [ 68%] [32mBuilding CXX object ompl_interface/CMakeFiles/test_state_validity_checker.dir/test/test_state_validity_checker.cpp.o[0m
[208.924s] [ 70%] [32mBuilding CXX object ompl_interface/CMakeFiles/test_constrained_state_validity_checker.dir/test/test_constrained_state_validity_checker.cpp.o[0m
[208.924s] [ 73%] [32mBuilding CXX object ompl_interface/CMakeFiles/test_threadsafe_state_storage.dir/test/test_threadsafe_state_storage.cpp.o[0m
[208.933s] [ 75%] [32mBuilding CXX object ompl_interface/CMakeFiles/test_planning_context_manager.dir/test/test_planning_context_manager.cpp.o[0m
[208.937s] [ 78%] [32mBuilding CXX object ompl_interface/CMakeFiles/test_state_space.dir/test/test_state_space.cpp.o[0m
[208.947s] [ 80%] [32mBuilding CXX object ompl_interface/CMakeFiles/test_constrained_planning_state_space.dir/test/test_constrained_planning_state_space.cpp.o[0m
[222.387s] [ 82%] [32m[1mLinking CXX executable test_threadsafe_state_storage[0m
[223.760s] [ 82%] Built target test_threadsafe_state_storage
[233.042s] [ 85%] [32m[1mLinking CXX executable test_state_space[0m
[234.437s] [ 85%] Built target test_state_space
[237.007s] [ 87%] [32m[1mLinking CXX executable test_constrained_planning_state_space[0m
[237.483s] [ 90%] [32m[1mLinking CXX executable test_state_validity_checker[0m
[237.566s] [ 92%] [32m[1mLinking CXX shared library libmoveit_ompl_planner_plugin.so[0m
[238.011s] [ 95%] [32m[1mLinking CXX executable test_constrained_state_validity_checker[0m
[238.448s] [ 95%] Built target test_constrained_planning_state_space
[238.613s] [ 95%] Built target moveit_ompl_planner_plugin
[238.877s] [ 95%] Built target test_state_validity_checker
[239.260s] [ 95%] Built target test_constrained_state_validity_checker
[242.902s] [ 97%] [32m[1mLinking CXX executable test_planning_context_manager[0m
[243.746s] [ 97%] Built target test_planning_context_manager
[244.226s] [100%] [32m[1mLinking CXX executable generate_state_database[0m
[245.018s] [100%] Built target moveit_generate_state_database
[245.037s] Invoked command in '/home/b/ws_moveit2/src/build/moveit_planners_ompl' returned '0': AMENT_PREFIX_PATH=/home/b/ws_moveit2/src/install/moveit_ros_planning:/home/b/ws_moveit2/src/install/moveit_ros_occupancy_map_monitor:/home/b/ws_moveit2/src/install/moveit_core:/home/b/ws_moveit2/src/install/moveit_resources_panda_moveit_config:/home/b/ws_moveit2/src/install/moveit_resources_fanuc_moveit_config:/home/b/ws_moveit2/src/install/moveit_configs_utils:/home/b/ws_moveit2/src/install/srdfdom:/home/b/ws_moveit2/src/install/moveit_resources_pr2_description:/home/b/ws_moveit2/src/install/moveit_resources_panda_description:/home/b/ws_moveit2/src/install/moveit_resources_fanuc_description:/home/b/ws_moveit2/src/install/moveit_common:/home/b/ws_moveit2/src/install/launch_param_builder:${AMENT_PREFIX_PATH} CMAKE_PREFIX_PATH=/home/b/ws_moveit2/src/install/moveit_ros_planning:/home/b/ws_moveit2/src/install/moveit_ros_occupancy_map_monitor:/home/b/ws_moveit2/src/install/moveit_core:/home/b/ws_moveit2/src/install/moveit_resources_panda_moveit_config:/home/b/ws_moveit2/src/install/moveit_resources_fanuc_moveit_config:/home/b/ws_moveit2/src/install/srdfdom:/home/b/ws_moveit2/src/install/moveit_resources_pr2_description:/home/b/ws_moveit2/src/install/moveit_resources_panda_description:/home/b/ws_moveit2/src/install/moveit_resources_fanuc_description:/home/b/ws_moveit2/src/install/moveit_common:/opt/ros/humble LD_LIBRARY_PATH=/home/b/ws_moveit2/src/install/moveit_ros_planning/lib:/home/b/ws_moveit2/src/install/moveit_ros_occupancy_map_monitor/lib:/home/b/ws_moveit2/src/install/moveit_core/lib:/home/b/ws_moveit2/src/install/srdfdom/lib:${LD_LIBRARY_PATH} PATH=/home/b/ws_moveit2/src/install/moveit_core/bin:${PATH} PYTHONPATH=/home/b/ws_moveit2/src/install/moveit_configs_utils/lib/python3.10/site-packages:/home/b/ws_moveit2/src/install/srdfdom/local/lib/python3.10/dist-packages:/home/b/ws_moveit2/src/install/launch_param_builder/lib/python3.10/site-packages:${PYTHONPATH} /usr/bin/cmake --build /home/b/ws_moveit2/src/build/moveit_planners_ompl -- -j12 -l12
[245.040s] Invoking command in '/home/b/ws_moveit2/src/build/moveit_planners_ompl': AMENT_PREFIX_PATH=/home/b/ws_moveit2/src/install/moveit_ros_planning:/home/b/ws_moveit2/src/install/moveit_ros_occupancy_map_monitor:/home/b/ws_moveit2/src/install/moveit_core:/home/b/ws_moveit2/src/install/moveit_resources_panda_moveit_config:/home/b/ws_moveit2/src/install/moveit_resources_fanuc_moveit_config:/home/b/ws_moveit2/src/install/moveit_configs_utils:/home/b/ws_moveit2/src/install/srdfdom:/home/b/ws_moveit2/src/install/moveit_resources_pr2_description:/home/b/ws_moveit2/src/install/moveit_resources_panda_description:/home/b/ws_moveit2/src/install/moveit_resources_fanuc_description:/home/b/ws_moveit2/src/install/moveit_common:/home/b/ws_moveit2/src/install/launch_param_builder:${AMENT_PREFIX_PATH} CMAKE_PREFIX_PATH=/home/b/ws_moveit2/src/install/moveit_ros_planning:/home/b/ws_moveit2/src/install/moveit_ros_occupancy_map_monitor:/home/b/ws_moveit2/src/install/moveit_core:/home/b/ws_moveit2/src/install/moveit_resources_panda_moveit_config:/home/b/ws_moveit2/src/install/moveit_resources_fanuc_moveit_config:/home/b/ws_moveit2/src/install/srdfdom:/home/b/ws_moveit2/src/install/moveit_resources_pr2_description:/home/b/ws_moveit2/src/install/moveit_resources_panda_description:/home/b/ws_moveit2/src/install/moveit_resources_fanuc_description:/home/b/ws_moveit2/src/install/moveit_common:/opt/ros/humble LD_LIBRARY_PATH=/home/b/ws_moveit2/src/install/moveit_ros_planning/lib:/home/b/ws_moveit2/src/install/moveit_ros_occupancy_map_monitor/lib:/home/b/ws_moveit2/src/install/moveit_core/lib:/home/b/ws_moveit2/src/install/srdfdom/lib:${LD_LIBRARY_PATH} PATH=/home/b/ws_moveit2/src/install/moveit_core/bin:${PATH} PYTHONPATH=/home/b/ws_moveit2/src/install/moveit_configs_utils/lib/python3.10/site-packages:/home/b/ws_moveit2/src/install/srdfdom/local/lib/python3.10/dist-packages:/home/b/ws_moveit2/src/install/launch_param_builder/lib/python3.10/site-packages:${PYTHONPATH} /usr/bin/cmake --install /home/b/ws_moveit2/src/build/moveit_planners_ompl
[245.051s] -- Install configuration: "Release"
[245.052s] -- Installing: /home/b/ws_moveit2/src/install/moveit_planners_ompl/lib/moveit_planners_ompl/generate_state_database
[245.054s] -- Set runtime path of "/home/b/ws_moveit2/src/install/moveit_planners_ompl/lib/moveit_planners_ompl/generate_state_database" to ""
[245.054s] -- Installing: /home/b/ws_moveit2/src/install/moveit_planners_ompl/include
[245.054s] -- Installing: /home/b/ws_moveit2/src/install/moveit_planners_ompl/include/moveit
[245.055s] -- Installing: /home/b/ws_moveit2/src/install/moveit_planners_ompl/include/moveit/ompl_interface
[245.055s] -- Installing: /home/b/ws_moveit2/src/install/moveit_planners_ompl/include/moveit/ompl_interface/ompl_interface.h
[245.056s] -- Installing: /home/b/ws_moveit2/src/install/moveit_planners_ompl/include/moveit/ompl_interface/detail
[245.056s] -- Installing: /home/b/ws_moveit2/src/install/moveit_planners_ompl/include/moveit/ompl_interface/detail/constraint_approximations.h
[245.058s] -- Installing: /home/b/ws_moveit2/src/install/moveit_planners_ompl/include/moveit/ompl_interface/detail/threadsafe_state_storage.h
[245.059s] -- Installing: /home/b/ws_moveit2/src/install/moveit_planners_ompl/include/moveit/ompl_interface/detail/ompl_constraints.h
[245.059s] -- Installing: /home/b/ws_moveit2/src/install/moveit_planners_ompl/include/moveit/ompl_interface/detail/constrained_valid_state_sampler.h
[245.060s] -- Installing: /home/b/ws_moveit2/src/install/moveit_planners_ompl/include/moveit/ompl_interface/detail/constrained_sampler.h
[245.060s] -- Installing: /home/b/ws_moveit2/src/install/moveit_planners_ompl/include/moveit/ompl_interface/detail/goal_union.h
[245.060s] -- Installing: /home/b/ws_moveit2/src/install/moveit_planners_ompl/include/moveit/ompl_interface/detail/projection_evaluators.h
[245.061s] -- Installing: /home/b/ws_moveit2/src/install/moveit_planners_ompl/include/moveit/ompl_interface/detail/constrained_goal_sampler.h
[245.062s] -- Installing: /home/b/ws_moveit2/src/install/moveit_planners_ompl/include/moveit/ompl_interface/detail/state_validity_checker.h
[245.063s] -- Installing: /home/b/ws_moveit2/src/install/moveit_planners_ompl/include/moveit/ompl_interface/detail/constraints_library.h
[245.065s] -- Installing: /home/b/ws_moveit2/src/install/moveit_planners_ompl/include/moveit/ompl_interface/parameterization
[245.066s] -- Installing: /home/b/ws_moveit2/src/install/moveit_planners_ompl/include/moveit/ompl_interface/parameterization/model_based_state_space.h
[245.067s] -- Installing: /home/b/ws_moveit2/src/install/moveit_planners_ompl/include/moveit/ompl_interface/parameterization/work_space
[245.068s] -- Installing: /home/b/ws_moveit2/src/install/moveit_planners_ompl/include/moveit/ompl_interface/parameterization/work_space/pose_model_state_space.h
[245.069s] -- Installing: /home/b/ws_moveit2/src/install/moveit_planners_ompl/include/moveit/ompl_interface/parameterization/work_space/pose_model_state_space_factory.h
[245.070s] -- Installing: /home/b/ws_moveit2/src/install/moveit_planners_ompl/include/moveit/ompl_interface/parameterization/model_based_state_space_factory.h
[245.070s] -- Installing: /home/b/ws_moveit2/src/install/moveit_planners_ompl/include/moveit/ompl_interface/parameterization/joint_space
[245.070s] -- Installing: /home/b/ws_moveit2/src/install/moveit_planners_ompl/include/moveit/ompl_interface/parameterization/joint_space/joint_model_state_space.h
[245.071s] -- Installing: /home/b/ws_moveit2/src/install/moveit_planners_ompl/include/moveit/ompl_interface/parameterization/joint_space/constrained_planning_state_space.h
[245.071s] -- Installing: /home/b/ws_moveit2/src/install/moveit_planners_ompl/include/moveit/ompl_interface/parameterization/joint_space/constrained_planning_state_space_factory.h
[245.072s] -- Installing: /home/b/ws_moveit2/src/install/moveit_planners_ompl/include/moveit/ompl_interface/parameterization/joint_space/joint_model_state_space_factory.h
[245.072s] -- Installing: /home/b/ws_moveit2/src/install/moveit_planners_ompl/include/moveit/ompl_interface/model_based_planning_context.h
[245.072s] -- Installing: /home/b/ws_moveit2/src/install/moveit_planners_ompl/include/moveit/ompl_interface/planning_context_manager.h
[245.072s] -- Installing: /home/b/ws_moveit2/src/install/moveit_planners_ompl/lib/libmoveit_ompl_interface.so.2.5.9
[245.072s] -- Set runtime path of "/home/b/ws_moveit2/src/install/moveit_planners_ompl/lib/libmoveit_ompl_interface.so.2.5.9" to ""
[245.072s] -- Installing: /home/b/ws_moveit2/src/install/moveit_planners_ompl/lib/libmoveit_ompl_interface.so
[245.072s] -- Installing: /home/b/ws_moveit2/src/install/moveit_planners_ompl/lib/libmoveit_ompl_planner_plugin.so.2.5.9
[245.072s] -- Set runtime path of "/home/b/ws_moveit2/src/install/moveit_planners_ompl/lib/libmoveit_ompl_planner_plugin.so.2.5.9" to ""
[245.072s] -- Installing: /home/b/ws_moveit2/src/install/moveit_planners_ompl/lib/libmoveit_ompl_planner_plugin.so
[245.073s] -- Installing: /home/b/ws_moveit2/src/install/moveit_planners_ompl/share/moveit_planners_ompl/environment/library_path.sh
[245.073s] -- Installing: /home/b/ws_moveit2/src/install/moveit_planners_ompl/share/moveit_planners_ompl/environment/library_path.dsv
[245.073s] -- Installing: /home/b/ws_moveit2/src/install/moveit_planners_ompl/share/moveit_planners_ompl/ompl_interface_plugin_description.xml
[245.075s] -- Installing: /home/b/ws_moveit2/src/install/moveit_planners_ompl/share/ament_index/resource_index/package_run_dependencies/moveit_planners_ompl
[245.076s] -- Installing: /home/b/ws_moveit2/src/install/moveit_planners_ompl/share/ament_index/resource_index/parent_prefix_path/moveit_planners_ompl
[245.077s] -- Installing: /home/b/ws_moveit2/src/install/moveit_planners_ompl/share/moveit_planners_ompl/environment/ament_prefix_path.sh
[245.077s] -- Installing: /home/b/ws_moveit2/src/install/moveit_planners_ompl/share/moveit_planners_ompl/environment/ament_prefix_path.dsv
[245.077s] -- Installing: /home/b/ws_moveit2/src/install/moveit_planners_ompl/share/moveit_planners_ompl/environment/path.sh
[245.077s] -- Installing: /home/b/ws_moveit2/src/install/moveit_planners_ompl/share/moveit_planners_ompl/environment/path.dsv
[245.077s] -- Installing: /home/b/ws_moveit2/src/install/moveit_planners_ompl/share/moveit_planners_ompl/local_setup.bash
[245.077s] -- Installing: /home/b/ws_moveit2/src/install/moveit_planners_ompl/share/moveit_planners_ompl/local_setup.sh
[245.077s] -- Installing: /home/b/ws_moveit2/src/install/moveit_planners_ompl/share/moveit_planners_ompl/local_setup.zsh
[245.077s] -- Installing: /home/b/ws_moveit2/src/install/moveit_planners_ompl/share/moveit_planners_ompl/local_setup.dsv
[245.077s] -- Installing: /home/b/ws_moveit2/src/install/moveit_planners_ompl/share/moveit_planners_ompl/package.dsv
[245.078s] -- Installing: /home/b/ws_moveit2/src/install/moveit_planners_ompl/share/ament_index/resource_index/packages/moveit_planners_ompl
[245.078s] -- Installing: /home/b/ws_moveit2/src/install/moveit_planners_ompl/share/ament_index/resource_index/moveit_core__pluginlib__plugin/moveit_planners_ompl
[245.078s] -- Installing: /home/b/ws_moveit2/src/install/moveit_planners_ompl/share/moveit_planners_ompl/cmake/export_moveit_planners_omplExport.cmake
[245.079s] -- Installing: /home/b/ws_moveit2/src/install/moveit_planners_ompl/share/moveit_planners_ompl/cmake/export_moveit_planners_omplExport-release.cmake
[245.079s] -- Installing: /home/b/ws_moveit2/src/install/moveit_planners_ompl/share/moveit_planners_ompl/cmake/ament_cmake_export_targets-extras.cmake
[245.079s] -- Installing: /home/b/ws_moveit2/src/install/moveit_planners_ompl/share/moveit_planners_ompl/cmake/ament_cmake_export_dependencies-extras.cmake
[245.079s] -- Installing: /home/b/ws_moveit2/src/install/moveit_planners_ompl/share/moveit_planners_ompl/cmake/moveit_planners_omplConfig.cmake
[245.080s] -- Installing: /home/b/ws_moveit2/src/install/moveit_planners_ompl/share/moveit_planners_ompl/cmake/moveit_planners_omplConfig-version.cmake
[245.080s] -- Installing: /home/b/ws_moveit2/src/install/moveit_planners_ompl/share/moveit_planners_ompl/package.xml
[245.085s] Invoked command in '/home/b/ws_moveit2/src/build/moveit_planners_ompl' returned '0': AMENT_PREFIX_PATH=/home/b/ws_moveit2/src/install/moveit_ros_planning:/home/b/ws_moveit2/src/install/moveit_ros_occupancy_map_monitor:/home/b/ws_moveit2/src/install/moveit_core:/home/b/ws_moveit2/src/install/moveit_resources_panda_moveit_config:/home/b/ws_moveit2/src/install/moveit_resources_fanuc_moveit_config:/home/b/ws_moveit2/src/install/moveit_configs_utils:/home/b/ws_moveit2/src/install/srdfdom:/home/b/ws_moveit2/src/install/moveit_resources_pr2_description:/home/b/ws_moveit2/src/install/moveit_resources_panda_description:/home/b/ws_moveit2/src/install/moveit_resources_fanuc_description:/home/b/ws_moveit2/src/install/moveit_common:/home/b/ws_moveit2/src/install/launch_param_builder:${AMENT_PREFIX_PATH} CMAKE_PREFIX_PATH=/home/b/ws_moveit2/src/install/moveit_ros_planning:/home/b/ws_moveit2/src/install/moveit_ros_occupancy_map_monitor:/home/b/ws_moveit2/src/install/moveit_core:/home/b/ws_moveit2/src/install/moveit_resources_panda_moveit_config:/home/b/ws_moveit2/src/install/moveit_resources_fanuc_moveit_config:/home/b/ws_moveit2/src/install/srdfdom:/home/b/ws_moveit2/src/install/moveit_resources_pr2_description:/home/b/ws_moveit2/src/install/moveit_resources_panda_description:/home/b/ws_moveit2/src/install/moveit_resources_fanuc_description:/home/b/ws_moveit2/src/install/moveit_common:/opt/ros/humble LD_LIBRARY_PATH=/home/b/ws_moveit2/src/install/moveit_ros_planning/lib:/home/b/ws_moveit2/src/install/moveit_ros_occupancy_map_monitor/lib:/home/b/ws_moveit2/src/install/moveit_core/lib:/home/b/ws_moveit2/src/install/srdfdom/lib:${LD_LIBRARY_PATH} PATH=/home/b/ws_moveit2/src/install/moveit_core/bin:${PATH} PYTHONPATH=/home/b/ws_moveit2/src/install/moveit_configs_utils/lib/python3.10/site-packages:/home/b/ws_moveit2/src/install/srdfdom/local/lib/python3.10/dist-packages:/home/b/ws_moveit2/src/install/launch_param_builder/lib/python3.10/site-packages:${PYTHONPATH} /usr/bin/cmake --install /home/b/ws_moveit2/src/build/moveit_planners_ompl
