[0.039s] Invoking command in '/home/b/ws_moveit2/build/moveit_common': CMAKE_PREFIX_PATH=/opt/ros/humble /usr/bin/cmake /home/b/ws_moveit2/src/moveit2/moveit_common -DCMAKE_BUILD_TYPE=Release -DCMAKE_INSTALL_PREFIX=/home/b/ws_moveit2/install/moveit_common
[0.277s] -- Found ament_cmake: 1.3.13 (/opt/ros/humble/share/ament_cmake/cmake)
[0.281s] -- Found Python3: /usr/bin/python3 (found version "3.10.12") found components: Interpreter 
[0.418s] -- Found ament_lint_auto: 0.12.15 (/opt/ros/humble/share/ament_lint_auto/cmake)
[0.500s] -- Added test 'copyright' to check source files copyright and LICENSE
[0.502s] -- Added test 'lint_cmake' to check CMake code style
[0.503s] -- Added test 'xmllint' to check XML markup files
[0.506s] -- Configuring done
[0.512s] -- Generating done
[0.514s] -- Build files have been written to: /home/b/ws_moveit2/build/moveit_common
[0.517s] Invoked command in '/home/b/ws_moveit2/build/moveit_common' returned '0': CMAKE_PREFIX_PATH=/opt/ros/humble /usr/bin/cmake /home/b/ws_moveit2/src/moveit2/moveit_common -DCMAKE_BUILD_TYPE=Release -DCMAKE_INSTALL_PREFIX=/home/b/ws_moveit2/install/moveit_common
[0.519s] Invoking command in '/home/b/ws_moveit2/build/moveit_common': CMAKE_PREFIX_PATH=/opt/ros/humble /usr/bin/cmake --build /home/b/ws_moveit2/build/moveit_common -- -j12 -l12
[0.560s] Invoked command in '/home/b/ws_moveit2/build/moveit_common' returned '0': CMAKE_PREFIX_PATH=/opt/ros/humble /usr/bin/cmake --build /home/b/ws_moveit2/build/moveit_common -- -j12 -l12
[0.568s] Invoking command in '/home/b/ws_moveit2/build/moveit_common': CMAKE_PREFIX_PATH=/opt/ros/humble /usr/bin/cmake --install /home/b/ws_moveit2/build/moveit_common
[0.573s] -- Install configuration: "Release"
[0.573s] -- Installing: /home/b/ws_moveit2/install/moveit_common/share/ament_index/resource_index/package_run_dependencies/moveit_common
[0.574s] -- Installing: /home/b/ws_moveit2/install/moveit_common/share/ament_index/resource_index/parent_prefix_path/moveit_common
[0.574s] -- Installing: /home/b/ws_moveit2/install/moveit_common/share/moveit_common/environment/ament_prefix_path.sh
[0.575s] -- Installing: /home/b/ws_moveit2/install/moveit_common/share/moveit_common/environment/ament_prefix_path.dsv
[0.575s] -- Installing: /home/b/ws_moveit2/install/moveit_common/share/moveit_common/environment/path.sh
[0.575s] -- Installing: /home/b/ws_moveit2/install/moveit_common/share/moveit_common/environment/path.dsv
[0.575s] -- Installing: /home/b/ws_moveit2/install/moveit_common/share/moveit_common/local_setup.bash
[0.575s] -- Installing: /home/b/ws_moveit2/install/moveit_common/share/moveit_common/local_setup.sh
[0.575s] -- Installing: /home/b/ws_moveit2/install/moveit_common/share/moveit_common/local_setup.zsh
[0.575s] -- Installing: /home/b/ws_moveit2/install/moveit_common/share/moveit_common/local_setup.dsv
[0.576s] -- Installing: /home/b/ws_moveit2/install/moveit_common/share/moveit_common/package.dsv
[0.576s] -- Installing: /home/b/ws_moveit2/install/moveit_common/share/ament_index/resource_index/packages/moveit_common
[0.576s] -- Installing: /home/b/ws_moveit2/install/moveit_common/share/moveit_common/cmake/moveit_common-extras.cmake
[0.576s] -- Installing: /home/b/ws_moveit2/install/moveit_common/share/moveit_common/cmake/moveit_commonConfig.cmake
[0.576s] -- Installing: /home/b/ws_moveit2/install/moveit_common/share/moveit_common/cmake/moveit_commonConfig-version.cmake
[0.576s] -- Installing: /home/b/ws_moveit2/install/moveit_common/share/moveit_common/package.xml
[0.577s] -- Up-to-date: /home/b/ws_moveit2/install/moveit_common/share/moveit_common/cmake
[0.577s] -- Installing: /home/b/ws_moveit2/install/moveit_common/share/moveit_common/cmake/moveit_package.cmake
[0.579s] Invoked command in '/home/b/ws_moveit2/build/moveit_common' returned '0': CMAKE_PREFIX_PATH=/opt/ros/humble /usr/bin/cmake --install /home/b/ws_moveit2/build/moveit_common
