[1.820s] Invoking command in '/home/b/ws_moveit2/src/build/moveit_ros_benchmarks': AMENT_PREFIX_PATH=/home/b/ws_moveit2/src/install/moveit_ros_warehouse:/home/b/ws_moveit2/src/install/moveit_ros_planning:/home/b/ws_moveit2/src/install/moveit_ros_occupancy_map_monitor:/home/b/ws_moveit2/src/install/moveit_core:/home/b/ws_moveit2/src/install/moveit_resources_panda_moveit_config:/home/b/ws_moveit2/src/install/moveit_configs_utils:/home/b/ws_moveit2/src/install/srdfdom:/home/b/ws_moveit2/src/install/moveit_resources_pr2_description:/home/b/ws_moveit2/src/install/moveit_resources_panda_description:/home/b/ws_moveit2/src/install/moveit_common:/home/b/ws_moveit2/src/install/launch_param_builder:${AMENT_PREFIX_PATH} CMAKE_PREFIX_PATH=/home/b/ws_moveit2/src/install/moveit_ros_warehouse:/home/b/ws_moveit2/src/install/moveit_ros_planning:/home/b/ws_moveit2/src/install/moveit_ros_occupancy_map_monitor:/home/b/ws_moveit2/src/install/moveit_core:/home/b/ws_moveit2/src/install/moveit_resources_panda_moveit_config:/home/b/ws_moveit2/src/install/srdfdom:/home/b/ws_moveit2/src/install/moveit_resources_pr2_description:/home/b/ws_moveit2/src/install/moveit_resources_panda_description:/home/b/ws_moveit2/src/install/moveit_common:/opt/ros/humble LD_LIBRARY_PATH=/home/b/ws_moveit2/src/install/moveit_ros_warehouse/lib:/home/b/ws_moveit2/src/install/moveit_ros_planning/lib:/home/b/ws_moveit2/src/install/moveit_ros_occupancy_map_monitor/lib:/home/b/ws_moveit2/src/install/moveit_core/lib:/home/b/ws_moveit2/src/install/srdfdom/lib:${LD_LIBRARY_PATH} PATH=/home/b/ws_moveit2/src/install/moveit_core/bin:${PATH} PYTHONPATH=/home/b/ws_moveit2/src/install/moveit_configs_utils/lib/python3.10/site-packages:/home/b/ws_moveit2/src/install/srdfdom/local/lib/python3.10/dist-packages:/home/b/ws_moveit2/src/install/launch_param_builder/lib/python3.10/site-packages:${PYTHONPATH} /usr/bin/cmake /home/b/ws_moveit2/src/moveit2/moveit_ros/benchmarks -DCMAKE_INSTALL_PREFIX=/home/b/ws_moveit2/src/install/moveit_ros_benchmarks
[2.144s] -- The C compiler identification is GNU 11.4.0
[3.037s] -- The CXX compiler identification is GNU 11.4.0
[3.559s] -- Detecting C compiler ABI info
[3.868s] -- Detecting C compiler ABI info - done
[3.885s] -- Check for working C compiler: /usr/bin/cc - skipped
[3.885s] -- Detecting C compile features
[3.886s] -- Detecting C compile features - done
[3.890s] -- Detecting CXX compiler ABI info
[4.219s] -- Detecting CXX compiler ABI info - done
[4.237s] -- Check for working CXX compiler: /usr/bin/c++ - skipped
[4.238s] -- Detecting CXX compile features
[4.241s] -- Detecting CXX compile features - done
[4.245s] -- Found moveit_common: 2.5.9 (/home/b/ws_moveit2/src/install/moveit_common/share/moveit_common/cmake)
[4.252s] -- Found ament_cmake: 1.3.13 (/opt/ros/humble/share/ament_cmake/cmake)
[4.663s] -- Found Python3: /usr/bin/python3 (found version "3.10.12") found components: Interpreter 
[5.034s] [0mmoveit_ros_benchmarks: You did not request a specific build type: Choosing 'Release' for maximum performance[0m
[5.040s] -- Found rclcpp: 16.0.18 (/opt/ros/humble/share/rclcpp/cmake)
[5.529s] -- Found rosidl_generator_c: 3.1.8 (/opt/ros/humble/share/rosidl_generator_c/cmake)
[5.540s] -- Found rosidl_adapter: 3.1.8 (/opt/ros/humble/share/rosidl_adapter/cmake)
[5.559s] -- Found rosidl_generator_cpp: 3.1.8 (/opt/ros/humble/share/rosidl_generator_cpp/cmake)
[5.594s] -- Using all available rosidl_typesupport_c: rosidl_typesupport_fastrtps_c;rosidl_typesupport_introspection_c
[5.634s] -- Using all available rosidl_typesupport_cpp: rosidl_typesupport_fastrtps_cpp;rosidl_typesupport_introspection_cpp
[5.726s] -- Found rmw_implementation_cmake: 6.1.2 (/opt/ros/humble/share/rmw_implementation_cmake/cmake)
[5.734s] -- Found rmw_fastrtps_cpp: 6.2.10 (/opt/ros/humble/share/rmw_fastrtps_cpp/cmake)
[8.595s] -- Found OpenSSL: /usr/lib/x86_64-linux-gnu/libcrypto.so (found version "3.0.2")  
[11.607s] -- Found FastRTPS: /opt/ros/humble/include  
[17.106s] -- Using RMW implementation 'rmw_fastrtps_cpp' as default
[17.126s] -- Looking for pthread.h
[17.440s] -- Looking for pthread.h - found
[17.440s] -- Performing Test CMAKE_HAVE_LIBC_PTHREAD
[17.760s] -- Performing Test CMAKE_HAVE_LIBC_PTHREAD - Success
[17.763s] -- Found Threads: TRUE  
[17.858s] -- Found tf2_eigen: 0.25.19 (/opt/ros/humble/share/tf2_eigen/cmake)
[18.097s] -- Found moveit_core: 2.5.9 (/home/b/ws_moveit2/src/install/moveit_core/share/moveit_core/cmake)
[18.165s] -- Found Boost: /usr/lib/x86_64-linux-gnu/cmake/Boost-1.74.0/BoostConfig.cmake (found version "1.74.0") found components: chrono date_time filesystem iostreams program_options regex serialization system thread 
[21.662s] -- Found parameter_traits: 0.6.0 (/opt/ros/humble/share/parameter_traits/cmake)
[21.689s] -- Found rclcpp_lifecycle: 16.0.18 (/opt/ros/humble/share/rclcpp_lifecycle/cmake)
[21.744s] -- Found Boost: /usr/lib/x86_64-linux-gnu/cmake/Boost-1.74.0/BoostConfig.cmake (found version "1.74.0") found components: filesystem 
[24.879s] -- library: /usr/lib/x86_64-linux-gnu/libcurl.so
[25.208s] -- Found Eigen3: TRUE (found version "3.4.0") 
[25.209s] -- Ensuring Eigen3 include directory is part of orocos-kdl CMake target
[28.698s] -- Found moveit_ros_planning: 2.5.9 (/home/b/ws_moveit2/src/install/moveit_ros_planning/share/moveit_ros_planning/cmake)
[28.712s] -- Found Boost: /usr/lib/x86_64-linux-gnu/cmake/Boost-1.74.0/BoostConfig.cmake (found version "1.74.0") found components: system filesystem date_time program_options thread chrono 
[28.775s] -- Found moveit_ros_warehouse: 2.5.9 (/home/b/ws_moveit2/src/install/moveit_ros_warehouse/share/moveit_ros_warehouse/cmake)
[28.790s] -- Found Boost: /usr/lib/x86_64-linux-gnu/cmake/Boost-1.74.0/BoostConfig.cmake (found version "1.74.0") found components: thread system filesystem regex date_time program_options 
[28.847s] -- Found Boost: /usr/lib/x86_64-linux-gnu/cmake/Boost-1.74.0/BoostConfig.cmake (found version "1.74.0") found components: date_time filesystem 
[28.897s] -- Found ament_lint_auto: 0.12.15 (/opt/ros/humble/share/ament_lint_auto/cmake)
[28.939s] -- Added test 'cppcheck' to perform static code analysis on C / C++ code
[28.940s] -- Configured cppcheck include dirs: /home/b/ws_moveit2/src/moveit2/moveit_ros/benchmarks/include
[28.940s] -- Configured cppcheck exclude dirs and/or files: 
[28.943s] -- Added test 'lint_cmake' to check CMake code style
[28.944s] -- Added test 'xmllint' to check XML markup files
[28.949s] -- Configuring done
[29.086s] -- Generating done
[29.123s] -- Build files have been written to: /home/b/ws_moveit2/src/build/moveit_ros_benchmarks
[29.170s] Invoked command in '/home/b/ws_moveit2/src/build/moveit_ros_benchmarks' returned '0': AMENT_PREFIX_PATH=/home/b/ws_moveit2/src/install/moveit_ros_warehouse:/home/b/ws_moveit2/src/install/moveit_ros_planning:/home/b/ws_moveit2/src/install/moveit_ros_occupancy_map_monitor:/home/b/ws_moveit2/src/install/moveit_core:/home/b/ws_moveit2/src/install/moveit_resources_panda_moveit_config:/home/b/ws_moveit2/src/install/moveit_configs_utils:/home/b/ws_moveit2/src/install/srdfdom:/home/b/ws_moveit2/src/install/moveit_resources_pr2_description:/home/b/ws_moveit2/src/install/moveit_resources_panda_description:/home/b/ws_moveit2/src/install/moveit_common:/home/b/ws_moveit2/src/install/launch_param_builder:${AMENT_PREFIX_PATH} CMAKE_PREFIX_PATH=/home/b/ws_moveit2/src/install/moveit_ros_warehouse:/home/b/ws_moveit2/src/install/moveit_ros_planning:/home/b/ws_moveit2/src/install/moveit_ros_occupancy_map_monitor:/home/b/ws_moveit2/src/install/moveit_core:/home/b/ws_moveit2/src/install/moveit_resources_panda_moveit_config:/home/b/ws_moveit2/src/install/srdfdom:/home/b/ws_moveit2/src/install/moveit_resources_pr2_description:/home/b/ws_moveit2/src/install/moveit_resources_panda_description:/home/b/ws_moveit2/src/install/moveit_common:/opt/ros/humble LD_LIBRARY_PATH=/home/b/ws_moveit2/src/install/moveit_ros_warehouse/lib:/home/b/ws_moveit2/src/install/moveit_ros_planning/lib:/home/b/ws_moveit2/src/install/moveit_ros_occupancy_map_monitor/lib:/home/b/ws_moveit2/src/install/moveit_core/lib:/home/b/ws_moveit2/src/install/srdfdom/lib:${LD_LIBRARY_PATH} PATH=/home/b/ws_moveit2/src/install/moveit_core/bin:${PATH} PYTHONPATH=/home/b/ws_moveit2/src/install/moveit_configs_utils/lib/python3.10/site-packages:/home/b/ws_moveit2/src/install/srdfdom/local/lib/python3.10/dist-packages:/home/b/ws_moveit2/src/install/launch_param_builder/lib/python3.10/site-packages:${PYTHONPATH} /usr/bin/cmake /home/b/ws_moveit2/src/moveit2/moveit_ros/benchmarks -DCMAKE_INSTALL_PREFIX=/home/b/ws_moveit2/src/install/moveit_ros_benchmarks
[29.171s] Invoking command in '/home/b/ws_moveit2/src/build/moveit_ros_benchmarks': AMENT_PREFIX_PATH=/home/b/ws_moveit2/src/install/moveit_ros_warehouse:/home/b/ws_moveit2/src/install/moveit_ros_planning:/home/b/ws_moveit2/src/install/moveit_ros_occupancy_map_monitor:/home/b/ws_moveit2/src/install/moveit_core:/home/b/ws_moveit2/src/install/moveit_resources_panda_moveit_config:/home/b/ws_moveit2/src/install/moveit_configs_utils:/home/b/ws_moveit2/src/install/srdfdom:/home/b/ws_moveit2/src/install/moveit_resources_pr2_description:/home/b/ws_moveit2/src/install/moveit_resources_panda_description:/home/b/ws_moveit2/src/install/moveit_common:/home/b/ws_moveit2/src/install/launch_param_builder:${AMENT_PREFIX_PATH} CMAKE_PREFIX_PATH=/home/b/ws_moveit2/src/install/moveit_ros_warehouse:/home/b/ws_moveit2/src/install/moveit_ros_planning:/home/b/ws_moveit2/src/install/moveit_ros_occupancy_map_monitor:/home/b/ws_moveit2/src/install/moveit_core:/home/b/ws_moveit2/src/install/moveit_resources_panda_moveit_config:/home/b/ws_moveit2/src/install/srdfdom:/home/b/ws_moveit2/src/install/moveit_resources_pr2_description:/home/b/ws_moveit2/src/install/moveit_resources_panda_description:/home/b/ws_moveit2/src/install/moveit_common:/opt/ros/humble LD_LIBRARY_PATH=/home/b/ws_moveit2/src/install/moveit_ros_warehouse/lib:/home/b/ws_moveit2/src/install/moveit_ros_planning/lib:/home/b/ws_moveit2/src/install/moveit_ros_occupancy_map_monitor/lib:/home/b/ws_moveit2/src/install/moveit_core/lib:/home/b/ws_moveit2/src/install/srdfdom/lib:${LD_LIBRARY_PATH} PATH=/home/b/ws_moveit2/src/install/moveit_core/bin:${PATH} PYTHONPATH=/home/b/ws_moveit2/src/install/moveit_configs_utils/lib/python3.10/site-packages:/home/b/ws_moveit2/src/install/srdfdom/local/lib/python3.10/dist-packages:/home/b/ws_moveit2/src/install/launch_param_builder/lib/python3.10/site-packages:${PYTHONPATH} /usr/bin/cmake --build /home/b/ws_moveit2/src/build/moveit_ros_benchmarks -- -j12 -l12
[29.281s] [ 14%] [32mBuilding CXX object CMakeFiles/moveit_ros_benchmarks.dir/src/BenchmarkOptions.cpp.o[0m
[29.282s] [ 28%] [32mBuilding CXX object CMakeFiles/moveit_ros_benchmarks.dir/src/BenchmarkExecutor.cpp.o[0m
[78.384s] [ 42%] [32m[1mLinking CXX shared library libmoveit_ros_benchmarks.so[0m
[79.074s] [ 42%] Built target moveit_ros_benchmarks
[79.116s] [ 57%] [32mBuilding CXX object CMakeFiles/moveit_combine_predefined_poses_benchmark.dir/src/simple_benchmarks/CombinePredefinedPosesBenchmark.cpp.o[0m
[79.118s] [ 71%] [32mBuilding CXX object CMakeFiles/moveit_run_benchmark.dir/src/RunBenchmark.cpp.o[0m
[109.609s] [ 85%] [32m[1mLinking CXX executable moveit_combine_predefined_poses_benchmark[0m
[111.394s] [ 85%] Built target moveit_combine_predefined_poses_benchmark
[113.560s] [100%] [32m[1mLinking CXX executable moveit_run_benchmark[0m
[114.989s] [100%] Built target moveit_run_benchmark
[115.031s] Invoked command in '/home/b/ws_moveit2/src/build/moveit_ros_benchmarks' returned '0': AMENT_PREFIX_PATH=/home/b/ws_moveit2/src/install/moveit_ros_warehouse:/home/b/ws_moveit2/src/install/moveit_ros_planning:/home/b/ws_moveit2/src/install/moveit_ros_occupancy_map_monitor:/home/b/ws_moveit2/src/install/moveit_core:/home/b/ws_moveit2/src/install/moveit_resources_panda_moveit_config:/home/b/ws_moveit2/src/install/moveit_configs_utils:/home/b/ws_moveit2/src/install/srdfdom:/home/b/ws_moveit2/src/install/moveit_resources_pr2_description:/home/b/ws_moveit2/src/install/moveit_resources_panda_description:/home/b/ws_moveit2/src/install/moveit_common:/home/b/ws_moveit2/src/install/launch_param_builder:${AMENT_PREFIX_PATH} CMAKE_PREFIX_PATH=/home/b/ws_moveit2/src/install/moveit_ros_warehouse:/home/b/ws_moveit2/src/install/moveit_ros_planning:/home/b/ws_moveit2/src/install/moveit_ros_occupancy_map_monitor:/home/b/ws_moveit2/src/install/moveit_core:/home/b/ws_moveit2/src/install/moveit_resources_panda_moveit_config:/home/b/ws_moveit2/src/install/srdfdom:/home/b/ws_moveit2/src/install/moveit_resources_pr2_description:/home/b/ws_moveit2/src/install/moveit_resources_panda_description:/home/b/ws_moveit2/src/install/moveit_common:/opt/ros/humble LD_LIBRARY_PATH=/home/b/ws_moveit2/src/install/moveit_ros_warehouse/lib:/home/b/ws_moveit2/src/install/moveit_ros_planning/lib:/home/b/ws_moveit2/src/install/moveit_ros_occupancy_map_monitor/lib:/home/b/ws_moveit2/src/install/moveit_core/lib:/home/b/ws_moveit2/src/install/srdfdom/lib:${LD_LIBRARY_PATH} PATH=/home/b/ws_moveit2/src/install/moveit_core/bin:${PATH} PYTHONPATH=/home/b/ws_moveit2/src/install/moveit_configs_utils/lib/python3.10/site-packages:/home/b/ws_moveit2/src/install/srdfdom/local/lib/python3.10/dist-packages:/home/b/ws_moveit2/src/install/launch_param_builder/lib/python3.10/site-packages:${PYTHONPATH} /usr/bin/cmake --build /home/b/ws_moveit2/src/build/moveit_ros_benchmarks -- -j12 -l12
[115.053s] Invoking command in '/home/b/ws_moveit2/src/build/moveit_ros_benchmarks': AMENT_PREFIX_PATH=/home/b/ws_moveit2/src/install/moveit_ros_warehouse:/home/b/ws_moveit2/src/install/moveit_ros_planning:/home/b/ws_moveit2/src/install/moveit_ros_occupancy_map_monitor:/home/b/ws_moveit2/src/install/moveit_core:/home/b/ws_moveit2/src/install/moveit_resources_panda_moveit_config:/home/b/ws_moveit2/src/install/moveit_configs_utils:/home/b/ws_moveit2/src/install/srdfdom:/home/b/ws_moveit2/src/install/moveit_resources_pr2_description:/home/b/ws_moveit2/src/install/moveit_resources_panda_description:/home/b/ws_moveit2/src/install/moveit_common:/home/b/ws_moveit2/src/install/launch_param_builder:${AMENT_PREFIX_PATH} CMAKE_PREFIX_PATH=/home/b/ws_moveit2/src/install/moveit_ros_warehouse:/home/b/ws_moveit2/src/install/moveit_ros_planning:/home/b/ws_moveit2/src/install/moveit_ros_occupancy_map_monitor:/home/b/ws_moveit2/src/install/moveit_core:/home/b/ws_moveit2/src/install/moveit_resources_panda_moveit_config:/home/b/ws_moveit2/src/install/srdfdom:/home/b/ws_moveit2/src/install/moveit_resources_pr2_description:/home/b/ws_moveit2/src/install/moveit_resources_panda_description:/home/b/ws_moveit2/src/install/moveit_common:/opt/ros/humble LD_LIBRARY_PATH=/home/b/ws_moveit2/src/install/moveit_ros_warehouse/lib:/home/b/ws_moveit2/src/install/moveit_ros_planning/lib:/home/b/ws_moveit2/src/install/moveit_ros_occupancy_map_monitor/lib:/home/b/ws_moveit2/src/install/moveit_core/lib:/home/b/ws_moveit2/src/install/srdfdom/lib:${LD_LIBRARY_PATH} PATH=/home/b/ws_moveit2/src/install/moveit_core/bin:${PATH} PYTHONPATH=/home/b/ws_moveit2/src/install/moveit_configs_utils/lib/python3.10/site-packages:/home/b/ws_moveit2/src/install/srdfdom/local/lib/python3.10/dist-packages:/home/b/ws_moveit2/src/install/launch_param_builder/lib/python3.10/site-packages:${PYTHONPATH} /usr/bin/cmake --install /home/b/ws_moveit2/src/build/moveit_ros_benchmarks
[115.079s] -- Install configuration: "Release"
[115.088s] -- Installing: /home/b/ws_moveit2/src/install/moveit_ros_benchmarks/lib/libmoveit_ros_benchmarks.so.2.5.9
[115.093s] -- Set runtime path of "/home/b/ws_moveit2/src/install/moveit_ros_benchmarks/lib/libmoveit_ros_benchmarks.so.2.5.9" to ""
[115.094s] -- Installing: /home/b/ws_moveit2/src/install/moveit_ros_benchmarks/lib/libmoveit_ros_benchmarks.so
[115.095s] -- Installing: /home/b/ws_moveit2/src/install/moveit_ros_benchmarks/share/moveit_ros_benchmarks/environment/library_path.sh
[115.095s] -- Installing: /home/b/ws_moveit2/src/install/moveit_ros_benchmarks/share/moveit_ros_benchmarks/environment/library_path.dsv
[115.096s] -- Installing: /home/b/ws_moveit2/src/install/moveit_ros_benchmarks/lib/moveit_ros_benchmarks/moveit_run_benchmark
[115.096s] -- Set runtime path of "/home/b/ws_moveit2/src/install/moveit_ros_benchmarks/lib/moveit_ros_benchmarks/moveit_run_benchmark" to ""
[115.102s] -- Installing: /home/b/ws_moveit2/src/install/moveit_ros_benchmarks/lib/moveit_ros_benchmarks/moveit_combine_predefined_poses_benchmark
[115.102s] -- Set runtime path of "/home/b/ws_moveit2/src/install/moveit_ros_benchmarks/lib/moveit_ros_benchmarks/moveit_combine_predefined_poses_benchmark" to ""
[115.102s] -- Installing: /home/b/ws_moveit2/src/install/moveit_ros_benchmarks/include
[115.102s] -- Installing: /home/b/ws_moveit2/src/install/moveit_ros_benchmarks/include/moveit
[115.103s] -- Installing: /home/b/ws_moveit2/src/install/moveit_ros_benchmarks/include/moveit/benchmarks
[115.103s] -- Installing: /home/b/ws_moveit2/src/install/moveit_ros_benchmarks/include/moveit/benchmarks/BenchmarkExecutor.h
[115.103s] -- Installing: /home/b/ws_moveit2/src/install/moveit_ros_benchmarks/include/moveit/benchmarks/BenchmarkOptions.h
[115.103s] -- Installing: /home/b/ws_moveit2/src/install/moveit_ros_benchmarks/lib/moveit_ros_benchmarks/moveit_benchmark_statistics.py
[115.107s] -- Up-to-date: /home/b/ws_moveit2/src/install/moveit_ros_benchmarks/share/moveit_ros_benchmarks
[115.107s] -- Installing: /home/b/ws_moveit2/src/install/moveit_ros_benchmarks/share/moveit_ros_benchmarks/demo_panda_all_planners.launch
[115.108s] -- Installing: /home/b/ws_moveit2/src/install/moveit_ros_benchmarks/share/moveit_ros_benchmarks/demo_panda_all_planners.yaml
[115.109s] -- Installing: /home/b/ws_moveit2/src/install/moveit_ros_benchmarks/share/moveit_ros_benchmarks/demo_fanuc.launch
[115.110s] -- Installing: /home/b/ws_moveit2/src/install/moveit_ros_benchmarks/share/moveit_ros_benchmarks/demo_panda_predefined_poses.yaml
[115.111s] -- Installing: /home/b/ws_moveit2/src/install/moveit_ros_benchmarks/share/moveit_ros_benchmarks/demo2.yaml
[115.114s] -- Installing: /home/b/ws_moveit2/src/install/moveit_ros_benchmarks/share/moveit_ros_benchmarks/demo_obstacles.yaml
[115.115s] -- Installing: /home/b/ws_moveit2/src/install/moveit_ros_benchmarks/share/moveit_ros_benchmarks/demo_panda.launch.py
[115.116s] -- Installing: /home/b/ws_moveit2/src/install/moveit_ros_benchmarks/share/moveit_ros_benchmarks/demo1.yaml
[115.117s] -- Installing: /home/b/ws_moveit2/src/install/moveit_ros_benchmarks/share/moveit_ros_benchmarks/demo_panda_all_planners_obstacles.launch
[115.122s] -- Installing: /home/b/ws_moveit2/src/install/moveit_ros_benchmarks/share/moveit_ros_benchmarks/demo_panda_predefined_poses.launch.py
[115.126s] -- Installing: /home/b/ws_moveit2/src/install/moveit_ros_benchmarks/share/ament_index/resource_index/package_run_dependencies/moveit_ros_benchmarks
[115.126s] -- Installing: /home/b/ws_moveit2/src/install/moveit_ros_benchmarks/share/ament_index/resource_index/parent_prefix_path/moveit_ros_benchmarks
[115.126s] -- Installing: /home/b/ws_moveit2/src/install/moveit_ros_benchmarks/share/moveit_ros_benchmarks/environment/ament_prefix_path.sh
[115.127s] -- Installing: /home/b/ws_moveit2/src/install/moveit_ros_benchmarks/share/moveit_ros_benchmarks/environment/ament_prefix_path.dsv
[115.134s] -- Installing: /home/b/ws_moveit2/src/install/moveit_ros_benchmarks/share/moveit_ros_benchmarks/environment/path.sh
[115.134s] -- Installing: /home/b/ws_moveit2/src/install/moveit_ros_benchmarks/share/moveit_ros_benchmarks/environment/path.dsv
[115.134s] -- Installing: /home/b/ws_moveit2/src/install/moveit_ros_benchmarks/share/moveit_ros_benchmarks/local_setup.bash
[115.135s] -- Installing: /home/b/ws_moveit2/src/install/moveit_ros_benchmarks/share/moveit_ros_benchmarks/local_setup.sh
[115.135s] -- Installing: /home/b/ws_moveit2/src/install/moveit_ros_benchmarks/share/moveit_ros_benchmarks/local_setup.zsh
[115.135s] -- Installing: /home/b/ws_moveit2/src/install/moveit_ros_benchmarks/share/moveit_ros_benchmarks/local_setup.dsv
[115.135s] -- Installing: /home/b/ws_moveit2/src/install/moveit_ros_benchmarks/share/moveit_ros_benchmarks/package.dsv
[115.135s] -- Installing: /home/b/ws_moveit2/src/install/moveit_ros_benchmarks/share/ament_index/resource_index/packages/moveit_ros_benchmarks
[115.136s] -- Installing: /home/b/ws_moveit2/src/install/moveit_ros_benchmarks/share/moveit_ros_benchmarks/cmake/export_moveit_ros_benchmarksExport.cmake
[115.136s] -- Installing: /home/b/ws_moveit2/src/install/moveit_ros_benchmarks/share/moveit_ros_benchmarks/cmake/export_moveit_ros_benchmarksExport-release.cmake
[115.136s] -- Installing: /home/b/ws_moveit2/src/install/moveit_ros_benchmarks/share/moveit_ros_benchmarks/cmake/ConfigExtras.cmake
[115.136s] -- Installing: /home/b/ws_moveit2/src/install/moveit_ros_benchmarks/share/moveit_ros_benchmarks/cmake/ament_cmake_export_targets-extras.cmake
[115.136s] -- Installing: /home/b/ws_moveit2/src/install/moveit_ros_benchmarks/share/moveit_ros_benchmarks/cmake/ament_cmake_export_dependencies-extras.cmake
[115.137s] -- Installing: /home/b/ws_moveit2/src/install/moveit_ros_benchmarks/share/moveit_ros_benchmarks/cmake/moveit_ros_benchmarksConfig.cmake
[115.137s] -- Installing: /home/b/ws_moveit2/src/install/moveit_ros_benchmarks/share/moveit_ros_benchmarks/cmake/moveit_ros_benchmarksConfig-version.cmake
[115.138s] -- Installing: /home/b/ws_moveit2/src/install/moveit_ros_benchmarks/share/moveit_ros_benchmarks/package.xml
[115.154s] Invoked command in '/home/b/ws_moveit2/src/build/moveit_ros_benchmarks' returned '0': AMENT_PREFIX_PATH=/home/b/ws_moveit2/src/install/moveit_ros_warehouse:/home/b/ws_moveit2/src/install/moveit_ros_planning:/home/b/ws_moveit2/src/install/moveit_ros_occupancy_map_monitor:/home/b/ws_moveit2/src/install/moveit_core:/home/b/ws_moveit2/src/install/moveit_resources_panda_moveit_config:/home/b/ws_moveit2/src/install/moveit_configs_utils:/home/b/ws_moveit2/src/install/srdfdom:/home/b/ws_moveit2/src/install/moveit_resources_pr2_description:/home/b/ws_moveit2/src/install/moveit_resources_panda_description:/home/b/ws_moveit2/src/install/moveit_common:/home/b/ws_moveit2/src/install/launch_param_builder:${AMENT_PREFIX_PATH} CMAKE_PREFIX_PATH=/home/b/ws_moveit2/src/install/moveit_ros_warehouse:/home/b/ws_moveit2/src/install/moveit_ros_planning:/home/b/ws_moveit2/src/install/moveit_ros_occupancy_map_monitor:/home/b/ws_moveit2/src/install/moveit_core:/home/b/ws_moveit2/src/install/moveit_resources_panda_moveit_config:/home/b/ws_moveit2/src/install/srdfdom:/home/b/ws_moveit2/src/install/moveit_resources_pr2_description:/home/b/ws_moveit2/src/install/moveit_resources_panda_description:/home/b/ws_moveit2/src/install/moveit_common:/opt/ros/humble LD_LIBRARY_PATH=/home/b/ws_moveit2/src/install/moveit_ros_warehouse/lib:/home/b/ws_moveit2/src/install/moveit_ros_planning/lib:/home/b/ws_moveit2/src/install/moveit_ros_occupancy_map_monitor/lib:/home/b/ws_moveit2/src/install/moveit_core/lib:/home/b/ws_moveit2/src/install/srdfdom/lib:${LD_LIBRARY_PATH} PATH=/home/b/ws_moveit2/src/install/moveit_core/bin:${PATH} PYTHONPATH=/home/b/ws_moveit2/src/install/moveit_configs_utils/lib/python3.10/site-packages:/home/b/ws_moveit2/src/install/srdfdom/local/lib/python3.10/dist-packages:/home/b/ws_moveit2/src/install/launch_param_builder/lib/python3.10/site-packages:${PYTHONPATH} /usr/bin/cmake --install /home/b/ws_moveit2/src/build/moveit_ros_benchmarks
