running egg_info
creating ../../build/ur3e_motion/ur3e_motion.egg-info
writing ../../build/ur3e_motion/ur3e_motion.egg-info/PKG-INFO
writing dependency_links to ../../build/ur3e_motion/ur3e_motion.egg-info/dependency_links.txt
writing entry points to ../../build/ur3e_motion/ur3e_motion.egg-info/entry_points.txt
writing requirements to ../../build/ur3e_motion/ur3e_motion.egg-info/requires.txt
writing top-level names to ../../build/ur3e_motion/ur3e_motion.egg-info/top_level.txt
writing manifest file '../../build/ur3e_motion/ur3e_motion.egg-info/SOURCES.txt'
reading manifest file '../../build/ur3e_motion/ur3e_motion.egg-info/SOURCES.txt'
writing manifest file '../../build/ur3e_motion/ur3e_motion.egg-info/SOURCES.txt'
running build
running build_py
creating /home/b/ws_moveit2/build/ur3e_motion/build
creating /home/b/ws_moveit2/build/ur3e_motion/build/lib
creating /home/b/ws_moveit2/build/ur3e_motion/build/lib/ur3e_motion
copying ur3e_motion/__init__.py -> /home/b/ws_moveit2/build/ur3e_motion/build/lib/ur3e_motion
copying ur3e_motion/move_to_position.py -> /home/b/ws_moveit2/build/ur3e_motion/build/lib/ur3e_motion
running install
running install_lib
creating /home/b/ws_moveit2/install/ur3e_motion/lib/python3.10/site-packages/ur3e_motion
copying /home/b/ws_moveit2/build/ur3e_motion/build/lib/ur3e_motion/__init__.py -> /home/b/ws_moveit2/install/ur3e_motion/lib/python3.10/site-packages/ur3e_motion
copying /home/b/ws_moveit2/build/ur3e_motion/build/lib/ur3e_motion/move_to_position.py -> /home/b/ws_moveit2/install/ur3e_motion/lib/python3.10/site-packages/ur3e_motion
byte-compiling /home/b/ws_moveit2/install/ur3e_motion/lib/python3.10/site-packages/ur3e_motion/__init__.py to __init__.cpython-310.pyc
byte-compiling /home/b/ws_moveit2/install/ur3e_motion/lib/python3.10/site-packages/ur3e_motion/move_to_position.py to move_to_position.cpython-310.pyc
running install_data
creating /home/b/ws_moveit2/install/ur3e_motion/share/ament_index
creating /home/b/ws_moveit2/install/ur3e_motion/share/ament_index/resource_index
creating /home/b/ws_moveit2/install/ur3e_motion/share/ament_index/resource_index/packages
copying resource/ur3e_motion -> /home/b/ws_moveit2/install/ur3e_motion/share/ament_index/resource_index/packages
copying package.xml -> /home/b/ws_moveit2/install/ur3e_motion/share/ur3e_motion
running install_egg_info
Copying ../../build/ur3e_motion/ur3e_motion.egg-info to /home/b/ws_moveit2/install/ur3e_motion/lib/python3.10/site-packages/ur3e_motion-0.0.0-py3.10.egg-info
running install_scripts
Installing move_to_position script to /home/b/ws_moveit2/install/ur3e_motion/lib/ur3e_motion
writing list of installed files to '/home/b/ws_moveit2/build/ur3e_motion/install.log'
