[4.242s] Invoking command in '/home/b/ws_moveit2/src/ur3e_motion': AMENT_PREFIX_PATH=/home/b/ws_moveit2/install/moveit_py:/home/b/ws_moveit2/install/moveit_ros_planning_interface:/home/b/ws_moveit2/install/moveit_ros_move_group:/home/b/ws_moveit2/install/moveit_ros_warehouse:/home/b/ws_moveit2/install/moveit_planners_ompl:/home/b/ws_moveit2/install/moveit_kinematics:/home/b/ws_moveit2/install/moveit_ros_planning:/home/b/ws_moveit2/install/moveit_simple_controller_manager:/home/b/ws_moveit2/install/moveit_ros_occupancy_map_monitor:/home/b/ws_moveit2/install/moveit_core:/home/b/ws_moveit2/install/moveit_resources_panda_moveit_config:/home/b/ws_moveit2/install/moveit_resources_fanuc_moveit_config:/home/b/ws_moveit2/install/moveit_configs_utils:/home/b/ws_moveit2/install/srdfdom:/home/b/ws_moveit2/install/moveit_resources_pr2_description:/home/b/ws_moveit2/install/moveit_resources_panda_description:/home/b/ws_moveit2/install/moveit_resources_fanuc_description:/home/b/ws_moveit2/install/moveit_common:/home/b/ws_moveit2/install/launch_param_builder:${AMENT_PREFIX_PATH} CMAKE_PREFIX_PATH=/home/b/ws_moveit2/install/moveit_py:/home/b/ws_moveit2/install/moveit_ros_planning_interface:/home/b/ws_moveit2/install/moveit_ros_move_group:/home/b/ws_moveit2/install/moveit_ros_warehouse:/home/b/ws_moveit2/install/moveit_planners_ompl:/home/b/ws_moveit2/install/moveit_kinematics:/home/b/ws_moveit2/install/moveit_ros_planning:/home/b/ws_moveit2/install/moveit_simple_controller_manager:/home/b/ws_moveit2/install/moveit_ros_occupancy_map_monitor:/home/b/ws_moveit2/install/moveit_core:/home/b/ws_moveit2/install/moveit_resources_panda_moveit_config:/home/b/ws_moveit2/install/moveit_resources_fanuc_moveit_config:/home/b/ws_moveit2/install/srdfdom:/home/b/ws_moveit2/install/moveit_resources_pr2_description:/home/b/ws_moveit2/install/moveit_resources_panda_description:/home/b/ws_moveit2/install/moveit_resources_fanuc_description:/home/b/ws_moveit2/install/moveit_common LD_LIBRARY_PATH=/home/b/ws_moveit2/install/moveit_py/lib:/home/b/ws_moveit2/install/moveit_ros_planning_interface/lib:/home/b/ws_moveit2/install/moveit_ros_move_group/lib:/home/b/ws_moveit2/install/moveit_ros_warehouse/lib:/home/b/ws_moveit2/install/moveit_planners_ompl/lib:/home/b/ws_moveit2/install/moveit_kinematics/lib:/home/b/ws_moveit2/install/moveit_ros_planning/lib:/home/b/ws_moveit2/install/moveit_simple_controller_manager/lib:/home/b/ws_moveit2/install/moveit_ros_occupancy_map_monitor/lib:/home/b/ws_moveit2/install/moveit_core/lib:/home/b/ws_moveit2/install/srdfdom/lib:${LD_LIBRARY_PATH} PATH=/home/b/ws_moveit2/install/moveit_core/bin:${PATH} PYTHONPATH=/home/b/ws_moveit2/build/ur3e_motion/prefix_override:/usr/lib/python3/dist-packages/colcon_core/task/python/colcon_distutils_commands:/home/b/ws_moveit2/install/ur3e_motion/lib/python3.10/site-packages:/home/b/ws_moveit2/install/moveit_py/local/lib/python3.10/dist-packages:/home/b/ws_moveit2/install/moveit_configs_utils/lib/python3.10/site-packages:/home/b/ws_moveit2/install/srdfdom/local/lib/python3.10/dist-packages:/home/b/ws_moveit2/install/launch_param_builder/lib/python3.10/site-packages:${PYTHONPATH} /usr/bin/python3 -W ignore:setup.py install is deprecated -W ignore:easy_install command is deprecated setup.py egg_info --egg-base ../../build/ur3e_motion build --build-base /home/b/ws_moveit2/build/ur3e_motion/build install --record /home/b/ws_moveit2/build/ur3e_motion/install.log --single-version-externally-managed install_data
[4.462s] running egg_info
[4.463s] creating ../../build/ur3e_motion/ur3e_motion.egg-info
[4.463s] writing ../../build/ur3e_motion/ur3e_motion.egg-info/PKG-INFO
[4.463s] writing dependency_links to ../../build/ur3e_motion/ur3e_motion.egg-info/dependency_links.txt
[4.463s] writing entry points to ../../build/ur3e_motion/ur3e_motion.egg-info/entry_points.txt
[4.464s] writing requirements to ../../build/ur3e_motion/ur3e_motion.egg-info/requires.txt
[4.464s] writing top-level names to ../../build/ur3e_motion/ur3e_motion.egg-info/top_level.txt
[4.464s] writing manifest file '../../build/ur3e_motion/ur3e_motion.egg-info/SOURCES.txt'
[4.468s] reading manifest file '../../build/ur3e_motion/ur3e_motion.egg-info/SOURCES.txt'
[4.469s] writing manifest file '../../build/ur3e_motion/ur3e_motion.egg-info/SOURCES.txt'
[4.469s] running build
[4.469s] running build_py
[4.469s] creating /home/b/ws_moveit2/build/ur3e_motion/build
[4.469s] creating /home/b/ws_moveit2/build/ur3e_motion/build/lib
[4.469s] creating /home/b/ws_moveit2/build/ur3e_motion/build/lib/ur3e_motion
[4.469s] copying ur3e_motion/__init__.py -> /home/b/ws_moveit2/build/ur3e_motion/build/lib/ur3e_motion
[4.469s] copying ur3e_motion/move_to_position.py -> /home/b/ws_moveit2/build/ur3e_motion/build/lib/ur3e_motion
[4.470s] running install
[4.470s] running install_lib
[4.471s] creating /home/b/ws_moveit2/install/ur3e_motion/lib/python3.10/site-packages/ur3e_motion
[4.471s] copying /home/b/ws_moveit2/build/ur3e_motion/build/lib/ur3e_motion/__init__.py -> /home/b/ws_moveit2/install/ur3e_motion/lib/python3.10/site-packages/ur3e_motion
[4.471s] copying /home/b/ws_moveit2/build/ur3e_motion/build/lib/ur3e_motion/move_to_position.py -> /home/b/ws_moveit2/install/ur3e_motion/lib/python3.10/site-packages/ur3e_motion
[4.472s] byte-compiling /home/b/ws_moveit2/install/ur3e_motion/lib/python3.10/site-packages/ur3e_motion/__init__.py to __init__.cpython-310.pyc
[4.473s] byte-compiling /home/b/ws_moveit2/install/ur3e_motion/lib/python3.10/site-packages/ur3e_motion/move_to_position.py to move_to_position.cpython-310.pyc
[4.473s] running install_data
[4.474s] creating /home/b/ws_moveit2/install/ur3e_motion/share/ament_index
[4.474s] creating /home/b/ws_moveit2/install/ur3e_motion/share/ament_index/resource_index
[4.474s] creating /home/b/ws_moveit2/install/ur3e_motion/share/ament_index/resource_index/packages
[4.474s] copying resource/ur3e_motion -> /home/b/ws_moveit2/install/ur3e_motion/share/ament_index/resource_index/packages
[4.474s] copying package.xml -> /home/b/ws_moveit2/install/ur3e_motion/share/ur3e_motion
[4.475s] running install_egg_info
[4.476s] Copying ../../build/ur3e_motion/ur3e_motion.egg-info to /home/b/ws_moveit2/install/ur3e_motion/lib/python3.10/site-packages/ur3e_motion-0.0.0-py3.10.egg-info
[4.477s] running install_scripts
[4.495s] Installing move_to_position script to /home/b/ws_moveit2/install/ur3e_motion/lib/ur3e_motion
[4.495s] writing list of installed files to '/home/b/ws_moveit2/build/ur3e_motion/install.log'
[4.515s] Invoked command in '/home/b/ws_moveit2/src/ur3e_motion' returned '0': AMENT_PREFIX_PATH=/home/b/ws_moveit2/install/moveit_py:/home/b/ws_moveit2/install/moveit_ros_planning_interface:/home/b/ws_moveit2/install/moveit_ros_move_group:/home/b/ws_moveit2/install/moveit_ros_warehouse:/home/b/ws_moveit2/install/moveit_planners_ompl:/home/b/ws_moveit2/install/moveit_kinematics:/home/b/ws_moveit2/install/moveit_ros_planning:/home/b/ws_moveit2/install/moveit_simple_controller_manager:/home/b/ws_moveit2/install/moveit_ros_occupancy_map_monitor:/home/b/ws_moveit2/install/moveit_core:/home/b/ws_moveit2/install/moveit_resources_panda_moveit_config:/home/b/ws_moveit2/install/moveit_resources_fanuc_moveit_config:/home/b/ws_moveit2/install/moveit_configs_utils:/home/b/ws_moveit2/install/srdfdom:/home/b/ws_moveit2/install/moveit_resources_pr2_description:/home/b/ws_moveit2/install/moveit_resources_panda_description:/home/b/ws_moveit2/install/moveit_resources_fanuc_description:/home/b/ws_moveit2/install/moveit_common:/home/b/ws_moveit2/install/launch_param_builder:${AMENT_PREFIX_PATH} CMAKE_PREFIX_PATH=/home/b/ws_moveit2/install/moveit_py:/home/b/ws_moveit2/install/moveit_ros_planning_interface:/home/b/ws_moveit2/install/moveit_ros_move_group:/home/b/ws_moveit2/install/moveit_ros_warehouse:/home/b/ws_moveit2/install/moveit_planners_ompl:/home/b/ws_moveit2/install/moveit_kinematics:/home/b/ws_moveit2/install/moveit_ros_planning:/home/b/ws_moveit2/install/moveit_simple_controller_manager:/home/b/ws_moveit2/install/moveit_ros_occupancy_map_monitor:/home/b/ws_moveit2/install/moveit_core:/home/b/ws_moveit2/install/moveit_resources_panda_moveit_config:/home/b/ws_moveit2/install/moveit_resources_fanuc_moveit_config:/home/b/ws_moveit2/install/srdfdom:/home/b/ws_moveit2/install/moveit_resources_pr2_description:/home/b/ws_moveit2/install/moveit_resources_panda_description:/home/b/ws_moveit2/install/moveit_resources_fanuc_description:/home/b/ws_moveit2/install/moveit_common LD_LIBRARY_PATH=/home/b/ws_moveit2/install/moveit_py/lib:/home/b/ws_moveit2/install/moveit_ros_planning_interface/lib:/home/b/ws_moveit2/install/moveit_ros_move_group/lib:/home/b/ws_moveit2/install/moveit_ros_warehouse/lib:/home/b/ws_moveit2/install/moveit_planners_ompl/lib:/home/b/ws_moveit2/install/moveit_kinematics/lib:/home/b/ws_moveit2/install/moveit_ros_planning/lib:/home/b/ws_moveit2/install/moveit_simple_controller_manager/lib:/home/b/ws_moveit2/install/moveit_ros_occupancy_map_monitor/lib:/home/b/ws_moveit2/install/moveit_core/lib:/home/b/ws_moveit2/install/srdfdom/lib:${LD_LIBRARY_PATH} PATH=/home/b/ws_moveit2/install/moveit_core/bin:${PATH} PYTHONPATH=/home/b/ws_moveit2/build/ur3e_motion/prefix_override:/usr/lib/python3/dist-packages/colcon_core/task/python/colcon_distutils_commands:/home/b/ws_moveit2/install/ur3e_motion/lib/python3.10/site-packages:/home/b/ws_moveit2/install/moveit_py/local/lib/python3.10/dist-packages:/home/b/ws_moveit2/install/moveit_configs_utils/lib/python3.10/site-packages:/home/b/ws_moveit2/install/srdfdom/local/lib/python3.10/dist-packages:/home/b/ws_moveit2/install/launch_param_builder/lib/python3.10/site-packages:${PYTHONPATH} /usr/bin/python3 -W ignore:setup.py install is deprecated -W ignore:easy_install command is deprecated setup.py egg_info --egg-base ../../build/ur3e_motion build --build-base /home/b/ws_moveit2/build/ur3e_motion/build install --record /home/b/ws_moveit2/build/ur3e_motion/install.log --single-version-externally-managed install_data
