[0.016s] Invoking command in '/home/b/ws_moveit2/build/ur_moveit_config': /usr/bin/cmake /home/b/ws_moveit2/src/ur_moveit_config -DCMAKE_INSTALL_PREFIX=/home/b/ws_moveit2/install/ur_moveit_config
[0.229s] -- The C compiler identification is GNU 11.4.0
[0.767s] -- The CXX compiler identification is GNU 11.4.0
[1.132s] -- Detecting C compiler ABI info
[1.268s] -- Detecting C compiler ABI info - done
[1.273s] -- Check for working C compiler: /usr/bin/cc - skipped
[1.274s] -- Detecting C compile features
[1.276s] -- Detecting C compile features - done
[1.279s] -- Detecting CXX compiler ABI info
[1.430s] -- Detecting CXX compiler ABI info - done
[1.434s] -- Check for working CXX compiler: /usr/bin/c++ - skipped
[1.435s] -- Detecting CXX compile features
[1.435s] -- Detecting CXX compile features - done
[1.445s] -- Found ament_cmake: 1.3.14 (/opt/ros/humble/share/ament_cmake/cmake)
[1.576s] -- Found Python3: /usr/bin/python3 (found version "3.10.12") found components: Interpreter 
[1.749s] Error parsing '/home/b/ws_moveit2/src/ur_moveit_config/package.xml':
[1.792s] Traceback (most recent call last):
[1.792s]   File "/usr/lib/python3/dist-packages/catkin_pkg/package.py", line 610, in parse_package_string
[1.792s]     root = dom.parseString(data)
[1.792s]   File "/usr/lib/python3.10/xml/dom/minidom.py", line 1995, in parseString
[1.793s]     return expatbuilder.parseString(string)
[1.793s]   File "/usr/lib/python3.10/xml/dom/expatbuilder.py", line 925, in parseString
[1.794s]     return builder.parseString(string)
[1.794s]   File "/usr/lib/python3.10/xml/dom/expatbuilder.py", line 223, in parseString
[1.794s]     parser.Parse(string, True)
[1.794s] xml.parsers.expat.ExpatError: junk after document element: line 18, column 10
[1.794s] 
[1.795s] During handling of the above exception, another exception occurred:
[1.795s] 
[1.795s] Traceback (most recent call last):
[1.795s]   File "/opt/ros/humble/share/ament_cmake_core/cmake/core/package_xml_2_cmake.py", line 150, in <module>
[1.795s]     main()
[1.795s]   File "/opt/ros/humble/share/ament_cmake_core/cmake/core/package_xml_2_cmake.py", line 53, in main
[1.795s]     raise e
[1.795s]   File "/opt/ros/humble/share/ament_cmake_core/cmake/core/package_xml_2_cmake.py", line 49, in main
[1.795s]     package = parse_package_string(
[1.795s]   File "/usr/lib/python3/dist-packages/catkin_pkg/package.py", line 612, in parse_package_string
[1.795s]     raise InvalidPackage('The manifest contains invalid XML:\n%s' % ex, filename)
[1.795s] catkin_pkg.package.InvalidPackage: Error(s) in package '/home/b/ws_moveit2/src/ur_moveit_config/package.xml':
[1.795s] The manifest contains invalid XML:
[1.795s] junk after document element: line 18, column 10
[1.806s] [31mCMake Error at /opt/ros/humble/share/ament_cmake_core/cmake/core/ament_package_xml.cmake:95 (message):
[1.806s]   execute_process(/usr/bin/python3
[1.806s]   /opt/ros/humble/share/ament_cmake_core/cmake/core/package_xml_2_cmake.py
[1.806s]   /home/b/ws_moveit2/src/ur_moveit_config/package.xml
[1.806s]   /home/b/ws_moveit2/build/ur_moveit_config/ament_cmake_core/package.cmake)
[1.806s]   returned error code 1
[1.807s] Call Stack (most recent call first):
[1.807s]   /opt/ros/humble/share/ament_cmake_core/cmake/core/ament_package_xml.cmake:49 (_ament_package_xml)
[1.807s]   /opt/ros/humble/share/ament_cmake_core/cmake/core/ament_package.cmake:63 (ament_package_xml)
[1.807s]   CMakeLists.txt:10 (ament_package)
[1.807s] 
[1.807s] [0m
[1.807s] -- Configuring incomplete, errors occurred!
[1.807s] See also "/home/b/ws_moveit2/build/ur_moveit_config/CMakeFiles/CMakeOutput.log".
[1.810s] Invoked command in '/home/b/ws_moveit2/build/ur_moveit_config' returned '1': /usr/bin/cmake /home/b/ws_moveit2/src/ur_moveit_config -DCMAKE_INSTALL_PREFIX=/home/b/ws_moveit2/install/ur_moveit_config
