[0.295s] Invoking command in '/home/b/ws_moveit2/build/moveit_core': AMENT_PREFIX_PATH=/home/b/ws_moveit2/install/moveit_resources_panda_moveit_config:/home/b/ws_moveit2/install/srdfdom:/home/b/ws_moveit2/install/moveit_resources_pr2_description:/home/b/ws_moveit2/install/moveit_resources_panda_description:/home/b/ws_moveit2/install/moveit_common:${AMENT_PREFIX_PATH} CMAKE_PREFIX_PATH=/home/b/ws_moveit2/install/moveit_resources_panda_moveit_config:/home/b/ws_moveit2/install/srdfdom:/home/b/ws_moveit2/install/moveit_resources_pr2_description:/home/b/ws_moveit2/install/moveit_resources_panda_description:/home/b/ws_moveit2/install/moveit_common:/opt/ros/humble LD_LIBRARY_PATH=/home/b/ws_moveit2/install/srdfdom/lib:${LD_LIBRARY_PATH} PYTHONPATH=/home/b/ws_moveit2/install/srdfdom/local/lib/python3.10/dist-packages:${PYTHONPATH} /usr/bin/cmake --build /home/b/ws_moveit2/build/moveit_core -- -j12 -l12
[0.396s] [35m[1mConsolidate compiler generated dependencies of target moveit_exceptions[0m
[0.396s] [35m[1mConsolidate compiler generated dependencies of target moveit_kinematics_base[0m
[0.397s] [35m[1mConsolidate compiler generated dependencies of target moveit_transforms[0m
[0.401s] [35m[1mConsolidate compiler generated dependencies of target moveit_distance_field[0m
[0.403s] [35m[1mConsolidate compiler generated dependencies of target gtest_main[0m
[0.407s] [35m[1mConsolidate compiler generated dependencies of target moveit_version[0m
[0.407s] [35m[1mConsolidate compiler generated dependencies of target moveit_smoothing_base[0m
[0.407s] [35m[1mConsolidate compiler generated dependencies of target gtest[0m
[0.407s] [35m[1mConsolidate compiler generated dependencies of target moveit_utils[0m
[0.412s] [35m[1mConsolidate compiler generated dependencies of target gmock[0m
[0.412s] [35m[1mConsolidate compiler generated dependencies of target gmock_main[0m
[0.418s] [  1%] Built target moveit_exceptions
[0.419s] [  2%] Built target gtest
[0.421s] [  3%] Built target moveit_version
[0.423s] [  5%] Built target moveit_butterworth_parameters
[0.423s] [  6%] Built target gtest_main
[0.426s] [  7%] Built target moveit_smoothing_base
[0.428s] [  8%] Built target moveit_transforms
[0.429s] [ 11%] Built target moveit_utils
[0.430s] [ 12%] Built target moveit_kinematics_base
[0.430s] [ 13%] Built target gmock_main
[0.431s] [ 15%] Built target gmock
[0.441s] [ 18%] Built target moveit_distance_field
[0.442s] [35m[1mConsolidate compiler generated dependencies of target test_transforms[0m
[0.455s] [35m[1mConsolidate compiler generated dependencies of target test_distance_field[0m
[0.455s] [35m[1mConsolidate compiler generated dependencies of target test_voxel_grid[0m
[0.455s] [ 19%] Built target test_transforms
[0.459s] [35m[1mConsolidate compiler generated dependencies of target moveit_robot_model[0m
[0.470s] [ 20%] Built target test_voxel_grid
[0.471s] [ 21%] Built target test_distance_field
[0.486s] [ 27%] Built target moveit_robot_model
[0.500s] [35m[1mConsolidate compiler generated dependencies of target moveit_test_utils[0m
[0.502s] [35m[1mConsolidate compiler generated dependencies of target moveit_butterworth_filter[0m
[0.505s] [35m[1mConsolidate compiler generated dependencies of target moveit_robot_state[0m
[0.519s] [ 29%] Built target moveit_test_utils
[0.524s] [ 30%] Built target moveit_butterworth_filter
[0.525s] [ 33%] Built target moveit_robot_state
[0.539s] [35m[1mConsolidate compiler generated dependencies of target test_robot_model[0m
[0.541s] [35m[1mConsolidate compiler generated dependencies of target test_butterworth_filter[0m
[0.544s] [35m[1mConsolidate compiler generated dependencies of target moveit_dynamics_solver[0m
[0.547s] [35m[1mConsolidate compiler generated dependencies of target moveit_kinematics_metrics[0m
[0.547s] [35m[1mConsolidate compiler generated dependencies of target moveit_robot_trajectory[0m
[0.547s] [35m[1mConsolidate compiler generated dependencies of target test_robot_state[0m
[0.548s] [35m[1mConsolidate compiler generated dependencies of target test_robot_state_complex[0m
[0.550s] [35m[1mConsolidate compiler generated dependencies of target test_aabb[0m
[0.550s] [35m[1mConsolidate compiler generated dependencies of target test_robot_state_benchmark[0m
[0.552s] [35m[1mConsolidate compiler generated dependencies of target test_cartesian_interpolator[0m
[0.561s] [ 34%] Built target test_robot_model
[0.565s] [ 35%] Built target test_butterworth_filter
[0.568s] [35m[1mConsolidate compiler generated dependencies of target moveit_collision_detection[0m
[0.571s] [ 37%] Built target moveit_dynamics_solver
[0.571s] [ 37%] Built target test_cartesian_interpolator
[0.571s] [ 39%] Built target moveit_robot_trajectory
[0.571s] [ 40%] Built target test_robot_state
[0.572s] [ 41%] Built target moveit_kinematics_metrics
[0.573s] [ 42%] Built target test_robot_state_complex
[0.576s] [ 44%] Built target test_aabb
[0.576s] [ 44%] Built target test_robot_state_benchmark
[0.586s] [35m[1mConsolidate compiler generated dependencies of target test_robot_trajectory[0m
[0.589s] [35m[1mConsolidate compiler generated dependencies of target moveit_planning_interface[0m
[0.599s] [35m[1mConsolidate compiler generated dependencies of target moveit_trajectory_processing[0m
[0.601s] [ 45%] Built target test_robot_trajectory
[0.604s] [ 50%] Built target moveit_collision_detection
[0.609s] [ 52%] Built target moveit_planning_interface
[0.619s] [35m[1mConsolidate compiler generated dependencies of target test_world[0m
[0.619s] [35m[1mConsolidate compiler generated dependencies of target test_world_diff[0m
[0.621s] [35m[1mConsolidate compiler generated dependencies of target test_all_valid[0m
[0.624s] [ 55%] Built target moveit_trajectory_processing
[0.628s] [35m[1mConsolidate compiler generated dependencies of target moveit_collision_detection_fcl[0m
[0.632s] [ 57%] Built target test_world_diff
[0.636s] [35m[1mConsolidate compiler generated dependencies of target moveit_collision_detection_bullet[0m
[0.636s] [ 58%] Built target test_world
[0.638s] [35m[1mConsolidate compiler generated dependencies of target test_time_parameterization[0m
[0.641s] [ 59%] Built target test_all_valid
[0.643s] [35m[1mConsolidate compiler generated dependencies of target test_ruckig_traj_smoothing[0m
[0.643s] [35m[1mConsolidate compiler generated dependencies of target test_time_optimal_trajectory_generation[0m
[0.659s] [ 60%] Built target test_time_parameterization
[0.662s] [ 62%] Built target test_time_optimal_trajectory_generation
[0.665s] [ 63%] Built target test_ruckig_traj_smoothing
[0.667s] [ 65%] Built target moveit_collision_detection_fcl
[0.668s] [ 70%] Built target moveit_collision_detection_bullet
[0.682s] [35m[1mConsolidate compiler generated dependencies of target test_fcl_collision_env[0m
[0.682s] [35m[1mConsolidate compiler generated dependencies of target test_fcl_collision_detection[0m
[0.685s] [35m[1mConsolidate compiler generated dependencies of target test_fcl_collision_detection_panda[0m
[0.686s] [35m[1mConsolidate compiler generated dependencies of target test_bullet_collision_detection[0m
[0.686s] [35m[1mConsolidate compiler generated dependencies of target test_bullet_continuous_collision_checking[0m
[0.690s] [35m[1mConsolidate compiler generated dependencies of target moveit_kinematic_constraints[0m
[0.692s] [35m[1mConsolidate compiler generated dependencies of target test_bullet_collision_detection_panda[0m
[0.702s] [ 71%] Built target test_fcl_collision_env
[0.711s] [ 72%] Built target test_bullet_continuous_collision_checking
[0.713s] [ 74%] Built target test_bullet_collision_detection_panda
[0.713s] [ 75%] Built target test_bullet_collision_detection
[0.713s] [ 76%] Built target test_fcl_collision_detection
[0.714s] [ 78%] Built target test_fcl_collision_detection_panda
[0.717s] [ 80%] Built target moveit_kinematic_constraints
[0.730s] [35m[1mConsolidate compiler generated dependencies of target test_constraints[0m
[0.730s] [35m[1mConsolidate compiler generated dependencies of target moveit_planning_scene[0m
[0.733s] [35m[1mConsolidate compiler generated dependencies of target test_orientation_constraints[0m
[0.747s] [ 82%] Built target test_constraints
[0.747s] [ 82%] Built target test_orientation_constraints
[0.750s] [ 84%] Built target moveit_planning_scene
[0.776s] [35m[1mConsolidate compiler generated dependencies of target collision_detector_bullet_plugin[0m
[0.780s] [35m[1mConsolidate compiler generated dependencies of target test_planning_scene[0m
[0.783s] [35m[1mConsolidate compiler generated dependencies of target test_collision_objects[0m
[0.784s] [35m[1mConsolidate compiler generated dependencies of target moveit_planning_request_adapter[0m
[0.784s] [35m[1mConsolidate compiler generated dependencies of target test_multi_threaded[0m
[0.786s] [35m[1mConsolidate compiler generated dependencies of target collision_detector_fcl_plugin[0m
[0.793s] [35m[1mConsolidate compiler generated dependencies of target moveit_constraint_samplers[0m
[0.798s] [ 85%] Built target collision_detector_bullet_plugin
[0.804s] [35m[1mConsolidate compiler generated dependencies of target moveit_collision_distance_field[0m
[0.807s] [ 86%] Built target collision_detector_fcl_plugin
[0.807s] [ 87%] Built target test_collision_objects
[0.808s] [ 88%] Built target test_planning_scene
[0.811s] [ 89%] Built target test_multi_threaded
[0.811s] [ 90%] Built target moveit_planning_request_adapter
[0.824s] [ 93%] Built target moveit_constraint_samplers
[0.832s] [ 96%] Built target moveit_collision_distance_field
[0.838s] [35m[1mConsolidate compiler generated dependencies of target test_constraint_samplers[0m
[0.844s] [35m[1mConsolidate compiler generated dependencies of target test_collision_distance_field[0m
[0.860s] [ 99%] Built target test_constraint_samplers
[0.863s] [100%] Built target test_collision_distance_field
[0.876s] Invoked command in '/home/b/ws_moveit2/build/moveit_core' returned '0': AMENT_PREFIX_PATH=/home/b/ws_moveit2/install/moveit_resources_panda_moveit_config:/home/b/ws_moveit2/install/srdfdom:/home/b/ws_moveit2/install/moveit_resources_pr2_description:/home/b/ws_moveit2/install/moveit_resources_panda_description:/home/b/ws_moveit2/install/moveit_common:${AMENT_PREFIX_PATH} CMAKE_PREFIX_PATH=/home/b/ws_moveit2/install/moveit_resources_panda_moveit_config:/home/b/ws_moveit2/install/srdfdom:/home/b/ws_moveit2/install/moveit_resources_pr2_description:/home/b/ws_moveit2/install/moveit_resources_panda_description:/home/b/ws_moveit2/install/moveit_common:/opt/ros/humble LD_LIBRARY_PATH=/home/b/ws_moveit2/install/srdfdom/lib:${LD_LIBRARY_PATH} PYTHONPATH=/home/b/ws_moveit2/install/srdfdom/local/lib/python3.10/dist-packages:${PYTHONPATH} /usr/bin/cmake --build /home/b/ws_moveit2/build/moveit_core -- -j12 -l12
[0.881s] Invoking command in '/home/b/ws_moveit2/build/moveit_core': AMENT_PREFIX_PATH=/home/b/ws_moveit2/install/moveit_resources_panda_moveit_config:/home/b/ws_moveit2/install/srdfdom:/home/b/ws_moveit2/install/moveit_resources_pr2_description:/home/b/ws_moveit2/install/moveit_resources_panda_description:/home/b/ws_moveit2/install/moveit_common:${AMENT_PREFIX_PATH} CMAKE_PREFIX_PATH=/home/b/ws_moveit2/install/moveit_resources_panda_moveit_config:/home/b/ws_moveit2/install/srdfdom:/home/b/ws_moveit2/install/moveit_resources_pr2_description:/home/b/ws_moveit2/install/moveit_resources_panda_description:/home/b/ws_moveit2/install/moveit_common:/opt/ros/humble LD_LIBRARY_PATH=/home/b/ws_moveit2/install/srdfdom/lib:${LD_LIBRARY_PATH} PYTHONPATH=/home/b/ws_moveit2/install/srdfdom/local/lib/python3.10/dist-packages:${PYTHONPATH} /usr/bin/cmake --install /home/b/ws_moveit2/build/moveit_core
[0.887s] -- Install configuration: "Release"
[0.887s] -- Up-to-date: /home/b/ws_moveit2/install/moveit_core/include/moveit/version.h
[0.887s] -- Up-to-date: /home/b/ws_moveit2/install/moveit_core/include
[0.888s] -- Up-to-date: /home/b/ws_moveit2/install/moveit_core/include/moveit
[0.888s] -- Up-to-date: /home/b/ws_moveit2/install/moveit_core/include/moveit/collision_distance_field
[0.888s] -- Up-to-date: /home/b/ws_moveit2/install/moveit_core/include/moveit/collision_distance_field/collision_distance_field_types.h
[0.888s] -- Up-to-date: /home/b/ws_moveit2/install/moveit_core/include/moveit/collision_distance_field/collision_detector_allocator_distance_field.h
[0.888s] -- Up-to-date: /home/b/ws_moveit2/install/moveit_core/include/moveit/collision_distance_field/collision_env_distance_field.h
[0.888s] -- Up-to-date: /home/b/ws_moveit2/install/moveit_core/include/moveit/collision_distance_field/collision_common_distance_field.h
[0.888s] -- Up-to-date: /home/b/ws_moveit2/install/moveit_core/include/moveit/collision_distance_field/collision_detector_allocator_hybrid.h
[0.888s] -- Up-to-date: /home/b/ws_moveit2/install/moveit_core/include/moveit/collision_distance_field/collision_env_hybrid.h
[0.889s] -- Up-to-date: /home/b/ws_moveit2/install/moveit_core/include/moveit_collision_distance_field_export.h
[0.889s] -- Up-to-date: /home/b/ws_moveit2/install/moveit_core/include
[0.889s] -- Up-to-date: /home/b/ws_moveit2/install/moveit_core/include/moveit
[0.889s] -- Up-to-date: /home/b/ws_moveit2/install/moveit_core/include/moveit/constraint_samplers
[0.889s] -- Up-to-date: /home/b/ws_moveit2/install/moveit_core/include/moveit/constraint_samplers/default_constraint_samplers.h
[0.889s] -- Up-to-date: /home/b/ws_moveit2/install/moveit_core/include/moveit/constraint_samplers/constraint_sampler_allocator.h
[0.889s] -- Up-to-date: /home/b/ws_moveit2/install/moveit_core/include/moveit/constraint_samplers/constraint_sampler_manager.h
[0.889s] -- Up-to-date: /home/b/ws_moveit2/install/moveit_core/include/moveit/constraint_samplers/union_constraint_sampler.h
[0.889s] -- Up-to-date: /home/b/ws_moveit2/install/moveit_core/include/moveit/constraint_samplers/constraint_sampler.h
[0.889s] -- Up-to-date: /home/b/ws_moveit2/install/moveit_core/include/moveit/constraint_samplers/constraint_sampler_tools.h
[0.890s] -- Up-to-date: /home/b/ws_moveit2/install/moveit_core/include
[0.890s] -- Up-to-date: /home/b/ws_moveit2/install/moveit_core/include/moveit
[0.890s] -- Up-to-date: /home/b/ws_moveit2/install/moveit_core/include/moveit/controller_manager
[0.891s] -- Up-to-date: /home/b/ws_moveit2/install/moveit_core/include/moveit/controller_manager/controller_manager.h
[0.891s] -- Up-to-date: /home/b/ws_moveit2/install/moveit_core/include
[0.891s] -- Up-to-date: /home/b/ws_moveit2/install/moveit_core/include/moveit
[0.891s] -- Up-to-date: /home/b/ws_moveit2/install/moveit_core/include/moveit/distance_field
[0.892s] -- Up-to-date: /home/b/ws_moveit2/install/moveit_core/include/moveit/distance_field/distance_field.h
[0.892s] -- Up-to-date: /home/b/ws_moveit2/install/moveit_core/include/moveit/distance_field/propagation_distance_field.h
[0.892s] -- Up-to-date: /home/b/ws_moveit2/install/moveit_core/include/moveit/distance_field/find_internal_points.h
[0.892s] -- Up-to-date: /home/b/ws_moveit2/install/moveit_core/include/moveit/distance_field/voxel_grid.h
[0.892s] -- Up-to-date: /home/b/ws_moveit2/install/moveit_core/include
[0.892s] -- Up-to-date: /home/b/ws_moveit2/install/moveit_core/include/moveit
[0.892s] -- Up-to-date: /home/b/ws_moveit2/install/moveit_core/include/moveit/dynamics_solver
[0.893s] -- Up-to-date: /home/b/ws_moveit2/install/moveit_core/include/moveit/dynamics_solver/dynamics_solver.h
[0.893s] -- Up-to-date: /home/b/ws_moveit2/install/moveit_core/include
[0.893s] -- Up-to-date: /home/b/ws_moveit2/install/moveit_core/include/moveit
[0.893s] -- Up-to-date: /home/b/ws_moveit2/install/moveit_core/include/moveit/exceptions
[0.893s] -- Up-to-date: /home/b/ws_moveit2/install/moveit_core/include/moveit/exceptions/exceptions.h
[0.894s] -- Up-to-date: /home/b/ws_moveit2/install/moveit_core/include
[0.894s] -- Up-to-date: /home/b/ws_moveit2/install/moveit_core/include/moveit
[0.894s] -- Up-to-date: /home/b/ws_moveit2/install/moveit_core/include/moveit/kinematics_base
[0.894s] -- Up-to-date: /home/b/ws_moveit2/install/moveit_core/include/moveit/kinematics_base/kinematics_base.h
[0.894s] -- Up-to-date: /home/b/ws_moveit2/install/moveit_core/include/moveit_kinematics_base_export.h
[0.895s] -- Up-to-date: /home/b/ws_moveit2/install/moveit_core/include
[0.895s] -- Up-to-date: /home/b/ws_moveit2/install/moveit_core/include/moveit
[0.895s] -- Up-to-date: /home/b/ws_moveit2/install/moveit_core/include/moveit/kinematic_constraints
[0.895s] -- Up-to-date: /home/b/ws_moveit2/install/moveit_core/include/moveit/kinematic_constraints/kinematic_constraint.h
[0.895s] -- Up-to-date: /home/b/ws_moveit2/install/moveit_core/include/moveit/kinematic_constraints/utils.h
[0.895s] -- Up-to-date: /home/b/ws_moveit2/install/moveit_core/include
[0.895s] -- Up-to-date: /home/b/ws_moveit2/install/moveit_core/include/moveit
[0.895s] -- Up-to-date: /home/b/ws_moveit2/install/moveit_core/include/moveit/kinematics_metrics
[0.898s] -- Up-to-date: /home/b/ws_moveit2/install/moveit_core/include/moveit/kinematics_metrics/kinematics_metrics.h
[0.898s] -- Up-to-date: /home/b/ws_moveit2/install/moveit_core/include
[0.898s] -- Up-to-date: /home/b/ws_moveit2/install/moveit_core/include/moveit
[0.898s] -- Up-to-date: /home/b/ws_moveit2/install/moveit_core/include/moveit/macros
[0.899s] -- Up-to-date: /home/b/ws_moveit2/install/moveit_core/include/moveit/macros/deprecation.h
[0.899s] -- Up-to-date: /home/b/ws_moveit2/install/moveit_core/include/moveit/macros/console_colors.h
[0.899s] -- Up-to-date: /home/b/ws_moveit2/install/moveit_core/include/moveit/macros/declare_ptr.h
[0.899s] -- Up-to-date: /home/b/ws_moveit2/install/moveit_core/include/moveit/macros/class_forward.h
[0.899s] -- Up-to-date: /home/b/ws_moveit2/install/moveit_core/include/moveit_core
[0.899s] -- Up-to-date: /home/b/ws_moveit2/install/moveit_core/include/moveit_core/moveit_butterworth_parameters.hpp
[0.899s] -- Up-to-date: /home/b/ws_moveit2/install/moveit_core/include
[0.899s] -- Up-to-date: /home/b/ws_moveit2/install/moveit_core/include/moveit
[0.899s] -- Up-to-date: /home/b/ws_moveit2/install/moveit_core/include/moveit/online_signal_smoothing
[0.899s] -- Up-to-date: /home/b/ws_moveit2/install/moveit_core/include/moveit/online_signal_smoothing/butterworth_filter.h
[0.899s] -- Up-to-date: /home/b/ws_moveit2/install/moveit_core/include/moveit/online_signal_smoothing/smoothing_base_class.h
[0.899s] -- Up-to-date: /home/b/ws_moveit2/install/moveit_core/include/moveit_smoothing_base_export.h
[0.899s] -- Up-to-date: /home/b/ws_moveit2/install/moveit_core/include/moveit_butterworth_filter_export.h
[0.899s] -- Up-to-date: /home/b/ws_moveit2/install/moveit_core/include
[0.899s] -- Up-to-date: /home/b/ws_moveit2/install/moveit_core/include/moveit
[0.899s] -- Up-to-date: /home/b/ws_moveit2/install/moveit_core/include/moveit/planning_interface
[0.899s] -- Up-to-date: /home/b/ws_moveit2/install/moveit_core/include/moveit/planning_interface/planning_request.h
[0.899s] -- Up-to-date: /home/b/ws_moveit2/install/moveit_core/include/moveit/planning_interface/planning_response.h
[0.899s] -- Up-to-date: /home/b/ws_moveit2/install/moveit_core/include/moveit/planning_interface/planning_interface.h
[0.899s] -- Up-to-date: /home/b/ws_moveit2/install/moveit_core/include
[0.900s] -- Up-to-date: /home/b/ws_moveit2/install/moveit_core/include/moveit
[0.900s] -- Up-to-date: /home/b/ws_moveit2/install/moveit_core/include/moveit/planning_request_adapter
[0.900s] -- Up-to-date: /home/b/ws_moveit2/install/moveit_core/include/moveit/planning_request_adapter/planning_request_adapter.h
[0.900s] -- Up-to-date: /home/b/ws_moveit2/install/moveit_core/include
[0.900s] -- Up-to-date: /home/b/ws_moveit2/install/moveit_core/include/moveit
[0.900s] -- Up-to-date: /home/b/ws_moveit2/install/moveit_core/include/moveit/planning_scene
[0.900s] -- Up-to-date: /home/b/ws_moveit2/install/moveit_core/include/moveit/planning_scene/planning_scene.h
[0.900s] -- Up-to-date: /home/b/ws_moveit2/install/moveit_core/include/moveit_planning_scene_export.h
[0.901s] -- Up-to-date: /home/b/ws_moveit2/install/moveit_core/include
[0.901s] -- Up-to-date: /home/b/ws_moveit2/install/moveit_core/include/moveit
[0.901s] -- Up-to-date: /home/b/ws_moveit2/install/moveit_core/include/moveit/robot_model
[0.901s] -- Up-to-date: /home/b/ws_moveit2/install/moveit_core/include/moveit/robot_model/link_model.h
[0.901s] -- Up-to-date: /home/b/ws_moveit2/install/moveit_core/include/moveit/robot_model/joint_model.h
[0.902s] -- Up-to-date: /home/b/ws_moveit2/install/moveit_core/include/moveit/robot_model/robot_model.h
[0.902s] -- Up-to-date: /home/b/ws_moveit2/install/moveit_core/include/moveit/robot_model/joint_model_group.h
[0.902s] -- Up-to-date: /home/b/ws_moveit2/install/moveit_core/include/moveit/robot_model/prismatic_joint_model.h
[0.902s] -- Up-to-date: /home/b/ws_moveit2/install/moveit_core/include/moveit/robot_model/fixed_joint_model.h
[0.902s] -- Up-to-date: /home/b/ws_moveit2/install/moveit_core/include/moveit/robot_model/revolute_joint_model.h
[0.902s] -- Up-to-date: /home/b/ws_moveit2/install/moveit_core/include/moveit/robot_model/aabb.h
[0.902s] -- Up-to-date: /home/b/ws_moveit2/install/moveit_core/include/moveit/robot_model/floating_joint_model.h
[0.902s] -- Up-to-date: /home/b/ws_moveit2/install/moveit_core/include/moveit/robot_model/planar_joint_model.h
[0.903s] -- Up-to-date: /home/b/ws_moveit2/install/moveit_core/include
[0.903s] -- Up-to-date: /home/b/ws_moveit2/install/moveit_core/include/moveit
[0.903s] -- Up-to-date: /home/b/ws_moveit2/install/moveit_core/include/moveit/robot_state
[0.903s] -- Up-to-date: /home/b/ws_moveit2/install/moveit_core/include/moveit/robot_state/cartesian_interpolator.h
[0.903s] -- Up-to-date: /home/b/ws_moveit2/install/moveit_core/include/moveit/robot_state/robot_state.h
[0.903s] -- Up-to-date: /home/b/ws_moveit2/install/moveit_core/include/moveit/robot_state/conversions.h
[0.903s] -- Up-to-date: /home/b/ws_moveit2/install/moveit_core/include/moveit/robot_state/attached_body.h
[0.903s] -- Up-to-date: /home/b/ws_moveit2/install/moveit_core/include
[0.903s] -- Up-to-date: /home/b/ws_moveit2/install/moveit_core/include/moveit
[0.903s] -- Up-to-date: /home/b/ws_moveit2/install/moveit_core/include/moveit/robot_trajectory
[0.903s] -- Up-to-date: /home/b/ws_moveit2/install/moveit_core/include/moveit/robot_trajectory/robot_trajectory.h
[0.903s] -- Up-to-date: /home/b/ws_moveit2/install/moveit_core/include
[0.903s] -- Up-to-date: /home/b/ws_moveit2/install/moveit_core/include/moveit
[0.903s] -- Up-to-date: /home/b/ws_moveit2/install/moveit_core/include/moveit/sensor_manager
[0.903s] -- Up-to-date: /home/b/ws_moveit2/install/moveit_core/include/moveit/sensor_manager/sensor_manager.h
[0.904s] -- Up-to-date: /home/b/ws_moveit2/install/moveit_core/include
[0.904s] -- Up-to-date: /home/b/ws_moveit2/install/moveit_core/include/moveit
[0.904s] -- Up-to-date: /home/b/ws_moveit2/install/moveit_core/include/moveit/trajectory_processing
[0.905s] -- Up-to-date: /home/b/ws_moveit2/install/moveit_core/include/moveit/trajectory_processing/iterative_spline_parameterization.h
[0.905s] -- Up-to-date: /home/b/ws_moveit2/install/moveit_core/include/moveit/trajectory_processing/time_parameterization.h
[0.905s] -- Up-to-date: /home/b/ws_moveit2/install/moveit_core/include/moveit/trajectory_processing/trajectory_tools.h
[0.905s] -- Up-to-date: /home/b/ws_moveit2/install/moveit_core/include/moveit/trajectory_processing/time_optimal_trajectory_generation.h
[0.905s] -- Up-to-date: /home/b/ws_moveit2/install/moveit_core/include/moveit/trajectory_processing/iterative_time_parameterization.h
[0.905s] -- Up-to-date: /home/b/ws_moveit2/install/moveit_core/include/moveit/trajectory_processing/ruckig_traj_smoothing.h
[0.905s] -- Up-to-date: /home/b/ws_moveit2/install/moveit_core/include
[0.905s] -- Up-to-date: /home/b/ws_moveit2/install/moveit_core/include/moveit
[0.906s] -- Up-to-date: /home/b/ws_moveit2/install/moveit_core/include/moveit/transforms
[0.906s] -- Up-to-date: /home/b/ws_moveit2/install/moveit_core/include/moveit/transforms/transforms.h
[0.906s] -- Up-to-date: /home/b/ws_moveit2/install/moveit_core/include
[0.906s] -- Up-to-date: /home/b/ws_moveit2/install/moveit_core/include/moveit
[0.906s] -- Up-to-date: /home/b/ws_moveit2/install/moveit_core/include/moveit/utils
[0.906s] -- Up-to-date: /home/b/ws_moveit2/install/moveit_core/include/moveit/utils/rclcpp_utils.h
[0.906s] -- Up-to-date: /home/b/ws_moveit2/install/moveit_core/include/moveit/utils/lexical_casts.h
[0.906s] -- Up-to-date: /home/b/ws_moveit2/install/moveit_core/include/moveit/utils/moveit_error_code.h
[0.906s] -- Up-to-date: /home/b/ws_moveit2/install/moveit_core/include/moveit/utils/message_checks.h
[0.906s] -- Up-to-date: /home/b/ws_moveit2/install/moveit_core/include/moveit/utils/robot_model_test_utils.h
[0.906s] -- Up-to-date: /home/b/ws_moveit2/install/moveit_core/bin/moveit_version
[0.907s] -- Up-to-date: /home/b/ws_moveit2/install/moveit_core/include
[0.907s] -- Up-to-date: /home/b/ws_moveit2/install/moveit_core/include/moveit
[0.907s] -- Up-to-date: /home/b/ws_moveit2/install/moveit_core/include/moveit/collision_detection
[0.907s] -- Up-to-date: /home/b/ws_moveit2/install/moveit_core/include/moveit/collision_detection/collision_detector_allocator.h
[0.907s] -- Up-to-date: /home/b/ws_moveit2/install/moveit_core/include/moveit/collision_detection/collision_common.h
[0.907s] -- Up-to-date: /home/b/ws_moveit2/install/moveit_core/include/moveit/collision_detection/test_collision_common_panda.h
[0.907s] -- Up-to-date: /home/b/ws_moveit2/install/moveit_core/include/moveit/collision_detection/collision_env.h
[0.907s] -- Up-to-date: /home/b/ws_moveit2/install/moveit_core/include/moveit/collision_detection/world_diff.h
[0.907s] -- Up-to-date: /home/b/ws_moveit2/install/moveit_core/include/moveit/collision_detection/world.h
[0.907s] -- Up-to-date: /home/b/ws_moveit2/install/moveit_core/include/moveit/collision_detection/collision_octomap_filter.h
[0.907s] -- Up-to-date: /home/b/ws_moveit2/install/moveit_core/include/moveit/collision_detection/collision_plugin.h
[0.907s] -- Up-to-date: /home/b/ws_moveit2/install/moveit_core/include/moveit/collision_detection/test_collision_common_pr2.h
[0.907s] -- Up-to-date: /home/b/ws_moveit2/install/moveit_core/include/moveit/collision_detection/collision_plugin_cache.h
[0.907s] -- Up-to-date: /home/b/ws_moveit2/install/moveit_core/include/moveit/collision_detection/allvalid
[0.908s] -- Up-to-date: /home/b/ws_moveit2/install/moveit_core/include/moveit/collision_detection/allvalid/collision_detector_allocator_allvalid.h
[0.908s] -- Up-to-date: /home/b/ws_moveit2/install/moveit_core/include/moveit/collision_detection/allvalid/collision_env_allvalid.h
[0.908s] -- Up-to-date: /home/b/ws_moveit2/install/moveit_core/include/moveit/collision_detection/occupancy_map.h
[0.908s] -- Up-to-date: /home/b/ws_moveit2/install/moveit_core/include/moveit/collision_detection/collision_tools.h
[0.908s] -- Up-to-date: /home/b/ws_moveit2/install/moveit_core/include/moveit/collision_detection/collision_matrix.h
[0.908s] -- Up-to-date: /home/b/ws_moveit2/install/moveit_core/include/moveit_collision_detection_export.h
[0.908s] -- Up-to-date: /home/b/ws_moveit2/install/moveit_core/include
[0.908s] -- Up-to-date: /home/b/ws_moveit2/install/moveit_core/include/moveit
[0.908s] -- Up-to-date: /home/b/ws_moveit2/install/moveit_core/include/moveit/collision_detection_bullet
[0.908s] -- Up-to-date: /home/b/ws_moveit2/install/moveit_core/include/moveit/collision_detection_bullet/collision_detector_bullet_plugin_loader.h
[0.908s] -- Up-to-date: /home/b/ws_moveit2/install/moveit_core/include/moveit/collision_detection_bullet/collision_env_bullet.h
[0.908s] -- Up-to-date: /home/b/ws_moveit2/install/moveit_core/include/moveit/collision_detection_bullet/bullet_integration
[0.909s] -- Up-to-date: /home/b/ws_moveit2/install/moveit_core/include/moveit/collision_detection_bullet/bullet_integration/contact_checker_common.h
[0.909s] -- Up-to-date: /home/b/ws_moveit2/install/moveit_core/include/moveit/collision_detection_bullet/bullet_integration/bullet_utils.h
[0.909s] -- Up-to-date: /home/b/ws_moveit2/install/moveit_core/include/moveit/collision_detection_bullet/bullet_integration/bullet_discrete_bvh_manager.h
[0.909s] -- Up-to-date: /home/b/ws_moveit2/install/moveit_core/include/moveit/collision_detection_bullet/bullet_integration/bullet_bvh_manager.h
[0.909s] -- Up-to-date: /home/b/ws_moveit2/install/moveit_core/include/moveit/collision_detection_bullet/bullet_integration/basic_types.h
[0.909s] -- Up-to-date: /home/b/ws_moveit2/install/moveit_core/include/moveit/collision_detection_bullet/bullet_integration/ros_bullet_utils.h
[0.909s] -- Up-to-date: /home/b/ws_moveit2/install/moveit_core/include/moveit/collision_detection_bullet/bullet_integration/bullet_cast_bvh_manager.h
[0.909s] -- Up-to-date: /home/b/ws_moveit2/install/moveit_core/include/moveit/collision_detection_bullet/collision_detector_allocator_bullet.h
[0.909s] -- Up-to-date: /home/b/ws_moveit2/install/moveit_core/include/moveit_collision_detection_bullet_export.h
[0.909s] -- Up-to-date: /home/b/ws_moveit2/install/moveit_core/include
[0.909s] -- Up-to-date: /home/b/ws_moveit2/install/moveit_core/include/moveit
[0.909s] -- Up-to-date: /home/b/ws_moveit2/install/moveit_core/include/moveit/collision_detection_fcl
[0.910s] -- Up-to-date: /home/b/ws_moveit2/install/moveit_core/include/moveit/collision_detection_fcl/collision_common.h
[0.910s] -- Up-to-date: /home/b/ws_moveit2/install/moveit_core/include/moveit/collision_detection_fcl/collision_env_fcl.h
[0.910s] -- Up-to-date: /home/b/ws_moveit2/install/moveit_core/include/moveit/collision_detection_fcl/collision_detector_fcl_plugin_loader.h
[0.910s] -- Up-to-date: /home/b/ws_moveit2/install/moveit_core/include/moveit/collision_detection_fcl/fcl_compat.h
[0.910s] -- Up-to-date: /home/b/ws_moveit2/install/moveit_core/include/moveit/collision_detection_fcl/collision_detector_allocator_fcl.h
[0.910s] -- Up-to-date: /home/b/ws_moveit2/install/moveit_core/include/moveit_collision_detection_fcl_export.h
[0.910s] -- Up-to-date: /home/b/ws_moveit2/install/moveit_core/lib/libcollision_detector_bullet_plugin.so.2.5.9
[0.910s] -- Up-to-date: /home/b/ws_moveit2/install/moveit_core/lib/libcollision_detector_bullet_plugin.so
[0.910s] -- Up-to-date: /home/b/ws_moveit2/install/moveit_core/lib/libmoveit_butterworth_filter.so.2.5.9
[0.910s] -- Up-to-date: /home/b/ws_moveit2/install/moveit_core/lib/libmoveit_butterworth_filter.so
[0.911s] -- Up-to-date: /home/b/ws_moveit2/install/moveit_core/lib/libmoveit_collision_distance_field.so.2.5.9
[0.911s] -- Up-to-date: /home/b/ws_moveit2/install/moveit_core/lib/libmoveit_collision_distance_field.so
[0.911s] -- Up-to-date: /home/b/ws_moveit2/install/moveit_core/lib/libmoveit_collision_detection.so.2.5.9
[0.911s] -- Up-to-date: /home/b/ws_moveit2/install/moveit_core/lib/libmoveit_collision_detection.so
[0.912s] -- Up-to-date: /home/b/ws_moveit2/install/moveit_core/lib/libmoveit_collision_detection_fcl.so.2.5.9
[0.912s] -- Up-to-date: /home/b/ws_moveit2/install/moveit_core/lib/libmoveit_collision_detection_fcl.so
[0.912s] -- Up-to-date: /home/b/ws_moveit2/install/moveit_core/lib/libmoveit_collision_detection_bullet.so.2.5.9
[0.912s] -- Up-to-date: /home/b/ws_moveit2/install/moveit_core/lib/libmoveit_collision_detection_bullet.so
[0.913s] -- Up-to-date: /home/b/ws_moveit2/install/moveit_core/lib/libmoveit_dynamics_solver.so.2.5.9
[0.913s] -- Up-to-date: /home/b/ws_moveit2/install/moveit_core/lib/libmoveit_dynamics_solver.so
[0.913s] -- Up-to-date: /home/b/ws_moveit2/install/moveit_core/lib/libmoveit_constraint_samplers.so.2.5.9
[0.913s] -- Up-to-date: /home/b/ws_moveit2/install/moveit_core/lib/libmoveit_constraint_samplers.so
[0.913s] -- Up-to-date: /home/b/ws_moveit2/install/moveit_core/lib/libmoveit_distance_field.so.2.5.9
[0.914s] -- Up-to-date: /home/b/ws_moveit2/install/moveit_core/lib/libmoveit_distance_field.so
[0.914s] -- Up-to-date: /home/b/ws_moveit2/install/moveit_core/lib/libmoveit_exceptions.so.2.5.9
[0.914s] -- Up-to-date: /home/b/ws_moveit2/install/moveit_core/lib/libmoveit_exceptions.so
[0.914s] -- Up-to-date: /home/b/ws_moveit2/install/moveit_core/lib/libmoveit_kinematics_base.so
[0.914s] -- Up-to-date: /home/b/ws_moveit2/install/moveit_core/lib/libmoveit_kinematic_constraints.so.2.5.9
[0.914s] -- Up-to-date: /home/b/ws_moveit2/install/moveit_core/lib/libmoveit_kinematic_constraints.so
[0.914s] -- Up-to-date: /home/b/ws_moveit2/install/moveit_core/lib/libmoveit_kinematics_metrics.so.2.5.9
[0.914s] -- Up-to-date: /home/b/ws_moveit2/install/moveit_core/lib/libmoveit_kinematics_metrics.so
[0.914s] -- Up-to-date: /home/b/ws_moveit2/install/moveit_core/lib/libmoveit_planning_interface.so.2.5.9
[0.915s] -- Up-to-date: /home/b/ws_moveit2/install/moveit_core/lib/libmoveit_planning_interface.so
[0.915s] -- Up-to-date: /home/b/ws_moveit2/install/moveit_core/lib/libmoveit_planning_scene.so.2.5.9
[0.915s] -- Up-to-date: /home/b/ws_moveit2/install/moveit_core/lib/libmoveit_planning_scene.so
[0.915s] -- Up-to-date: /home/b/ws_moveit2/install/moveit_core/lib/libmoveit_planning_request_adapter.so.2.5.9
[0.916s] -- Up-to-date: /home/b/ws_moveit2/install/moveit_core/lib/libmoveit_planning_request_adapter.so
[0.916s] -- Up-to-date: /home/b/ws_moveit2/install/moveit_core/lib/libmoveit_robot_model.so.2.5.9
[0.916s] -- Up-to-date: /home/b/ws_moveit2/install/moveit_core/lib/libmoveit_robot_model.so
[0.916s] -- Up-to-date: /home/b/ws_moveit2/install/moveit_core/lib/libmoveit_robot_state.so.2.5.9
[0.917s] -- Up-to-date: /home/b/ws_moveit2/install/moveit_core/lib/libmoveit_robot_state.so
[0.917s] -- Up-to-date: /home/b/ws_moveit2/install/moveit_core/lib/libmoveit_robot_trajectory.so.2.5.9
[0.917s] -- Up-to-date: /home/b/ws_moveit2/install/moveit_core/lib/libmoveit_robot_trajectory.so
[0.917s] -- Up-to-date: /home/b/ws_moveit2/install/moveit_core/lib/libmoveit_smoothing_base.so.2.5.9
[0.917s] -- Up-to-date: /home/b/ws_moveit2/install/moveit_core/lib/libmoveit_smoothing_base.so
[0.917s] -- Up-to-date: /home/b/ws_moveit2/install/moveit_core/lib/libmoveit_test_utils.so.2.5.9
[0.917s] -- Up-to-date: /home/b/ws_moveit2/install/moveit_core/lib/libmoveit_test_utils.so
[0.917s] -- Up-to-date: /home/b/ws_moveit2/install/moveit_core/lib/libmoveit_trajectory_processing.so.2.5.9
[0.917s] -- Up-to-date: /home/b/ws_moveit2/install/moveit_core/lib/libmoveit_trajectory_processing.so
[0.917s] -- Up-to-date: /home/b/ws_moveit2/install/moveit_core/lib/libmoveit_transforms.so.2.5.9
[0.918s] -- Up-to-date: /home/b/ws_moveit2/install/moveit_core/lib/libmoveit_transforms.so
[0.918s] -- Up-to-date: /home/b/ws_moveit2/install/moveit_core/lib/libmoveit_utils.so.2.5.9
[0.918s] -- Up-to-date: /home/b/ws_moveit2/install/moveit_core/lib/libmoveit_utils.so
[0.918s] -- Up-to-date: /home/b/ws_moveit2/install/moveit_core/share/moveit_core/environment/library_path.sh
[0.918s] -- Up-to-date: /home/b/ws_moveit2/install/moveit_core/share/moveit_core/environment/library_path.dsv
[0.918s] -- Up-to-date: /home/b/ws_moveit2/install/moveit_core/share/moveit_core/collision_detector_fcl_description.xml
[0.918s] -- Up-to-date: /home/b/ws_moveit2/install/moveit_core/share/moveit_core/collision_detector_bullet_description.xml
[0.918s] -- Up-to-date: /home/b/ws_moveit2/install/moveit_core/share/moveit_core/filter_plugin_butterworth.xml
[0.919s] -- Up-to-date: /home/b/ws_moveit2/install/moveit_core/share/ament_index/resource_index/package_run_dependencies/moveit_core
[0.919s] -- Up-to-date: /home/b/ws_moveit2/install/moveit_core/share/ament_index/resource_index/parent_prefix_path/moveit_core
[0.919s] -- Up-to-date: /home/b/ws_moveit2/install/moveit_core/share/moveit_core/environment/ament_prefix_path.sh
[0.919s] -- Up-to-date: /home/b/ws_moveit2/install/moveit_core/share/moveit_core/environment/ament_prefix_path.dsv
[0.919s] -- Up-to-date: /home/b/ws_moveit2/install/moveit_core/share/moveit_core/environment/path.sh
[0.919s] -- Up-to-date: /home/b/ws_moveit2/install/moveit_core/share/moveit_core/environment/path.dsv
[0.919s] -- Up-to-date: /home/b/ws_moveit2/install/moveit_core/share/moveit_core/local_setup.bash
[0.919s] -- Up-to-date: /home/b/ws_moveit2/install/moveit_core/share/moveit_core/local_setup.sh
[0.920s] -- Up-to-date: /home/b/ws_moveit2/install/moveit_core/share/moveit_core/local_setup.zsh
[0.920s] -- Up-to-date: /home/b/ws_moveit2/install/moveit_core/share/moveit_core/local_setup.dsv
[0.920s] -- Installing: /home/b/ws_moveit2/install/moveit_core/share/moveit_core/package.dsv
[0.920s] -- Up-to-date: /home/b/ws_moveit2/install/moveit_core/share/ament_index/resource_index/packages/moveit_core
[0.920s] -- Up-to-date: /home/b/ws_moveit2/install/moveit_core/share/ament_index/resource_index/moveit_core__pluginlib__plugin/moveit_core
[0.922s] -- Up-to-date: /home/b/ws_moveit2/install/moveit_core/share/moveit_core/cmake/export_moveit_coreExport.cmake
[0.922s] -- Up-to-date: /home/b/ws_moveit2/install/moveit_core/share/moveit_core/cmake/export_moveit_coreExport-release.cmake
[0.922s] -- Up-to-date: /home/b/ws_moveit2/install/moveit_core/share/moveit_core/cmake/ConfigExtras.cmake
[0.922s] -- Up-to-date: /home/b/ws_moveit2/install/moveit_core/share/moveit_core/cmake/ament_cmake_export_targets-extras.cmake
[0.922s] -- Up-to-date: /home/b/ws_moveit2/install/moveit_core/share/moveit_core/cmake/ament_cmake_export_dependencies-extras.cmake
[0.922s] -- Up-to-date: /home/b/ws_moveit2/install/moveit_core/share/moveit_core/cmake/moveit_coreConfig.cmake
[0.922s] -- Up-to-date: /home/b/ws_moveit2/install/moveit_core/share/moveit_core/cmake/moveit_coreConfig-version.cmake
[0.922s] -- Up-to-date: /home/b/ws_moveit2/install/moveit_core/share/moveit_core/package.xml
[0.924s] Invoked command in '/home/b/ws_moveit2/build/moveit_core' returned '0': AMENT_PREFIX_PATH=/home/b/ws_moveit2/install/moveit_resources_panda_moveit_config:/home/b/ws_moveit2/install/srdfdom:/home/b/ws_moveit2/install/moveit_resources_pr2_description:/home/b/ws_moveit2/install/moveit_resources_panda_description:/home/b/ws_moveit2/install/moveit_common:${AMENT_PREFIX_PATH} CMAKE_PREFIX_PATH=/home/b/ws_moveit2/install/moveit_resources_panda_moveit_config:/home/b/ws_moveit2/install/srdfdom:/home/b/ws_moveit2/install/moveit_resources_pr2_description:/home/b/ws_moveit2/install/moveit_resources_panda_description:/home/b/ws_moveit2/install/moveit_common:/opt/ros/humble LD_LIBRARY_PATH=/home/b/ws_moveit2/install/srdfdom/lib:${LD_LIBRARY_PATH} PYTHONPATH=/home/b/ws_moveit2/install/srdfdom/local/lib/python3.10/dist-packages:${PYTHONPATH} /usr/bin/cmake --install /home/b/ws_moveit2/build/moveit_core
