[0.822s] Invoking command in '/home/b/ws_moveit2/build/moveit_ros_robot_interaction': AMENT_PREFIX_PATH=/home/b/ws_moveit2/install/moveit_ros_planning:/home/b/ws_moveit2/install/moveit_ros_occupancy_map_monitor:/home/b/ws_moveit2/install/moveit_core:/home/b/ws_moveit2/install/moveit_resources_panda_moveit_config:/home/b/ws_moveit2/install/moveit_configs_utils:/home/b/ws_moveit2/install/srdfdom:/home/b/ws_moveit2/install/moveit_resources_pr2_description:/home/b/ws_moveit2/install/moveit_resources_panda_description:/home/b/ws_moveit2/install/moveit_common:/home/b/ws_moveit2/install/launch_param_builder:${AMENT_PREFIX_PATH} CMAKE_PREFIX_PATH=/home/b/ws_moveit2/install/moveit_ros_planning:/home/b/ws_moveit2/install/moveit_ros_occupancy_map_monitor:/home/b/ws_moveit2/install/moveit_core:/home/b/ws_moveit2/install/moveit_resources_panda_moveit_config:/home/b/ws_moveit2/install/srdfdom:/home/b/ws_moveit2/install/moveit_resources_pr2_description:/home/b/ws_moveit2/install/moveit_resources_panda_description:/home/b/ws_moveit2/install/moveit_common:/opt/ros/humble LD_LIBRARY_PATH=/home/b/ws_moveit2/install/moveit_ros_planning/lib:/home/b/ws_moveit2/install/moveit_ros_occupancy_map_monitor/lib:/home/b/ws_moveit2/install/moveit_core/lib:/home/b/ws_moveit2/install/srdfdom/lib:${LD_LIBRARY_PATH} PATH=/home/b/ws_moveit2/install/moveit_core/bin:${PATH} PYTHONPATH=/home/b/ws_moveit2/install/moveit_configs_utils/lib/python3.10/site-packages:/home/b/ws_moveit2/install/srdfdom/local/lib/python3.10/dist-packages:/home/b/ws_moveit2/install/launch_param_builder/lib/python3.10/site-packages:${PYTHONPATH} /usr/bin/cmake /home/b/ws_moveit2/src/moveit2/moveit_ros/robot_interaction -DCMAKE_BUILD_TYPE=Release -DCMAKE_INSTALL_PREFIX=/home/b/ws_moveit2/install/moveit_ros_robot_interaction
[0.963s] -- The C compiler identification is GNU 11.4.0
[1.323s] -- The CXX compiler identification is GNU 11.4.0
[1.572s] -- Detecting C compiler ABI info
[1.725s] -- Detecting C compiler ABI info - done
[1.733s] -- Check for working C compiler: /usr/bin/cc - skipped
[1.733s] -- Detecting C compile features
[1.733s] -- Detecting C compile features - done
[1.740s] -- Detecting CXX compiler ABI info
[1.906s] -- Detecting CXX compiler ABI info - done
[1.912s] -- Check for working CXX compiler: /usr/bin/c++ - skipped
[1.912s] -- Detecting CXX compile features
[1.912s] -- Detecting CXX compile features - done
[1.914s] -- Found moveit_common: 2.5.9 (/home/b/ws_moveit2/install/moveit_common/share/moveit_common/cmake)
[1.918s] -- Found ament_cmake: 1.3.13 (/opt/ros/humble/share/ament_cmake/cmake)
[2.139s] -- Found Python3: /usr/bin/python3 (found version "3.10.12") found components: Interpreter 
[2.393s] -- Found moveit_core: 2.5.9 (/home/b/ws_moveit2/install/moveit_core/share/moveit_core/cmake)
[2.833s] -- Found Boost: /usr/lib/x86_64-linux-gnu/cmake/Boost-1.74.0/BoostConfig.cmake (found version "1.74.0") found components: chrono date_time filesystem iostreams program_options regex serialization system thread 
[4.364s] -- Found parameter_traits: 0.6.0 (/opt/ros/humble/share/parameter_traits/cmake)
[4.454s] -- Found rosidl_generator_c: 3.1.8 (/opt/ros/humble/share/rosidl_generator_c/cmake)
[4.459s] -- Found rosidl_adapter: 3.1.8 (/opt/ros/humble/share/rosidl_adapter/cmake)
[4.466s] -- Found rosidl_generator_cpp: 3.1.8 (/opt/ros/humble/share/rosidl_generator_cpp/cmake)
[4.478s] -- Using all available rosidl_typesupport_c: rosidl_typesupport_fastrtps_c;rosidl_typesupport_introspection_c
[4.494s] -- Using all available rosidl_typesupport_cpp: rosidl_typesupport_fastrtps_cpp;rosidl_typesupport_introspection_cpp
[4.533s] -- Found rmw_implementation_cmake: 6.1.2 (/opt/ros/humble/share/rmw_implementation_cmake/cmake)
[4.536s] -- Found rmw_fastrtps_cpp: 6.2.10 (/opt/ros/humble/share/rmw_fastrtps_cpp/cmake)
[5.419s] -- Found OpenSSL: /usr/lib/x86_64-linux-gnu/libcrypto.so (found version "3.0.2")  
[7.068s] -- Found FastRTPS: /opt/ros/humble/include  
[10.137s] -- Using RMW implementation 'rmw_fastrtps_cpp' as default
[10.145s] -- Found Threads: TRUE  
[10.197s] -- Found rclcpp_lifecycle: 16.0.18 (/opt/ros/humble/share/rclcpp_lifecycle/cmake)
[10.217s] -- Found Boost: /usr/lib/x86_64-linux-gnu/cmake/Boost-1.74.0/BoostConfig.cmake (found version "1.74.0") found components: filesystem 
[11.430s] -- library: /usr/lib/x86_64-linux-gnu/libcurl.so
[11.548s] -- Found Eigen3: TRUE (found version "3.4.0") 
[11.548s] -- Ensuring Eigen3 include directory is part of orocos-kdl CMake target
[12.696s] -- Found moveit_ros_planning: 2.5.9 (/home/b/ws_moveit2/install/moveit_ros_planning/share/moveit_ros_planning/cmake)
[12.704s] -- Found Boost: /usr/lib/x86_64-linux-gnu/cmake/Boost-1.74.0/BoostConfig.cmake (found version "1.74.0") found components: system filesystem date_time program_options thread chrono 
[12.769s] -- Found interactive_markers: 2.3.2 (/opt/ros/humble/share/interactive_markers/cmake)
[12.777s] -- Performing Test COMPILER_HAS_HIDDEN_VISIBILITY
[13.059s] -- Performing Test COMPILER_HAS_HIDDEN_VISIBILITY - Success
[13.061s] -- Performing Test COMPILER_HAS_HIDDEN_INLINE_VISIBILITY
[13.379s] -- Performing Test COMPILER_HAS_HIDDEN_INLINE_VISIBILITY - Success
[13.380s] -- Performing Test COMPILER_HAS_DEPRECATED_ATTR
[13.707s] -- Performing Test COMPILER_HAS_DEPRECATED_ATTR - Success
[13.720s] -- Found ament_cmake_gtest: 1.3.13 (/opt/ros/humble/share/ament_cmake_gtest/cmake)
[13.725s] -- Found gtest sources under '/opt/ros/humble/src/gtest_vendor': C++ tests using 'Google Test' will be built
[13.746s] -- Found ament_lint_auto: 0.12.15 (/opt/ros/humble/share/ament_lint_auto/cmake)
[13.799s] -- Added test 'cppcheck' to perform static code analysis on C / C++ code
[13.800s] -- Configured cppcheck include dirs: /home/b/ws_moveit2/src/moveit2/moveit_ros/robot_interaction/include
[13.800s] -- Configured cppcheck exclude dirs and/or files: 
[13.802s] -- Added test 'lint_cmake' to check CMake code style
[13.803s] -- Added test 'xmllint' to check XML markup files
[13.811s] -- Configuring done
[13.925s] -- Generating done
[13.949s] -- Build files have been written to: /home/b/ws_moveit2/build/moveit_ros_robot_interaction
[13.982s] Invoked command in '/home/b/ws_moveit2/build/moveit_ros_robot_interaction' returned '0': AMENT_PREFIX_PATH=/home/b/ws_moveit2/install/moveit_ros_planning:/home/b/ws_moveit2/install/moveit_ros_occupancy_map_monitor:/home/b/ws_moveit2/install/moveit_core:/home/b/ws_moveit2/install/moveit_resources_panda_moveit_config:/home/b/ws_moveit2/install/moveit_configs_utils:/home/b/ws_moveit2/install/srdfdom:/home/b/ws_moveit2/install/moveit_resources_pr2_description:/home/b/ws_moveit2/install/moveit_resources_panda_description:/home/b/ws_moveit2/install/moveit_common:/home/b/ws_moveit2/install/launch_param_builder:${AMENT_PREFIX_PATH} CMAKE_PREFIX_PATH=/home/b/ws_moveit2/install/moveit_ros_planning:/home/b/ws_moveit2/install/moveit_ros_occupancy_map_monitor:/home/b/ws_moveit2/install/moveit_core:/home/b/ws_moveit2/install/moveit_resources_panda_moveit_config:/home/b/ws_moveit2/install/srdfdom:/home/b/ws_moveit2/install/moveit_resources_pr2_description:/home/b/ws_moveit2/install/moveit_resources_panda_description:/home/b/ws_moveit2/install/moveit_common:/opt/ros/humble LD_LIBRARY_PATH=/home/b/ws_moveit2/install/moveit_ros_planning/lib:/home/b/ws_moveit2/install/moveit_ros_occupancy_map_monitor/lib:/home/b/ws_moveit2/install/moveit_core/lib:/home/b/ws_moveit2/install/srdfdom/lib:${LD_LIBRARY_PATH} PATH=/home/b/ws_moveit2/install/moveit_core/bin:${PATH} PYTHONPATH=/home/b/ws_moveit2/install/moveit_configs_utils/lib/python3.10/site-packages:/home/b/ws_moveit2/install/srdfdom/local/lib/python3.10/dist-packages:/home/b/ws_moveit2/install/launch_param_builder/lib/python3.10/site-packages:${PYTHONPATH} /usr/bin/cmake /home/b/ws_moveit2/src/moveit2/moveit_ros/robot_interaction -DCMAKE_BUILD_TYPE=Release -DCMAKE_INSTALL_PREFIX=/home/b/ws_moveit2/install/moveit_ros_robot_interaction
[13.986s] Invoking command in '/home/b/ws_moveit2/build/moveit_ros_robot_interaction': AMENT_PREFIX_PATH=/home/b/ws_moveit2/install/moveit_ros_planning:/home/b/ws_moveit2/install/moveit_ros_occupancy_map_monitor:/home/b/ws_moveit2/install/moveit_core:/home/b/ws_moveit2/install/moveit_resources_panda_moveit_config:/home/b/ws_moveit2/install/moveit_configs_utils:/home/b/ws_moveit2/install/srdfdom:/home/b/ws_moveit2/install/moveit_resources_pr2_description:/home/b/ws_moveit2/install/moveit_resources_panda_description:/home/b/ws_moveit2/install/moveit_common:/home/b/ws_moveit2/install/launch_param_builder:${AMENT_PREFIX_PATH} CMAKE_PREFIX_PATH=/home/b/ws_moveit2/install/moveit_ros_planning:/home/b/ws_moveit2/install/moveit_ros_occupancy_map_monitor:/home/b/ws_moveit2/install/moveit_core:/home/b/ws_moveit2/install/moveit_resources_panda_moveit_config:/home/b/ws_moveit2/install/srdfdom:/home/b/ws_moveit2/install/moveit_resources_pr2_description:/home/b/ws_moveit2/install/moveit_resources_panda_description:/home/b/ws_moveit2/install/moveit_common:/opt/ros/humble LD_LIBRARY_PATH=/home/b/ws_moveit2/install/moveit_ros_planning/lib:/home/b/ws_moveit2/install/moveit_ros_occupancy_map_monitor/lib:/home/b/ws_moveit2/install/moveit_core/lib:/home/b/ws_moveit2/install/srdfdom/lib:${LD_LIBRARY_PATH} PATH=/home/b/ws_moveit2/install/moveit_core/bin:${PATH} PYTHONPATH=/home/b/ws_moveit2/install/moveit_configs_utils/lib/python3.10/site-packages:/home/b/ws_moveit2/install/srdfdom/local/lib/python3.10/dist-packages:/home/b/ws_moveit2/install/launch_param_builder/lib/python3.10/site-packages:${PYTHONPATH} /usr/bin/cmake --build /home/b/ws_moveit2/build/moveit_ros_robot_interaction -- -j12 -l12
[14.094s] [  7%] [32mBuilding CXX object gtest/CMakeFiles/gtest.dir/src/gtest-all.cc.o[0m
[14.095s] [ 15%] [32mBuilding CXX object CMakeFiles/moveit_robot_interaction.dir/src/kinematic_options.cpp.o[0m
[14.098s] [ 23%] [32mBuilding CXX object CMakeFiles/moveit_robot_interaction.dir/src/locked_robot_state.cpp.o[0m
[14.102s] [ 30%] [32mBuilding CXX object CMakeFiles/moveit_robot_interaction.dir/src/interactive_marker_helpers.cpp.o[0m
[14.102s] [ 38%] [32mBuilding CXX object gtest/CMakeFiles/gtest_main.dir/src/gtest_main.cc.o[0m
[14.112s] [ 46%] [32mBuilding CXX object CMakeFiles/moveit_robot_interaction.dir/src/interaction_handler.cpp.o[0m
[14.114s] [ 53%] [32mBuilding CXX object CMakeFiles/moveit_robot_interaction.dir/src/kinematic_options_map.cpp.o[0m
[14.154s] [ 61%] [32mBuilding CXX object CMakeFiles/moveit_robot_interaction.dir/src/robot_interaction.cpp.o[0m
[17.787s] [ 69%] [32m[1mLinking CXX static library libgtest_main.a[0m
[17.975s] [ 69%] Built target gtest_main
[47.991s] [ 76%] [32m[1mLinking CXX static library libgtest.a[0m
[48.186s] [ 76%] Built target gtest
[82.705s] [ 84%] [32m[1mLinking CXX shared library libmoveit_robot_interaction.so[0m
[83.333s] [ 84%] Built target moveit_robot_interaction
[83.367s] [ 92%] [32mBuilding CXX object CMakeFiles/locked_robot_state_test.dir/test/locked_robot_state_test.cpp.o[0m
[99.896s] [100%] [32m[1mLinking CXX executable locked_robot_state_test[0m
[100.697s] [100%] Built target locked_robot_state_test
[100.725s] Invoked command in '/home/b/ws_moveit2/build/moveit_ros_robot_interaction' returned '0': AMENT_PREFIX_PATH=/home/b/ws_moveit2/install/moveit_ros_planning:/home/b/ws_moveit2/install/moveit_ros_occupancy_map_monitor:/home/b/ws_moveit2/install/moveit_core:/home/b/ws_moveit2/install/moveit_resources_panda_moveit_config:/home/b/ws_moveit2/install/moveit_configs_utils:/home/b/ws_moveit2/install/srdfdom:/home/b/ws_moveit2/install/moveit_resources_pr2_description:/home/b/ws_moveit2/install/moveit_resources_panda_description:/home/b/ws_moveit2/install/moveit_common:/home/b/ws_moveit2/install/launch_param_builder:${AMENT_PREFIX_PATH} CMAKE_PREFIX_PATH=/home/b/ws_moveit2/install/moveit_ros_planning:/home/b/ws_moveit2/install/moveit_ros_occupancy_map_monitor:/home/b/ws_moveit2/install/moveit_core:/home/b/ws_moveit2/install/moveit_resources_panda_moveit_config:/home/b/ws_moveit2/install/srdfdom:/home/b/ws_moveit2/install/moveit_resources_pr2_description:/home/b/ws_moveit2/install/moveit_resources_panda_description:/home/b/ws_moveit2/install/moveit_common:/opt/ros/humble LD_LIBRARY_PATH=/home/b/ws_moveit2/install/moveit_ros_planning/lib:/home/b/ws_moveit2/install/moveit_ros_occupancy_map_monitor/lib:/home/b/ws_moveit2/install/moveit_core/lib:/home/b/ws_moveit2/install/srdfdom/lib:${LD_LIBRARY_PATH} PATH=/home/b/ws_moveit2/install/moveit_core/bin:${PATH} PYTHONPATH=/home/b/ws_moveit2/install/moveit_configs_utils/lib/python3.10/site-packages:/home/b/ws_moveit2/install/srdfdom/local/lib/python3.10/dist-packages:/home/b/ws_moveit2/install/launch_param_builder/lib/python3.10/site-packages:${PYTHONPATH} /usr/bin/cmake --build /home/b/ws_moveit2/build/moveit_ros_robot_interaction -- -j12 -l12
[100.730s] Invoking command in '/home/b/ws_moveit2/build/moveit_ros_robot_interaction': AMENT_PREFIX_PATH=/home/b/ws_moveit2/install/moveit_ros_planning:/home/b/ws_moveit2/install/moveit_ros_occupancy_map_monitor:/home/b/ws_moveit2/install/moveit_core:/home/b/ws_moveit2/install/moveit_resources_panda_moveit_config:/home/b/ws_moveit2/install/moveit_configs_utils:/home/b/ws_moveit2/install/srdfdom:/home/b/ws_moveit2/install/moveit_resources_pr2_description:/home/b/ws_moveit2/install/moveit_resources_panda_description:/home/b/ws_moveit2/install/moveit_common:/home/b/ws_moveit2/install/launch_param_builder:${AMENT_PREFIX_PATH} CMAKE_PREFIX_PATH=/home/b/ws_moveit2/install/moveit_ros_planning:/home/b/ws_moveit2/install/moveit_ros_occupancy_map_monitor:/home/b/ws_moveit2/install/moveit_core:/home/b/ws_moveit2/install/moveit_resources_panda_moveit_config:/home/b/ws_moveit2/install/srdfdom:/home/b/ws_moveit2/install/moveit_resources_pr2_description:/home/b/ws_moveit2/install/moveit_resources_panda_description:/home/b/ws_moveit2/install/moveit_common:/opt/ros/humble LD_LIBRARY_PATH=/home/b/ws_moveit2/install/moveit_ros_planning/lib:/home/b/ws_moveit2/install/moveit_ros_occupancy_map_monitor/lib:/home/b/ws_moveit2/install/moveit_core/lib:/home/b/ws_moveit2/install/srdfdom/lib:${LD_LIBRARY_PATH} PATH=/home/b/ws_moveit2/install/moveit_core/bin:${PATH} PYTHONPATH=/home/b/ws_moveit2/install/moveit_configs_utils/lib/python3.10/site-packages:/home/b/ws_moveit2/install/srdfdom/local/lib/python3.10/dist-packages:/home/b/ws_moveit2/install/launch_param_builder/lib/python3.10/site-packages:${PYTHONPATH} /usr/bin/cmake --install /home/b/ws_moveit2/build/moveit_ros_robot_interaction
[100.751s] -- Install configuration: "Release"
[100.753s] -- Installing: /home/b/ws_moveit2/install/moveit_ros_robot_interaction/lib/libmoveit_robot_interaction.so.2.5.9
[100.757s] -- Set runtime path of "/home/b/ws_moveit2/install/moveit_ros_robot_interaction/lib/libmoveit_robot_interaction.so.2.5.9" to ""
[100.757s] -- Installing: /home/b/ws_moveit2/install/moveit_ros_robot_interaction/lib/libmoveit_robot_interaction.so
[100.757s] -- Installing: /home/b/ws_moveit2/install/moveit_ros_robot_interaction/include
[100.758s] -- Installing: /home/b/ws_moveit2/install/moveit_ros_robot_interaction/include/moveit
[100.758s] -- Installing: /home/b/ws_moveit2/install/moveit_ros_robot_interaction/include/moveit/robot_interaction
[100.759s] -- Installing: /home/b/ws_moveit2/install/moveit_ros_robot_interaction/include/moveit/robot_interaction/interaction_handler.h
[100.759s] -- Installing: /home/b/ws_moveit2/install/moveit_ros_robot_interaction/include/moveit/robot_interaction/interaction.h
[100.760s] -- Installing: /home/b/ws_moveit2/install/moveit_ros_robot_interaction/include/moveit/robot_interaction/kinematic_options.h
[100.760s] -- Installing: /home/b/ws_moveit2/install/moveit_ros_robot_interaction/include/moveit/robot_interaction/kinematic_options_map.h
[100.760s] -- Installing: /home/b/ws_moveit2/install/moveit_ros_robot_interaction/include/moveit/robot_interaction/locked_robot_state.h
[100.761s] -- Installing: /home/b/ws_moveit2/install/moveit_ros_robot_interaction/include/moveit/robot_interaction/robot_interaction.h
[100.761s] -- Installing: /home/b/ws_moveit2/install/moveit_ros_robot_interaction/include/moveit/robot_interaction/interactive_marker_helpers.h
[100.762s] -- Installing: /home/b/ws_moveit2/install/moveit_ros_robot_interaction/include/moveit_robot_interaction_export.h
[100.762s] -- Installing: /home/b/ws_moveit2/install/moveit_ros_robot_interaction/share/moveit_ros_robot_interaction/resources
[100.763s] -- Installing: /home/b/ws_moveit2/install/moveit_ros_robot_interaction/share/moveit_ros_robot_interaction/resources/access-denied.stl
[100.763s] -- Installing: /home/b/ws_moveit2/install/moveit_ros_robot_interaction/share/moveit_ros_robot_interaction/resources/access-denied.dae
[100.764s] -- Installing: /home/b/ws_moveit2/install/moveit_ros_robot_interaction/share/moveit_ros_robot_interaction/environment/library_path.sh
[100.765s] -- Installing: /home/b/ws_moveit2/install/moveit_ros_robot_interaction/share/moveit_ros_robot_interaction/environment/library_path.dsv
[100.765s] -- Installing: /home/b/ws_moveit2/install/moveit_ros_robot_interaction/share/ament_index/resource_index/package_run_dependencies/moveit_ros_robot_interaction
[100.767s] -- Installing: /home/b/ws_moveit2/install/moveit_ros_robot_interaction/share/ament_index/resource_index/parent_prefix_path/moveit_ros_robot_interaction
[100.768s] -- Installing: /home/b/ws_moveit2/install/moveit_ros_robot_interaction/share/moveit_ros_robot_interaction/environment/ament_prefix_path.sh
[100.769s] -- Installing: /home/b/ws_moveit2/install/moveit_ros_robot_interaction/share/moveit_ros_robot_interaction/environment/ament_prefix_path.dsv
[100.770s] -- Installing: /home/b/ws_moveit2/install/moveit_ros_robot_interaction/share/moveit_ros_robot_interaction/environment/path.sh
[100.770s] -- Installing: /home/b/ws_moveit2/install/moveit_ros_robot_interaction/share/moveit_ros_robot_interaction/environment/path.dsv
[100.771s] -- Installing: /home/b/ws_moveit2/install/moveit_ros_robot_interaction/share/moveit_ros_robot_interaction/local_setup.bash
[100.773s] -- Installing: /home/b/ws_moveit2/install/moveit_ros_robot_interaction/share/moveit_ros_robot_interaction/local_setup.sh
[100.774s] -- Installing: /home/b/ws_moveit2/install/moveit_ros_robot_interaction/share/moveit_ros_robot_interaction/local_setup.zsh
[100.775s] -- Installing: /home/b/ws_moveit2/install/moveit_ros_robot_interaction/share/moveit_ros_robot_interaction/local_setup.dsv
[100.776s] -- Installing: /home/b/ws_moveit2/install/moveit_ros_robot_interaction/share/moveit_ros_robot_interaction/package.dsv
[100.780s] -- Installing: /home/b/ws_moveit2/install/moveit_ros_robot_interaction/share/ament_index/resource_index/packages/moveit_ros_robot_interaction
[100.780s] -- Installing: /home/b/ws_moveit2/install/moveit_ros_robot_interaction/share/moveit_ros_robot_interaction/cmake/export_moveit_ros_robot_interactionExport.cmake
[100.781s] -- Installing: /home/b/ws_moveit2/install/moveit_ros_robot_interaction/share/moveit_ros_robot_interaction/cmake/export_moveit_ros_robot_interactionExport-release.cmake
[100.781s] -- Installing: /home/b/ws_moveit2/install/moveit_ros_robot_interaction/share/moveit_ros_robot_interaction/cmake/ament_cmake_export_targets-extras.cmake
[100.781s] -- Installing: /home/b/ws_moveit2/install/moveit_ros_robot_interaction/share/moveit_ros_robot_interaction/cmake/ament_cmake_export_dependencies-extras.cmake
[100.782s] -- Installing: /home/b/ws_moveit2/install/moveit_ros_robot_interaction/share/moveit_ros_robot_interaction/cmake/moveit_ros_robot_interactionConfig.cmake
[100.782s] -- Installing: /home/b/ws_moveit2/install/moveit_ros_robot_interaction/share/moveit_ros_robot_interaction/cmake/moveit_ros_robot_interactionConfig-version.cmake
[100.783s] -- Installing: /home/b/ws_moveit2/install/moveit_ros_robot_interaction/share/moveit_ros_robot_interaction/package.xml
[100.785s] Invoked command in '/home/b/ws_moveit2/build/moveit_ros_robot_interaction' returned '0': AMENT_PREFIX_PATH=/home/b/ws_moveit2/install/moveit_ros_planning:/home/b/ws_moveit2/install/moveit_ros_occupancy_map_monitor:/home/b/ws_moveit2/install/moveit_core:/home/b/ws_moveit2/install/moveit_resources_panda_moveit_config:/home/b/ws_moveit2/install/moveit_configs_utils:/home/b/ws_moveit2/install/srdfdom:/home/b/ws_moveit2/install/moveit_resources_pr2_description:/home/b/ws_moveit2/install/moveit_resources_panda_description:/home/b/ws_moveit2/install/moveit_common:/home/b/ws_moveit2/install/launch_param_builder:${AMENT_PREFIX_PATH} CMAKE_PREFIX_PATH=/home/b/ws_moveit2/install/moveit_ros_planning:/home/b/ws_moveit2/install/moveit_ros_occupancy_map_monitor:/home/b/ws_moveit2/install/moveit_core:/home/b/ws_moveit2/install/moveit_resources_panda_moveit_config:/home/b/ws_moveit2/install/srdfdom:/home/b/ws_moveit2/install/moveit_resources_pr2_description:/home/b/ws_moveit2/install/moveit_resources_panda_description:/home/b/ws_moveit2/install/moveit_common:/opt/ros/humble LD_LIBRARY_PATH=/home/b/ws_moveit2/install/moveit_ros_planning/lib:/home/b/ws_moveit2/install/moveit_ros_occupancy_map_monitor/lib:/home/b/ws_moveit2/install/moveit_core/lib:/home/b/ws_moveit2/install/srdfdom/lib:${LD_LIBRARY_PATH} PATH=/home/b/ws_moveit2/install/moveit_core/bin:${PATH} PYTHONPATH=/home/b/ws_moveit2/install/moveit_configs_utils/lib/python3.10/site-packages:/home/b/ws_moveit2/install/srdfdom/local/lib/python3.10/dist-packages:/home/b/ws_moveit2/install/launch_param_builder/lib/python3.10/site-packages:${PYTHONPATH} /usr/bin/cmake --install /home/b/ws_moveit2/build/moveit_ros_robot_interaction
