[0.031s] Invoking command in '/home/b/ws_moveit2/src/build/moveit_common': CMAKE_PREFIX_PATH=/opt/ros/humble /usr/bin/cmake /home/b/ws_moveit2/src/moveit2/moveit_common -DCMAKE_INSTALL_PREFIX=/home/b/ws_moveit2/src/install/moveit_common
[0.219s] -- Found ament_cmake: 1.3.13 (/opt/ros/humble/share/ament_cmake/cmake)
[0.240s] -- Found Python3: /usr/bin/python3 (found version "3.10.12") found components: Interpreter 
[0.361s] -- Found ament_lint_auto: 0.12.15 (/opt/ros/humble/share/ament_lint_auto/cmake)
[0.442s] -- Added test 'copyright' to check source files copyright and LICENSE
[0.445s] -- Added test 'lint_cmake' to check CMake code style
[0.447s] -- Added test 'xmllint' to check XML markup files
[0.450s] -- Configuring done
[0.452s] -- Generating done
[0.454s] -- Build files have been written to: /home/b/ws_moveit2/src/build/moveit_common
[0.456s] Invoked command in '/home/b/ws_moveit2/src/build/moveit_common' returned '0': CMAKE_PREFIX_PATH=/opt/ros/humble /usr/bin/cmake /home/b/ws_moveit2/src/moveit2/moveit_common -DCMAKE_INSTALL_PREFIX=/home/b/ws_moveit2/src/install/moveit_common
[0.459s] Invoking command in '/home/b/ws_moveit2/src/build/moveit_common': CMAKE_PREFIX_PATH=/opt/ros/humble /usr/bin/cmake --build /home/b/ws_moveit2/src/build/moveit_common -- -j12 -l12
[0.489s] Invoked command in '/home/b/ws_moveit2/src/build/moveit_common' returned '0': CMAKE_PREFIX_PATH=/opt/ros/humble /usr/bin/cmake --build /home/b/ws_moveit2/src/build/moveit_common -- -j12 -l12
[0.500s] Invoking command in '/home/b/ws_moveit2/src/build/moveit_common': CMAKE_PREFIX_PATH=/opt/ros/humble /usr/bin/cmake --install /home/b/ws_moveit2/src/build/moveit_common
[0.507s] -- Install configuration: ""
[0.507s] -- Installing: /home/b/ws_moveit2/src/install/moveit_common/share/ament_index/resource_index/package_run_dependencies/moveit_common
[0.508s] -- Installing: /home/b/ws_moveit2/src/install/moveit_common/share/ament_index/resource_index/parent_prefix_path/moveit_common
[0.508s] -- Installing: /home/b/ws_moveit2/src/install/moveit_common/share/moveit_common/environment/ament_prefix_path.sh
[0.508s] -- Installing: /home/b/ws_moveit2/src/install/moveit_common/share/moveit_common/environment/ament_prefix_path.dsv
[0.509s] -- Installing: /home/b/ws_moveit2/src/install/moveit_common/share/moveit_common/environment/path.sh
[0.509s] -- Installing: /home/b/ws_moveit2/src/install/moveit_common/share/moveit_common/environment/path.dsv
[0.509s] -- Installing: /home/b/ws_moveit2/src/install/moveit_common/share/moveit_common/local_setup.bash
[0.509s] -- Installing: /home/b/ws_moveit2/src/install/moveit_common/share/moveit_common/local_setup.sh
[0.510s] -- Installing: /home/b/ws_moveit2/src/install/moveit_common/share/moveit_common/local_setup.zsh
[0.510s] -- Installing: /home/b/ws_moveit2/src/install/moveit_common/share/moveit_common/local_setup.dsv
[0.510s] -- Installing: /home/b/ws_moveit2/src/install/moveit_common/share/moveit_common/package.dsv
[0.510s] -- Installing: /home/b/ws_moveit2/src/install/moveit_common/share/ament_index/resource_index/packages/moveit_common
[0.510s] -- Installing: /home/b/ws_moveit2/src/install/moveit_common/share/moveit_common/cmake/moveit_common-extras.cmake
[0.510s] -- Installing: /home/b/ws_moveit2/src/install/moveit_common/share/moveit_common/cmake/moveit_commonConfig.cmake
[0.511s] -- Installing: /home/b/ws_moveit2/src/install/moveit_common/share/moveit_common/cmake/moveit_commonConfig-version.cmake
[0.511s] -- Installing: /home/b/ws_moveit2/src/install/moveit_common/share/moveit_common/package.xml
[0.511s] -- Up-to-date: /home/b/ws_moveit2/src/install/moveit_common/share/moveit_common/cmake
[0.511s] -- Installing: /home/b/ws_moveit2/src/install/moveit_common/share/moveit_common/cmake/moveit_package.cmake
[0.513s] Invoked command in '/home/b/ws_moveit2/src/build/moveit_common' returned '0': CMAKE_PREFIX_PATH=/opt/ros/humble /usr/bin/cmake --install /home/b/ws_moveit2/src/build/moveit_common
