[0.093s] Invoking command in '/home/b/ws_moveit2/build/srdfdom': CMAKE_PREFIX_PATH=${CMAKE_PREFIX_PATH}:/home/b/ws_moveit2/install/ur3e_motion:/home/b/ws_moveit2/install/moveit_configs_utils:/home/b/ws_moveit2/install/launch_param_builder:/opt/ros/humble /usr/bin/cmake /home/b/ws_moveit2/src/srdfdom -DAMENT_CMAKE_SYMLINK_INSTALL=1 -DCMAKE_INSTALL_PREFIX=/home/b/ws_moveit2/install/srdfdom
[0.628s] -- The CXX compiler identification is GNU 11.4.0
[0.799s] -- Detecting CXX compiler ABI info
[1.107s] -- Detecting CXX compiler ABI info - done
[1.120s] -- Check for working CXX compiler: /usr/bin/c++ - skipped
[1.122s] -- Detecting CXX compile features
[1.123s] -- Detecting CXX compile features - done
[1.140s] -- Found Boost: /usr/lib/x86_64-linux-gnu/cmake/Boost-1.74.0/BoostConfig.cmake (found version "1.74.0")  
[1.155s] -- Found ament_cmake: 1.3.14 (/opt/ros/humble/share/ament_cmake/cmake)
[1.480s] -- Found Python3: /usr/bin/python3 (found version "3.10.12") found components: Interpreter 
[1.619s] -- Override CMake install command with custom implementation using symlinks instead of copying resources
[1.678s] -- Found urdf: 2.6.1 (/opt/ros/humble/share/urdf/cmake)
[4.699s] -- Found TinyXML2 via Config file: TinyXML2_DIR-NOTFOUND
[4.869s] -- Found ament_cmake_gtest: 1.3.14 (/opt/ros/humble/share/ament_cmake_gtest/cmake)
[4.874s] -- Found ament_cmake_pytest: 1.3.14 (/opt/ros/humble/share/ament_cmake_pytest/cmake)
[5.532s] -- Locale nl_NL not available. Locale test will not be meaningful.
[5.536s] -- Found gtest sources under '/opt/ros/humble/src/gtest_vendor': C++ tests using 'Google Test' will be built
[5.702s] -- The C compiler identification is GNU 11.4.0
[6.086s] -- Detecting C compiler ABI info
[6.371s] -- Detecting C compiler ABI info - done
[6.387s] -- Check for working C compiler: /usr/bin/cc - skipped
[6.387s] -- Detecting C compile features
[6.387s] -- Detecting C compile features - done
[6.399s] -- Looking for C++ include pthread.h
[6.701s] -- Looking for C++ include pthread.h - found
[6.702s] -- Performing Test CMAKE_HAVE_LIBC_PTHREAD
[7.063s] -- Performing Test CMAKE_HAVE_LIBC_PTHREAD - Success
[7.065s] -- Found Threads: TRUE  
[7.072s] -- Found ament_lint_auto: 0.12.15 (/opt/ros/humble/share/ament_lint_auto/cmake)
[9.276s] -- Configuring done
[9.308s] -- Generating done
[9.316s] -- Build files have been written to: /home/b/ws_moveit2/build/srdfdom
[9.331s] Invoked command in '/home/b/ws_moveit2/build/srdfdom' returned '0': CMAKE_PREFIX_PATH=${CMAKE_PREFIX_PATH}:/home/b/ws_moveit2/install/ur3e_motion:/home/b/ws_moveit2/install/moveit_configs_utils:/home/b/ws_moveit2/install/launch_param_builder:/opt/ros/humble /usr/bin/cmake /home/b/ws_moveit2/src/srdfdom -DAMENT_CMAKE_SYMLINK_INSTALL=1 -DCMAKE_INSTALL_PREFIX=/home/b/ws_moveit2/install/srdfdom
[9.333s] Invoking command in '/home/b/ws_moveit2/build/srdfdom': CMAKE_PREFIX_PATH=${CMAKE_PREFIX_PATH}:/home/b/ws_moveit2/install/ur3e_motion:/home/b/ws_moveit2/install/moveit_configs_utils:/home/b/ws_moveit2/install/launch_param_builder:/opt/ros/humble /usr/bin/cmake --build /home/b/ws_moveit2/build/srdfdom -- -j12 -l12
[9.442s] [  9%] [32mBuilding CXX object gtest/CMakeFiles/gtest_main.dir/src/gtest_main.cc.o[0m
[9.447s] [ 18%] [32mBuilding CXX object CMakeFiles/srdfdom.dir/src/model.cpp.o[0m
[9.454s] [ 27%] [32mBuilding CXX object gtest/CMakeFiles/gtest.dir/src/gtest-all.cc.o[0m
[9.459s] [ 36%] [32mBuilding CXX object CMakeFiles/srdfdom.dir/src/srdf_writer.cpp.o[0m
[9.476s] [ 36%] Built target ament_cmake_python_symlink_srdfdom
[10.129s] running egg_info
[10.129s] creating srdfdom.egg-info
[10.129s] writing srdfdom.egg-info/PKG-INFO
[10.129s] writing dependency_links to srdfdom.egg-info/dependency_links.txt
[10.129s] writing top-level names to srdfdom.egg-info/top_level.txt
[10.130s] writing manifest file 'srdfdom.egg-info/SOURCES.txt'
[10.132s] reading manifest file 'srdfdom.egg-info/SOURCES.txt'
[10.133s] writing manifest file 'srdfdom.egg-info/SOURCES.txt'
[10.205s] [ 36%] Built target ament_cmake_python_build_srdfdom_egg
[12.144s] [ 45%] [32m[1mLinking CXX static library libgtest_main.a[0m
[12.230s] [ 45%] Built target gtest_main
[14.963s] [ 54%] [32m[1mLinking CXX shared library libsrdfdom.so[0m
[16.192s] [ 54%] Built target srdfdom
[17.723s] [ 63%] [32m[1mLinking CXX static library libgtest.a[0m
[18.057s] [ 63%] Built target gtest
[18.141s] [ 72%] [32mBuilding CXX object CMakeFiles/test_cpp_nl_NL.UTF-8.dir/test/test_parser.cpp.o[0m
[18.148s] [ 81%] [32mBuilding CXX object CMakeFiles/test_cpp_C.dir/test/test_parser.cpp.o[0m
[23.451s] [ 90%] [32m[1mLinking CXX executable test_cpp_C[0m
[23.650s] [100%] [32m[1mLinking CXX executable test_cpp_nl_NL.UTF-8[0m
[24.132s] [100%] Built target test_cpp_C
[24.336s] [100%] Built target test_cpp_nl_NL.UTF-8
[24.370s] Invoked command in '/home/b/ws_moveit2/build/srdfdom' returned '0': CMAKE_PREFIX_PATH=${CMAKE_PREFIX_PATH}:/home/b/ws_moveit2/install/ur3e_motion:/home/b/ws_moveit2/install/moveit_configs_utils:/home/b/ws_moveit2/install/launch_param_builder:/opt/ros/humble /usr/bin/cmake --build /home/b/ws_moveit2/build/srdfdom -- -j12 -l12
[24.375s] Invoking command in '/home/b/ws_moveit2/build/srdfdom': CMAKE_PREFIX_PATH=${CMAKE_PREFIX_PATH}:/home/b/ws_moveit2/install/ur3e_motion:/home/b/ws_moveit2/install/moveit_configs_utils:/home/b/ws_moveit2/install/launch_param_builder:/opt/ros/humble /usr/bin/cmake --install /home/b/ws_moveit2/build/srdfdom
[24.394s] -- Install configuration: ""
[24.395s] -- Execute custom install script
[24.398s] -- Symlinking: /home/b/ws_moveit2/install/srdfdom/include/srdfdom/srdfdom/model.h
[24.423s] -- Symlinking: /home/b/ws_moveit2/install/srdfdom/include/srdfdom/srdfdom/srdf_writer.h
[24.449s] -- Symlinking: /home/b/ws_moveit2/install/srdfdom/include/srdfdom/srdfdom/visibility_control.h
[24.476s] -- Symlinking: /home/b/ws_moveit2/install/srdfdom/lib/srdfdom/display_srdf
[24.503s] -- Symlinking: /home/b/ws_moveit2/install/srdfdom/share/srdfdom/environment/pythonpath.sh
[24.526s] -- Symlinking: /home/b/ws_moveit2/install/srdfdom/share/srdfdom/environment/pythonpath.dsv
[24.557s] -- Symlinking: /home/b/ws_moveit2/install/srdfdom/local/lib/python3.10/dist-packages/srdfdom-2.0.8-py3.10.egg-info/PKG-INFO
[24.586s] -- Symlinking: /home/b/ws_moveit2/install/srdfdom/local/lib/python3.10/dist-packages/srdfdom-2.0.8-py3.10.egg-info/SOURCES.txt
[24.611s] -- Symlinking: /home/b/ws_moveit2/install/srdfdom/local/lib/python3.10/dist-packages/srdfdom-2.0.8-py3.10.egg-info/dependency_links.txt
[24.637s] -- Symlinking: /home/b/ws_moveit2/install/srdfdom/local/lib/python3.10/dist-packages/srdfdom-2.0.8-py3.10.egg-info/top_level.txt
[24.659s] -- Symlinking: /home/b/ws_moveit2/install/srdfdom/local/lib/python3.10/dist-packages/srdfdom/__init__.py
[24.682s] -- Symlinking: /home/b/ws_moveit2/install/srdfdom/local/lib/python3.10/dist-packages/srdfdom/srdf.py
[24.701s] -- Symlinking: /home/b/ws_moveit2/install/srdfdom/share/srdfdom/environment/library_path.sh
[24.726s] -- Symlinking: /home/b/ws_moveit2/install/srdfdom/share/srdfdom/environment/library_path.dsv
[24.747s] -- Symlinking: /home/b/ws_moveit2/install/srdfdom/share/ament_index/resource_index/package_run_dependencies/srdfdom
[24.774s] -- Symlinking: /home/b/ws_moveit2/install/srdfdom/share/ament_index/resource_index/parent_prefix_path/srdfdom
[24.797s] -- Symlinking: /home/b/ws_moveit2/install/srdfdom/share/srdfdom/environment/ament_prefix_path.sh
[24.821s] -- Symlinking: /home/b/ws_moveit2/install/srdfdom/share/srdfdom/environment/ament_prefix_path.dsv
[24.846s] -- Symlinking: /home/b/ws_moveit2/install/srdfdom/share/srdfdom/environment/path.sh
[24.868s] -- Symlinking: /home/b/ws_moveit2/install/srdfdom/share/srdfdom/environment/path.dsv
[24.893s] -- Symlinking: /home/b/ws_moveit2/install/srdfdom/share/srdfdom/local_setup.bash
[24.917s] -- Symlinking: /home/b/ws_moveit2/install/srdfdom/share/srdfdom/local_setup.sh
[24.942s] -- Symlinking: /home/b/ws_moveit2/install/srdfdom/share/srdfdom/local_setup.zsh
[24.964s] -- Symlinking: /home/b/ws_moveit2/install/srdfdom/share/srdfdom/local_setup.dsv
[24.987s] -- Symlinking: /home/b/ws_moveit2/install/srdfdom/share/srdfdom/package.dsv
[25.005s] -- Symlinking: /home/b/ws_moveit2/install/srdfdom/share/ament_index/resource_index/packages/srdfdom
[25.027s] -- Symlinking: /home/b/ws_moveit2/install/srdfdom/share/srdfdom/cmake/ament_cmake_export_targets-extras.cmake
[25.048s] -- Symlinking: /home/b/ws_moveit2/install/srdfdom/share/srdfdom/cmake/ament_cmake_export_dependencies-extras.cmake
[25.073s] -- Symlinking: /home/b/ws_moveit2/install/srdfdom/share/srdfdom/cmake/srdfdomConfig.cmake
[25.096s] -- Symlinking: /home/b/ws_moveit2/install/srdfdom/share/srdfdom/cmake/srdfdomConfig-version.cmake
[25.114s] -- Symlinking: /home/b/ws_moveit2/install/srdfdom/share/srdfdom/package.xml
[25.138s] -- Installing: /home/b/ws_moveit2/install/srdfdom/lib/libsrdfdom.so.2.0.8
[25.141s] -- Set runtime path of "/home/b/ws_moveit2/install/srdfdom/lib/libsrdfdom.so.2.0.8" to ""
[25.141s] -- Installing: /home/b/ws_moveit2/install/srdfdom/lib/libsrdfdom.so
[25.240s] Listing '/home/b/ws_moveit2/install/srdfdom/local/lib/python3.10/dist-packages/srdfdom'...
[25.240s] Compiling '/home/b/ws_moveit2/install/srdfdom/local/lib/python3.10/dist-packages/srdfdom/__init__.py'...
[25.240s] Compiling '/home/b/ws_moveit2/install/srdfdom/local/lib/python3.10/dist-packages/srdfdom/srdf.py'...
[25.251s] -- Installing: /home/b/ws_moveit2/install/srdfdom/share/srdfdom/cmake/srdfdomTargetsExport.cmake
[25.252s] -- Installing: /home/b/ws_moveit2/install/srdfdom/share/srdfdom/cmake/srdfdomTargetsExport-noconfig.cmake
[25.257s] Invoked command in '/home/b/ws_moveit2/build/srdfdom' returned '0': CMAKE_PREFIX_PATH=${CMAKE_PREFIX_PATH}:/home/b/ws_moveit2/install/ur3e_motion:/home/b/ws_moveit2/install/moveit_configs_utils:/home/b/ws_moveit2/install/launch_param_builder:/opt/ros/humble /usr/bin/cmake --install /home/b/ws_moveit2/build/srdfdom
