[0.471s] Invoking command in '/home/b/ws_moveit2/build/moveit_planners_chomp': AMENT_PREFIX_PATH=/home/b/ws_moveit2/install/chomp_motion_planner:/home/b/ws_moveit2/install/moveit_core:/home/b/ws_moveit2/install/moveit_resources_panda_moveit_config:/home/b/ws_moveit2/install/srdfdom:/home/b/ws_moveit2/install/moveit_resources_pr2_description:/home/b/ws_moveit2/install/moveit_resources_panda_description:/home/b/ws_moveit2/install/moveit_common:${AMENT_PREFIX_PATH} CMAKE_PREFIX_PATH=/home/b/ws_moveit2/install/chomp_motion_planner:/home/b/ws_moveit2/install/moveit_core:/home/b/ws_moveit2/install/moveit_resources_panda_moveit_config:/home/b/ws_moveit2/install/srdfdom:/home/b/ws_moveit2/install/moveit_resources_pr2_description:/home/b/ws_moveit2/install/moveit_resources_panda_description:/home/b/ws_moveit2/install/moveit_common:/opt/ros/humble LD_LIBRARY_PATH=/home/b/ws_moveit2/install/chomp_motion_planner/lib:/home/b/ws_moveit2/install/moveit_core/lib:/home/b/ws_moveit2/install/srdfdom/lib:${LD_LIBRARY_PATH} PATH=/home/b/ws_moveit2/install/moveit_core/bin:${PATH} PYTHONPATH=/home/b/ws_moveit2/install/srdfdom/local/lib/python3.10/dist-packages:${PYTHONPATH} /usr/bin/cmake /home/b/ws_moveit2/src/moveit2/moveit_planners/chomp/chomp_interface -DCMAKE_BUILD_TYPE=Release -DCMAKE_INSTALL_PREFIX=/home/b/ws_moveit2/install/moveit_planners_chomp
[0.649s] -- The C compiler identification is GNU 11.4.0
[1.145s] -- The CXX compiler identification is GNU 11.4.0
[1.585s] -- Detecting C compiler ABI info
[1.893s] -- Detecting C compiler ABI info - done
[1.904s] -- Check for working C compiler: /usr/bin/cc - skipped
[1.905s] -- Detecting C compile features
[1.906s] -- Detecting C compile features - done
[1.913s] -- Detecting CXX compiler ABI info
[2.151s] -- Detecting CXX compiler ABI info - done
[2.163s] -- Check for working CXX compiler: /usr/bin/c++ - skipped
[2.163s] -- Detecting CXX compile features
[2.164s] -- Detecting CXX compile features - done
[2.166s] -- Found moveit_common: 2.5.9 (/home/b/ws_moveit2/install/moveit_common/share/moveit_common/cmake)
[2.170s] -- Found ament_cmake: 1.3.13 (/opt/ros/humble/share/ament_cmake/cmake)
[2.434s] -- Found Python3: /usr/bin/python3 (found version "3.10.12") found components: Interpreter 
[2.680s] -- Found moveit_core: 2.5.9 (/home/b/ws_moveit2/install/moveit_core/share/moveit_core/cmake)
[3.290s] -- Found Boost: /usr/lib/x86_64-linux-gnu/cmake/Boost-1.74.0/BoostConfig.cmake (found version "1.74.0") found components: chrono date_time filesystem iostreams program_options regex serialization system thread 
[4.675s] -- Found parameter_traits: 0.6.0 (/opt/ros/humble/share/parameter_traits/cmake)
[4.779s] -- Found rosidl_generator_c: 3.1.8 (/opt/ros/humble/share/rosidl_generator_c/cmake)
[4.789s] -- Found rosidl_adapter: 3.1.8 (/opt/ros/humble/share/rosidl_adapter/cmake)
[4.804s] -- Found rosidl_generator_cpp: 3.1.8 (/opt/ros/humble/share/rosidl_generator_cpp/cmake)
[4.823s] -- Using all available rosidl_typesupport_c: rosidl_typesupport_fastrtps_c;rosidl_typesupport_introspection_c
[4.847s] -- Using all available rosidl_typesupport_cpp: rosidl_typesupport_fastrtps_cpp;rosidl_typesupport_introspection_cpp
[4.920s] -- Found rmw_implementation_cmake: 6.1.2 (/opt/ros/humble/share/rmw_implementation_cmake/cmake)
[4.925s] -- Found rmw_fastrtps_cpp: 6.2.10 (/opt/ros/humble/share/rmw_fastrtps_cpp/cmake)
[6.242s] -- Found OpenSSL: /usr/lib/x86_64-linux-gnu/libcrypto.so (found version "3.0.2")  
[7.917s] -- Found FastRTPS: /opt/ros/humble/include  
[11.002s] -- Using RMW implementation 'rmw_fastrtps_cpp' as default
[11.011s] -- Found Threads: TRUE  
[11.081s] -- Found rclcpp_lifecycle: 16.0.18 (/opt/ros/humble/share/rclcpp_lifecycle/cmake)
[11.123s] -- Found Boost: /usr/lib/x86_64-linux-gnu/cmake/Boost-1.74.0/BoostConfig.cmake (found version "1.74.0") found components: filesystem 
[12.937s] -- library: /usr/lib/x86_64-linux-gnu/libcurl.so
[13.065s] -- Found Eigen3: TRUE (found version "3.4.0") 
[13.065s] -- Ensuring Eigen3 include directory is part of orocos-kdl CMake target
[14.824s] -- Found chomp_motion_planner: 2.5.9 (/home/b/ws_moveit2/install/chomp_motion_planner/share/chomp_motion_planner/cmake)
[14.837s] -- Found ament_lint_auto: 0.12.15 (/opt/ros/humble/share/ament_lint_auto/cmake)
[14.855s] -- Added test 'cppcheck' to perform static code analysis on C / C++ code
[14.856s] -- Configured cppcheck include dirs: /home/b/ws_moveit2/src/moveit2/moveit_planners/chomp/chomp_interface/include
[14.856s] -- Configured cppcheck exclude dirs and/or files: 
[14.856s] -- Added test 'xmllint' to check XML markup files
[14.858s] -- Configuring done
[14.897s] -- Generating done
[14.911s] -- Build files have been written to: /home/b/ws_moveit2/build/moveit_planners_chomp
[14.929s] Invoked command in '/home/b/ws_moveit2/build/moveit_planners_chomp' returned '0': AMENT_PREFIX_PATH=/home/b/ws_moveit2/install/chomp_motion_planner:/home/b/ws_moveit2/install/moveit_core:/home/b/ws_moveit2/install/moveit_resources_panda_moveit_config:/home/b/ws_moveit2/install/srdfdom:/home/b/ws_moveit2/install/moveit_resources_pr2_description:/home/b/ws_moveit2/install/moveit_resources_panda_description:/home/b/ws_moveit2/install/moveit_common:${AMENT_PREFIX_PATH} CMAKE_PREFIX_PATH=/home/b/ws_moveit2/install/chomp_motion_planner:/home/b/ws_moveit2/install/moveit_core:/home/b/ws_moveit2/install/moveit_resources_panda_moveit_config:/home/b/ws_moveit2/install/srdfdom:/home/b/ws_moveit2/install/moveit_resources_pr2_description:/home/b/ws_moveit2/install/moveit_resources_panda_description:/home/b/ws_moveit2/install/moveit_common:/opt/ros/humble LD_LIBRARY_PATH=/home/b/ws_moveit2/install/chomp_motion_planner/lib:/home/b/ws_moveit2/install/moveit_core/lib:/home/b/ws_moveit2/install/srdfdom/lib:${LD_LIBRARY_PATH} PATH=/home/b/ws_moveit2/install/moveit_core/bin:${PATH} PYTHONPATH=/home/b/ws_moveit2/install/srdfdom/local/lib/python3.10/dist-packages:${PYTHONPATH} /usr/bin/cmake /home/b/ws_moveit2/src/moveit2/moveit_planners/chomp/chomp_interface -DCMAKE_BUILD_TYPE=Release -DCMAKE_INSTALL_PREFIX=/home/b/ws_moveit2/install/moveit_planners_chomp
[14.932s] Invoking command in '/home/b/ws_moveit2/build/moveit_planners_chomp': AMENT_PREFIX_PATH=/home/b/ws_moveit2/install/chomp_motion_planner:/home/b/ws_moveit2/install/moveit_core:/home/b/ws_moveit2/install/moveit_resources_panda_moveit_config:/home/b/ws_moveit2/install/srdfdom:/home/b/ws_moveit2/install/moveit_resources_pr2_description:/home/b/ws_moveit2/install/moveit_resources_panda_description:/home/b/ws_moveit2/install/moveit_common:${AMENT_PREFIX_PATH} CMAKE_PREFIX_PATH=/home/b/ws_moveit2/install/chomp_motion_planner:/home/b/ws_moveit2/install/moveit_core:/home/b/ws_moveit2/install/moveit_resources_panda_moveit_config:/home/b/ws_moveit2/install/srdfdom:/home/b/ws_moveit2/install/moveit_resources_pr2_description:/home/b/ws_moveit2/install/moveit_resources_panda_description:/home/b/ws_moveit2/install/moveit_common:/opt/ros/humble LD_LIBRARY_PATH=/home/b/ws_moveit2/install/chomp_motion_planner/lib:/home/b/ws_moveit2/install/moveit_core/lib:/home/b/ws_moveit2/install/srdfdom/lib:${LD_LIBRARY_PATH} PATH=/home/b/ws_moveit2/install/moveit_core/bin:${PATH} PYTHONPATH=/home/b/ws_moveit2/install/srdfdom/local/lib/python3.10/dist-packages:${PYTHONPATH} /usr/bin/cmake --build /home/b/ws_moveit2/build/moveit_planners_chomp -- -j12 -l12
[15.001s] [ 20%] [32mBuilding CXX object CMakeFiles/moveit_chomp_interface.dir/src/chomp_planning_context.cpp.o[0m
[15.002s] [ 40%] [32mBuilding CXX object CMakeFiles/moveit_chomp_interface.dir/src/chomp_interface.cpp.o[0m
[42.423s] [ 60%] [32m[1mLinking CXX shared library libmoveit_chomp_interface.so[0m
[43.643s] [ 60%] Built target moveit_chomp_interface
[43.714s] [ 80%] [32mBuilding CXX object CMakeFiles/moveit_chomp_planner_plugin.dir/src/chomp_plugin.cpp.o[0m
[65.632s] [100%] [32m[1mLinking CXX shared library libmoveit_chomp_planner_plugin.so[0m
[66.066s] [100%] Built target moveit_chomp_planner_plugin
[66.089s] Invoked command in '/home/b/ws_moveit2/build/moveit_planners_chomp' returned '0': AMENT_PREFIX_PATH=/home/b/ws_moveit2/install/chomp_motion_planner:/home/b/ws_moveit2/install/moveit_core:/home/b/ws_moveit2/install/moveit_resources_panda_moveit_config:/home/b/ws_moveit2/install/srdfdom:/home/b/ws_moveit2/install/moveit_resources_pr2_description:/home/b/ws_moveit2/install/moveit_resources_panda_description:/home/b/ws_moveit2/install/moveit_common:${AMENT_PREFIX_PATH} CMAKE_PREFIX_PATH=/home/b/ws_moveit2/install/chomp_motion_planner:/home/b/ws_moveit2/install/moveit_core:/home/b/ws_moveit2/install/moveit_resources_panda_moveit_config:/home/b/ws_moveit2/install/srdfdom:/home/b/ws_moveit2/install/moveit_resources_pr2_description:/home/b/ws_moveit2/install/moveit_resources_panda_description:/home/b/ws_moveit2/install/moveit_common:/opt/ros/humble LD_LIBRARY_PATH=/home/b/ws_moveit2/install/chomp_motion_planner/lib:/home/b/ws_moveit2/install/moveit_core/lib:/home/b/ws_moveit2/install/srdfdom/lib:${LD_LIBRARY_PATH} PATH=/home/b/ws_moveit2/install/moveit_core/bin:${PATH} PYTHONPATH=/home/b/ws_moveit2/install/srdfdom/local/lib/python3.10/dist-packages:${PYTHONPATH} /usr/bin/cmake --build /home/b/ws_moveit2/build/moveit_planners_chomp -- -j12 -l12
[66.092s] Invoking command in '/home/b/ws_moveit2/build/moveit_planners_chomp': AMENT_PREFIX_PATH=/home/b/ws_moveit2/install/chomp_motion_planner:/home/b/ws_moveit2/install/moveit_core:/home/b/ws_moveit2/install/moveit_resources_panda_moveit_config:/home/b/ws_moveit2/install/srdfdom:/home/b/ws_moveit2/install/moveit_resources_pr2_description:/home/b/ws_moveit2/install/moveit_resources_panda_description:/home/b/ws_moveit2/install/moveit_common:${AMENT_PREFIX_PATH} CMAKE_PREFIX_PATH=/home/b/ws_moveit2/install/chomp_motion_planner:/home/b/ws_moveit2/install/moveit_core:/home/b/ws_moveit2/install/moveit_resources_panda_moveit_config:/home/b/ws_moveit2/install/srdfdom:/home/b/ws_moveit2/install/moveit_resources_pr2_description:/home/b/ws_moveit2/install/moveit_resources_panda_description:/home/b/ws_moveit2/install/moveit_common:/opt/ros/humble LD_LIBRARY_PATH=/home/b/ws_moveit2/install/chomp_motion_planner/lib:/home/b/ws_moveit2/install/moveit_core/lib:/home/b/ws_moveit2/install/srdfdom/lib:${LD_LIBRARY_PATH} PATH=/home/b/ws_moveit2/install/moveit_core/bin:${PATH} PYTHONPATH=/home/b/ws_moveit2/install/srdfdom/local/lib/python3.10/dist-packages:${PYTHONPATH} /usr/bin/cmake --install /home/b/ws_moveit2/build/moveit_planners_chomp
[66.101s] -- Install configuration: "Release"
[66.102s] -- Installing: /home/b/ws_moveit2/install/moveit_planners_chomp/lib/libmoveit_chomp_interface.so.2.5.9
[66.103s] -- Set runtime path of "/home/b/ws_moveit2/install/moveit_planners_chomp/lib/libmoveit_chomp_interface.so.2.5.9" to ""
[66.103s] -- Installing: /home/b/ws_moveit2/install/moveit_planners_chomp/lib/libmoveit_chomp_interface.so
[66.103s] -- Installing: /home/b/ws_moveit2/install/moveit_planners_chomp/lib/libmoveit_chomp_planner_plugin.so
[66.104s] -- Set runtime path of "/home/b/ws_moveit2/install/moveit_planners_chomp/lib/libmoveit_chomp_planner_plugin.so" to ""
[66.104s] -- Installing: /home/b/ws_moveit2/install/moveit_planners_chomp/share/moveit_planners_chomp/environment/library_path.sh
[66.104s] -- Installing: /home/b/ws_moveit2/install/moveit_planners_chomp/share/moveit_planners_chomp/environment/library_path.dsv
[66.105s] -- Installing: /home/b/ws_moveit2/install/moveit_planners_chomp/share/moveit_planners_chomp/chomp_interface_plugin_description.xml
[66.105s] -- Installing: /home/b/ws_moveit2/install/moveit_planners_chomp/share/ament_index/resource_index/package_run_dependencies/moveit_planners_chomp
[66.106s] -- Installing: /home/b/ws_moveit2/install/moveit_planners_chomp/share/ament_index/resource_index/parent_prefix_path/moveit_planners_chomp
[66.106s] -- Installing: /home/b/ws_moveit2/install/moveit_planners_chomp/share/moveit_planners_chomp/environment/ament_prefix_path.sh
[66.107s] -- Installing: /home/b/ws_moveit2/install/moveit_planners_chomp/share/moveit_planners_chomp/environment/ament_prefix_path.dsv
[66.107s] -- Installing: /home/b/ws_moveit2/install/moveit_planners_chomp/share/moveit_planners_chomp/environment/path.sh
[66.107s] -- Installing: /home/b/ws_moveit2/install/moveit_planners_chomp/share/moveit_planners_chomp/environment/path.dsv
[66.107s] -- Installing: /home/b/ws_moveit2/install/moveit_planners_chomp/share/moveit_planners_chomp/local_setup.bash
[66.107s] -- Installing: /home/b/ws_moveit2/install/moveit_planners_chomp/share/moveit_planners_chomp/local_setup.sh
[66.108s] -- Installing: /home/b/ws_moveit2/install/moveit_planners_chomp/share/moveit_planners_chomp/local_setup.zsh
[66.108s] -- Installing: /home/b/ws_moveit2/install/moveit_planners_chomp/share/moveit_planners_chomp/local_setup.dsv
[66.108s] -- Installing: /home/b/ws_moveit2/install/moveit_planners_chomp/share/moveit_planners_chomp/package.dsv
[66.109s] -- Installing: /home/b/ws_moveit2/install/moveit_planners_chomp/share/ament_index/resource_index/packages/moveit_planners_chomp
[66.109s] -- Installing: /home/b/ws_moveit2/install/moveit_planners_chomp/share/ament_index/resource_index/moveit_core__pluginlib__plugin/moveit_planners_chomp
[66.109s] -- Installing: /home/b/ws_moveit2/install/moveit_planners_chomp/share/moveit_planners_chomp/cmake/moveit_planners_chompTargetsExport.cmake
[66.109s] -- Installing: /home/b/ws_moveit2/install/moveit_planners_chomp/share/moveit_planners_chomp/cmake/moveit_planners_chompTargetsExport-release.cmake
[66.110s] -- Installing: /home/b/ws_moveit2/install/moveit_planners_chomp/share/moveit_planners_chomp/cmake/ament_cmake_export_targets-extras.cmake
[66.110s] -- Installing: /home/b/ws_moveit2/install/moveit_planners_chomp/share/moveit_planners_chomp/cmake/ament_cmake_export_dependencies-extras.cmake
[66.110s] -- Installing: /home/b/ws_moveit2/install/moveit_planners_chomp/share/moveit_planners_chomp/cmake/moveit_planners_chompConfig.cmake
[66.110s] -- Installing: /home/b/ws_moveit2/install/moveit_planners_chomp/share/moveit_planners_chomp/cmake/moveit_planners_chompConfig-version.cmake
[66.110s] -- Installing: /home/b/ws_moveit2/install/moveit_planners_chomp/share/moveit_planners_chomp/package.xml
[66.112s] Invoked command in '/home/b/ws_moveit2/build/moveit_planners_chomp' returned '0': AMENT_PREFIX_PATH=/home/b/ws_moveit2/install/chomp_motion_planner:/home/b/ws_moveit2/install/moveit_core:/home/b/ws_moveit2/install/moveit_resources_panda_moveit_config:/home/b/ws_moveit2/install/srdfdom:/home/b/ws_moveit2/install/moveit_resources_pr2_description:/home/b/ws_moveit2/install/moveit_resources_panda_description:/home/b/ws_moveit2/install/moveit_common:${AMENT_PREFIX_PATH} CMAKE_PREFIX_PATH=/home/b/ws_moveit2/install/chomp_motion_planner:/home/b/ws_moveit2/install/moveit_core:/home/b/ws_moveit2/install/moveit_resources_panda_moveit_config:/home/b/ws_moveit2/install/srdfdom:/home/b/ws_moveit2/install/moveit_resources_pr2_description:/home/b/ws_moveit2/install/moveit_resources_panda_description:/home/b/ws_moveit2/install/moveit_common:/opt/ros/humble LD_LIBRARY_PATH=/home/b/ws_moveit2/install/chomp_motion_planner/lib:/home/b/ws_moveit2/install/moveit_core/lib:/home/b/ws_moveit2/install/srdfdom/lib:${LD_LIBRARY_PATH} PATH=/home/b/ws_moveit2/install/moveit_core/bin:${PATH} PYTHONPATH=/home/b/ws_moveit2/install/srdfdom/local/lib/python3.10/dist-packages:${PYTHONPATH} /usr/bin/cmake --install /home/b/ws_moveit2/build/moveit_planners_chomp
