[0.267s] Invoking command in '/home/b/ws_moveit2/build/rosparam_shortcuts': CMAKE_PREFIX_PATH=/opt/ros/humble /usr/bin/cmake /home/b/ws_moveit2/src/rosparam_shortcuts -DCMAKE_BUILD_TYPE=Release -DCMAKE_INSTALL_PREFIX=/home/b/ws_moveit2/install/rosparam_shortcuts
[0.375s] -- The C compiler identification is GNU 11.4.0
[0.801s] -- The CXX compiler identification is GNU 11.4.0
[1.042s] -- Detecting C compiler ABI info
[1.192s] -- Detecting C compiler ABI info - done
[1.204s] -- Check for working C compiler: /usr/bin/cc - skipped
[1.204s] -- Detecting C compile features
[1.204s] -- Detecting C compile features - done
[1.207s] -- Detecting CXX compiler ABI info
[1.353s] -- Detecting CXX compiler ABI info - done
[1.359s] -- Check for working CXX compiler: /usr/bin/c++ - skipped
[1.359s] -- Detecting CXX compile features
[1.359s] -- Detecting CXX compile features - done
[1.362s] -- Found ament_cmake: 1.3.13 (/opt/ros/humble/share/ament_cmake/cmake)
[1.590s] -- Found Python3: /usr/bin/python3 (found version "3.10.12") found components: Interpreter 
[1.734s] -- Found eigen3_cmake_module: 0.1.1 (/opt/ros/humble/share/eigen3_cmake_module/cmake)
[1.746s] -- Found Eigen3: TRUE (found version "3.4.0") 
[1.752s] -- Found geometry_msgs: 4.9.1 (/opt/ros/humble/share/geometry_msgs/cmake)
[1.914s] -- Found rosidl_generator_c: 3.1.8 (/opt/ros/humble/share/rosidl_generator_c/cmake)
[1.929s] -- Found rosidl_adapter: 3.1.8 (/opt/ros/humble/share/rosidl_adapter/cmake)
[1.948s] -- Found rosidl_generator_cpp: 3.1.8 (/opt/ros/humble/share/rosidl_generator_cpp/cmake)
[1.972s] -- Using all available rosidl_typesupport_c: rosidl_typesupport_fastrtps_c;rosidl_typesupport_introspection_c
[1.999s] -- Using all available rosidl_typesupport_cpp: rosidl_typesupport_fastrtps_cpp;rosidl_typesupport_introspection_cpp
[2.077s] -- Found rclcpp: 16.0.18 (/opt/ros/humble/share/rclcpp/cmake)
[2.163s] -- Found rmw_implementation_cmake: 6.1.2 (/opt/ros/humble/share/rmw_implementation_cmake/cmake)
[2.170s] -- Found rmw_fastrtps_cpp: 6.2.10 (/opt/ros/humble/share/rmw_fastrtps_cpp/cmake)
[3.581s] -- Found OpenSSL: /usr/lib/x86_64-linux-gnu/libcrypto.so (found version "3.0.2")  
[4.796s] -- Found FastRTPS: /opt/ros/humble/include  
[11.855s] -- Using RMW implementation 'rmw_fastrtps_cpp' as default
[11.887s] -- Looking for pthread.h
[12.800s] -- Looking for pthread.h - found
[12.800s] -- Performing Test CMAKE_HAVE_LIBC_PTHREAD
[13.789s] -- Performing Test CMAKE_HAVE_LIBC_PTHREAD - Success
[13.795s] -- Found Threads: TRUE  
[13.896s] -- Found tf2_eigen: 0.25.19 (/opt/ros/humble/share/tf2_eigen/cmake)
[14.090s] -- Found ament_lint_auto: 0.12.15 (/opt/ros/humble/share/ament_lint_auto/cmake)
[14.091s] -- Found ament_cmake_gtest: 1.3.13 (/opt/ros/humble/share/ament_cmake_gtest/cmake)
[14.094s] -- Found ros_testing: 0.4.0 (/opt/ros/humble/share/ros_testing/cmake)
[14.099s] -- Found launch_testing_ament_cmake: 1.0.14 (/opt/ros/humble/share/launch_testing_ament_cmake/cmake)
[14.103s] -- Found python_cmake_module: 0.10.0 (/opt/ros/humble/share/python_cmake_module/cmake)
[14.349s] -- Found PythonInterp: /usr/bin/python3 (found suitable version "3.10.12", minimum required is "3.6") 
[14.882s] -- Found PythonLibs: /usr/lib/x86_64-linux-gnu/libpython3.10.so (found suitable version "3.10.12", minimum required is "3.5") 
[14.883s] -- Using PYTHON_EXECUTABLE: /usr/bin/python3
[14.883s] -- Using PYTHON_INCLUDE_DIRS: /usr/include/python3.10
[14.883s] -- Using PYTHON_LIBRARIES: /usr/lib/x86_64-linux-gnu/libpython3.10.so
[14.921s] -- Found PythonExtra: .so  
[15.035s] -- Found gtest sources under '/opt/ros/humble/src/gtest_vendor': C++ tests using 'Google Test' will be built
[15.046s] -- Added test 'copyright' to check source files copyright and LICENSE
[15.049s] -- Added test 'lint_cmake' to check CMake code style
[15.051s] -- Added test 'pep257' to check Python code against some of the docstring style conventions in PEP 257
[15.053s] -- Added test 'xmllint' to check XML markup files
[15.056s] -- Configuring done
[15.104s] -- Generating done
[15.117s] -- Build files have been written to: /home/b/ws_moveit2/build/rosparam_shortcuts
[15.135s] Invoked command in '/home/b/ws_moveit2/build/rosparam_shortcuts' returned '0': CMAKE_PREFIX_PATH=/opt/ros/humble /usr/bin/cmake /home/b/ws_moveit2/src/rosparam_shortcuts -DCMAKE_BUILD_TYPE=Release -DCMAKE_INSTALL_PREFIX=/home/b/ws_moveit2/install/rosparam_shortcuts
[15.137s] Invoking command in '/home/b/ws_moveit2/build/rosparam_shortcuts': CMAKE_PREFIX_PATH=/opt/ros/humble /usr/bin/cmake --build /home/b/ws_moveit2/build/rosparam_shortcuts -- -j12 -l12
[15.206s] [  7%] [32mBuilding CXX object CMakeFiles/rosparam_shortcuts.dir/src/node_parameters.cpp.o[0m
[15.207s] [ 15%] [32mBuilding CXX object CMakeFiles/rosparam_shortcuts.dir/src/rosparam_shortcuts.cpp.o[0m
[15.211s] [ 23%] [32mBuilding CXX object gtest/CMakeFiles/gtest.dir/src/gtest-all.cc.o[0m
[15.212s] [ 30%] [32mBuilding CXX object gtest/CMakeFiles/gtest_main.dir/src/gtest_main.cc.o[0m
[16.793s] [ 38%] [32m[1mLinking CXX static library libgtest_main.a[0m
[16.845s] [ 38%] Built target gtest_main
[24.817s] [ 46%] [32m[1mLinking CXX shared library librosparam_shortcuts.so[0m
[25.044s] [ 46%] Built target rosparam_shortcuts
[25.063s] [ 53%] [32mBuilding CXX object CMakeFiles/rosparam_shortcuts_example.dir/src/example.cpp.o[0m
[25.068s] [ 61%] [32mBuilding CXX object CMakeFiles/rosparam_shortcuts_node_parameters_example.dir/src/node_parameters_example.cpp.o[0m
[25.232s] [ 69%] [32m[1mLinking CXX static library libgtest.a[0m
[25.275s] [ 69%] Built target gtest
[25.301s] [ 76%] [32mBuilding CXX object CMakeFiles/test_node_parameters.dir/test/test_node_parameters.cpp.o[0m
[29.400s] [ 84%] [32m[1mLinking CXX executable node_parameters_example[0m
[29.579s] [ 92%] [32m[1mLinking CXX executable example[0m
[29.602s] [ 92%] Built target rosparam_shortcuts_node_parameters_example
[29.781s] [ 92%] Built target rosparam_shortcuts_example
[31.049s] [100%] [32m[1mLinking CXX executable test_node_parameters[0m
[31.237s] [100%] Built target test_node_parameters
[31.250s] Invoked command in '/home/b/ws_moveit2/build/rosparam_shortcuts' returned '0': CMAKE_PREFIX_PATH=/opt/ros/humble /usr/bin/cmake --build /home/b/ws_moveit2/build/rosparam_shortcuts -- -j12 -l12
[31.253s] Invoking command in '/home/b/ws_moveit2/build/rosparam_shortcuts': CMAKE_PREFIX_PATH=/opt/ros/humble /usr/bin/cmake --install /home/b/ws_moveit2/build/rosparam_shortcuts
[31.257s] -- Install configuration: "Release"
[31.258s] -- Installing: /home/b/ws_moveit2/install/rosparam_shortcuts/lib/librosparam_shortcuts.so
[31.258s] -- Set runtime path of "/home/b/ws_moveit2/install/rosparam_shortcuts/lib/librosparam_shortcuts.so" to ""
[31.258s] -- Installing: /home/b/ws_moveit2/install/rosparam_shortcuts/lib/rosparam_shortcuts/example
[31.259s] -- Set runtime path of "/home/b/ws_moveit2/install/rosparam_shortcuts/lib/rosparam_shortcuts/example" to ""
[31.259s] -- Installing: /home/b/ws_moveit2/install/rosparam_shortcuts/lib/rosparam_shortcuts/node_parameters_example
[31.259s] -- Set runtime path of "/home/b/ws_moveit2/install/rosparam_shortcuts/lib/rosparam_shortcuts/node_parameters_example" to ""
[31.260s] -- Installing: /home/b/ws_moveit2/install/rosparam_shortcuts/include
[31.260s] -- Installing: /home/b/ws_moveit2/install/rosparam_shortcuts/include/rosparam_shortcuts
[31.260s] -- Installing: /home/b/ws_moveit2/install/rosparam_shortcuts/include/rosparam_shortcuts/rosparam_shortcuts.h
[31.260s] -- Installing: /home/b/ws_moveit2/install/rosparam_shortcuts/include/rosparam_shortcuts/node_parameters.h
[31.261s] -- Installing: /home/b/ws_moveit2/install/rosparam_shortcuts/share/rosparam_shortcuts/launch
[31.261s] -- Installing: /home/b/ws_moveit2/install/rosparam_shortcuts/share/rosparam_shortcuts/launch/example.launch.py
[31.261s] -- Installing: /home/b/ws_moveit2/install/rosparam_shortcuts/share/rosparam_shortcuts/config
[31.261s] -- Installing: /home/b/ws_moveit2/install/rosparam_shortcuts/share/rosparam_shortcuts/config/example.yaml
[31.261s] -- Installing: /home/b/ws_moveit2/install/rosparam_shortcuts/share/rosparam_shortcuts/environment/library_path.sh
[31.262s] -- Installing: /home/b/ws_moveit2/install/rosparam_shortcuts/share/rosparam_shortcuts/environment/library_path.dsv
[31.262s] -- Installing: /home/b/ws_moveit2/install/rosparam_shortcuts/share/ament_index/resource_index/package_run_dependencies/rosparam_shortcuts
[31.262s] -- Installing: /home/b/ws_moveit2/install/rosparam_shortcuts/share/ament_index/resource_index/parent_prefix_path/rosparam_shortcuts
[31.262s] -- Installing: /home/b/ws_moveit2/install/rosparam_shortcuts/share/rosparam_shortcuts/environment/ament_prefix_path.sh
[31.263s] -- Installing: /home/b/ws_moveit2/install/rosparam_shortcuts/share/rosparam_shortcuts/environment/ament_prefix_path.dsv
[31.263s] -- Installing: /home/b/ws_moveit2/install/rosparam_shortcuts/share/rosparam_shortcuts/environment/path.sh
[31.263s] -- Installing: /home/b/ws_moveit2/install/rosparam_shortcuts/share/rosparam_shortcuts/environment/path.dsv
[31.264s] -- Installing: /home/b/ws_moveit2/install/rosparam_shortcuts/share/rosparam_shortcuts/local_setup.bash
[31.264s] -- Installing: /home/b/ws_moveit2/install/rosparam_shortcuts/share/rosparam_shortcuts/local_setup.sh
[31.264s] -- Installing: /home/b/ws_moveit2/install/rosparam_shortcuts/share/rosparam_shortcuts/local_setup.zsh
[31.264s] -- Installing: /home/b/ws_moveit2/install/rosparam_shortcuts/share/rosparam_shortcuts/local_setup.dsv
[31.265s] -- Installing: /home/b/ws_moveit2/install/rosparam_shortcuts/share/rosparam_shortcuts/package.dsv
[31.265s] -- Installing: /home/b/ws_moveit2/install/rosparam_shortcuts/share/ament_index/resource_index/packages/rosparam_shortcuts
[31.266s] -- Installing: /home/b/ws_moveit2/install/rosparam_shortcuts/share/rosparam_shortcuts/cmake/export_rosparam_shortcutsExport.cmake
[31.266s] -- Installing: /home/b/ws_moveit2/install/rosparam_shortcuts/share/rosparam_shortcuts/cmake/export_rosparam_shortcutsExport-release.cmake
[31.267s] -- Installing: /home/b/ws_moveit2/install/rosparam_shortcuts/share/rosparam_shortcuts/cmake/ament_cmake_export_targets-extras.cmake
[31.267s] -- Installing: /home/b/ws_moveit2/install/rosparam_shortcuts/share/rosparam_shortcuts/cmake/ament_cmake_export_dependencies-extras.cmake
[31.267s] -- Installing: /home/b/ws_moveit2/install/rosparam_shortcuts/share/rosparam_shortcuts/cmake/rosparam_shortcutsConfig.cmake
[31.267s] -- Installing: /home/b/ws_moveit2/install/rosparam_shortcuts/share/rosparam_shortcuts/cmake/rosparam_shortcutsConfig-version.cmake
[31.268s] -- Installing: /home/b/ws_moveit2/install/rosparam_shortcuts/share/rosparam_shortcuts/package.xml
[31.269s] Invoked command in '/home/b/ws_moveit2/build/rosparam_shortcuts' returned '0': CMAKE_PREFIX_PATH=/opt/ros/humble /usr/bin/cmake --install /home/b/ws_moveit2/build/rosparam_shortcuts
