[0.915s] Invoking command in '/home/b/ws_moveit2/src/build/moveit_ros_perception': AMENT_PREFIX_PATH=/home/b/ws_moveit2/src/install/moveit_ros_planning:/home/b/ws_moveit2/src/install/moveit_ros_occupancy_map_monitor:/home/b/ws_moveit2/src/install/moveit_core:/home/b/ws_moveit2/src/install/moveit_resources_panda_moveit_config:/home/b/ws_moveit2/src/install/moveit_configs_utils:/home/b/ws_moveit2/src/install/srdfdom:/home/b/ws_moveit2/src/install/moveit_resources_pr2_description:/home/b/ws_moveit2/src/install/moveit_resources_panda_description:/home/b/ws_moveit2/src/install/moveit_common:/home/b/ws_moveit2/src/install/launch_param_builder:${AMENT_PREFIX_PATH} CMAKE_PREFIX_PATH=/home/b/ws_moveit2/src/install/moveit_ros_planning:/home/b/ws_moveit2/src/install/moveit_ros_occupancy_map_monitor:/home/b/ws_moveit2/src/install/moveit_core:/home/b/ws_moveit2/src/install/moveit_resources_panda_moveit_config:/home/b/ws_moveit2/src/install/srdfdom:/home/b/ws_moveit2/src/install/moveit_resources_pr2_description:/home/b/ws_moveit2/src/install/moveit_resources_panda_description:/home/b/ws_moveit2/src/install/moveit_common:/opt/ros/humble LD_LIBRARY_PATH=/home/b/ws_moveit2/src/install/moveit_ros_planning/lib:/home/b/ws_moveit2/src/install/moveit_ros_occupancy_map_monitor/lib:/home/b/ws_moveit2/src/install/moveit_core/lib:/home/b/ws_moveit2/src/install/srdfdom/lib:${LD_LIBRARY_PATH} PATH=/home/b/ws_moveit2/src/install/moveit_core/bin:${PATH} PYTHONPATH=/home/b/ws_moveit2/src/install/moveit_configs_utils/lib/python3.10/site-packages:/home/b/ws_moveit2/src/install/srdfdom/local/lib/python3.10/dist-packages:/home/b/ws_moveit2/src/install/launch_param_builder/lib/python3.10/site-packages:${PYTHONPATH} /usr/bin/cmake /home/b/ws_moveit2/src/moveit2/moveit_ros/perception -DCMAKE_INSTALL_PREFIX=/home/b/ws_moveit2/src/install/moveit_ros_perception
[1.118s] -- The C compiler identification is GNU 11.4.0
[1.501s] -- The CXX compiler identification is GNU 11.4.0
[1.944s] -- Detecting C compiler ABI info
[2.227s] -- Detecting C compiler ABI info - done
[2.238s] -- Check for working C compiler: /usr/bin/cc - skipped
[2.239s] -- Detecting C compile features
[2.240s] -- Detecting C compile features - done
[2.245s] -- Detecting CXX compiler ABI info
[2.577s] -- Detecting CXX compiler ABI info - done
[2.591s] -- Check for working CXX compiler: /usr/bin/c++ - skipped
[2.591s] -- Detecting CXX compile features
[2.592s] -- Detecting CXX compile features - done
[2.594s] -- Found moveit_common: 2.5.9 (/home/b/ws_moveit2/src/install/moveit_common/share/moveit_common/cmake)
[2.600s] -- Found ament_cmake: 1.3.13 (/opt/ros/humble/share/ament_cmake/cmake)
[2.881s] -- Found Python3: /usr/bin/python3 (found version "3.10.12") found components: Interpreter 
[3.183s] [0mmoveit_ros_perception: You did not request a specific build type: Choosing 'Release' for maximum performance[0m
[3.964s] -- Found OpenGL: /usr/lib/x86_64-linux-gnu/libOpenGL.so   
[11.613s] -- Found GLEW: /usr/include (found version "2.2.0") 
[11.620s] -- Found PkgConfig: /usr/bin/pkg-config (found version "0.29.2") 
[11.621s] -- Checking for module 'glut'
[11.627s] --   No package 'glut' found
[11.979s] -- Found GLUT: /usr/lib/x86_64-linux-gnu/libglut.so  
[11.986s] -- Found cv_bridge: 3.2.1 (/opt/ros/humble/share/cv_bridge/cmake)
[12.202s] -- Found rosidl_generator_c: 3.1.8 (/opt/ros/humble/share/rosidl_generator_c/cmake)
[12.210s] -- Found rosidl_adapter: 3.1.8 (/opt/ros/humble/share/rosidl_adapter/cmake)
[12.223s] -- Found rosidl_generator_cpp: 3.1.8 (/opt/ros/humble/share/rosidl_generator_cpp/cmake)
[12.240s] -- Using all available rosidl_typesupport_c: rosidl_typesupport_fastrtps_c;rosidl_typesupport_introspection_c
[12.264s] -- Using all available rosidl_typesupport_cpp: rosidl_typesupport_fastrtps_cpp;rosidl_typesupport_introspection_cpp
[12.371s] -- Found moveit_core: 2.5.9 (/home/b/ws_moveit2/src/install/moveit_core/share/moveit_core/cmake)
[12.940s] -- Found Boost: /usr/lib/x86_64-linux-gnu/cmake/Boost-1.74.0/BoostConfig.cmake (found version "1.74.0") found components: chrono date_time filesystem iostreams program_options regex serialization system thread 
[18.164s] -- Found parameter_traits: 0.6.0 (/opt/ros/humble/share/parameter_traits/cmake)
[18.237s] -- Found rmw_implementation_cmake: 6.1.2 (/opt/ros/humble/share/rmw_implementation_cmake/cmake)
[18.242s] -- Found rmw_fastrtps_cpp: 6.2.10 (/opt/ros/humble/share/rmw_fastrtps_cpp/cmake)
[24.039s] -- Found OpenSSL: /usr/lib/x86_64-linux-gnu/libcrypto.so (found version "3.0.2")  
[29.290s] -- Found FastRTPS: /opt/ros/humble/include  
[39.256s] -- Using RMW implementation 'rmw_fastrtps_cpp' as default
[39.329s] -- Found Threads: TRUE  
[39.512s] -- Found rclcpp_lifecycle: 16.0.18 (/opt/ros/humble/share/rclcpp_lifecycle/cmake)
[39.636s] -- Found Boost: /usr/lib/x86_64-linux-gnu/cmake/Boost-1.74.0/BoostConfig.cmake (found version "1.74.0") found components: filesystem 
[44.074s] -- library: /usr/lib/x86_64-linux-gnu/libcurl.so
[44.770s] -- Found Eigen3: TRUE (found version "3.4.0") 
[44.771s] -- Ensuring Eigen3 include directory is part of orocos-kdl CMake target
[53.885s] -- Found image_transport: 3.1.12 (/opt/ros/humble/share/image_transport/cmake)
[53.909s] -- Found moveit_ros_occupancy_map_monitor: 2.5.9 (/home/b/ws_moveit2/src/install/moveit_ros_occupancy_map_monitor/share/moveit_ros_occupancy_map_monitor/cmake)
[57.274s] -- Found OpenMP_C: -fopenmp (found version "4.5") 
[58.613s] -- Found OpenMP_CXX: -fopenmp (found version "4.5") 
[58.618s] -- Found OpenMP: TRUE (found version "4.5")  
[58.631s] -- Found OpenCV: /usr (found version "4.5.4") 
[58.678s] -- Found Boost: /usr/lib/x86_64-linux-gnu/cmake/Boost-1.74.0/BoostConfig.cmake (found version "1.74.0") found components: thread 
[58.937s] -- Performing Test COMPILER_HAS_HIDDEN_VISIBILITY
[60.309s] -- Performing Test COMPILER_HAS_HIDDEN_VISIBILITY - Success
[60.309s] -- Performing Test COMPILER_HAS_HIDDEN_INLINE_VISIBILITY
[61.692s] -- Performing Test COMPILER_HAS_HIDDEN_INLINE_VISIBILITY - Success
[61.698s] -- Performing Test COMPILER_HAS_DEPRECATED_ATTR
[63.185s] -- Performing Test COMPILER_HAS_DEPRECATED_ATTR - Success
[63.394s] -- Found ament_lint_auto: 0.12.15 (/opt/ros/humble/share/ament_lint_auto/cmake)
[63.524s] -- Added test 'cppcheck' to perform static code analysis on C / C++ code
[63.533s] -- Configured cppcheck include dirs: /home/b/ws_moveit2/src/moveit2/moveit_ros/perception/depth_image_octomap_updater/include;/home/b/ws_moveit2/src/moveit2/moveit_ros/perception/lazy_free_space_updater/include;/home/b/ws_moveit2/src/moveit2/moveit_ros/perception/mesh_filter/include;/home/b/ws_moveit2/src/moveit2/moveit_ros/perception/point_containment_filter/include;/home/b/ws_moveit2/src/moveit2/moveit_ros/perception/pointcloud_octomap_updater/include;/home/b/ws_moveit2/src/moveit2/moveit_ros/perception/semantic_world/include
[63.541s] -- Configured cppcheck exclude dirs and/or files: 
[63.557s] -- Added test 'lint_cmake' to check CMake code style
[63.568s] -- Added test 'xmllint' to check XML markup files
[63.583s] -- Configuring done
[64.166s] -- Generating done
[64.361s] -- Build files have been written to: /home/b/ws_moveit2/src/build/moveit_ros_perception
[64.509s] Invoked command in '/home/b/ws_moveit2/src/build/moveit_ros_perception' returned '0': AMENT_PREFIX_PATH=/home/b/ws_moveit2/src/install/moveit_ros_planning:/home/b/ws_moveit2/src/install/moveit_ros_occupancy_map_monitor:/home/b/ws_moveit2/src/install/moveit_core:/home/b/ws_moveit2/src/install/moveit_resources_panda_moveit_config:/home/b/ws_moveit2/src/install/moveit_configs_utils:/home/b/ws_moveit2/src/install/srdfdom:/home/b/ws_moveit2/src/install/moveit_resources_pr2_description:/home/b/ws_moveit2/src/install/moveit_resources_panda_description:/home/b/ws_moveit2/src/install/moveit_common:/home/b/ws_moveit2/src/install/launch_param_builder:${AMENT_PREFIX_PATH} CMAKE_PREFIX_PATH=/home/b/ws_moveit2/src/install/moveit_ros_planning:/home/b/ws_moveit2/src/install/moveit_ros_occupancy_map_monitor:/home/b/ws_moveit2/src/install/moveit_core:/home/b/ws_moveit2/src/install/moveit_resources_panda_moveit_config:/home/b/ws_moveit2/src/install/srdfdom:/home/b/ws_moveit2/src/install/moveit_resources_pr2_description:/home/b/ws_moveit2/src/install/moveit_resources_panda_description:/home/b/ws_moveit2/src/install/moveit_common:/opt/ros/humble LD_LIBRARY_PATH=/home/b/ws_moveit2/src/install/moveit_ros_planning/lib:/home/b/ws_moveit2/src/install/moveit_ros_occupancy_map_monitor/lib:/home/b/ws_moveit2/src/install/moveit_core/lib:/home/b/ws_moveit2/src/install/srdfdom/lib:${LD_LIBRARY_PATH} PATH=/home/b/ws_moveit2/src/install/moveit_core/bin:${PATH} PYTHONPATH=/home/b/ws_moveit2/src/install/moveit_configs_utils/lib/python3.10/site-packages:/home/b/ws_moveit2/src/install/srdfdom/local/lib/python3.10/dist-packages:/home/b/ws_moveit2/src/install/launch_param_builder/lib/python3.10/site-packages:${PYTHONPATH} /usr/bin/cmake /home/b/ws_moveit2/src/moveit2/moveit_ros/perception -DCMAKE_INSTALL_PREFIX=/home/b/ws_moveit2/src/install/moveit_ros_perception
[64.510s] Invoking command in '/home/b/ws_moveit2/src/build/moveit_ros_perception': AMENT_PREFIX_PATH=/home/b/ws_moveit2/src/install/moveit_ros_planning:/home/b/ws_moveit2/src/install/moveit_ros_occupancy_map_monitor:/home/b/ws_moveit2/src/install/moveit_core:/home/b/ws_moveit2/src/install/moveit_resources_panda_moveit_config:/home/b/ws_moveit2/src/install/moveit_configs_utils:/home/b/ws_moveit2/src/install/srdfdom:/home/b/ws_moveit2/src/install/moveit_resources_pr2_description:/home/b/ws_moveit2/src/install/moveit_resources_panda_description:/home/b/ws_moveit2/src/install/moveit_common:/home/b/ws_moveit2/src/install/launch_param_builder:${AMENT_PREFIX_PATH} CMAKE_PREFIX_PATH=/home/b/ws_moveit2/src/install/moveit_ros_planning:/home/b/ws_moveit2/src/install/moveit_ros_occupancy_map_monitor:/home/b/ws_moveit2/src/install/moveit_core:/home/b/ws_moveit2/src/install/moveit_resources_panda_moveit_config:/home/b/ws_moveit2/src/install/srdfdom:/home/b/ws_moveit2/src/install/moveit_resources_pr2_description:/home/b/ws_moveit2/src/install/moveit_resources_panda_description:/home/b/ws_moveit2/src/install/moveit_common:/opt/ros/humble LD_LIBRARY_PATH=/home/b/ws_moveit2/src/install/moveit_ros_planning/lib:/home/b/ws_moveit2/src/install/moveit_ros_occupancy_map_monitor/lib:/home/b/ws_moveit2/src/install/moveit_core/lib:/home/b/ws_moveit2/src/install/srdfdom/lib:${LD_LIBRARY_PATH} PATH=/home/b/ws_moveit2/src/install/moveit_core/bin:${PATH} PYTHONPATH=/home/b/ws_moveit2/src/install/moveit_configs_utils/lib/python3.10/site-packages:/home/b/ws_moveit2/src/install/srdfdom/local/lib/python3.10/dist-packages:/home/b/ws_moveit2/src/install/launch_param_builder/lib/python3.10/site-packages:${PYTHONPATH} /usr/bin/cmake --build /home/b/ws_moveit2/src/build/moveit_ros_perception -- -j12 -l12
[64.829s] [  5%] [32mBuilding CXX object lazy_free_space_updater/CMakeFiles/moveit_lazy_free_space_updater.dir/src/lazy_free_space_updater.cpp.o[0m
[77.789s] [ 10%] [32m[1mLinking CXX shared library libmoveit_lazy_free_space_updater.so[0m
[79.744s] [ 10%] Built target moveit_lazy_free_space_updater
[79.903s] [ 15%] [32mBuilding CXX object semantic_world/CMakeFiles/moveit_semantic_world.dir/src/semantic_world.cpp.o[0m
[127.189s] [ 20%] [32m[1mLinking CXX shared library libmoveit_semantic_world.so[0m
[129.231s] [ 20%] Built target moveit_semantic_world
[129.365s] [ 25%] [32mBuilding CXX object point_containment_filter/CMakeFiles/moveit_point_containment_filter.dir/src/shape_mask.cpp.o[0m
[129.425s] [ 30%] [32mBuilding CXX object mesh_filter/CMakeFiles/moveit_mesh_filter.dir/src/mesh_filter_base.cpp.o[0m
[129.468s] [ 35%] [32mBuilding CXX object mesh_filter/CMakeFiles/moveit_mesh_filter.dir/src/sensor_model.cpp.o[0m
[143.919s] [ 40%] [32m[1mLinking CXX shared library libmoveit_point_containment_filter.so[0m
[145.736s] [ 40%] Built target moveit_point_containment_filter
[146.995s] [ 45%] [32mBuilding CXX object mesh_filter/CMakeFiles/moveit_mesh_filter.dir/src/gl_mesh.cpp.o[0m
[150.772s] [ 50%] [32mBuilding CXX object mesh_filter/CMakeFiles/moveit_mesh_filter.dir/src/gl_renderer.cpp.o[0m
[156.166s] [ 55%] [32mBuilding CXX object mesh_filter/CMakeFiles/moveit_mesh_filter.dir/src/stereo_camera_model.cpp.o[0m
[159.506s] [ 60%] [32m[1mLinking CXX shared library libmoveit_mesh_filter.so[0m
[160.444s] [ 60%] Built target moveit_mesh_filter
[160.582s] [ 65%] [32mBuilding CXX object pointcloud_octomap_updater/CMakeFiles/moveit_pointcloud_octomap_updater_core.dir/src/pointcloud_octomap_updater.cpp.o[0m
[194.417s] [ 70%] [32m[1mLinking CXX shared library libmoveit_pointcloud_octomap_updater_core.so[0m
[195.125s] [ 70%] Built target moveit_pointcloud_octomap_updater_core
[195.172s] [ 75%] [32mBuilding CXX object depth_image_octomap_updater/CMakeFiles/moveit_depth_image_octomap_updater_core.dir/src/depth_image_octomap_updater.cpp.o[0m
[195.176s] [ 80%] [32mBuilding CXX object pointcloud_octomap_updater/CMakeFiles/moveit_pointcloud_octomap_updater.dir/src/plugin_init.cpp.o[0m
[205.362s] [ 85%] [32m[1mLinking CXX shared library libmoveit_pointcloud_octomap_updater.so[0m
[205.851s] [ 85%] Built target moveit_pointcloud_octomap_updater
[208.266s] [ 90%] [32m[1mLinking CXX shared library libmoveit_depth_image_octomap_updater_core.so[0m
[208.794s] [ 90%] Built target moveit_depth_image_octomap_updater_core
[208.833s] [ 95%] [32mBuilding CXX object depth_image_octomap_updater/CMakeFiles/moveit_depth_image_octomap_updater.dir/src/updater_plugin.cpp.o[0m
[222.779s] [100%] [32m[1mLinking CXX shared library libmoveit_depth_image_octomap_updater.so[0m
[223.263s] [100%] Built target moveit_depth_image_octomap_updater
[223.297s] Invoked command in '/home/b/ws_moveit2/src/build/moveit_ros_perception' returned '0': AMENT_PREFIX_PATH=/home/b/ws_moveit2/src/install/moveit_ros_planning:/home/b/ws_moveit2/src/install/moveit_ros_occupancy_map_monitor:/home/b/ws_moveit2/src/install/moveit_core:/home/b/ws_moveit2/src/install/moveit_resources_panda_moveit_config:/home/b/ws_moveit2/src/install/moveit_configs_utils:/home/b/ws_moveit2/src/install/srdfdom:/home/b/ws_moveit2/src/install/moveit_resources_pr2_description:/home/b/ws_moveit2/src/install/moveit_resources_panda_description:/home/b/ws_moveit2/src/install/moveit_common:/home/b/ws_moveit2/src/install/launch_param_builder:${AMENT_PREFIX_PATH} CMAKE_PREFIX_PATH=/home/b/ws_moveit2/src/install/moveit_ros_planning:/home/b/ws_moveit2/src/install/moveit_ros_occupancy_map_monitor:/home/b/ws_moveit2/src/install/moveit_core:/home/b/ws_moveit2/src/install/moveit_resources_panda_moveit_config:/home/b/ws_moveit2/src/install/srdfdom:/home/b/ws_moveit2/src/install/moveit_resources_pr2_description:/home/b/ws_moveit2/src/install/moveit_resources_panda_description:/home/b/ws_moveit2/src/install/moveit_common:/opt/ros/humble LD_LIBRARY_PATH=/home/b/ws_moveit2/src/install/moveit_ros_planning/lib:/home/b/ws_moveit2/src/install/moveit_ros_occupancy_map_monitor/lib:/home/b/ws_moveit2/src/install/moveit_core/lib:/home/b/ws_moveit2/src/install/srdfdom/lib:${LD_LIBRARY_PATH} PATH=/home/b/ws_moveit2/src/install/moveit_core/bin:${PATH} PYTHONPATH=/home/b/ws_moveit2/src/install/moveit_configs_utils/lib/python3.10/site-packages:/home/b/ws_moveit2/src/install/srdfdom/local/lib/python3.10/dist-packages:/home/b/ws_moveit2/src/install/launch_param_builder/lib/python3.10/site-packages:${PYTHONPATH} /usr/bin/cmake --build /home/b/ws_moveit2/src/build/moveit_ros_perception -- -j12 -l12
[223.299s] Invoking command in '/home/b/ws_moveit2/src/build/moveit_ros_perception': AMENT_PREFIX_PATH=/home/b/ws_moveit2/src/install/moveit_ros_planning:/home/b/ws_moveit2/src/install/moveit_ros_occupancy_map_monitor:/home/b/ws_moveit2/src/install/moveit_core:/home/b/ws_moveit2/src/install/moveit_resources_panda_moveit_config:/home/b/ws_moveit2/src/install/moveit_configs_utils:/home/b/ws_moveit2/src/install/srdfdom:/home/b/ws_moveit2/src/install/moveit_resources_pr2_description:/home/b/ws_moveit2/src/install/moveit_resources_panda_description:/home/b/ws_moveit2/src/install/moveit_common:/home/b/ws_moveit2/src/install/launch_param_builder:${AMENT_PREFIX_PATH} CMAKE_PREFIX_PATH=/home/b/ws_moveit2/src/install/moveit_ros_planning:/home/b/ws_moveit2/src/install/moveit_ros_occupancy_map_monitor:/home/b/ws_moveit2/src/install/moveit_core:/home/b/ws_moveit2/src/install/moveit_resources_panda_moveit_config:/home/b/ws_moveit2/src/install/srdfdom:/home/b/ws_moveit2/src/install/moveit_resources_pr2_description:/home/b/ws_moveit2/src/install/moveit_resources_panda_description:/home/b/ws_moveit2/src/install/moveit_common:/opt/ros/humble LD_LIBRARY_PATH=/home/b/ws_moveit2/src/install/moveit_ros_planning/lib:/home/b/ws_moveit2/src/install/moveit_ros_occupancy_map_monitor/lib:/home/b/ws_moveit2/src/install/moveit_core/lib:/home/b/ws_moveit2/src/install/srdfdom/lib:${LD_LIBRARY_PATH} PATH=/home/b/ws_moveit2/src/install/moveit_core/bin:${PATH} PYTHONPATH=/home/b/ws_moveit2/src/install/moveit_configs_utils/lib/python3.10/site-packages:/home/b/ws_moveit2/src/install/srdfdom/local/lib/python3.10/dist-packages:/home/b/ws_moveit2/src/install/launch_param_builder/lib/python3.10/site-packages:${PYTHONPATH} /usr/bin/cmake --install /home/b/ws_moveit2/src/build/moveit_ros_perception
[223.310s] -- Install configuration: "Release"
[223.311s] -- Installing: /home/b/ws_moveit2/src/install/moveit_ros_perception/include
[223.313s] -- Installing: /home/b/ws_moveit2/src/install/moveit_ros_perception/include/moveit
[223.313s] -- Installing: /home/b/ws_moveit2/src/install/moveit_ros_perception/include/moveit/lazy_free_space_updater
[223.315s] -- Installing: /home/b/ws_moveit2/src/install/moveit_ros_perception/include/moveit/lazy_free_space_updater/lazy_free_space_updater.h
[223.316s] -- Up-to-date: /home/b/ws_moveit2/src/install/moveit_ros_perception/include
[223.316s] -- Up-to-date: /home/b/ws_moveit2/src/install/moveit_ros_perception/include/moveit
[223.316s] -- Installing: /home/b/ws_moveit2/src/install/moveit_ros_perception/include/moveit/point_containment_filter
[223.316s] -- Installing: /home/b/ws_moveit2/src/install/moveit_ros_perception/include/moveit/point_containment_filter/shape_mask.h
[223.316s] -- Up-to-date: /home/b/ws_moveit2/src/install/moveit_ros_perception/include
[223.316s] -- Up-to-date: /home/b/ws_moveit2/src/install/moveit_ros_perception/include/moveit
[223.316s] -- Installing: /home/b/ws_moveit2/src/install/moveit_ros_perception/include/moveit/pointcloud_octomap_updater
[223.316s] -- Installing: /home/b/ws_moveit2/src/install/moveit_ros_perception/include/moveit/pointcloud_octomap_updater/pointcloud_octomap_updater.h
[223.316s] -- Up-to-date: /home/b/ws_moveit2/src/install/moveit_ros_perception/include
[223.316s] -- Up-to-date: /home/b/ws_moveit2/src/install/moveit_ros_perception/include/moveit
[223.316s] -- Installing: /home/b/ws_moveit2/src/install/moveit_ros_perception/include/moveit/mesh_filter
[223.316s] -- Installing: /home/b/ws_moveit2/src/install/moveit_ros_perception/include/moveit/mesh_filter/gl_mesh.h
[223.317s] -- Installing: /home/b/ws_moveit2/src/install/moveit_ros_perception/include/moveit/mesh_filter/depth_self_filter_nodelet.h
[223.317s] -- Installing: /home/b/ws_moveit2/src/install/moveit_ros_perception/include/moveit/mesh_filter/mesh_filter_base.h
[223.317s] -- Installing: /home/b/ws_moveit2/src/install/moveit_ros_perception/include/moveit/mesh_filter/stereo_camera_model.h
[223.318s] -- Installing: /home/b/ws_moveit2/src/install/moveit_ros_perception/include/moveit/mesh_filter/mesh_filter.h
[223.318s] -- Installing: /home/b/ws_moveit2/src/install/moveit_ros_perception/include/moveit/mesh_filter/transform_provider.h
[223.321s] -- Installing: /home/b/ws_moveit2/src/install/moveit_ros_perception/include/moveit/mesh_filter/gl_renderer.h
[223.321s] -- Installing: /home/b/ws_moveit2/src/install/moveit_ros_perception/include/moveit/mesh_filter/sensor_model.h
[223.321s] -- Installing: /home/b/ws_moveit2/src/install/moveit_ros_perception/include/moveit/mesh_filter/filter_job.h
[223.321s] -- Installing: /home/b/ws_moveit2/src/install/moveit_ros_perception/include/moveit_mesh_filter_export.h
[223.322s] -- Up-to-date: /home/b/ws_moveit2/src/install/moveit_ros_perception/include
[223.322s] -- Up-to-date: /home/b/ws_moveit2/src/install/moveit_ros_perception/include/moveit
[223.322s] -- Installing: /home/b/ws_moveit2/src/install/moveit_ros_perception/include/moveit/depth_image_octomap_updater
[223.323s] -- Installing: /home/b/ws_moveit2/src/install/moveit_ros_perception/include/moveit/depth_image_octomap_updater/depth_image_octomap_updater.h
[223.323s] -- Up-to-date: /home/b/ws_moveit2/src/install/moveit_ros_perception/include
[223.324s] -- Up-to-date: /home/b/ws_moveit2/src/install/moveit_ros_perception/include/moveit
[223.325s] -- Installing: /home/b/ws_moveit2/src/install/moveit_ros_perception/include/moveit/semantic_world
[223.325s] -- Installing: /home/b/ws_moveit2/src/install/moveit_ros_perception/include/moveit/semantic_world/semantic_world.h
[223.328s] -- Installing: /home/b/ws_moveit2/src/install/moveit_ros_perception/lib/libmoveit_depth_image_octomap_updater.so.2.5.9
[223.328s] -- Set runtime path of "/home/b/ws_moveit2/src/install/moveit_ros_perception/lib/libmoveit_depth_image_octomap_updater.so.2.5.9" to ""
[223.329s] -- Installing: /home/b/ws_moveit2/src/install/moveit_ros_perception/lib/libmoveit_depth_image_octomap_updater.so
[223.331s] -- Installing: /home/b/ws_moveit2/src/install/moveit_ros_perception/lib/libmoveit_depth_image_octomap_updater_core.so.2.5.9
[223.331s] -- Set runtime path of "/home/b/ws_moveit2/src/install/moveit_ros_perception/lib/libmoveit_depth_image_octomap_updater_core.so.2.5.9" to ""
[223.332s] -- Installing: /home/b/ws_moveit2/src/install/moveit_ros_perception/lib/libmoveit_depth_image_octomap_updater_core.so
[223.332s] -- Installing: /home/b/ws_moveit2/src/install/moveit_ros_perception/lib/libmoveit_lazy_free_space_updater.so.2.5.9
[223.337s] -- Set runtime path of "/home/b/ws_moveit2/src/install/moveit_ros_perception/lib/libmoveit_lazy_free_space_updater.so.2.5.9" to ""
[223.337s] -- Installing: /home/b/ws_moveit2/src/install/moveit_ros_perception/lib/libmoveit_lazy_free_space_updater.so
[223.337s] -- Installing: /home/b/ws_moveit2/src/install/moveit_ros_perception/lib/libmoveit_mesh_filter.so.2.5.9
[223.337s] -- Set runtime path of "/home/b/ws_moveit2/src/install/moveit_ros_perception/lib/libmoveit_mesh_filter.so.2.5.9" to ""
[223.338s] -- Installing: /home/b/ws_moveit2/src/install/moveit_ros_perception/lib/libmoveit_mesh_filter.so
[223.339s] -- Installing: /home/b/ws_moveit2/src/install/moveit_ros_perception/lib/libmoveit_point_containment_filter.so.2.5.9
[223.340s] -- Set runtime path of "/home/b/ws_moveit2/src/install/moveit_ros_perception/lib/libmoveit_point_containment_filter.so.2.5.9" to ""
[223.342s] -- Installing: /home/b/ws_moveit2/src/install/moveit_ros_perception/lib/libmoveit_point_containment_filter.so
[223.342s] -- Installing: /home/b/ws_moveit2/src/install/moveit_ros_perception/lib/libmoveit_pointcloud_octomap_updater.so.2.5.9
[223.342s] -- Set runtime path of "/home/b/ws_moveit2/src/install/moveit_ros_perception/lib/libmoveit_pointcloud_octomap_updater.so.2.5.9" to ""
[223.345s] -- Installing: /home/b/ws_moveit2/src/install/moveit_ros_perception/lib/libmoveit_pointcloud_octomap_updater.so
[223.345s] -- Installing: /home/b/ws_moveit2/src/install/moveit_ros_perception/lib/libmoveit_pointcloud_octomap_updater_core.so.2.5.9
[223.347s] -- Set runtime path of "/home/b/ws_moveit2/src/install/moveit_ros_perception/lib/libmoveit_pointcloud_octomap_updater_core.so.2.5.9" to ""
[223.348s] -- Installing: /home/b/ws_moveit2/src/install/moveit_ros_perception/lib/libmoveit_pointcloud_octomap_updater_core.so
[223.348s] -- Installing: /home/b/ws_moveit2/src/install/moveit_ros_perception/lib/libmoveit_semantic_world.so.2.5.9
[223.354s] -- Set runtime path of "/home/b/ws_moveit2/src/install/moveit_ros_perception/lib/libmoveit_semantic_world.so.2.5.9" to ""
[223.355s] -- Installing: /home/b/ws_moveit2/src/install/moveit_ros_perception/lib/libmoveit_semantic_world.so
[223.355s] -- Installing: /home/b/ws_moveit2/src/install/moveit_ros_perception/share/moveit_ros_perception/environment/library_path.sh
[223.356s] -- Installing: /home/b/ws_moveit2/src/install/moveit_ros_perception/share/moveit_ros_perception/environment/library_path.dsv
[223.357s] -- Installing: /home/b/ws_moveit2/src/install/moveit_ros_perception/share/moveit_ros_perception/pointcloud_octomap_updater_plugin_description.xml
[223.359s] -- Installing: /home/b/ws_moveit2/src/install/moveit_ros_perception/share/moveit_ros_perception/depth_image_octomap_updater_plugin_description.xml
[223.361s] -- Installing: /home/b/ws_moveit2/src/install/moveit_ros_perception/share/ament_index/resource_index/package_run_dependencies/moveit_ros_perception
[223.363s] -- Installing: /home/b/ws_moveit2/src/install/moveit_ros_perception/share/ament_index/resource_index/parent_prefix_path/moveit_ros_perception
[223.363s] -- Installing: /home/b/ws_moveit2/src/install/moveit_ros_perception/share/moveit_ros_perception/environment/ament_prefix_path.sh
[223.364s] -- Installing: /home/b/ws_moveit2/src/install/moveit_ros_perception/share/moveit_ros_perception/environment/ament_prefix_path.dsv
[223.366s] -- Installing: /home/b/ws_moveit2/src/install/moveit_ros_perception/share/moveit_ros_perception/environment/path.sh
[223.373s] -- Installing: /home/b/ws_moveit2/src/install/moveit_ros_perception/share/moveit_ros_perception/environment/path.dsv
[223.373s] -- Installing: /home/b/ws_moveit2/src/install/moveit_ros_perception/share/moveit_ros_perception/local_setup.bash
[223.373s] -- Installing: /home/b/ws_moveit2/src/install/moveit_ros_perception/share/moveit_ros_perception/local_setup.sh
[223.373s] -- Installing: /home/b/ws_moveit2/src/install/moveit_ros_perception/share/moveit_ros_perception/local_setup.zsh
[223.373s] -- Installing: /home/b/ws_moveit2/src/install/moveit_ros_perception/share/moveit_ros_perception/local_setup.dsv
[223.374s] -- Installing: /home/b/ws_moveit2/src/install/moveit_ros_perception/share/moveit_ros_perception/package.dsv
[223.374s] -- Installing: /home/b/ws_moveit2/src/install/moveit_ros_perception/share/ament_index/resource_index/packages/moveit_ros_perception
[223.374s] -- Installing: /home/b/ws_moveit2/src/install/moveit_ros_perception/share/ament_index/resource_index/moveit_ros_occupancy_map_monitor__pluginlib__plugin/moveit_ros_perception
[223.374s] -- Installing: /home/b/ws_moveit2/src/install/moveit_ros_perception/share/moveit_ros_perception/cmake/export_moveit_ros_perceptionExport.cmake
[223.374s] -- Installing: /home/b/ws_moveit2/src/install/moveit_ros_perception/share/moveit_ros_perception/cmake/export_moveit_ros_perceptionExport-release.cmake
[223.374s] -- Installing: /home/b/ws_moveit2/src/install/moveit_ros_perception/share/moveit_ros_perception/cmake/ConfigExtras.cmake
[223.374s] -- Installing: /home/b/ws_moveit2/src/install/moveit_ros_perception/share/moveit_ros_perception/cmake/ament_cmake_export_targets-extras.cmake
[223.375s] -- Installing: /home/b/ws_moveit2/src/install/moveit_ros_perception/share/moveit_ros_perception/cmake/ament_cmake_export_dependencies-extras.cmake
[223.376s] -- Installing: /home/b/ws_moveit2/src/install/moveit_ros_perception/share/moveit_ros_perception/cmake/moveit_ros_perceptionConfig.cmake
[223.377s] -- Installing: /home/b/ws_moveit2/src/install/moveit_ros_perception/share/moveit_ros_perception/cmake/moveit_ros_perceptionConfig-version.cmake
[223.378s] -- Installing: /home/b/ws_moveit2/src/install/moveit_ros_perception/share/moveit_ros_perception/package.xml
[223.383s] Invoked command in '/home/b/ws_moveit2/src/build/moveit_ros_perception' returned '0': AMENT_PREFIX_PATH=/home/b/ws_moveit2/src/install/moveit_ros_planning:/home/b/ws_moveit2/src/install/moveit_ros_occupancy_map_monitor:/home/b/ws_moveit2/src/install/moveit_core:/home/b/ws_moveit2/src/install/moveit_resources_panda_moveit_config:/home/b/ws_moveit2/src/install/moveit_configs_utils:/home/b/ws_moveit2/src/install/srdfdom:/home/b/ws_moveit2/src/install/moveit_resources_pr2_description:/home/b/ws_moveit2/src/install/moveit_resources_panda_description:/home/b/ws_moveit2/src/install/moveit_common:/home/b/ws_moveit2/src/install/launch_param_builder:${AMENT_PREFIX_PATH} CMAKE_PREFIX_PATH=/home/b/ws_moveit2/src/install/moveit_ros_planning:/home/b/ws_moveit2/src/install/moveit_ros_occupancy_map_monitor:/home/b/ws_moveit2/src/install/moveit_core:/home/b/ws_moveit2/src/install/moveit_resources_panda_moveit_config:/home/b/ws_moveit2/src/install/srdfdom:/home/b/ws_moveit2/src/install/moveit_resources_pr2_description:/home/b/ws_moveit2/src/install/moveit_resources_panda_description:/home/b/ws_moveit2/src/install/moveit_common:/opt/ros/humble LD_LIBRARY_PATH=/home/b/ws_moveit2/src/install/moveit_ros_planning/lib:/home/b/ws_moveit2/src/install/moveit_ros_occupancy_map_monitor/lib:/home/b/ws_moveit2/src/install/moveit_core/lib:/home/b/ws_moveit2/src/install/srdfdom/lib:${LD_LIBRARY_PATH} PATH=/home/b/ws_moveit2/src/install/moveit_core/bin:${PATH} PYTHONPATH=/home/b/ws_moveit2/src/install/moveit_configs_utils/lib/python3.10/site-packages:/home/b/ws_moveit2/src/install/srdfdom/local/lib/python3.10/dist-packages:/home/b/ws_moveit2/src/install/launch_param_builder/lib/python3.10/site-packages:${PYTHONPATH} /usr/bin/cmake --install /home/b/ws_moveit2/src/build/moveit_ros_perception
