[0.012s] Invoking command in '/home/b/ws_moveit2/build/ur_moveit_config': /usr/bin/cmake /home/b/ws_moveit2/src/ur_moveit_config -DCMAKE_INSTALL_PREFIX=/home/b/ws_moveit2/install/ur_moveit_config
[0.022s] -- Found ament_cmake: 1.3.14 (/opt/ros/humble/share/ament_cmake/cmake)
[0.174s] Error parsing '/home/b/ws_moveit2/src/ur_moveit_config/package.xml':
[0.220s] Traceback (most recent call last):
[0.220s]   File "/usr/lib/python3/dist-packages/catkin_pkg/package.py", line 610, in parse_package_string
[0.220s]     root = dom.parseString(data)
[0.220s]   File "/usr/lib/python3.10/xml/dom/minidom.py", line 1995, in parseString
[0.220s]     return expatbuilder.parseString(string)
[0.220s]   File "/usr/lib/python3.10/xml/dom/expatbuilder.py", line 925, in parseString
[0.220s]     return builder.parseString(string)
[0.220s]   File "/usr/lib/python3.10/xml/dom/expatbuilder.py", line 223, in parseString
[0.221s]     parser.Parse(string, True)
[0.221s] xml.parsers.expat.ExpatError: no element found: line 18, column 0
[0.221s] 
[0.221s] During handling of the above exception, another exception occurred:
[0.221s] 
[0.221s] Traceback (most recent call last):
[0.221s]   File "/opt/ros/humble/share/ament_cmake_core/cmake/core/package_xml_2_cmake.py", line 150, in <module>
[0.221s]     main()
[0.221s]   File "/opt/ros/humble/share/ament_cmake_core/cmake/core/package_xml_2_cmake.py", line 53, in main
[0.221s]     raise e
[0.221s]   File "/opt/ros/humble/share/ament_cmake_core/cmake/core/package_xml_2_cmake.py", line 49, in main
[0.221s]     package = parse_package_string(
[0.221s]   File "/usr/lib/python3/dist-packages/catkin_pkg/package.py", line 612, in parse_package_string
[0.221s]     raise InvalidPackage('The manifest contains invalid XML:\n%s' % ex, filename)
[0.221s] catkin_pkg.package.InvalidPackage: Error(s) in package '/home/b/ws_moveit2/src/ur_moveit_config/package.xml':
[0.221s] The manifest contains invalid XML:
[0.221s] no element found: line 18, column 0
[0.234s] [31mCMake Error at /opt/ros/humble/share/ament_cmake_core/cmake/core/ament_package_xml.cmake:95 (message):
[0.234s]   execute_process(/usr/bin/python3
[0.234s]   /opt/ros/humble/share/ament_cmake_core/cmake/core/package_xml_2_cmake.py
[0.234s]   /home/b/ws_moveit2/src/ur_moveit_config/package.xml
[0.234s]   /home/b/ws_moveit2/build/ur_moveit_config/ament_cmake_core/package.cmake)
[0.234s]   returned error code 1
[0.235s] Call Stack (most recent call first):
[0.235s]   /opt/ros/humble/share/ament_cmake_core/cmake/core/ament_package_xml.cmake:49 (_ament_package_xml)
[0.235s]   /opt/ros/humble/share/ament_cmake_core/cmake/core/ament_package.cmake:63 (ament_package_xml)
[0.235s]   CMakeLists.txt:10 (ament_package)
[0.235s] 
[0.235s] [0m
[0.235s] -- Configuring incomplete, errors occurred!
[0.235s] See also "/home/b/ws_moveit2/build/ur_moveit_config/CMakeFiles/CMakeOutput.log".
[0.236s] Invoked command in '/home/b/ws_moveit2/build/ur_moveit_config' returned '1': /usr/bin/cmake /home/b/ws_moveit2/src/ur_moveit_config -DCMAKE_INSTALL_PREFIX=/home/b/ws_moveit2/install/ur_moveit_config
