[0.005s] Invoking command in '/home/b/ws_moveit2/build/srdfdom': CMAKE_PREFIX_PATH=/opt/ros/humble /usr/bin/cmake --build /home/b/ws_moveit2/build/srdfdom -- -j12 -l12
[0.049s] [35m[1mConsolidate compiler generated dependencies of target gtest_main[0m
[0.052s] [35m[1mConsolidate compiler generated dependencies of target srdfdom[0m
[0.052s] [35m[1mConsolidate compiler generated dependencies of target gtest[0m
[0.058s] [ 18%] Built target gtest_main
[0.064s] [ 36%] Built target gtest
[0.066s] [ 36%] Built target ament_cmake_python_copy_srdfdom
[0.067s] [ 63%] Built target srdfdom
[0.078s] [35m[1mConsolidate compiler generated dependencies of target test_cpp_C[0m
[0.081s] [35m[1mConsolidate compiler generated dependencies of target test_cpp_nl_NL.UTF-8[0m
[0.090s] [ 81%] Built target test_cpp_nl_NL.UTF-8
[0.092s] [100%] Built target test_cpp_C
[0.214s] running egg_info
[0.214s] writing srdfdom.egg-info/PKG-INFO
[0.214s] writing dependency_links to srdfdom.egg-info/dependency_links.txt
[0.214s] writing top-level names to srdfdom.egg-info/top_level.txt
[0.216s] reading manifest file 'srdfdom.egg-info/SOURCES.txt'
[0.217s] writing manifest file 'srdfdom.egg-info/SOURCES.txt'
[0.237s] [100%] Built target ament_cmake_python_build_srdfdom_egg
[0.244s] Invoked command in '/home/b/ws_moveit2/build/srdfdom' returned '0': CMAKE_PREFIX_PATH=/opt/ros/humble /usr/bin/cmake --build /home/b/ws_moveit2/build/srdfdom -- -j12 -l12
[0.249s] Invoking command in '/home/b/ws_moveit2/build/srdfdom': CMAKE_PREFIX_PATH=/opt/ros/humble /usr/bin/cmake --install /home/b/ws_moveit2/build/srdfdom
[0.254s] -- Install configuration: "Release"
[0.255s] -- Up-to-date: /home/b/ws_moveit2/install/srdfdom/lib/libsrdfdom.so.2.0.8
[0.255s] -- Up-to-date: /home/b/ws_moveit2/install/srdfdom/lib/libsrdfdom.so
[0.255s] -- Up-to-date: /home/b/ws_moveit2/install/srdfdom/include/srdfdom
[0.255s] -- Up-to-date: /home/b/ws_moveit2/install/srdfdom/include/srdfdom/srdfdom
[0.255s] -- Up-to-date: /home/b/ws_moveit2/install/srdfdom/include/srdfdom/srdfdom/srdf_writer.h
[0.255s] -- Up-to-date: /home/b/ws_moveit2/install/srdfdom/include/srdfdom/srdfdom/model.h
[0.255s] -- Up-to-date: /home/b/ws_moveit2/install/srdfdom/include/srdfdom/srdfdom/visibility_control.h
[0.255s] -- Up-to-date: /home/b/ws_moveit2/install/srdfdom/lib/srdfdom/display_srdf
[0.256s] -- Up-to-date: /home/b/ws_moveit2/install/srdfdom/share/srdfdom/environment/pythonpath.sh
[0.256s] -- Up-to-date: /home/b/ws_moveit2/install/srdfdom/share/srdfdom/environment/pythonpath.dsv
[0.257s] -- Up-to-date: /home/b/ws_moveit2/install/srdfdom/local/lib/python3.10/dist-packages/srdfdom-2.0.8-py3.10.egg-info
[0.257s] -- Installing: /home/b/ws_moveit2/install/srdfdom/local/lib/python3.10/dist-packages/srdfdom-2.0.8-py3.10.egg-info/dependency_links.txt
[0.257s] -- Installing: /home/b/ws_moveit2/install/srdfdom/local/lib/python3.10/dist-packages/srdfdom-2.0.8-py3.10.egg-info/SOURCES.txt
[0.257s] -- Installing: /home/b/ws_moveit2/install/srdfdom/local/lib/python3.10/dist-packages/srdfdom-2.0.8-py3.10.egg-info/PKG-INFO
[0.257s] -- Installing: /home/b/ws_moveit2/install/srdfdom/local/lib/python3.10/dist-packages/srdfdom-2.0.8-py3.10.egg-info/top_level.txt
[0.257s] -- Up-to-date: /home/b/ws_moveit2/install/srdfdom/local/lib/python3.10/dist-packages/srdfdom
[0.257s] -- Up-to-date: /home/b/ws_moveit2/install/srdfdom/local/lib/python3.10/dist-packages/srdfdom/__init__.py
[0.258s] -- Up-to-date: /home/b/ws_moveit2/install/srdfdom/local/lib/python3.10/dist-packages/srdfdom/srdf.py
[0.291s] Listing '/home/b/ws_moveit2/install/srdfdom/local/lib/python3.10/dist-packages/srdfdom'...
[0.295s] -- Up-to-date: /home/b/ws_moveit2/install/srdfdom/share/srdfdom/environment/library_path.sh
[0.295s] -- Up-to-date: /home/b/ws_moveit2/install/srdfdom/share/srdfdom/environment/library_path.dsv
[0.296s] -- Up-to-date: /home/b/ws_moveit2/install/srdfdom/share/ament_index/resource_index/package_run_dependencies/srdfdom
[0.296s] -- Up-to-date: /home/b/ws_moveit2/install/srdfdom/share/ament_index/resource_index/parent_prefix_path/srdfdom
[0.296s] -- Up-to-date: /home/b/ws_moveit2/install/srdfdom/share/srdfdom/environment/ament_prefix_path.sh
[0.296s] -- Up-to-date: /home/b/ws_moveit2/install/srdfdom/share/srdfdom/environment/ament_prefix_path.dsv
[0.297s] -- Up-to-date: /home/b/ws_moveit2/install/srdfdom/share/srdfdom/environment/path.sh
[0.297s] -- Up-to-date: /home/b/ws_moveit2/install/srdfdom/share/srdfdom/environment/path.dsv
[0.297s] -- Up-to-date: /home/b/ws_moveit2/install/srdfdom/share/srdfdom/local_setup.bash
[0.297s] -- Up-to-date: /home/b/ws_moveit2/install/srdfdom/share/srdfdom/local_setup.sh
[0.297s] -- Up-to-date: /home/b/ws_moveit2/install/srdfdom/share/srdfdom/local_setup.zsh
[0.297s] -- Up-to-date: /home/b/ws_moveit2/install/srdfdom/share/srdfdom/local_setup.dsv
[0.297s] -- Installing: /home/b/ws_moveit2/install/srdfdom/share/srdfdom/package.dsv
[0.297s] -- Up-to-date: /home/b/ws_moveit2/install/srdfdom/share/ament_index/resource_index/packages/srdfdom
[0.299s] -- Up-to-date: /home/b/ws_moveit2/install/srdfdom/share/srdfdom/cmake/srdfdomTargetsExport.cmake
[0.299s] -- Up-to-date: /home/b/ws_moveit2/install/srdfdom/share/srdfdom/cmake/srdfdomTargetsExport-release.cmake
[0.299s] -- Up-to-date: /home/b/ws_moveit2/install/srdfdom/share/srdfdom/cmake/ament_cmake_export_targets-extras.cmake
[0.299s] -- Up-to-date: /home/b/ws_moveit2/install/srdfdom/share/srdfdom/cmake/ament_cmake_export_dependencies-extras.cmake
[0.299s] -- Up-to-date: /home/b/ws_moveit2/install/srdfdom/share/srdfdom/cmake/srdfdomConfig.cmake
[0.299s] -- Up-to-date: /home/b/ws_moveit2/install/srdfdom/share/srdfdom/cmake/srdfdomConfig-version.cmake
[0.299s] -- Up-to-date: /home/b/ws_moveit2/install/srdfdom/share/srdfdom/package.xml
[0.302s] Invoked command in '/home/b/ws_moveit2/build/srdfdom' returned '0': CMAKE_PREFIX_PATH=/opt/ros/humble /usr/bin/cmake --install /home/b/ws_moveit2/build/srdfdom
