[0.775s] Invoking command in '/home/b/ws_moveit2/build/moveit_ros_planning': AMENT_PREFIX_PATH=/home/b/ws_moveit2/install/moveit_ros_occupancy_map_monitor:/home/b/ws_moveit2/install/moveit_core:/home/b/ws_moveit2/install/moveit_resources_panda_moveit_config:/home/b/ws_moveit2/install/moveit_configs_utils:/home/b/ws_moveit2/install/srdfdom:/home/b/ws_moveit2/install/moveit_resources_pr2_description:/home/b/ws_moveit2/install/moveit_resources_panda_description:/home/b/ws_moveit2/install/moveit_common:/home/b/ws_moveit2/install/launch_param_builder:${AMENT_PREFIX_PATH} CMAKE_PREFIX_PATH=/home/b/ws_moveit2/install/moveit_ros_occupancy_map_monitor:/home/b/ws_moveit2/install/moveit_core:/home/b/ws_moveit2/install/moveit_resources_panda_moveit_config:/home/b/ws_moveit2/install/srdfdom:/home/b/ws_moveit2/install/moveit_resources_pr2_description:/home/b/ws_moveit2/install/moveit_resources_panda_description:/home/b/ws_moveit2/install/moveit_common:/opt/ros/humble LD_LIBRARY_PATH=/home/b/ws_moveit2/install/moveit_ros_occupancy_map_monitor/lib:/home/b/ws_moveit2/install/moveit_core/lib:/home/b/ws_moveit2/install/srdfdom/lib:${LD_LIBRARY_PATH} PATH=/home/b/ws_moveit2/install/moveit_core/bin:${PATH} PYTHONPATH=/home/b/ws_moveit2/install/moveit_configs_utils/lib/python3.10/site-packages:/home/b/ws_moveit2/install/srdfdom/local/lib/python3.10/dist-packages:/home/b/ws_moveit2/install/launch_param_builder/lib/python3.10/site-packages:${PYTHONPATH} /usr/bin/cmake /home/b/ws_moveit2/src/moveit2/moveit_ros/planning -DCMAKE_BUILD_TYPE=Release -DCMAKE_INSTALL_PREFIX=/home/b/ws_moveit2/install/moveit_ros_planning
[0.908s] -- The C compiler identification is GNU 11.4.0
[1.196s] -- The CXX compiler identification is GNU 11.4.0
[1.354s] -- Detecting C compiler ABI info
[1.535s] -- Detecting C compiler ABI info - done
[1.543s] -- Check for working C compiler: /usr/bin/cc - skipped
[1.544s] -- Detecting C compile features
[1.544s] -- Detecting C compile features - done
[1.549s] -- Detecting CXX compiler ABI info
[1.744s] -- Detecting CXX compiler ABI info - done
[1.755s] -- Check for working CXX compiler: /usr/bin/c++ - skipped
[1.755s] -- Detecting CXX compile features
[1.756s] -- Detecting CXX compile features - done
[1.758s] -- Found moveit_common: 2.5.9 (/home/b/ws_moveit2/install/moveit_common/share/moveit_common/cmake)
[1.762s] -- Found ament_cmake: 1.3.13 (/opt/ros/humble/share/ament_cmake/cmake)
[2.017s] -- Found Python3: /usr/bin/python3 (found version "3.10.12") found components: Interpreter 
[2.306s] -- Found moveit_msgs: 2.2.1 (/opt/ros/humble/share/moveit_msgs/cmake)
[2.509s] -- Found rosidl_generator_c: 3.1.8 (/opt/ros/humble/share/rosidl_generator_c/cmake)
[2.518s] -- Found rosidl_adapter: 3.1.8 (/opt/ros/humble/share/rosidl_adapter/cmake)
[2.537s] -- Found rosidl_generator_cpp: 3.1.8 (/opt/ros/humble/share/rosidl_generator_cpp/cmake)
[2.561s] -- Using all available rosidl_typesupport_c: rosidl_typesupport_fastrtps_c;rosidl_typesupport_introspection_c
[2.592s] -- Using all available rosidl_typesupport_cpp: rosidl_typesupport_fastrtps_cpp;rosidl_typesupport_introspection_cpp
[2.868s] -- Found pluginlib: 5.1.3 (/opt/ros/humble/share/pluginlib/cmake)
[4.182s] -- Found rclcpp: 16.0.18 (/opt/ros/humble/share/rclcpp/cmake)
[4.244s] -- Found rmw_implementation_cmake: 6.1.2 (/opt/ros/humble/share/rmw_implementation_cmake/cmake)
[4.249s] -- Found rmw_fastrtps_cpp: 6.2.10 (/opt/ros/humble/share/rmw_fastrtps_cpp/cmake)
[4.290s] -- Found TinyXML2 via Config file: TinyXML2_DIR-NOTFOUND
[4.394s] -- Found OpenSSL: /usr/lib/x86_64-linux-gnu/libcrypto.so (found version "3.0.2")  
[4.400s] -- Found TinyXML2 via Config file: TinyXML2_DIR-NOTFOUND
[4.581s] -- Found FastRTPS: /opt/ros/humble/include  
[4.588s] -- Found TinyXML2 via Config file: TinyXML2_DIR-NOTFOUND
[4.602s] -- Found TinyXML2 via Config file: TinyXML2_DIR-NOTFOUND
[4.702s] -- Using RMW implementation 'rmw_fastrtps_cpp' as default
[4.717s] -- Looking for pthread.h
[4.925s] -- Looking for pthread.h - found
[4.925s] -- Performing Test CMAKE_HAVE_LIBC_PTHREAD
[5.160s] -- Performing Test CMAKE_HAVE_LIBC_PTHREAD - Success
[5.161s] -- Found Threads: TRUE  
[5.216s] -- Found message_filters: 4.3.14 (/opt/ros/humble/share/message_filters/cmake)
[5.220s] -- Found srdfdom: 2.0.8 (/home/b/ws_moveit2/install/srdfdom/share/srdfdom/cmake)
[5.239s] -- Found tf2: 0.25.19 (/opt/ros/humble/share/tf2/cmake)
[5.246s] -- Found tf2_geometry_msgs: 0.25.19 (/opt/ros/humble/share/tf2_geometry_msgs/cmake)
[5.288s] -- Found eigen3_cmake_module: 0.1.1 (/opt/ros/humble/share/eigen3_cmake_module/cmake)
[5.290s] -- Found Eigen3: TRUE (found version "3.4.0") 
[5.290s] -- Ensuring Eigen3 include directory is part of orocos-kdl CMake target
[5.375s] -- Found tf2_eigen: 0.25.19 (/opt/ros/humble/share/tf2_eigen/cmake)
[5.380s] -- Found moveit_core: 2.5.9 (/home/b/ws_moveit2/install/moveit_core/share/moveit_core/cmake)
[5.433s] -- Found Boost: /usr/lib/x86_64-linux-gnu/cmake/Boost-1.74.0/BoostConfig.cmake (found version "1.74.0") found components: chrono date_time filesystem iostreams program_options regex serialization system thread 
[6.791s] -- Found parameter_traits: 0.6.0 (/opt/ros/humble/share/parameter_traits/cmake)
[6.801s] -- Found rclcpp_lifecycle: 16.0.18 (/opt/ros/humble/share/rclcpp_lifecycle/cmake)
[6.820s] -- Found Boost: /usr/lib/x86_64-linux-gnu/cmake/Boost-1.74.0/BoostConfig.cmake (found version "1.74.0") found components: filesystem 
[8.844s] -- library: /usr/lib/x86_64-linux-gnu/libcurl.so
[8.900s] -- Found moveit_ros_occupancy_map_monitor: 2.5.9 (/home/b/ws_moveit2/install/moveit_ros_occupancy_map_monitor/share/moveit_ros_occupancy_map_monitor/cmake)
[8.911s] -- Found Boost: /usr/lib/x86_64-linux-gnu/cmake/Boost-1.74.0/BoostConfig.cmake (found version "1.74.0") found components: system filesystem date_time program_options thread chrono 
[8.953s] -- Performing Test COMPILER_HAS_HIDDEN_VISIBILITY
[9.128s] -- Performing Test COMPILER_HAS_HIDDEN_VISIBILITY - Success
[9.128s] -- Performing Test COMPILER_HAS_HIDDEN_INLINE_VISIBILITY
[9.313s] -- Performing Test COMPILER_HAS_HIDDEN_INLINE_VISIBILITY - Success
[9.313s] -- Performing Test COMPILER_HAS_DEPRECATED_ATTR
[9.538s] -- Performing Test COMPILER_HAS_DEPRECATED_ATTR - Success
[9.590s] -- Found ament_cmake_gtest: 1.3.13 (/opt/ros/humble/share/ament_cmake_gtest/cmake)
[9.594s] -- Found ament_cmake_gmock: 1.3.13 (/opt/ros/humble/share/ament_cmake_gmock/cmake)
[9.597s] -- Found ros_testing: 0.4.0 (/opt/ros/humble/share/ros_testing/cmake)
[9.600s] -- Found launch_testing_ament_cmake: 1.0.14 (/opt/ros/humble/share/launch_testing_ament_cmake/cmake)
[9.604s] -- Found python_cmake_module: 0.10.0 (/opt/ros/humble/share/python_cmake_module/cmake)
[9.696s] -- Found PythonInterp: /usr/bin/python3 (found suitable version "3.10.12", minimum required is "3.6") 
[10.190s] -- Found PythonLibs: /usr/lib/x86_64-linux-gnu/libpython3.10.so (found suitable version "3.10.12", minimum required is "3.5") 
[10.190s] -- Using PYTHON_EXECUTABLE: /usr/bin/python3
[10.190s] -- Using PYTHON_INCLUDE_DIRS: /usr/include/python3.10
[10.190s] -- Using PYTHON_LIBRARIES: /usr/lib/x86_64-linux-gnu/libpython3.10.so
[10.209s] -- Found PythonExtra: .so  
[10.211s] -- Found gmock sources under '/opt/ros/humble/src/gmock_vendor': C++ tests using 'Google Mock' will be built
[10.217s] -- Found gtest sources under '/opt/ros/humble/src/gtest_vendor': C++ tests using 'Google Test' will be built
[10.264s] -- Found ament_lint_auto: 0.12.15 (/opt/ros/humble/share/ament_lint_auto/cmake)
[11.862s] -- Found launch_testing_ament_cmake: 1.0.14 (/opt/ros/humble/share/launch_testing_ament_cmake/cmake)
[11.863s] -- Found python_cmake_module: 0.10.0 (/opt/ros/humble/share/python_cmake_module/cmake)
[11.894s] -- Using PYTHON_EXECUTABLE: /usr/bin/python3
[11.894s] -- Using PYTHON_INCLUDE_DIRS: /usr/include/python3.10
[11.894s] -- Using PYTHON_LIBRARIES: /usr/lib/x86_64-linux-gnu/libpython3.10.so
[11.910s] -- Added test 'cppcheck' to perform static code analysis on C / C++ code
[11.911s] -- Configured cppcheck include dirs: /home/b/ws_moveit2/src/moveit2/moveit_ros/planning/rdf_loader/include;/home/b/ws_moveit2/src/moveit2/moveit_ros/planning/kinematics_plugin_loader/include;/home/b/ws_moveit2/src/moveit2/moveit_ros/planning/robot_model_loader/include;/home/b/ws_moveit2/src/moveit2/moveit_ros/planning/constraint_sampler_manager_loader/include;/home/b/ws_moveit2/src/moveit2/moveit_ros/planning/planning_pipeline/include;/home/b/ws_moveit2/src/moveit2/moveit_ros/planning/planning_scene_monitor/include;/home/b/ws_moveit2/src/moveit2/moveit_ros/planning/trajectory_execution_manager/include;/home/b/ws_moveit2/src/moveit2/moveit_ros/planning/plan_execution/include;/home/b/ws_moveit2/src/moveit2/moveit_ros/planning/collision_plugin_loader/include;/home/b/ws_moveit2/src/moveit2/moveit_ros/planning/moveit_cpp/include
[11.911s] -- Configured cppcheck exclude dirs and/or files: 
[11.913s] -- Added test 'lint_cmake' to check CMake code style
[11.915s] -- Added test 'pep257' to check Python code against some of the docstring style conventions in PEP 257
[11.916s] -- Added test 'xmllint' to check XML markup files
[11.918s] -- Configuring done
[12.281s] -- Generating done
[12.427s] -- Build files have been written to: /home/b/ws_moveit2/build/moveit_ros_planning
[12.469s] Invoked command in '/home/b/ws_moveit2/build/moveit_ros_planning' returned '0': AMENT_PREFIX_PATH=/home/b/ws_moveit2/install/moveit_ros_occupancy_map_monitor:/home/b/ws_moveit2/install/moveit_core:/home/b/ws_moveit2/install/moveit_resources_panda_moveit_config:/home/b/ws_moveit2/install/moveit_configs_utils:/home/b/ws_moveit2/install/srdfdom:/home/b/ws_moveit2/install/moveit_resources_pr2_description:/home/b/ws_moveit2/install/moveit_resources_panda_description:/home/b/ws_moveit2/install/moveit_common:/home/b/ws_moveit2/install/launch_param_builder:${AMENT_PREFIX_PATH} CMAKE_PREFIX_PATH=/home/b/ws_moveit2/install/moveit_ros_occupancy_map_monitor:/home/b/ws_moveit2/install/moveit_core:/home/b/ws_moveit2/install/moveit_resources_panda_moveit_config:/home/b/ws_moveit2/install/srdfdom:/home/b/ws_moveit2/install/moveit_resources_pr2_description:/home/b/ws_moveit2/install/moveit_resources_panda_description:/home/b/ws_moveit2/install/moveit_common:/opt/ros/humble LD_LIBRARY_PATH=/home/b/ws_moveit2/install/moveit_ros_occupancy_map_monitor/lib:/home/b/ws_moveit2/install/moveit_core/lib:/home/b/ws_moveit2/install/srdfdom/lib:${LD_LIBRARY_PATH} PATH=/home/b/ws_moveit2/install/moveit_core/bin:${PATH} PYTHONPATH=/home/b/ws_moveit2/install/moveit_configs_utils/lib/python3.10/site-packages:/home/b/ws_moveit2/install/srdfdom/local/lib/python3.10/dist-packages:/home/b/ws_moveit2/install/launch_param_builder/lib/python3.10/site-packages:${PYTHONPATH} /usr/bin/cmake /home/b/ws_moveit2/src/moveit2/moveit_ros/planning -DCMAKE_BUILD_TYPE=Release -DCMAKE_INSTALL_PREFIX=/home/b/ws_moveit2/install/moveit_ros_planning
[12.471s] Invoking command in '/home/b/ws_moveit2/build/moveit_ros_planning': AMENT_PREFIX_PATH=/home/b/ws_moveit2/install/moveit_ros_occupancy_map_monitor:/home/b/ws_moveit2/install/moveit_core:/home/b/ws_moveit2/install/moveit_resources_panda_moveit_config:/home/b/ws_moveit2/install/moveit_configs_utils:/home/b/ws_moveit2/install/srdfdom:/home/b/ws_moveit2/install/moveit_resources_pr2_description:/home/b/ws_moveit2/install/moveit_resources_panda_description:/home/b/ws_moveit2/install/moveit_common:/home/b/ws_moveit2/install/launch_param_builder:${AMENT_PREFIX_PATH} CMAKE_PREFIX_PATH=/home/b/ws_moveit2/install/moveit_ros_occupancy_map_monitor:/home/b/ws_moveit2/install/moveit_core:/home/b/ws_moveit2/install/moveit_resources_panda_moveit_config:/home/b/ws_moveit2/install/srdfdom:/home/b/ws_moveit2/install/moveit_resources_pr2_description:/home/b/ws_moveit2/install/moveit_resources_panda_description:/home/b/ws_moveit2/install/moveit_common:/opt/ros/humble LD_LIBRARY_PATH=/home/b/ws_moveit2/install/moveit_ros_occupancy_map_monitor/lib:/home/b/ws_moveit2/install/moveit_core/lib:/home/b/ws_moveit2/install/srdfdom/lib:${LD_LIBRARY_PATH} PATH=/home/b/ws_moveit2/install/moveit_core/bin:${PATH} PYTHONPATH=/home/b/ws_moveit2/install/moveit_configs_utils/lib/python3.10/site-packages:/home/b/ws_moveit2/install/srdfdom/local/lib/python3.10/dist-packages:/home/b/ws_moveit2/install/launch_param_builder/lib/python3.10/site-packages:${PYTHONPATH} /usr/bin/cmake --build /home/b/ws_moveit2/build/moveit_ros_planning -- -j12 -l12
[12.566s] [  1%] [32mBuilding CXX object collision_plugin_loader/CMakeFiles/moveit_collision_plugin_loader.dir/src/collision_plugin_loader.cpp.o[0m
[12.569s] [  2%] [32mBuilding CXX object rdf_loader/CMakeFiles/moveit_rdf_loader.dir/src/synchronized_string_parameter.cpp.o[0m
[12.569s] [  4%] [32mBuilding CXX object rdf_loader/CMakeFiles/moveit_rdf_loader.dir/src/rdf_loader.cpp.o[0m
[12.571s] [  5%] [32mBuilding CXX object planning_request_adapter_plugins/CMakeFiles/moveit_default_planning_request_adapter_plugins.dir/src/fix_start_state_collision.cpp.o[0m
[12.571s] [  7%] [32mBuilding CXX object planning_request_adapter_plugins/CMakeFiles/moveit_list_request_adapter_plugins.dir/src/list.cpp.o[0m
[12.576s] [  8%] [32mBuilding CXX object planning_request_adapter_plugins/CMakeFiles/moveit_default_planning_request_adapter_plugins.dir/src/fix_start_state_bounds.cpp.o[0m
[12.578s] [ 10%] [32mBuilding CXX object planning_request_adapter_plugins/CMakeFiles/moveit_default_planning_request_adapter_plugins.dir/src/empty.cpp.o[0m
[12.580s] [ 11%] [32mBuilding CXX object gmock/CMakeFiles/gmock_main.dir/src/gmock_main.cc.o[0m
[12.583s] [ 13%] [32mBuilding CXX object planning_pipeline/CMakeFiles/moveit_planning_pipeline.dir/src/planning_pipeline.cpp.o[0m
[12.584s] [ 14%] [32mBuilding CXX object gtest/CMakeFiles/gtest_main.dir/src/gtest_main.cc.o[0m
[12.585s] [ 16%] [32mBuilding CXX object gmock/CMakeFiles/gmock.dir/opt/ros/humble/src/gtest_vendor/src/gtest-all.cc.o[0m
[12.602s] [ 17%] [32mBuilding CXX object gtest/CMakeFiles/gtest.dir/src/gtest-all.cc.o[0m
[15.414s] [ 19%] [32m[1mLinking CXX static library libgtest_main.a[0m
[15.519s] [ 19%] Built target gtest_main
[15.565s] [ 20%] [32mBuilding CXX object planning_request_adapter_plugins/CMakeFiles/moveit_default_planning_request_adapter_plugins.dir/src/fix_start_state_path_constraints.cpp.o[0m
[16.705s] [ 22%] [32m[1mLinking CXX static library libgmock_main.a[0m
[16.855s] [ 22%] Built target gmock_main
[16.876s] [ 23%] [32mBuilding CXX object planning_request_adapter_plugins/CMakeFiles/moveit_default_planning_request_adapter_plugins.dir/src/fix_workspace_bounds.cpp.o[0m
[26.442s] [ 25%] [32mBuilding CXX object gmock/CMakeFiles/gmock.dir/src/gmock-all.cc.o[0m
[34.695s] [ 26%] [32mBuilding CXX object planning_request_adapter_plugins/CMakeFiles/moveit_default_planning_request_adapter_plugins.dir/src/add_time_parameterization.cpp.o[0m
[38.643s] [ 27%] [32m[1mLinking CXX shared library libmoveit_collision_plugin_loader.so[0m
[38.836s] [ 29%] [32mBuilding CXX object planning_request_adapter_plugins/CMakeFiles/moveit_default_planning_request_adapter_plugins.dir/src/add_ruckig_traj_smoothing.cpp.o[0m
[40.007s] [ 29%] Built target moveit_collision_plugin_loader
[40.040s] [ 30%] [32mBuilding CXX object planning_request_adapter_plugins/CMakeFiles/moveit_default_planning_request_adapter_plugins.dir/src/add_iterative_spline_parameterization.cpp.o[0m
[40.248s] [ 32%] [32m[1mLinking CXX static library libgtest.a[0m
[40.380s] [ 32%] Built target gtest
[40.404s] [ 33%] [32mBuilding CXX object planning_request_adapter_plugins/CMakeFiles/moveit_default_planning_request_adapter_plugins.dir/src/add_time_optimal_parameterization.cpp.o[0m
[41.881s] [ 35%] [32m[1mLinking CXX static library libgmock.a[0m
[42.024s] [ 35%] Built target gmock
[42.062s] [ 36%] [32mBuilding CXX object planning_request_adapter_plugins/CMakeFiles/moveit_default_planning_request_adapter_plugins.dir/src/resolve_constraint_frames.cpp.o[0m
[53.058s] [ 38%] [32m[1mLinking CXX executable moveit_list_request_adapter_plugins[0m
[53.530s] [ 38%] Built target moveit_list_request_adapter_plugins
[53.964s] [ 39%] [32m[1mLinking CXX shared library libmoveit_rdf_loader.so[0m
[54.470s] [ 39%] Built target moveit_rdf_loader
[58.134s] [ 41%] [32m[1mLinking CXX shared library libmoveit_default_planning_request_adapter_plugins.so[0m
[58.597s] [ 41%] Built target moveit_default_planning_request_adapter_plugins
[58.641s] [ 42%] [32mBuilding CXX object kinematics_plugin_loader/CMakeFiles/moveit_kinematics_plugin_loader.dir/src/kinematics_plugin_loader.cpp.o[0m
[58.642s] [ 44%] [32mBuilding CXX object constraint_sampler_manager_loader/CMakeFiles/moveit_constraint_sampler_manager_loader.dir/src/constraint_sampler_manager_loader.cpp.o[0m
[61.174s] [ 45%] [32m[1mLinking CXX shared library libmoveit_planning_pipeline.so[0m
[61.685s] [ 45%] Built target moveit_planning_pipeline
[72.851s] [ 47%] [32m[1mLinking CXX shared library libmoveit_kinematics_plugin_loader.so[0m
[73.124s] [ 47%] Built target moveit_kinematics_plugin_loader
[73.154s] [ 48%] [32mBuilding CXX object robot_model_loader/CMakeFiles/moveit_robot_model_loader.dir/src/robot_model_loader.cpp.o[0m
[73.467s] [ 50%] [32m[1mLinking CXX shared library libmoveit_constraint_sampler_manager_loader.so[0m
[73.834s] [ 50%] Built target moveit_constraint_sampler_manager_loader
[78.631s] [ 51%] [32m[1mLinking CXX shared library libmoveit_robot_model_loader.so[0m
[78.940s] [ 51%] Built target moveit_robot_model_loader
[78.978s] [ 52%] [32mBuilding CXX object planning_scene_monitor/CMakeFiles/moveit_planning_scene_monitor.dir/src/current_state_monitor_middleware_handle.cpp.o[0m
[78.979s] [ 54%] [32mBuilding CXX object planning_scene_monitor/CMakeFiles/moveit_planning_scene_monitor.dir/src/trajectory_monitor_middleware_handle.cpp.o[0m
[78.979s] [ 55%] [32mBuilding CXX object planning_scene_monitor/CMakeFiles/moveit_planning_scene_monitor.dir/src/trajectory_monitor.cpp.o[0m
[78.981s] [ 57%] [32mBuilding CXX object planning_scene_monitor/CMakeFiles/moveit_planning_scene_monitor.dir/src/planning_scene_monitor.cpp.o[0m
[78.982s] [ 58%] [32mBuilding CXX object planning_scene_monitor/CMakeFiles/moveit_planning_scene_monitor.dir/src/current_state_monitor.cpp.o[0m
[78.986s] [ 60%] [32mBuilding CXX object planning_components_tools/CMakeFiles/moveit_print_planning_model_info.dir/src/print_planning_model_info.cpp.o[0m
[87.693s] [ 61%] [32m[1mLinking CXX executable moveit_print_planning_model_info[0m
[88.180s] [ 61%] Built target moveit_print_planning_model_info
[114.281s] [ 63%] [32m[1mLinking CXX shared library libmoveit_planning_scene_monitor.so[0m
[114.758s] [ 63%] Built target moveit_planning_scene_monitor
[114.780s] [ 64%] [32mBuilding CXX object planning_scene_monitor/CMakeFiles/planning_scene_monitor_test.dir/test/planning_scene_monitor_test.cpp.o[0m
[114.790s] [ 66%] [32mBuilding CXX object planning_components_tools/CMakeFiles/moveit_visualize_robot_collision_volume.dir/src/visualize_robot_collision_volume.cpp.o[0m
[114.790s] [ 67%] [32mBuilding CXX object planning_scene_monitor/CMakeFiles/demo_scene.dir/demos/demo_scene.cpp.o[0m
[114.791s] [ 69%] [32mBuilding CXX object planning_components_tools/CMakeFiles/moveit_print_planning_scene_info.dir/src/print_planning_scene_info.cpp.o[0m
[114.796s] [ 70%] [32mBuilding CXX object planning_components_tools/CMakeFiles/moveit_publish_scene_from_text.dir/src/publish_scene_from_text.cpp.o[0m
[114.796s] [ 72%] [32mBuilding CXX object planning_scene_monitor/CMakeFiles/current_state_monitor_tests.dir/test/current_state_monitor_tests.cpp.o[0m
[114.796s] [ 73%] [32mBuilding CXX object planning_scene_monitor/CMakeFiles/trajectory_monitor_tests.dir/test/trajectory_monitor_tests.cpp.o[0m
[114.799s] [ 75%] [32mBuilding CXX object planning_components_tools/CMakeFiles/moveit_display_random_state.dir/src/display_random_state.cpp.o[0m
[114.800s] [ 76%] [32mBuilding CXX object trajectory_execution_manager/CMakeFiles/moveit_trajectory_execution_manager.dir/src/trajectory_execution_manager.cpp.o[0m
[114.801s] [ 77%] [32mBuilding CXX object planning_components_tools/CMakeFiles/moveit_evaluate_collision_checking_speed.dir/src/evaluate_collision_checking_speed.cpp.o[0m
[134.258s] [ 79%] [32m[1mLinking CXX executable moveit_print_planning_scene_info[0m
[135.052s] [ 79%] Built target moveit_print_planning_scene_info
[139.766s] [ 80%] [32m[1mLinking CXX executable moveit_display_random_state[0m
[139.851s] [ 82%] [32m[1mLinking CXX executable current_state_monitor_tests[0m
[139.926s] [ 83%] [32m[1mLinking CXX executable moveit_evaluate_collision_checking_speed[0m
[139.974s] [ 85%] [32m[1mLinking CXX executable trajectory_monitor_tests[0m
[140.471s] [ 85%] Built target moveit_display_random_state
[140.713s] [ 85%] Built target moveit_evaluate_collision_checking_speed
[140.733s] [ 85%] Built target current_state_monitor_tests
[140.816s] [ 86%] [32m[1mLinking CXX executable demo_scene[0m
[140.840s] [ 86%] Built target trajectory_monitor_tests
[140.952s] [ 88%] [32m[1mLinking CXX executable moveit_visualize_robot_collision_volume[0m
[141.196s] [ 88%] Built target demo_scene
[141.215s] [ 89%] [32m[1mLinking CXX executable planning_scene_monitor_test[0m
[141.507s] [ 89%] Built target moveit_visualize_robot_collision_volume
[141.515s] [ 91%] [32m[1mLinking CXX executable moveit_publish_scene_from_text[0m
[141.719s] [ 91%] Built target planning_scene_monitor_test
[141.994s] [ 91%] Built target moveit_publish_scene_from_text
[153.464s] [ 92%] [32m[1mLinking CXX shared library libmoveit_trajectory_execution_manager.so[0m
[153.858s] [ 92%] Built target moveit_trajectory_execution_manager
[153.880s] [ 94%] [32mBuilding CXX object plan_execution/CMakeFiles/moveit_plan_execution.dir/src/plan_execution.cpp.o[0m
[153.887s] [ 95%] [32mBuilding CXX object moveit_cpp/CMakeFiles/moveit_cpp.dir/src/moveit_cpp.cpp.o[0m
[153.891s] [ 97%] [32mBuilding CXX object moveit_cpp/CMakeFiles/moveit_cpp.dir/src/planning_component.cpp.o[0m
[167.929s] [ 98%] [32m[1mLinking CXX shared library libmoveit_plan_execution.so[0m
[168.359s] [ 98%] Built target moveit_plan_execution
[171.924s] [100%] [32m[1mLinking CXX shared library libmoveit_cpp.so[0m
[172.313s] [100%] Built target moveit_cpp
[172.323s] Invoked command in '/home/b/ws_moveit2/build/moveit_ros_planning' returned '0': AMENT_PREFIX_PATH=/home/b/ws_moveit2/install/moveit_ros_occupancy_map_monitor:/home/b/ws_moveit2/install/moveit_core:/home/b/ws_moveit2/install/moveit_resources_panda_moveit_config:/home/b/ws_moveit2/install/moveit_configs_utils:/home/b/ws_moveit2/install/srdfdom:/home/b/ws_moveit2/install/moveit_resources_pr2_description:/home/b/ws_moveit2/install/moveit_resources_panda_description:/home/b/ws_moveit2/install/moveit_common:/home/b/ws_moveit2/install/launch_param_builder:${AMENT_PREFIX_PATH} CMAKE_PREFIX_PATH=/home/b/ws_moveit2/install/moveit_ros_occupancy_map_monitor:/home/b/ws_moveit2/install/moveit_core:/home/b/ws_moveit2/install/moveit_resources_panda_moveit_config:/home/b/ws_moveit2/install/srdfdom:/home/b/ws_moveit2/install/moveit_resources_pr2_description:/home/b/ws_moveit2/install/moveit_resources_panda_description:/home/b/ws_moveit2/install/moveit_common:/opt/ros/humble LD_LIBRARY_PATH=/home/b/ws_moveit2/install/moveit_ros_occupancy_map_monitor/lib:/home/b/ws_moveit2/install/moveit_core/lib:/home/b/ws_moveit2/install/srdfdom/lib:${LD_LIBRARY_PATH} PATH=/home/b/ws_moveit2/install/moveit_core/bin:${PATH} PYTHONPATH=/home/b/ws_moveit2/install/moveit_configs_utils/lib/python3.10/site-packages:/home/b/ws_moveit2/install/srdfdom/local/lib/python3.10/dist-packages:/home/b/ws_moveit2/install/launch_param_builder/lib/python3.10/site-packages:${PYTHONPATH} /usr/bin/cmake --build /home/b/ws_moveit2/build/moveit_ros_planning -- -j12 -l12
[172.326s] Invoking command in '/home/b/ws_moveit2/build/moveit_ros_planning': AMENT_PREFIX_PATH=/home/b/ws_moveit2/install/moveit_ros_occupancy_map_monitor:/home/b/ws_moveit2/install/moveit_core:/home/b/ws_moveit2/install/moveit_resources_panda_moveit_config:/home/b/ws_moveit2/install/moveit_configs_utils:/home/b/ws_moveit2/install/srdfdom:/home/b/ws_moveit2/install/moveit_resources_pr2_description:/home/b/ws_moveit2/install/moveit_resources_panda_description:/home/b/ws_moveit2/install/moveit_common:/home/b/ws_moveit2/install/launch_param_builder:${AMENT_PREFIX_PATH} CMAKE_PREFIX_PATH=/home/b/ws_moveit2/install/moveit_ros_occupancy_map_monitor:/home/b/ws_moveit2/install/moveit_core:/home/b/ws_moveit2/install/moveit_resources_panda_moveit_config:/home/b/ws_moveit2/install/srdfdom:/home/b/ws_moveit2/install/moveit_resources_pr2_description:/home/b/ws_moveit2/install/moveit_resources_panda_description:/home/b/ws_moveit2/install/moveit_common:/opt/ros/humble LD_LIBRARY_PATH=/home/b/ws_moveit2/install/moveit_ros_occupancy_map_monitor/lib:/home/b/ws_moveit2/install/moveit_core/lib:/home/b/ws_moveit2/install/srdfdom/lib:${LD_LIBRARY_PATH} PATH=/home/b/ws_moveit2/install/moveit_core/bin:${PATH} PYTHONPATH=/home/b/ws_moveit2/install/moveit_configs_utils/lib/python3.10/site-packages:/home/b/ws_moveit2/install/srdfdom/local/lib/python3.10/dist-packages:/home/b/ws_moveit2/install/launch_param_builder/lib/python3.10/site-packages:${PYTHONPATH} /usr/bin/cmake --install /home/b/ws_moveit2/build/moveit_ros_planning
[172.331s] -- Install configuration: "Release"
[172.331s] -- Installing: /home/b/ws_moveit2/install/moveit_ros_planning/include
[172.331s] -- Installing: /home/b/ws_moveit2/install/moveit_ros_planning/include/moveit
[172.331s] -- Installing: /home/b/ws_moveit2/install/moveit_ros_planning/include/moveit/rdf_loader
[172.332s] -- Installing: /home/b/ws_moveit2/install/moveit_ros_planning/include/moveit/rdf_loader/synchronized_string_parameter.h
[172.332s] -- Installing: /home/b/ws_moveit2/install/moveit_ros_planning/include/moveit/rdf_loader/rdf_loader.h
[172.332s] -- Installing: /home/b/ws_moveit2/install/moveit_ros_planning/share/moveit_ros_planning/rdf_loader/test/data
[172.333s] -- Installing: /home/b/ws_moveit2/install/moveit_ros_planning/share/moveit_ros_planning/rdf_loader/test/data/kermit.srdf
[172.333s] -- Installing: /home/b/ws_moveit2/install/moveit_ros_planning/share/moveit_ros_planning/rdf_loader/test/data/kermit.urdf
[172.333s] -- Installing: /home/b/ws_moveit2/install/moveit_ros_planning/share/moveit_ros_planning/rdf_loader/test/data/gonzo.srdf
[172.333s] -- Installing: /home/b/ws_moveit2/install/moveit_ros_planning/share/moveit_ros_planning/rdf_loader/test/data/robin.srdf.xacro
[172.334s] -- Installing: /home/b/ws_moveit2/install/moveit_ros_planning/share/moveit_ros_planning/rdf_loader/test/data/gonzo.urdf
[172.334s] -- Installing: /home/b/ws_moveit2/install/moveit_ros_planning/share/moveit_ros_planning/rdf_loader/test/launch
[172.334s] -- Installing: /home/b/ws_moveit2/install/moveit_ros_planning/share/moveit_ros_planning/rdf_loader/test/launch/test_rdf_integration.test.py
[172.334s] -- Up-to-date: /home/b/ws_moveit2/install/moveit_ros_planning/include
[172.334s] -- Up-to-date: /home/b/ws_moveit2/install/moveit_ros_planning/include/moveit
[172.334s] -- Installing: /home/b/ws_moveit2/install/moveit_ros_planning/include/moveit/collision_plugin_loader
[172.335s] -- Installing: /home/b/ws_moveit2/install/moveit_ros_planning/include/moveit/collision_plugin_loader/collision_plugin_loader.h
[172.335s] -- Up-to-date: /home/b/ws_moveit2/install/moveit_ros_planning/include
[172.335s] -- Up-to-date: /home/b/ws_moveit2/install/moveit_ros_planning/include/moveit
[172.335s] -- Installing: /home/b/ws_moveit2/install/moveit_ros_planning/include/moveit/kinematics_plugin_loader
[172.335s] -- Installing: /home/b/ws_moveit2/install/moveit_ros_planning/include/moveit/kinematics_plugin_loader/kinematics_plugin_loader.h
[172.335s] -- Up-to-date: /home/b/ws_moveit2/install/moveit_ros_planning/include
[172.335s] -- Up-to-date: /home/b/ws_moveit2/install/moveit_ros_planning/include/moveit
[172.335s] -- Installing: /home/b/ws_moveit2/install/moveit_ros_planning/include/moveit/robot_model_loader
[172.335s] -- Installing: /home/b/ws_moveit2/install/moveit_ros_planning/include/moveit/robot_model_loader/robot_model_loader.h
[172.335s] -- Up-to-date: /home/b/ws_moveit2/install/moveit_ros_planning/include
[172.335s] -- Up-to-date: /home/b/ws_moveit2/install/moveit_ros_planning/include/moveit
[172.335s] -- Installing: /home/b/ws_moveit2/install/moveit_ros_planning/include/moveit/constraint_sampler_manager_loader
[172.336s] -- Installing: /home/b/ws_moveit2/install/moveit_ros_planning/include/moveit/constraint_sampler_manager_loader/constraint_sampler_manager_loader.h
[172.336s] -- Up-to-date: /home/b/ws_moveit2/install/moveit_ros_planning/include
[172.337s] -- Up-to-date: /home/b/ws_moveit2/install/moveit_ros_planning/include/moveit
[172.337s] -- Installing: /home/b/ws_moveit2/install/moveit_ros_planning/include/moveit/planning_pipeline
[172.337s] -- Installing: /home/b/ws_moveit2/install/moveit_ros_planning/include/moveit/planning_pipeline/planning_pipeline.h
[172.338s] -- Installing: /home/b/ws_moveit2/install/moveit_ros_planning/include/moveit_planning_pipeline_export.h
[172.339s] -- Installing: /home/b/ws_moveit2/install/moveit_ros_planning/lib/moveit_ros_planning/moveit_list_request_adapter_plugins
[172.340s] -- Set runtime path of "/home/b/ws_moveit2/install/moveit_ros_planning/lib/moveit_ros_planning/moveit_list_request_adapter_plugins" to ""
[172.340s] -- Installing: /home/b/ws_moveit2/install/moveit_ros_planning/lib/moveit_ros_planning/demo_scene
[172.341s] -- Set runtime path of "/home/b/ws_moveit2/install/moveit_ros_planning/lib/moveit_ros_planning/demo_scene" to ""
[172.341s] -- Up-to-date: /home/b/ws_moveit2/install/moveit_ros_planning/include
[172.341s] -- Up-to-date: /home/b/ws_moveit2/install/moveit_ros_planning/include/moveit
[172.342s] -- Installing: /home/b/ws_moveit2/install/moveit_ros_planning/include/moveit/planning_scene_monitor
[172.342s] -- Installing: /home/b/ws_moveit2/install/moveit_ros_planning/include/moveit/planning_scene_monitor/current_state_monitor_middleware_handle.hpp
[172.342s] -- Installing: /home/b/ws_moveit2/install/moveit_ros_planning/include/moveit/planning_scene_monitor/trajectory_monitor.h
[172.342s] -- Installing: /home/b/ws_moveit2/install/moveit_ros_planning/include/moveit/planning_scene_monitor/current_state_monitor.h
[172.343s] -- Installing: /home/b/ws_moveit2/install/moveit_ros_planning/include/moveit/planning_scene_monitor/trajectory_monitor_middleware_handle.hpp
[172.343s] -- Installing: /home/b/ws_moveit2/install/moveit_ros_planning/include/moveit/planning_scene_monitor/planning_scene_monitor.h
[172.343s] -- Installing: /home/b/ws_moveit2/install/moveit_ros_planning/include/moveit_planning_scene_monitor_export.h
[172.344s] -- Installing: /home/b/ws_moveit2/install/moveit_ros_planning/lib/moveit_ros_planning/moveit_print_planning_model_info
[172.345s] -- Set runtime path of "/home/b/ws_moveit2/install/moveit_ros_planning/lib/moveit_ros_planning/moveit_print_planning_model_info" to ""
[172.345s] -- Installing: /home/b/ws_moveit2/install/moveit_ros_planning/lib/moveit_ros_planning/moveit_print_planning_scene_info
[172.345s] -- Set runtime path of "/home/b/ws_moveit2/install/moveit_ros_planning/lib/moveit_ros_planning/moveit_print_planning_scene_info" to ""
[172.346s] -- Installing: /home/b/ws_moveit2/install/moveit_ros_planning/lib/moveit_ros_planning/moveit_display_random_state
[172.346s] -- Set runtime path of "/home/b/ws_moveit2/install/moveit_ros_planning/lib/moveit_ros_planning/moveit_display_random_state" to ""
[172.346s] -- Installing: /home/b/ws_moveit2/install/moveit_ros_planning/lib/moveit_ros_planning/moveit_visualize_robot_collision_volume
[172.347s] -- Set runtime path of "/home/b/ws_moveit2/install/moveit_ros_planning/lib/moveit_ros_planning/moveit_visualize_robot_collision_volume" to ""
[172.347s] -- Installing: /home/b/ws_moveit2/install/moveit_ros_planning/lib/moveit_ros_planning/moveit_evaluate_collision_checking_speed
[172.347s] -- Set runtime path of "/home/b/ws_moveit2/install/moveit_ros_planning/lib/moveit_ros_planning/moveit_evaluate_collision_checking_speed" to ""
[172.348s] -- Installing: /home/b/ws_moveit2/install/moveit_ros_planning/lib/moveit_ros_planning/moveit_publish_scene_from_text
[172.349s] -- Set runtime path of "/home/b/ws_moveit2/install/moveit_ros_planning/lib/moveit_ros_planning/moveit_publish_scene_from_text" to ""
[172.349s] -- Up-to-date: /home/b/ws_moveit2/install/moveit_ros_planning/include
[172.350s] -- Up-to-date: /home/b/ws_moveit2/install/moveit_ros_planning/include/moveit
[172.350s] -- Installing: /home/b/ws_moveit2/install/moveit_ros_planning/include/moveit/trajectory_execution_manager
[172.350s] -- Installing: /home/b/ws_moveit2/install/moveit_ros_planning/include/moveit/trajectory_execution_manager/trajectory_execution_manager.h
[172.350s] -- Installing: /home/b/ws_moveit2/install/moveit_ros_planning/include/moveit_trajectory_execution_manager_export.h
[172.350s] -- Up-to-date: /home/b/ws_moveit2/install/moveit_ros_planning/include
[172.350s] -- Up-to-date: /home/b/ws_moveit2/install/moveit_ros_planning/include/moveit
[172.350s] -- Installing: /home/b/ws_moveit2/install/moveit_ros_planning/include/moveit/plan_execution
[172.350s] -- Installing: /home/b/ws_moveit2/install/moveit_ros_planning/include/moveit/plan_execution/plan_execution.h
[172.350s] -- Installing: /home/b/ws_moveit2/install/moveit_ros_planning/include/moveit/plan_execution/plan_representation.h
[172.350s] -- Up-to-date: /home/b/ws_moveit2/install/moveit_ros_planning/include
[172.350s] -- Up-to-date: /home/b/ws_moveit2/install/moveit_ros_planning/include/moveit
[172.350s] -- Installing: /home/b/ws_moveit2/install/moveit_ros_planning/include/moveit/moveit_cpp
[172.350s] -- Installing: /home/b/ws_moveit2/install/moveit_ros_planning/include/moveit/moveit_cpp/moveit_cpp.h
[172.350s] -- Installing: /home/b/ws_moveit2/install/moveit_ros_planning/include/moveit/moveit_cpp/planning_component.h
[172.350s] -- Installing: /home/b/ws_moveit2/install/moveit_ros_planning/lib/libmoveit_rdf_loader.so.2.5.9
[172.351s] -- Set runtime path of "/home/b/ws_moveit2/install/moveit_ros_planning/lib/libmoveit_rdf_loader.so.2.5.9" to ""
[172.351s] -- Installing: /home/b/ws_moveit2/install/moveit_ros_planning/lib/libmoveit_rdf_loader.so
[172.351s] -- Installing: /home/b/ws_moveit2/install/moveit_ros_planning/lib/libmoveit_kinematics_plugin_loader.so.2.5.9
[172.352s] -- Set runtime path of "/home/b/ws_moveit2/install/moveit_ros_planning/lib/libmoveit_kinematics_plugin_loader.so.2.5.9" to ""
[172.352s] -- Installing: /home/b/ws_moveit2/install/moveit_ros_planning/lib/libmoveit_kinematics_plugin_loader.so
[172.352s] -- Installing: /home/b/ws_moveit2/install/moveit_ros_planning/lib/libmoveit_robot_model_loader.so.2.5.9
[172.352s] -- Set runtime path of "/home/b/ws_moveit2/install/moveit_ros_planning/lib/libmoveit_robot_model_loader.so.2.5.9" to ""
[172.352s] -- Installing: /home/b/ws_moveit2/install/moveit_ros_planning/lib/libmoveit_robot_model_loader.so
[172.353s] -- Installing: /home/b/ws_moveit2/install/moveit_ros_planning/lib/libmoveit_constraint_sampler_manager_loader.so.2.5.9
[172.353s] -- Set runtime path of "/home/b/ws_moveit2/install/moveit_ros_planning/lib/libmoveit_constraint_sampler_manager_loader.so.2.5.9" to ""
[172.353s] -- Installing: /home/b/ws_moveit2/install/moveit_ros_planning/lib/libmoveit_constraint_sampler_manager_loader.so
[172.353s] -- Installing: /home/b/ws_moveit2/install/moveit_ros_planning/lib/libmoveit_planning_pipeline.so.2.5.9
[172.354s] -- Set runtime path of "/home/b/ws_moveit2/install/moveit_ros_planning/lib/libmoveit_planning_pipeline.so.2.5.9" to ""
[172.354s] -- Installing: /home/b/ws_moveit2/install/moveit_ros_planning/lib/libmoveit_planning_pipeline.so
[172.354s] -- Installing: /home/b/ws_moveit2/install/moveit_ros_planning/lib/libmoveit_trajectory_execution_manager.so.2.5.9
[172.355s] -- Set runtime path of "/home/b/ws_moveit2/install/moveit_ros_planning/lib/libmoveit_trajectory_execution_manager.so.2.5.9" to ""
[172.356s] -- Installing: /home/b/ws_moveit2/install/moveit_ros_planning/lib/libmoveit_trajectory_execution_manager.so
[172.356s] -- Installing: /home/b/ws_moveit2/install/moveit_ros_planning/lib/libmoveit_plan_execution.so.2.5.9
[172.356s] -- Set runtime path of "/home/b/ws_moveit2/install/moveit_ros_planning/lib/libmoveit_plan_execution.so.2.5.9" to ""
[172.356s] -- Installing: /home/b/ws_moveit2/install/moveit_ros_planning/lib/libmoveit_plan_execution.so
[172.356s] -- Installing: /home/b/ws_moveit2/install/moveit_ros_planning/lib/libmoveit_planning_scene_monitor.so.2.5.9
[172.359s] -- Set runtime path of "/home/b/ws_moveit2/install/moveit_ros_planning/lib/libmoveit_planning_scene_monitor.so.2.5.9" to ""
[172.360s] -- Installing: /home/b/ws_moveit2/install/moveit_ros_planning/lib/libmoveit_planning_scene_monitor.so
[172.360s] -- Installing: /home/b/ws_moveit2/install/moveit_ros_planning/lib/libmoveit_collision_plugin_loader.so.2.5.9
[172.360s] -- Set runtime path of "/home/b/ws_moveit2/install/moveit_ros_planning/lib/libmoveit_collision_plugin_loader.so.2.5.9" to ""
[172.360s] -- Installing: /home/b/ws_moveit2/install/moveit_ros_planning/lib/libmoveit_collision_plugin_loader.so
[172.361s] -- Installing: /home/b/ws_moveit2/install/moveit_ros_planning/lib/libmoveit_default_planning_request_adapter_plugins.so.2.5.9
[172.361s] -- Set runtime path of "/home/b/ws_moveit2/install/moveit_ros_planning/lib/libmoveit_default_planning_request_adapter_plugins.so.2.5.9" to ""
[172.361s] -- Installing: /home/b/ws_moveit2/install/moveit_ros_planning/lib/libmoveit_default_planning_request_adapter_plugins.so
[172.361s] -- Installing: /home/b/ws_moveit2/install/moveit_ros_planning/lib/libmoveit_cpp.so.2.5.9
[172.361s] -- Set runtime path of "/home/b/ws_moveit2/install/moveit_ros_planning/lib/libmoveit_cpp.so.2.5.9" to ""
[172.361s] -- Installing: /home/b/ws_moveit2/install/moveit_ros_planning/lib/libmoveit_cpp.so
[172.362s] -- Installing: /home/b/ws_moveit2/install/moveit_ros_planning/share/moveit_ros_planning/environment/library_path.sh
[172.362s] -- Installing: /home/b/ws_moveit2/install/moveit_ros_planning/share/moveit_ros_planning/environment/library_path.dsv
[172.362s] -- Installing: /home/b/ws_moveit2/install/moveit_ros_planning/share/moveit_ros_planning/planning_request_adapters_plugin_description.xml
[172.362s] -- Installing: /home/b/ws_moveit2/install/moveit_ros_planning/share/ament_index/resource_index/package_run_dependencies/moveit_ros_planning
[172.363s] -- Installing: /home/b/ws_moveit2/install/moveit_ros_planning/share/ament_index/resource_index/parent_prefix_path/moveit_ros_planning
[172.363s] -- Installing: /home/b/ws_moveit2/install/moveit_ros_planning/share/moveit_ros_planning/environment/ament_prefix_path.sh
[172.363s] -- Installing: /home/b/ws_moveit2/install/moveit_ros_planning/share/moveit_ros_planning/environment/ament_prefix_path.dsv
[172.363s] -- Installing: /home/b/ws_moveit2/install/moveit_ros_planning/share/moveit_ros_planning/environment/path.sh
[172.364s] -- Installing: /home/b/ws_moveit2/install/moveit_ros_planning/share/moveit_ros_planning/environment/path.dsv
[172.364s] -- Installing: /home/b/ws_moveit2/install/moveit_ros_planning/share/moveit_ros_planning/local_setup.bash
[172.364s] -- Installing: /home/b/ws_moveit2/install/moveit_ros_planning/share/moveit_ros_planning/local_setup.sh
[172.364s] -- Installing: /home/b/ws_moveit2/install/moveit_ros_planning/share/moveit_ros_planning/local_setup.zsh
[172.364s] -- Installing: /home/b/ws_moveit2/install/moveit_ros_planning/share/moveit_ros_planning/local_setup.dsv
[172.364s] -- Installing: /home/b/ws_moveit2/install/moveit_ros_planning/share/moveit_ros_planning/package.dsv
[172.364s] -- Installing: /home/b/ws_moveit2/install/moveit_ros_planning/share/ament_index/resource_index/packages/moveit_ros_planning
[172.364s] -- Installing: /home/b/ws_moveit2/install/moveit_ros_planning/share/ament_index/resource_index/moveit_core__pluginlib__plugin/moveit_ros_planning
[172.364s] -- Installing: /home/b/ws_moveit2/install/moveit_ros_planning/share/moveit_ros_planning/cmake/export_moveit_ros_planningExport.cmake
[172.365s] -- Installing: /home/b/ws_moveit2/install/moveit_ros_planning/share/moveit_ros_planning/cmake/export_moveit_ros_planningExport-release.cmake
[172.365s] -- Installing: /home/b/ws_moveit2/install/moveit_ros_planning/share/moveit_ros_planning/cmake/ConfigExtras.cmake
[172.365s] -- Installing: /home/b/ws_moveit2/install/moveit_ros_planning/share/moveit_ros_planning/cmake/ament_cmake_export_targets-extras.cmake
[172.365s] -- Installing: /home/b/ws_moveit2/install/moveit_ros_planning/share/moveit_ros_planning/cmake/ament_cmake_export_dependencies-extras.cmake
[172.366s] -- Installing: /home/b/ws_moveit2/install/moveit_ros_planning/share/moveit_ros_planning/cmake/moveit_ros_planningConfig.cmake
[172.366s] -- Installing: /home/b/ws_moveit2/install/moveit_ros_planning/share/moveit_ros_planning/cmake/moveit_ros_planningConfig-version.cmake
[172.366s] -- Installing: /home/b/ws_moveit2/install/moveit_ros_planning/share/moveit_ros_planning/package.xml
[172.369s] Invoked command in '/home/b/ws_moveit2/build/moveit_ros_planning' returned '0': AMENT_PREFIX_PATH=/home/b/ws_moveit2/install/moveit_ros_occupancy_map_monitor:/home/b/ws_moveit2/install/moveit_core:/home/b/ws_moveit2/install/moveit_resources_panda_moveit_config:/home/b/ws_moveit2/install/moveit_configs_utils:/home/b/ws_moveit2/install/srdfdom:/home/b/ws_moveit2/install/moveit_resources_pr2_description:/home/b/ws_moveit2/install/moveit_resources_panda_description:/home/b/ws_moveit2/install/moveit_common:/home/b/ws_moveit2/install/launch_param_builder:${AMENT_PREFIX_PATH} CMAKE_PREFIX_PATH=/home/b/ws_moveit2/install/moveit_ros_occupancy_map_monitor:/home/b/ws_moveit2/install/moveit_core:/home/b/ws_moveit2/install/moveit_resources_panda_moveit_config:/home/b/ws_moveit2/install/srdfdom:/home/b/ws_moveit2/install/moveit_resources_pr2_description:/home/b/ws_moveit2/install/moveit_resources_panda_description:/home/b/ws_moveit2/install/moveit_common:/opt/ros/humble LD_LIBRARY_PATH=/home/b/ws_moveit2/install/moveit_ros_occupancy_map_monitor/lib:/home/b/ws_moveit2/install/moveit_core/lib:/home/b/ws_moveit2/install/srdfdom/lib:${LD_LIBRARY_PATH} PATH=/home/b/ws_moveit2/install/moveit_core/bin:${PATH} PYTHONPATH=/home/b/ws_moveit2/install/moveit_configs_utils/lib/python3.10/site-packages:/home/b/ws_moveit2/install/srdfdom/local/lib/python3.10/dist-packages:/home/b/ws_moveit2/install/launch_param_builder/lib/python3.10/site-packages:${PYTHONPATH} /usr/bin/cmake --install /home/b/ws_moveit2/build/moveit_ros_planning
