[0.242s] Invoking command in '/home/b/ws_moveit2/build/moveit_resources': AMENT_PREFIX_PATH=/home/b/ws_moveit2/install/moveit_resources_panda_moveit_config:/home/b/ws_moveit2/install/moveit_resources_fanuc_moveit_config:/home/b/ws_moveit2/install/moveit_resources_pr2_description:/home/b/ws_moveit2/install/moveit_resources_panda_description:/home/b/ws_moveit2/install/moveit_resources_fanuc_description:${AMENT_PREFIX_PATH} CMAKE_PREFIX_PATH=/home/b/ws_moveit2/install/moveit_resources_panda_moveit_config:/home/b/ws_moveit2/install/moveit_resources_fanuc_moveit_config:/home/b/ws_moveit2/install/moveit_resources_pr2_description:/home/b/ws_moveit2/install/moveit_resources_panda_description:/home/b/ws_moveit2/install/moveit_resources_fanuc_description:/opt/ros/humble /usr/bin/cmake --build /home/b/ws_moveit2/build/moveit_resources -- -j12 -l12
[0.278s] Invoked command in '/home/b/ws_moveit2/build/moveit_resources' returned '0': AMENT_PREFIX_PATH=/home/b/ws_moveit2/install/moveit_resources_panda_moveit_config:/home/b/ws_moveit2/install/moveit_resources_fanuc_moveit_config:/home/b/ws_moveit2/install/moveit_resources_pr2_description:/home/b/ws_moveit2/install/moveit_resources_panda_description:/home/b/ws_moveit2/install/moveit_resources_fanuc_description:${AMENT_PREFIX_PATH} CMAKE_PREFIX_PATH=/home/b/ws_moveit2/install/moveit_resources_panda_moveit_config:/home/b/ws_moveit2/install/moveit_resources_fanuc_moveit_config:/home/b/ws_moveit2/install/moveit_resources_pr2_description:/home/b/ws_moveit2/install/moveit_resources_panda_description:/home/b/ws_moveit2/install/moveit_resources_fanuc_description:/opt/ros/humble /usr/bin/cmake --build /home/b/ws_moveit2/build/moveit_resources -- -j12 -l12
[0.280s] Invoking command in '/home/b/ws_moveit2/build/moveit_resources': AMENT_PREFIX_PATH=/home/b/ws_moveit2/install/moveit_resources_panda_moveit_config:/home/b/ws_moveit2/install/moveit_resources_fanuc_moveit_config:/home/b/ws_moveit2/install/moveit_resources_pr2_description:/home/b/ws_moveit2/install/moveit_resources_panda_description:/home/b/ws_moveit2/install/moveit_resources_fanuc_description:${AMENT_PREFIX_PATH} CMAKE_PREFIX_PATH=/home/b/ws_moveit2/install/moveit_resources_panda_moveit_config:/home/b/ws_moveit2/install/moveit_resources_fanuc_moveit_config:/home/b/ws_moveit2/install/moveit_resources_pr2_description:/home/b/ws_moveit2/install/moveit_resources_panda_description:/home/b/ws_moveit2/install/moveit_resources_fanuc_description:/opt/ros/humble /usr/bin/cmake --install /home/b/ws_moveit2/build/moveit_resources
[0.291s] -- Install configuration: "Release"
[0.292s] -- Up-to-date: /home/b/ws_moveit2/install/moveit_resources/share/ament_index/resource_index/package_run_dependencies/moveit_resources
[0.293s] -- Up-to-date: /home/b/ws_moveit2/install/moveit_resources/share/ament_index/resource_index/parent_prefix_path/moveit_resources
[0.294s] -- Up-to-date: /home/b/ws_moveit2/install/moveit_resources/share/moveit_resources/environment/ament_prefix_path.sh
[0.294s] -- Up-to-date: /home/b/ws_moveit2/install/moveit_resources/share/moveit_resources/environment/ament_prefix_path.dsv
[0.294s] -- Up-to-date: /home/b/ws_moveit2/install/moveit_resources/share/moveit_resources/environment/path.sh
[0.294s] -- Up-to-date: /home/b/ws_moveit2/install/moveit_resources/share/moveit_resources/environment/path.dsv
[0.294s] -- Up-to-date: /home/b/ws_moveit2/install/moveit_resources/share/moveit_resources/local_setup.bash
[0.294s] -- Up-to-date: /home/b/ws_moveit2/install/moveit_resources/share/moveit_resources/local_setup.sh
[0.294s] -- Up-to-date: /home/b/ws_moveit2/install/moveit_resources/share/moveit_resources/local_setup.zsh
[0.294s] -- Up-to-date: /home/b/ws_moveit2/install/moveit_resources/share/moveit_resources/local_setup.dsv
[0.294s] -- Up-to-date: /home/b/ws_moveit2/install/moveit_resources/share/moveit_resources/package.dsv
[0.294s] -- Up-to-date: /home/b/ws_moveit2/install/moveit_resources/share/ament_index/resource_index/packages/moveit_resources
[0.295s] -- Up-to-date: /home/b/ws_moveit2/install/moveit_resources/share/moveit_resources/cmake/moveit_resourcesConfig.cmake
[0.295s] -- Up-to-date: /home/b/ws_moveit2/install/moveit_resources/share/moveit_resources/cmake/moveit_resourcesConfig-version.cmake
[0.295s] -- Up-to-date: /home/b/ws_moveit2/install/moveit_resources/share/moveit_resources/package.xml
[0.297s] Invoked command in '/home/b/ws_moveit2/build/moveit_resources' returned '0': AMENT_PREFIX_PATH=/home/b/ws_moveit2/install/moveit_resources_panda_moveit_config:/home/b/ws_moveit2/install/moveit_resources_fanuc_moveit_config:/home/b/ws_moveit2/install/moveit_resources_pr2_description:/home/b/ws_moveit2/install/moveit_resources_panda_description:/home/b/ws_moveit2/install/moveit_resources_fanuc_description:${AMENT_PREFIX_PATH} CMAKE_PREFIX_PATH=/home/b/ws_moveit2/install/moveit_resources_panda_moveit_config:/home/b/ws_moveit2/install/moveit_resources_fanuc_moveit_config:/home/b/ws_moveit2/install/moveit_resources_pr2_description:/home/b/ws_moveit2/install/moveit_resources_panda_description:/home/b/ws_moveit2/install/moveit_resources_fanuc_description:/opt/ros/humble /usr/bin/cmake --install /home/b/ws_moveit2/build/moveit_resources
