[2.145s] Invoking command in '/home/b/ws_moveit2/src/build/pilz_industrial_motion_planner': AMENT_PREFIX_PATH=/home/b/ws_moveit2/src/install/moveit_resources_prbt_pg70_support:/home/b/ws_moveit2/src/install/moveit_ros_planning_interface:/home/b/ws_moveit2/src/install/moveit_resources_prbt_moveit_config:/home/b/ws_moveit2/src/install/moveit_ros_move_group:/home/b/ws_moveit2/src/install/moveit_ros_warehouse:/home/b/ws_moveit2/src/install/moveit_planners_ompl:/home/b/ws_moveit2/src/install/moveit_kinematics:/home/b/ws_moveit2/src/install/moveit_ros_planning:/home/b/ws_moveit2/src/install/pilz_industrial_motion_planner_testutils:/home/b/ws_moveit2/src/install/moveit_simple_controller_manager:/home/b/ws_moveit2/src/install/moveit_ros_occupancy_map_monitor:/home/b/ws_moveit2/src/install/moveit_resources_prbt_ikfast_manipulator_plugin:/home/b/ws_moveit2/src/install/moveit_core:/home/b/ws_moveit2/src/install/moveit_resources_panda_moveit_config:/home/b/ws_moveit2/src/install/moveit_resources_fanuc_moveit_config:/home/b/ws_moveit2/src/install/moveit_configs_utils:/home/b/ws_moveit2/src/install/srdfdom:/home/b/ws_moveit2/src/install/moveit_resources_prbt_support:/home/b/ws_moveit2/src/install/moveit_resources_pr2_description:/home/b/ws_moveit2/src/install/moveit_resources_panda_description:/home/b/ws_moveit2/src/install/moveit_resources_fanuc_description:/home/b/ws_moveit2/src/install/moveit_common:/home/b/ws_moveit2/src/install/launch_param_builder:${AMENT_PREFIX_PATH} CMAKE_PREFIX_PATH=/home/b/ws_moveit2/src/install/moveit_resources_prbt_pg70_support:/home/b/ws_moveit2/src/install/moveit_ros_planning_interface:/home/b/ws_moveit2/src/install/moveit_resources_prbt_moveit_config:/home/b/ws_moveit2/src/install/moveit_ros_move_group:/home/b/ws_moveit2/src/install/moveit_ros_warehouse:/home/b/ws_moveit2/src/install/moveit_planners_ompl:/home/b/ws_moveit2/src/install/moveit_kinematics:/home/b/ws_moveit2/src/install/moveit_ros_planning:/home/b/ws_moveit2/src/install/pilz_industrial_motion_planner_testutils:/home/b/ws_moveit2/src/install/moveit_simple_controller_manager:/home/b/ws_moveit2/src/install/moveit_ros_occupancy_map_monitor:/home/b/ws_moveit2/src/install/moveit_resources_prbt_ikfast_manipulator_plugin:/home/b/ws_moveit2/src/install/moveit_core:/home/b/ws_moveit2/src/install/moveit_resources_panda_moveit_config:/home/b/ws_moveit2/src/install/moveit_resources_fanuc_moveit_config:/home/b/ws_moveit2/src/install/srdfdom:/home/b/ws_moveit2/src/install/moveit_resources_prbt_support:/home/b/ws_moveit2/src/install/moveit_resources_pr2_description:/home/b/ws_moveit2/src/install/moveit_resources_panda_description:/home/b/ws_moveit2/src/install/moveit_resources_fanuc_description:/home/b/ws_moveit2/src/install/moveit_common:/opt/ros/humble LD_LIBRARY_PATH=/home/b/ws_moveit2/src/install/moveit_ros_planning_interface/lib:/home/b/ws_moveit2/src/install/moveit_ros_move_group/lib:/home/b/ws_moveit2/src/install/moveit_ros_warehouse/lib:/home/b/ws_moveit2/src/install/moveit_planners_ompl/lib:/home/b/ws_moveit2/src/install/moveit_kinematics/lib:/home/b/ws_moveit2/src/install/moveit_ros_planning/lib:/home/b/ws_moveit2/src/install/pilz_industrial_motion_planner_testutils/lib:/home/b/ws_moveit2/src/install/moveit_simple_controller_manager/lib:/home/b/ws_moveit2/src/install/moveit_ros_occupancy_map_monitor/lib:/home/b/ws_moveit2/src/install/moveit_resources_prbt_ikfast_manipulator_plugin/lib:/home/b/ws_moveit2/src/install/moveit_core/lib:/home/b/ws_moveit2/src/install/srdfdom/lib:${LD_LIBRARY_PATH} PATH=/home/b/ws_moveit2/src/install/moveit_core/bin:${PATH} PYTHONPATH=/home/b/ws_moveit2/src/install/moveit_configs_utils/lib/python3.10/site-packages:/home/b/ws_moveit2/src/install/srdfdom/local/lib/python3.10/dist-packages:/home/b/ws_moveit2/src/install/launch_param_builder/lib/python3.10/site-packages:${PYTHONPATH} /usr/bin/cmake /home/b/ws_moveit2/src/moveit2/moveit_planners/pilz_industrial_motion_planner -DCMAKE_INSTALL_PREFIX=/home/b/ws_moveit2/src/install/pilz_industrial_motion_planner
[2.333s] -- The C compiler identification is GNU 11.4.0
[2.768s] -- The CXX compiler identification is GNU 11.4.0
[3.196s] -- Detecting C compiler ABI info
[3.472s] -- Detecting C compiler ABI info - done
[3.489s] -- Check for working C compiler: /usr/bin/cc - skipped
[3.490s] -- Detecting C compile features
[3.490s] -- Detecting C compile features - done
[3.495s] -- Detecting CXX compiler ABI info
[3.772s] -- Detecting CXX compiler ABI info - done
[3.787s] -- Check for working CXX compiler: /usr/bin/c++ - skipped
[3.788s] -- Detecting CXX compile features
[3.789s] -- Detecting CXX compile features - done
[3.793s] -- Found moveit_common: 2.5.9 (/home/b/ws_moveit2/src/install/moveit_common/share/moveit_common/cmake)
[3.798s] -- Found ament_cmake: 1.3.13 (/opt/ros/humble/share/ament_cmake/cmake)
[4.054s] -- Found Python3: /usr/bin/python3 (found version "3.10.12") found components: Interpreter 
[4.390s] [0mpilz_industrial_motion_planner: You did not request a specific build type: Choosing 'Release' for maximum performance[0m
[4.400s] -- Found eigen3_cmake_module: 0.1.1 (/opt/ros/humble/share/eigen3_cmake_module/cmake)
[4.414s] -- Found Eigen3: TRUE (found version "3.4.0") 
[4.420s] -- Found geometry_msgs: 4.9.1 (/opt/ros/humble/share/geometry_msgs/cmake)
[4.727s] -- Found rosidl_generator_c: 3.1.8 (/opt/ros/humble/share/rosidl_generator_c/cmake)
[4.738s] -- Found rosidl_adapter: 3.1.8 (/opt/ros/humble/share/rosidl_adapter/cmake)
[4.754s] -- Found rosidl_generator_cpp: 3.1.8 (/opt/ros/humble/share/rosidl_generator_cpp/cmake)
[4.778s] -- Using all available rosidl_typesupport_c: rosidl_typesupport_fastrtps_c;rosidl_typesupport_introspection_c
[4.811s] -- Using all available rosidl_typesupport_cpp: rosidl_typesupport_fastrtps_cpp;rosidl_typesupport_introspection_cpp
[4.876s] -- Found moveit_core: 2.5.9 (/home/b/ws_moveit2/src/install/moveit_core/share/moveit_core/cmake)
[5.505s] -- Found Boost: /usr/lib/x86_64-linux-gnu/cmake/Boost-1.74.0/BoostConfig.cmake (found version "1.74.0") found components: chrono date_time filesystem iostreams program_options regex serialization system thread 
[7.213s] -- Found parameter_traits: 0.6.0 (/opt/ros/humble/share/parameter_traits/cmake)
[7.332s] -- Found rmw_implementation_cmake: 6.1.2 (/opt/ros/humble/share/rmw_implementation_cmake/cmake)
[7.342s] -- Found rmw_fastrtps_cpp: 6.2.10 (/opt/ros/humble/share/rmw_fastrtps_cpp/cmake)
[10.312s] -- Found OpenSSL: /usr/lib/x86_64-linux-gnu/libcrypto.so (found version "3.0.2")  
[13.923s] -- Found FastRTPS: /opt/ros/humble/include  
[20.073s] -- Using RMW implementation 'rmw_fastrtps_cpp' as default
[20.097s] -- Found Threads: TRUE  
[20.167s] -- Found rclcpp_lifecycle: 16.0.18 (/opt/ros/humble/share/rclcpp_lifecycle/cmake)
[20.201s] -- Found Boost: /usr/lib/x86_64-linux-gnu/cmake/Boost-1.74.0/BoostConfig.cmake (found version "1.74.0") found components: filesystem 
[26.898s] -- library: /usr/lib/x86_64-linux-gnu/libcurl.so
[27.100s] -- Ensuring Eigen3 include directory is part of orocos-kdl CMake target
[34.336s] -- Found moveit_ros_move_group: 2.5.9 (/home/b/ws_moveit2/src/install/moveit_ros_move_group/share/moveit_ros_move_group/cmake)
[34.345s] -- Found Boost: /usr/lib/x86_64-linux-gnu/cmake/Boost-1.74.0/BoostConfig.cmake (found version "1.74.0") found components: system filesystem date_time program_options thread 
[34.407s] -- Found Boost: /usr/lib/x86_64-linux-gnu/cmake/Boost-1.74.0/BoostConfig.cmake (found version "1.74.0") found components: system filesystem date_time program_options thread chrono 
[34.433s] -- Found moveit_ros_planning_interface: 2.5.9 (/home/b/ws_moveit2/src/install/moveit_ros_planning_interface/share/moveit_ros_planning_interface/cmake)
[34.441s] -- Found Boost: /usr/lib/x86_64-linux-gnu/cmake/Boost-1.74.0/BoostConfig.cmake (found version "1.74.0") found components: date_time filesystem program_options system thread 
[34.463s] -- Found Boost: /usr/lib/x86_64-linux-gnu/cmake/Boost-1.74.0/BoostConfig.cmake (found version "1.74.0") found components: thread system filesystem regex date_time program_options 
[34.506s] -- Found tf2_eigen_kdl: 0.25.19 (/opt/ros/humble/share/tf2_eigen_kdl/cmake)
[34.517s] -- Found Boost: /usr/lib/x86_64-linux-gnu/cmake/Boost-1.74.0/BoostConfig.cmake (found version "1.74.0")  
[34.706s] -- Found ament_cmake_gtest: 1.3.13 (/opt/ros/humble/share/ament_cmake_gtest/cmake)
[34.712s] -- Found ament_cmake_gmock: 1.3.13 (/opt/ros/humble/share/ament_cmake_gmock/cmake)
[34.720s] -- Found ros_testing: 0.4.0 (/opt/ros/humble/share/ros_testing/cmake)
[34.724s] -- Found launch_testing_ament_cmake: 1.0.14 (/opt/ros/humble/share/launch_testing_ament_cmake/cmake)
[34.728s] -- Found python_cmake_module: 0.10.0 (/opt/ros/humble/share/python_cmake_module/cmake)
[35.079s] -- Found PythonInterp: /usr/bin/python3 (found suitable version "3.10.12", minimum required is "3.6") 
[36.205s] -- Found PythonLibs: /usr/lib/x86_64-linux-gnu/libpython3.10.so (found suitable version "3.10.12", minimum required is "3.5") 
[36.206s] -- Using PYTHON_EXECUTABLE: /usr/bin/python3
[36.206s] -- Using PYTHON_INCLUDE_DIRS: /usr/include/python3.10
[36.206s] -- Using PYTHON_LIBRARIES: /usr/lib/x86_64-linux-gnu/libpython3.10.so
[36.248s] -- Found PythonExtra: .so  
[36.253s] -- Found moveit_resources_prbt_support: 2.5.9 (/home/b/ws_moveit2/src/install/moveit_resources_prbt_support/share/moveit_resources_prbt_support/cmake)
[36.254s] -- Found moveit_resources_prbt_moveit_config: 2.5.9 (/home/b/ws_moveit2/src/install/moveit_resources_prbt_moveit_config/share/moveit_resources_prbt_moveit_config/cmake)
[36.263s] -- Found Boost: /usr/lib/x86_64-linux-gnu/cmake/Boost-1.74.0/BoostConfig.cmake (found version "1.74.0") found components: thread 
[36.265s] -- Found pilz_industrial_motion_planner_testutils: 2.5.9 (/home/b/ws_moveit2/src/install/pilz_industrial_motion_planner_testutils/share/pilz_industrial_motion_planner_testutils/cmake)
[36.320s] -- Found gtest sources under '/opt/ros/humble/src/gtest_vendor': C++ tests using 'Google Test' will be built
[36.399s] -- Found gmock sources under '/opt/ros/humble/src/gmock_vendor': C++ tests using 'Google Mock' will be built
[36.414s] -- Found ament_lint_auto: 0.12.15 (/opt/ros/humble/share/ament_lint_auto/cmake)
[50.944s] -- Found launch_testing_ament_cmake: 1.0.14 (/opt/ros/humble/share/launch_testing_ament_cmake/cmake)
[50.945s] -- Found python_cmake_module: 0.10.0 (/opt/ros/humble/share/python_cmake_module/cmake)
[51.191s] -- Using PYTHON_EXECUTABLE: /usr/bin/python3
[51.208s] -- Using PYTHON_INCLUDE_DIRS: /usr/include/python3.10
[51.208s] -- Using PYTHON_LIBRARIES: /usr/lib/x86_64-linux-gnu/libpython3.10.so
[51.397s] -- Added test 'cppcheck' to perform static code analysis on C / C++ code
[51.424s] -- Configured cppcheck include dirs: /home/b/ws_moveit2/src/moveit2/moveit_planners/pilz_industrial_motion_planner/include
[51.424s] -- Configured cppcheck exclude dirs and/or files: 
[51.425s] -- Added test 'pep257' to check Python code against some of the docstring style conventions in PEP 257
[51.437s] -- Added test 'xmllint' to check XML markup files
[51.459s] -- Configuring done
[54.013s] -- Generating done
[54.729s] -- Build files have been written to: /home/b/ws_moveit2/src/build/pilz_industrial_motion_planner
[54.833s] Invoked command in '/home/b/ws_moveit2/src/build/pilz_industrial_motion_planner' returned '0': AMENT_PREFIX_PATH=/home/b/ws_moveit2/src/install/moveit_resources_prbt_pg70_support:/home/b/ws_moveit2/src/install/moveit_ros_planning_interface:/home/b/ws_moveit2/src/install/moveit_resources_prbt_moveit_config:/home/b/ws_moveit2/src/install/moveit_ros_move_group:/home/b/ws_moveit2/src/install/moveit_ros_warehouse:/home/b/ws_moveit2/src/install/moveit_planners_ompl:/home/b/ws_moveit2/src/install/moveit_kinematics:/home/b/ws_moveit2/src/install/moveit_ros_planning:/home/b/ws_moveit2/src/install/pilz_industrial_motion_planner_testutils:/home/b/ws_moveit2/src/install/moveit_simple_controller_manager:/home/b/ws_moveit2/src/install/moveit_ros_occupancy_map_monitor:/home/b/ws_moveit2/src/install/moveit_resources_prbt_ikfast_manipulator_plugin:/home/b/ws_moveit2/src/install/moveit_core:/home/b/ws_moveit2/src/install/moveit_resources_panda_moveit_config:/home/b/ws_moveit2/src/install/moveit_resources_fanuc_moveit_config:/home/b/ws_moveit2/src/install/moveit_configs_utils:/home/b/ws_moveit2/src/install/srdfdom:/home/b/ws_moveit2/src/install/moveit_resources_prbt_support:/home/b/ws_moveit2/src/install/moveit_resources_pr2_description:/home/b/ws_moveit2/src/install/moveit_resources_panda_description:/home/b/ws_moveit2/src/install/moveit_resources_fanuc_description:/home/b/ws_moveit2/src/install/moveit_common:/home/b/ws_moveit2/src/install/launch_param_builder:${AMENT_PREFIX_PATH} CMAKE_PREFIX_PATH=/home/b/ws_moveit2/src/install/moveit_resources_prbt_pg70_support:/home/b/ws_moveit2/src/install/moveit_ros_planning_interface:/home/b/ws_moveit2/src/install/moveit_resources_prbt_moveit_config:/home/b/ws_moveit2/src/install/moveit_ros_move_group:/home/b/ws_moveit2/src/install/moveit_ros_warehouse:/home/b/ws_moveit2/src/install/moveit_planners_ompl:/home/b/ws_moveit2/src/install/moveit_kinematics:/home/b/ws_moveit2/src/install/moveit_ros_planning:/home/b/ws_moveit2/src/install/pilz_industrial_motion_planner_testutils:/home/b/ws_moveit2/src/install/moveit_simple_controller_manager:/home/b/ws_moveit2/src/install/moveit_ros_occupancy_map_monitor:/home/b/ws_moveit2/src/install/moveit_resources_prbt_ikfast_manipulator_plugin:/home/b/ws_moveit2/src/install/moveit_core:/home/b/ws_moveit2/src/install/moveit_resources_panda_moveit_config:/home/b/ws_moveit2/src/install/moveit_resources_fanuc_moveit_config:/home/b/ws_moveit2/src/install/srdfdom:/home/b/ws_moveit2/src/install/moveit_resources_prbt_support:/home/b/ws_moveit2/src/install/moveit_resources_pr2_description:/home/b/ws_moveit2/src/install/moveit_resources_panda_description:/home/b/ws_moveit2/src/install/moveit_resources_fanuc_description:/home/b/ws_moveit2/src/install/moveit_common:/opt/ros/humble LD_LIBRARY_PATH=/home/b/ws_moveit2/src/install/moveit_ros_planning_interface/lib:/home/b/ws_moveit2/src/install/moveit_ros_move_group/lib:/home/b/ws_moveit2/src/install/moveit_ros_warehouse/lib:/home/b/ws_moveit2/src/install/moveit_planners_ompl/lib:/home/b/ws_moveit2/src/install/moveit_kinematics/lib:/home/b/ws_moveit2/src/install/moveit_ros_planning/lib:/home/b/ws_moveit2/src/install/pilz_industrial_motion_planner_testutils/lib:/home/b/ws_moveit2/src/install/moveit_simple_controller_manager/lib:/home/b/ws_moveit2/src/install/moveit_ros_occupancy_map_monitor/lib:/home/b/ws_moveit2/src/install/moveit_resources_prbt_ikfast_manipulator_plugin/lib:/home/b/ws_moveit2/src/install/moveit_core/lib:/home/b/ws_moveit2/src/install/srdfdom/lib:${LD_LIBRARY_PATH} PATH=/home/b/ws_moveit2/src/install/moveit_core/bin:${PATH} PYTHONPATH=/home/b/ws_moveit2/src/install/moveit_configs_utils/lib/python3.10/site-packages:/home/b/ws_moveit2/src/install/srdfdom/local/lib/python3.10/dist-packages:/home/b/ws_moveit2/src/install/launch_param_builder/lib/python3.10/site-packages:${PYTHONPATH} /usr/bin/cmake /home/b/ws_moveit2/src/moveit2/moveit_planners/pilz_industrial_motion_planner -DCMAKE_INSTALL_PREFIX=/home/b/ws_moveit2/src/install/pilz_industrial_motion_planner
[54.835s] Invoking command in '/home/b/ws_moveit2/src/build/pilz_industrial_motion_planner': AMENT_PREFIX_PATH=/home/b/ws_moveit2/src/install/moveit_resources_prbt_pg70_support:/home/b/ws_moveit2/src/install/moveit_ros_planning_interface:/home/b/ws_moveit2/src/install/moveit_resources_prbt_moveit_config:/home/b/ws_moveit2/src/install/moveit_ros_move_group:/home/b/ws_moveit2/src/install/moveit_ros_warehouse:/home/b/ws_moveit2/src/install/moveit_planners_ompl:/home/b/ws_moveit2/src/install/moveit_kinematics:/home/b/ws_moveit2/src/install/moveit_ros_planning:/home/b/ws_moveit2/src/install/pilz_industrial_motion_planner_testutils:/home/b/ws_moveit2/src/install/moveit_simple_controller_manager:/home/b/ws_moveit2/src/install/moveit_ros_occupancy_map_monitor:/home/b/ws_moveit2/src/install/moveit_resources_prbt_ikfast_manipulator_plugin:/home/b/ws_moveit2/src/install/moveit_core:/home/b/ws_moveit2/src/install/moveit_resources_panda_moveit_config:/home/b/ws_moveit2/src/install/moveit_resources_fanuc_moveit_config:/home/b/ws_moveit2/src/install/moveit_configs_utils:/home/b/ws_moveit2/src/install/srdfdom:/home/b/ws_moveit2/src/install/moveit_resources_prbt_support:/home/b/ws_moveit2/src/install/moveit_resources_pr2_description:/home/b/ws_moveit2/src/install/moveit_resources_panda_description:/home/b/ws_moveit2/src/install/moveit_resources_fanuc_description:/home/b/ws_moveit2/src/install/moveit_common:/home/b/ws_moveit2/src/install/launch_param_builder:${AMENT_PREFIX_PATH} CMAKE_PREFIX_PATH=/home/b/ws_moveit2/src/install/moveit_resources_prbt_pg70_support:/home/b/ws_moveit2/src/install/moveit_ros_planning_interface:/home/b/ws_moveit2/src/install/moveit_resources_prbt_moveit_config:/home/b/ws_moveit2/src/install/moveit_ros_move_group:/home/b/ws_moveit2/src/install/moveit_ros_warehouse:/home/b/ws_moveit2/src/install/moveit_planners_ompl:/home/b/ws_moveit2/src/install/moveit_kinematics:/home/b/ws_moveit2/src/install/moveit_ros_planning:/home/b/ws_moveit2/src/install/pilz_industrial_motion_planner_testutils:/home/b/ws_moveit2/src/install/moveit_simple_controller_manager:/home/b/ws_moveit2/src/install/moveit_ros_occupancy_map_monitor:/home/b/ws_moveit2/src/install/moveit_resources_prbt_ikfast_manipulator_plugin:/home/b/ws_moveit2/src/install/moveit_core:/home/b/ws_moveit2/src/install/moveit_resources_panda_moveit_config:/home/b/ws_moveit2/src/install/moveit_resources_fanuc_moveit_config:/home/b/ws_moveit2/src/install/srdfdom:/home/b/ws_moveit2/src/install/moveit_resources_prbt_support:/home/b/ws_moveit2/src/install/moveit_resources_pr2_description:/home/b/ws_moveit2/src/install/moveit_resources_panda_description:/home/b/ws_moveit2/src/install/moveit_resources_fanuc_description:/home/b/ws_moveit2/src/install/moveit_common:/opt/ros/humble LD_LIBRARY_PATH=/home/b/ws_moveit2/src/install/moveit_ros_planning_interface/lib:/home/b/ws_moveit2/src/install/moveit_ros_move_group/lib:/home/b/ws_moveit2/src/install/moveit_ros_warehouse/lib:/home/b/ws_moveit2/src/install/moveit_planners_ompl/lib:/home/b/ws_moveit2/src/install/moveit_kinematics/lib:/home/b/ws_moveit2/src/install/moveit_ros_planning/lib:/home/b/ws_moveit2/src/install/pilz_industrial_motion_planner_testutils/lib:/home/b/ws_moveit2/src/install/moveit_simple_controller_manager/lib:/home/b/ws_moveit2/src/install/moveit_ros_occupancy_map_monitor/lib:/home/b/ws_moveit2/src/install/moveit_resources_prbt_ikfast_manipulator_plugin/lib:/home/b/ws_moveit2/src/install/moveit_core/lib:/home/b/ws_moveit2/src/install/srdfdom/lib:${LD_LIBRARY_PATH} PATH=/home/b/ws_moveit2/src/install/moveit_core/bin:${PATH} PYTHONPATH=/home/b/ws_moveit2/src/install/moveit_configs_utils/lib/python3.10/site-packages:/home/b/ws_moveit2/src/install/srdfdom/local/lib/python3.10/dist-packages:/home/b/ws_moveit2/src/install/launch_param_builder/lib/python3.10/site-packages:${PYTHONPATH} /usr/bin/cmake --build /home/b/ws_moveit2/src/build/pilz_industrial_motion_planner -- -j12 -l12
[55.156s] [  1%] [32mBuilding CXX object gmock/CMakeFiles/gmock_main.dir/src/gmock_main.cc.o[0m
[55.166s] [  2%] [32mBuilding CXX object CMakeFiles/trajectory_generation_common.dir/src/trajectory_functions.cpp.o[0m
[55.167s] [  3%] [32mBuilding CXX object CMakeFiles/trajectory_generation_common.dir/src/trajectory_blender_transition_window.cpp.o[0m
[55.174s] [  4%] [32mBuilding CXX object CMakeFiles/trajectory_generation_common.dir/src/trajectory_generator.cpp.o[0m
[55.176s] [  6%] [32mBuilding CXX object gmock/CMakeFiles/gmock.dir/src/gmock-all.cc.o[0m
[55.185s] [  7%] [32mBuilding CXX object gtest/CMakeFiles/gtest.dir/src/gtest-all.cc.o[0m
[55.223s] [  8%] [32mBuilding CXX object gmock/CMakeFiles/gmock.dir/opt/ros/humble/src/gtest_vendor/src/gtest-all.cc.o[0m
[55.247s] [  9%] [32mBuilding CXX object gtest/CMakeFiles/gtest_main.dir/src/gtest_main.cc.o[0m
[55.251s] [ 10%] [32mBuilding CXX object CMakeFiles/joint_limits_common.dir/src/joint_limits_validator.cpp.o[0m
[55.281s] [ 12%] [32mBuilding CXX object CMakeFiles/planning_context_loader_base.dir/src/planning_context_loader.cpp.o[0m
[55.285s] [ 13%] [32mBuilding CXX object CMakeFiles/joint_limits_common.dir/src/joint_limits_container.cpp.o[0m
[55.319s] [ 14%] [32mBuilding CXX object CMakeFiles/joint_limits_common.dir/src/joint_limits_aggregator.cpp.o[0m
[61.401s] [ 15%] [32m[1mLinking CXX static library libgtest_main.a[0m
[61.617s] [ 15%] Built target gtest_main
[68.497s] [ 16%] [32m[1mLinking CXX static library libgmock_main.a[0m
[68.913s] [ 16%] Built target gmock_main
[103.918s] [ 18%] [32m[1mLinking CXX static library libgmock.a[0m
[104.141s] [ 18%] Built target gmock
[107.023s] [ 19%] [32m[1mLinking CXX shared library libplanning_context_loader_base.so[0m
[110.698s] [ 20%] [32m[1mLinking CXX static library libgtest.a[0m
[110.919s] [ 20%] Built target gtest
[117.533s] [ 21%] [32mBuilding CXX object CMakeFiles/joint_limits_common.dir/src/cartesian_limits_aggregator.cpp.o[0m
[127.835s] [ 22%] [32m[1mLinking CXX shared library libtrajectory_generation_common.so[0m
[129.285s] [ 22%] Built target trajectory_generation_common
[132.163s] [ 24%] [32mBuilding CXX object CMakeFiles/joint_limits_common.dir/src/cartesian_limit.cpp.o[0m
[132.265s] [ 25%] [32mBuilding CXX object CMakeFiles/joint_limits_common.dir/src/limits_container.cpp.o[0m
[134.598s] [ 26%] [32m[1mLinking CXX shared library libjoint_limits_common.so[0m
[138.556s] [ 26%] Built target joint_limits_common
[149.910s] [ 26%] Built target planning_context_loader_base
[149.992s] [ 27%] [32mBuilding CXX object test/unit_tests/CMakeFiles/unittest_cartesian_limits_aggregator.dir/src/unittest_cartesian_limits_aggregator.cpp.o[0m
[159.051s] [ 28%] [32m[1mLinking CXX executable unittest_cartesian_limits_aggregator[0m
[159.886s] [ 28%] Built target unittest_cartesian_limits_aggregator
[159.951s] [ 30%] [32mBuilding CXX object CMakeFiles/planning_context_loader_circ.dir/src/planning_context_loader_circ.cpp.o[0m
[177.193s] [ 31%] [32mBuilding CXX object CMakeFiles/planning_context_loader_circ.dir/src/path_circle_generator.cpp.o[0m
[179.649s] [ 32%] [32mBuilding CXX object CMakeFiles/planning_context_loader_circ.dir/src/trajectory_generator_circ.cpp.o[0m
[199.057s] [ 33%] [32m[1mLinking CXX shared library libplanning_context_loader_circ.so[0m
[199.775s] [ 33%] Built target planning_context_loader_circ
[199.859s] [ 34%] [32mBuilding CXX object CMakeFiles/planning_context_loader_lin.dir/src/planning_context_loader_lin.cpp.o[0m
[199.878s] [ 36%] [32mBuilding CXX object CMakeFiles/planning_context_loader_lin.dir/src/velocity_profile_atrap.cpp.o[0m
[199.885s] [ 37%] [32mBuilding CXX object CMakeFiles/planning_context_loader_ptp.dir/src/planning_context_loader_ptp.cpp.o[0m
[199.885s] [ 38%] [32mBuilding CXX object CMakeFiles/planning_context_loader_lin.dir/src/trajectory_generator_lin.cpp.o[0m
[199.894s] [ 39%] [32mBuilding CXX object CMakeFiles/pilz_industrial_motion_planner.dir/src/pilz_industrial_motion_planner.cpp.o[0m
[199.895s] [ 40%] [32mBuilding CXX object test/unit_tests/CMakeFiles/unittest_joint_limits_validator.dir/src/unittest_joint_limits_validator.cpp.o[0m
[199.911s] [ 42%] [32mBuilding CXX object CMakeFiles/planning_context_loader_ptp.dir/src/trajectory_generator_ptp.cpp.o[0m
[201.222s] [ 43%] [32mBuilding CXX object CMakeFiles/planning_context_loader_ptp.dir/src/velocity_profile_atrap.cpp.o[0m
[207.291s] [ 44%] [32m[1mLinking CXX executable unittest_joint_limits_validator[0m
[209.357s] [ 44%] Built target unittest_joint_limits_validator
[227.999s] [ 45%] [32m[1mLinking CXX shared library libplanning_context_loader_lin.so[0m
[229.334s] [ 45%] Built target planning_context_loader_lin
[229.564s] [ 46%] [32mBuilding CXX object test/unit_tests/CMakeFiles/unittest_joint_limits_container.dir/src/unittest_joint_limits_container.cpp.o[0m
[229.642s] [ 48%] [32mBuilding CXX object test/unit_tests/CMakeFiles/unittest_joint_limits_aggregator.dir/src/unittest_joint_limits_aggregator.cpp.o[0m
[234.147s] [ 49%] [32m[1mLinking CXX shared library libplanning_context_loader_ptp.so[0m
[236.345s] [ 49%] Built target planning_context_loader_ptp
[236.483s] [ 50%] [32mBuilding CXX object test/unit_tests/CMakeFiles/unittest_joint_limit.dir/src/unittest_joint_limit.cpp.o[0m
[236.512s] [ 51%] [32mBuilding CXX object test/CMakeFiles/pilz_industrial_motion_planner_test_utils.dir/test_utils.cpp.o[0m
[237.493s] [ 53%] [32m[1mLinking CXX executable unittest_joint_limits_container[0m
[239.158s] [ 53%] Built target unittest_joint_limits_container
[239.354s] [ 54%] [32mBuilding CXX object CMakeFiles/command_list_manager.dir/src/plan_components_builder.cpp.o[0m
[239.357s] [ 55%] [32mBuilding CXX object CMakeFiles/command_list_manager.dir/src/command_list_manager.cpp.o[0m
[247.731s] [ 56%] [32m[1mLinking CXX shared library libpilz_industrial_motion_planner.so[0m
[250.016s] [ 56%] Built target pilz_industrial_motion_planner
[250.244s] [ 57%] [32mBuilding CXX object test/unit_tests/CMakeFiles/unittest_pilz_industrial_motion_planner_direct.dir/src/unittest_pilz_industrial_motion_planner_direct.cpp.o[0m
[262.263s] [ 59%] [32m[1mLinking CXX executable unittest_joint_limit[0m
[265.151s] [ 59%] Built target unittest_joint_limit
[275.301s] [ 60%] [32m[1mLinking CXX executable unittest_joint_limits_aggregator[0m
[277.342s] [ 60%] Built target unittest_joint_limits_aggregator
[284.123s] [ 61%] [32m[1mLinking CXX shared library libcommand_list_manager.so[0m
[285.608s] [ 61%] Built target command_list_manager
[306.796s] [ 62%] [32m[1mLinking CXX executable unittest_pilz_industrial_motion_planner_direct[0m
[308.221s] [ 62%] Built target unittest_pilz_industrial_motion_planner_direct
[308.336s] [ 63%] [32mBuilding CXX object CMakeFiles/sequence_capability.dir/src/move_group_sequence_service.cpp.o[0m
[308.337s] [ 65%] [32mBuilding CXX object CMakeFiles/sequence_capability.dir/src/move_group_sequence_action.cpp.o[0m
[308.350s] [ 66%] [32mBuilding CXX object test/unit_tests/CMakeFiles/unittest_get_solver_tip_frame.dir/src/unittest_get_solver_tip_frame.cpp.o[0m
[311.005s] [ 67%] [32m[1mLinking CXX static library libpilz_industrial_motion_planner_test_utils.a[0m
[311.152s] [ 67%] Built target pilz_industrial_motion_planner_test_utils
[311.330s] [ 68%] [32mBuilding CXX object test/unit_tests/CMakeFiles/unittest_pilz_industrial_motion_planner.dir/src/unittest_pilz_industrial_motion_planner.cpp.o[0m
[311.345s] [ 69%] [32mBuilding CXX object test/unit_tests/CMakeFiles/unittest_trajectory_generator.dir/src/unittest_trajectory_generator.cpp.o[0m
[311.410s] [ 71%] [32mBuilding CXX object test/unit_tests/CMakeFiles/unittest_trajectory_generator_lin.dir/src/unittest_trajectory_generator_lin.cpp.o[0m
[311.445s] [ 72%] [32mBuilding CXX object test/unit_tests/CMakeFiles/unittest_trajectory_generator_ptp.dir/src/unittest_trajectory_generator_ptp.cpp.o[0m
[312.546s] [ 73%] [32mBuilding CXX object test/unit_tests/CMakeFiles/unittest_trajectory_generator_circ.dir/src/unittest_trajectory_generator_circ.cpp.o[0m
[313.688s] [ 74%] [32mBuilding CXX object test/unit_tests/CMakeFiles/unittest_trajectory_generator_common.dir/src/unittest_trajectory_generator_common.cpp.o[0m
[314.781s] [ 75%] [32mBuilding CXX object test/unit_tests/CMakeFiles/unittest_trajectory_blender_transition_window.dir/src/unittest_trajectory_blender_transition_window.cpp.o[0m
[315.962s] [ 77%] [32mBuilding CXX object test/unit_tests/CMakeFiles/unittest_trajectory_functions.dir/src/unittest_trajectory_functions.cpp.o[0m
[350.959s] [ 78%] [32m[1mLinking CXX executable unittest_get_solver_tip_frame[0m
[357.304s] [ 79%] [32mBuilding CXX object test/unit_tests/CMakeFiles/unittest_trajectory_generator.dir/__/__/src/trajectory_generator.cpp.o[0m
[363.906s] [ 79%] Built target unittest_get_solver_tip_frame
[370.526s] [ 80%] [32m[1mLinking CXX executable unittest_trajectory_generator_lin[0m
[373.036s] [ 80%] Built target unittest_trajectory_generator_lin
[374.869s] [ 81%] [32m[1mLinking CXX executable unittest_trajectory_generator_ptp[0m
[375.092s] [ 83%] [32m[1mLinking CXX executable unittest_trajectory_functions[0m
[377.072s] [ 83%] Built target unittest_trajectory_functions
[377.193s] [ 83%] Built target unittest_trajectory_generator_ptp
[379.804s] [ 84%] [32m[1mLinking CXX executable unittest_trajectory_generator_circ[0m
[380.017s] [ 85%] [32m[1mLinking CXX shared library libsequence_capability.so[0m
[381.756s] [ 85%] Built target sequence_capability
[381.873s] [ 85%] Built target unittest_trajectory_generator_circ
[386.713s] [ 86%] [32m[1mLinking CXX executable unittest_pilz_industrial_motion_planner[0m
[387.742s] [ 87%] [32mBuilding CXX object test/unit_tests/CMakeFiles/unittest_trajectory_blender_transition_window.dir/__/__/src/trajectory_blender_transition_window.cpp.o[0m
[388.037s] [ 87%] Built target unittest_pilz_industrial_motion_planner
[392.544s] [ 89%] [32m[1mLinking CXX executable unittest_trajectory_generator_common[0m
[393.635s] [ 89%] Built target unittest_trajectory_generator_common
[395.017s] [ 90%] [32m[1mLinking CXX executable unittest_trajectory_generator[0m
[395.938s] [ 90%] Built target unittest_trajectory_generator
[406.821s] [ 91%] [32m[1mLinking CXX executable unittest_trajectory_blender_transition_window[0m
[407.542s] [ 91%] Built target unittest_trajectory_blender_transition_window
[407.590s] [ 92%] [32mBuilding CXX object test/unit_tests/CMakeFiles/unittest_velocity_profile_atrap.dir/src/unittest_velocity_profile_atrap.cpp.o[0m
[407.596s] [ 93%] [32mBuilding CXX object test/unit_tests/CMakeFiles/unittest_velocity_profile_atrap.dir/__/__/src/velocity_profile_atrap.cpp.o[0m
[407.600s] [ 95%] [32mBuilding CXX object test/unit_tests/CMakeFiles/unittest_planning_context.dir/src/unittest_planning_context.cpp.o[0m
[407.603s] [ 96%] [32mBuilding CXX object test/unit_tests/CMakeFiles/unittest_planning_context_loaders.dir/src/unittest_planning_context_loaders.cpp.o[0m
[413.744s] [ 97%] [32m[1mLinking CXX executable unittest_velocity_profile_atrap[0m
[420.165s] [ 97%] Built target unittest_velocity_profile_atrap
[434.065s] [ 98%] [32m[1mLinking CXX executable unittest_planning_context[0m
[435.180s] [ 98%] Built target unittest_planning_context
[436.468s] [100%] [32m[1mLinking CXX executable unittest_planning_context_loaders[0m
[437.625s] [100%] Built target unittest_planning_context_loaders
[437.830s] Invoked command in '/home/b/ws_moveit2/src/build/pilz_industrial_motion_planner' returned '0': AMENT_PREFIX_PATH=/home/b/ws_moveit2/src/install/moveit_resources_prbt_pg70_support:/home/b/ws_moveit2/src/install/moveit_ros_planning_interface:/home/b/ws_moveit2/src/install/moveit_resources_prbt_moveit_config:/home/b/ws_moveit2/src/install/moveit_ros_move_group:/home/b/ws_moveit2/src/install/moveit_ros_warehouse:/home/b/ws_moveit2/src/install/moveit_planners_ompl:/home/b/ws_moveit2/src/install/moveit_kinematics:/home/b/ws_moveit2/src/install/moveit_ros_planning:/home/b/ws_moveit2/src/install/pilz_industrial_motion_planner_testutils:/home/b/ws_moveit2/src/install/moveit_simple_controller_manager:/home/b/ws_moveit2/src/install/moveit_ros_occupancy_map_monitor:/home/b/ws_moveit2/src/install/moveit_resources_prbt_ikfast_manipulator_plugin:/home/b/ws_moveit2/src/install/moveit_core:/home/b/ws_moveit2/src/install/moveit_resources_panda_moveit_config:/home/b/ws_moveit2/src/install/moveit_resources_fanuc_moveit_config:/home/b/ws_moveit2/src/install/moveit_configs_utils:/home/b/ws_moveit2/src/install/srdfdom:/home/b/ws_moveit2/src/install/moveit_resources_prbt_support:/home/b/ws_moveit2/src/install/moveit_resources_pr2_description:/home/b/ws_moveit2/src/install/moveit_resources_panda_description:/home/b/ws_moveit2/src/install/moveit_resources_fanuc_description:/home/b/ws_moveit2/src/install/moveit_common:/home/b/ws_moveit2/src/install/launch_param_builder:${AMENT_PREFIX_PATH} CMAKE_PREFIX_PATH=/home/b/ws_moveit2/src/install/moveit_resources_prbt_pg70_support:/home/b/ws_moveit2/src/install/moveit_ros_planning_interface:/home/b/ws_moveit2/src/install/moveit_resources_prbt_moveit_config:/home/b/ws_moveit2/src/install/moveit_ros_move_group:/home/b/ws_moveit2/src/install/moveit_ros_warehouse:/home/b/ws_moveit2/src/install/moveit_planners_ompl:/home/b/ws_moveit2/src/install/moveit_kinematics:/home/b/ws_moveit2/src/install/moveit_ros_planning:/home/b/ws_moveit2/src/install/pilz_industrial_motion_planner_testutils:/home/b/ws_moveit2/src/install/moveit_simple_controller_manager:/home/b/ws_moveit2/src/install/moveit_ros_occupancy_map_monitor:/home/b/ws_moveit2/src/install/moveit_resources_prbt_ikfast_manipulator_plugin:/home/b/ws_moveit2/src/install/moveit_core:/home/b/ws_moveit2/src/install/moveit_resources_panda_moveit_config:/home/b/ws_moveit2/src/install/moveit_resources_fanuc_moveit_config:/home/b/ws_moveit2/src/install/srdfdom:/home/b/ws_moveit2/src/install/moveit_resources_prbt_support:/home/b/ws_moveit2/src/install/moveit_resources_pr2_description:/home/b/ws_moveit2/src/install/moveit_resources_panda_description:/home/b/ws_moveit2/src/install/moveit_resources_fanuc_description:/home/b/ws_moveit2/src/install/moveit_common:/opt/ros/humble LD_LIBRARY_PATH=/home/b/ws_moveit2/src/install/moveit_ros_planning_interface/lib:/home/b/ws_moveit2/src/install/moveit_ros_move_group/lib:/home/b/ws_moveit2/src/install/moveit_ros_warehouse/lib:/home/b/ws_moveit2/src/install/moveit_planners_ompl/lib:/home/b/ws_moveit2/src/install/moveit_kinematics/lib:/home/b/ws_moveit2/src/install/moveit_ros_planning/lib:/home/b/ws_moveit2/src/install/pilz_industrial_motion_planner_testutils/lib:/home/b/ws_moveit2/src/install/moveit_simple_controller_manager/lib:/home/b/ws_moveit2/src/install/moveit_ros_occupancy_map_monitor/lib:/home/b/ws_moveit2/src/install/moveit_resources_prbt_ikfast_manipulator_plugin/lib:/home/b/ws_moveit2/src/install/moveit_core/lib:/home/b/ws_moveit2/src/install/srdfdom/lib:${LD_LIBRARY_PATH} PATH=/home/b/ws_moveit2/src/install/moveit_core/bin:${PATH} PYTHONPATH=/home/b/ws_moveit2/src/install/moveit_configs_utils/lib/python3.10/site-packages:/home/b/ws_moveit2/src/install/srdfdom/local/lib/python3.10/dist-packages:/home/b/ws_moveit2/src/install/launch_param_builder/lib/python3.10/site-packages:${PYTHONPATH} /usr/bin/cmake --build /home/b/ws_moveit2/src/build/pilz_industrial_motion_planner -- -j12 -l12
[437.842s] Invoking command in '/home/b/ws_moveit2/src/build/pilz_industrial_motion_planner': AMENT_PREFIX_PATH=/home/b/ws_moveit2/src/install/moveit_resources_prbt_pg70_support:/home/b/ws_moveit2/src/install/moveit_ros_planning_interface:/home/b/ws_moveit2/src/install/moveit_resources_prbt_moveit_config:/home/b/ws_moveit2/src/install/moveit_ros_move_group:/home/b/ws_moveit2/src/install/moveit_ros_warehouse:/home/b/ws_moveit2/src/install/moveit_planners_ompl:/home/b/ws_moveit2/src/install/moveit_kinematics:/home/b/ws_moveit2/src/install/moveit_ros_planning:/home/b/ws_moveit2/src/install/pilz_industrial_motion_planner_testutils:/home/b/ws_moveit2/src/install/moveit_simple_controller_manager:/home/b/ws_moveit2/src/install/moveit_ros_occupancy_map_monitor:/home/b/ws_moveit2/src/install/moveit_resources_prbt_ikfast_manipulator_plugin:/home/b/ws_moveit2/src/install/moveit_core:/home/b/ws_moveit2/src/install/moveit_resources_panda_moveit_config:/home/b/ws_moveit2/src/install/moveit_resources_fanuc_moveit_config:/home/b/ws_moveit2/src/install/moveit_configs_utils:/home/b/ws_moveit2/src/install/srdfdom:/home/b/ws_moveit2/src/install/moveit_resources_prbt_support:/home/b/ws_moveit2/src/install/moveit_resources_pr2_description:/home/b/ws_moveit2/src/install/moveit_resources_panda_description:/home/b/ws_moveit2/src/install/moveit_resources_fanuc_description:/home/b/ws_moveit2/src/install/moveit_common:/home/b/ws_moveit2/src/install/launch_param_builder:${AMENT_PREFIX_PATH} CMAKE_PREFIX_PATH=/home/b/ws_moveit2/src/install/moveit_resources_prbt_pg70_support:/home/b/ws_moveit2/src/install/moveit_ros_planning_interface:/home/b/ws_moveit2/src/install/moveit_resources_prbt_moveit_config:/home/b/ws_moveit2/src/install/moveit_ros_move_group:/home/b/ws_moveit2/src/install/moveit_ros_warehouse:/home/b/ws_moveit2/src/install/moveit_planners_ompl:/home/b/ws_moveit2/src/install/moveit_kinematics:/home/b/ws_moveit2/src/install/moveit_ros_planning:/home/b/ws_moveit2/src/install/pilz_industrial_motion_planner_testutils:/home/b/ws_moveit2/src/install/moveit_simple_controller_manager:/home/b/ws_moveit2/src/install/moveit_ros_occupancy_map_monitor:/home/b/ws_moveit2/src/install/moveit_resources_prbt_ikfast_manipulator_plugin:/home/b/ws_moveit2/src/install/moveit_core:/home/b/ws_moveit2/src/install/moveit_resources_panda_moveit_config:/home/b/ws_moveit2/src/install/moveit_resources_fanuc_moveit_config:/home/b/ws_moveit2/src/install/srdfdom:/home/b/ws_moveit2/src/install/moveit_resources_prbt_support:/home/b/ws_moveit2/src/install/moveit_resources_pr2_description:/home/b/ws_moveit2/src/install/moveit_resources_panda_description:/home/b/ws_moveit2/src/install/moveit_resources_fanuc_description:/home/b/ws_moveit2/src/install/moveit_common:/opt/ros/humble LD_LIBRARY_PATH=/home/b/ws_moveit2/src/install/moveit_ros_planning_interface/lib:/home/b/ws_moveit2/src/install/moveit_ros_move_group/lib:/home/b/ws_moveit2/src/install/moveit_ros_warehouse/lib:/home/b/ws_moveit2/src/install/moveit_planners_ompl/lib:/home/b/ws_moveit2/src/install/moveit_kinematics/lib:/home/b/ws_moveit2/src/install/moveit_ros_planning/lib:/home/b/ws_moveit2/src/install/pilz_industrial_motion_planner_testutils/lib:/home/b/ws_moveit2/src/install/moveit_simple_controller_manager/lib:/home/b/ws_moveit2/src/install/moveit_ros_occupancy_map_monitor/lib:/home/b/ws_moveit2/src/install/moveit_resources_prbt_ikfast_manipulator_plugin/lib:/home/b/ws_moveit2/src/install/moveit_core/lib:/home/b/ws_moveit2/src/install/srdfdom/lib:${LD_LIBRARY_PATH} PATH=/home/b/ws_moveit2/src/install/moveit_core/bin:${PATH} PYTHONPATH=/home/b/ws_moveit2/src/install/moveit_configs_utils/lib/python3.10/site-packages:/home/b/ws_moveit2/src/install/srdfdom/local/lib/python3.10/dist-packages:/home/b/ws_moveit2/src/install/launch_param_builder/lib/python3.10/site-packages:${PYTHONPATH} /usr/bin/cmake --install /home/b/ws_moveit2/src/build/pilz_industrial_motion_planner
[437.862s] -- Install configuration: "Release"
[437.865s] -- Installing: /home/b/ws_moveit2/src/install/pilz_industrial_motion_planner/share/pilz_industrial_motion_planner/plugins/pilz_industrial_motion_planner_plugin_description.xml
[437.866s] -- Installing: /home/b/ws_moveit2/src/install/pilz_industrial_motion_planner/share/pilz_industrial_motion_planner/plugins/sequence_capability_plugin_description.xml
[437.867s] -- Installing: /home/b/ws_moveit2/src/install/pilz_industrial_motion_planner/share/pilz_industrial_motion_planner/plugins/planning_context_plugin_description.xml
[437.869s] -- Installing: /home/b/ws_moveit2/src/install/pilz_industrial_motion_planner/lib/libpilz_industrial_motion_planner.so
[437.870s] -- Set runtime path of "/home/b/ws_moveit2/src/install/pilz_industrial_motion_planner/lib/libpilz_industrial_motion_planner.so" to ""
[437.871s] -- Installing: /home/b/ws_moveit2/src/install/pilz_industrial_motion_planner/lib/libjoint_limits_common.so
[437.872s] -- Set runtime path of "/home/b/ws_moveit2/src/install/pilz_industrial_motion_planner/lib/libjoint_limits_common.so" to ""
[437.872s] -- Installing: /home/b/ws_moveit2/src/install/pilz_industrial_motion_planner/lib/libplanning_context_loader_base.so
[437.874s] -- Set runtime path of "/home/b/ws_moveit2/src/install/pilz_industrial_motion_planner/lib/libplanning_context_loader_base.so" to ""
[437.874s] -- Installing: /home/b/ws_moveit2/src/install/pilz_industrial_motion_planner/lib/libplanning_context_loader_ptp.so
[437.875s] -- Set runtime path of "/home/b/ws_moveit2/src/install/pilz_industrial_motion_planner/lib/libplanning_context_loader_ptp.so" to ""
[437.875s] -- Installing: /home/b/ws_moveit2/src/install/pilz_industrial_motion_planner/lib/libplanning_context_loader_lin.so
[437.876s] -- Set runtime path of "/home/b/ws_moveit2/src/install/pilz_industrial_motion_planner/lib/libplanning_context_loader_lin.so" to ""
[437.877s] -- Installing: /home/b/ws_moveit2/src/install/pilz_industrial_motion_planner/lib/libplanning_context_loader_circ.so
[437.878s] -- Set runtime path of "/home/b/ws_moveit2/src/install/pilz_industrial_motion_planner/lib/libplanning_context_loader_circ.so" to ""
[437.878s] -- Installing: /home/b/ws_moveit2/src/install/pilz_industrial_motion_planner/lib/libcommand_list_manager.so
[437.879s] -- Set runtime path of "/home/b/ws_moveit2/src/install/pilz_industrial_motion_planner/lib/libcommand_list_manager.so" to ""
[437.879s] -- Installing: /home/b/ws_moveit2/src/install/pilz_industrial_motion_planner/lib/libsequence_capability.so
[437.881s] -- Set runtime path of "/home/b/ws_moveit2/src/install/pilz_industrial_motion_planner/lib/libsequence_capability.so" to ""
[437.881s] -- Installing: /home/b/ws_moveit2/src/install/pilz_industrial_motion_planner/lib/libtrajectory_generation_common.so
[437.882s] -- Set runtime path of "/home/b/ws_moveit2/src/install/pilz_industrial_motion_planner/lib/libtrajectory_generation_common.so" to ""
[437.883s] -- Installing: /home/b/ws_moveit2/src/install/pilz_industrial_motion_planner/include
[437.883s] -- Installing: /home/b/ws_moveit2/src/install/pilz_industrial_motion_planner/include/joint_limits_copy
[437.884s] -- Installing: /home/b/ws_moveit2/src/install/pilz_industrial_motion_planner/include/joint_limits_copy/joint_limits.hpp
[437.884s] -- Installing: /home/b/ws_moveit2/src/install/pilz_industrial_motion_planner/include/joint_limits_copy/joint_limits_rosparam.hpp
[437.885s] -- Installing: /home/b/ws_moveit2/src/install/pilz_industrial_motion_planner/include/pilz_industrial_motion_planner
[437.885s] -- Installing: /home/b/ws_moveit2/src/install/pilz_industrial_motion_planner/include/pilz_industrial_motion_planner/cartesian_limit.h
[437.886s] -- Installing: /home/b/ws_moveit2/src/install/pilz_industrial_motion_planner/include/pilz_industrial_motion_planner/trajectory_blend_response.h
[437.886s] -- Installing: /home/b/ws_moveit2/src/install/pilz_industrial_motion_planner/include/pilz_industrial_motion_planner/trajectory_generator.h
[437.887s] -- Installing: /home/b/ws_moveit2/src/install/pilz_industrial_motion_planner/include/pilz_industrial_motion_planner/planning_context_loader_ptp.h
[437.887s] -- Installing: /home/b/ws_moveit2/src/install/pilz_industrial_motion_planner/include/pilz_industrial_motion_planner/planning_context_loader_circ.h
[437.887s] -- Installing: /home/b/ws_moveit2/src/install/pilz_industrial_motion_planner/include/pilz_industrial_motion_planner/velocity_profile_atrap.h
[437.888s] -- Installing: /home/b/ws_moveit2/src/install/pilz_industrial_motion_planner/include/pilz_industrial_motion_planner/planning_context_loader_lin.h
[437.888s] -- Installing: /home/b/ws_moveit2/src/install/pilz_industrial_motion_planner/include/pilz_industrial_motion_planner/planning_context_loader.h
[437.888s] -- Installing: /home/b/ws_moveit2/src/install/pilz_industrial_motion_planner/include/pilz_industrial_motion_planner/path_circle_generator.h
[437.890s] -- Installing: /home/b/ws_moveit2/src/install/pilz_industrial_motion_planner/include/pilz_industrial_motion_planner/planning_exceptions.h
[437.891s] -- Installing: /home/b/ws_moveit2/src/install/pilz_industrial_motion_planner/include/pilz_industrial_motion_planner/plan_components_builder.h
[437.891s] -- Installing: /home/b/ws_moveit2/src/install/pilz_industrial_motion_planner/include/pilz_industrial_motion_planner/move_group_sequence_action.h
[437.892s] -- Installing: /home/b/ws_moveit2/src/install/pilz_industrial_motion_planner/include/pilz_industrial_motion_planner/trajectory_blender.h
[437.892s] -- Installing: /home/b/ws_moveit2/src/install/pilz_industrial_motion_planner/include/pilz_industrial_motion_planner/joint_limits_validator.h
[437.892s] -- Installing: /home/b/ws_moveit2/src/install/pilz_industrial_motion_planner/include/pilz_industrial_motion_planner/planning_context_base.h
[437.893s] -- Installing: /home/b/ws_moveit2/src/install/pilz_industrial_motion_planner/include/pilz_industrial_motion_planner/move_group_sequence_service.h
[437.893s] -- Installing: /home/b/ws_moveit2/src/install/pilz_industrial_motion_planner/include/pilz_industrial_motion_planner/joint_limits_interface_extension.h
[437.893s] -- Installing: /home/b/ws_moveit2/src/install/pilz_industrial_motion_planner/include/pilz_industrial_motion_planner/joint_limits_extension.h
[437.894s] -- Installing: /home/b/ws_moveit2/src/install/pilz_industrial_motion_planner/include/pilz_industrial_motion_planner/limits_container.h
[437.894s] -- Installing: /home/b/ws_moveit2/src/install/pilz_industrial_motion_planner/include/pilz_industrial_motion_planner/trajectory_generator_circ.h
[437.894s] -- Installing: /home/b/ws_moveit2/src/install/pilz_industrial_motion_planner/include/pilz_industrial_motion_planner/planning_context_circ.h
[437.894s] -- Installing: /home/b/ws_moveit2/src/install/pilz_industrial_motion_planner/include/pilz_industrial_motion_planner/trajectory_generator_ptp.h
[437.895s] -- Installing: /home/b/ws_moveit2/src/install/pilz_industrial_motion_planner/include/pilz_industrial_motion_planner/cartesian_limits_aggregator.h
[437.895s] -- Installing: /home/b/ws_moveit2/src/install/pilz_industrial_motion_planner/include/pilz_industrial_motion_planner/joint_limits_container.h
[437.895s] -- Installing: /home/b/ws_moveit2/src/install/pilz_industrial_motion_planner/include/pilz_industrial_motion_planner/capability_names.h
[437.895s] -- Installing: /home/b/ws_moveit2/src/install/pilz_industrial_motion_planner/include/pilz_industrial_motion_planner/trajectory_generation_exceptions.h
[437.895s] -- Installing: /home/b/ws_moveit2/src/install/pilz_industrial_motion_planner/include/pilz_industrial_motion_planner/trajectory_generator_lin.h
[437.896s] -- Installing: /home/b/ws_moveit2/src/install/pilz_industrial_motion_planner/include/pilz_industrial_motion_planner/planning_context_ptp.h
[437.896s] -- Installing: /home/b/ws_moveit2/src/install/pilz_industrial_motion_planner/include/pilz_industrial_motion_planner/pilz_industrial_motion_planner.h
[437.896s] -- Installing: /home/b/ws_moveit2/src/install/pilz_industrial_motion_planner/include/pilz_industrial_motion_planner/tip_frame_getter.h
[437.896s] -- Installing: /home/b/ws_moveit2/src/install/pilz_industrial_motion_planner/include/pilz_industrial_motion_planner/cartesian_trajectory_point.h
[437.896s] -- Installing: /home/b/ws_moveit2/src/install/pilz_industrial_motion_planner/include/pilz_industrial_motion_planner/trajectory_functions.h
[437.896s] -- Installing: /home/b/ws_moveit2/src/install/pilz_industrial_motion_planner/include/pilz_industrial_motion_planner/joint_limits_aggregator.h
[437.896s] -- Installing: /home/b/ws_moveit2/src/install/pilz_industrial_motion_planner/include/pilz_industrial_motion_planner/command_list_manager.h
[437.896s] -- Installing: /home/b/ws_moveit2/src/install/pilz_industrial_motion_planner/include/pilz_industrial_motion_planner/planning_context_lin.h
[437.897s] -- Installing: /home/b/ws_moveit2/src/install/pilz_industrial_motion_planner/include/pilz_industrial_motion_planner/trajectory_blend_request.h
[437.897s] -- Installing: /home/b/ws_moveit2/src/install/pilz_industrial_motion_planner/include/pilz_industrial_motion_planner/cartesian_trajectory.h
[437.897s] -- Installing: /home/b/ws_moveit2/src/install/pilz_industrial_motion_planner/include/pilz_industrial_motion_planner/trajectory_blender_transition_window.h
[437.897s] -- Installing: /home/b/ws_moveit2/src/install/pilz_industrial_motion_planner/share/pilz_industrial_motion_planner/environment/library_path.sh
[437.898s] -- Installing: /home/b/ws_moveit2/src/install/pilz_industrial_motion_planner/share/pilz_industrial_motion_planner/environment/library_path.dsv
[437.901s] -- Installing: /home/b/ws_moveit2/src/install/pilz_industrial_motion_planner/lib/pilz_industrial_motion_planner/unittest_pilz_industrial_motion_planner_direct
[437.904s] -- Set runtime path of "/home/b/ws_moveit2/src/install/pilz_industrial_motion_planner/lib/pilz_industrial_motion_planner/unittest_pilz_industrial_motion_planner_direct" to ""
[437.905s] -- Installing: /home/b/ws_moveit2/src/install/pilz_industrial_motion_planner/lib/pilz_industrial_motion_planner/unittest_velocity_profile_atrap
[437.907s] -- Set runtime path of "/home/b/ws_moveit2/src/install/pilz_industrial_motion_planner/lib/pilz_industrial_motion_planner/unittest_velocity_profile_atrap" to ""
[437.907s] -- Installing: /home/b/ws_moveit2/src/install/pilz_industrial_motion_planner/lib/pilz_industrial_motion_planner/unittest_trajectory_generator
[437.909s] -- Set runtime path of "/home/b/ws_moveit2/src/install/pilz_industrial_motion_planner/lib/pilz_industrial_motion_planner/unittest_trajectory_generator" to ""
[437.909s] -- Installing: /home/b/ws_moveit2/src/install/pilz_industrial_motion_planner/lib/pilz_industrial_motion_planner/unittest_trajectory_functions
[437.912s] -- Set runtime path of "/home/b/ws_moveit2/src/install/pilz_industrial_motion_planner/lib/pilz_industrial_motion_planner/unittest_trajectory_functions" to ""
[437.912s] -- Installing: /home/b/ws_moveit2/src/install/pilz_industrial_motion_planner/lib/pilz_industrial_motion_planner/unittest_trajectory_blender_transition_window
[437.915s] -- Set runtime path of "/home/b/ws_moveit2/src/install/pilz_industrial_motion_planner/lib/pilz_industrial_motion_planner/unittest_trajectory_blender_transition_window" to ""
[437.915s] -- Installing: /home/b/ws_moveit2/src/install/pilz_industrial_motion_planner/lib/pilz_industrial_motion_planner/unittest_trajectory_generator_common
[437.919s] -- Set runtime path of "/home/b/ws_moveit2/src/install/pilz_industrial_motion_planner/lib/pilz_industrial_motion_planner/unittest_trajectory_generator_common" to ""
[437.919s] -- Installing: /home/b/ws_moveit2/src/install/pilz_industrial_motion_planner/lib/pilz_industrial_motion_planner/unittest_trajectory_generator_circ
[437.921s] -- Set runtime path of "/home/b/ws_moveit2/src/install/pilz_industrial_motion_planner/lib/pilz_industrial_motion_planner/unittest_trajectory_generator_circ" to ""
[437.922s] -- Installing: /home/b/ws_moveit2/src/install/pilz_industrial_motion_planner/lib/pilz_industrial_motion_planner/unittest_trajectory_generator_lin
[437.923s] -- Set runtime path of "/home/b/ws_moveit2/src/install/pilz_industrial_motion_planner/lib/pilz_industrial_motion_planner/unittest_trajectory_generator_lin" to ""
[437.923s] -- Installing: /home/b/ws_moveit2/src/install/pilz_industrial_motion_planner/lib/pilz_industrial_motion_planner/unittest_trajectory_generator_ptp
[437.925s] -- Set runtime path of "/home/b/ws_moveit2/src/install/pilz_industrial_motion_planner/lib/pilz_industrial_motion_planner/unittest_trajectory_generator_ptp" to ""
[437.925s] -- Installing: /home/b/ws_moveit2/src/install/pilz_industrial_motion_planner/lib/pilz_industrial_motion_planner/unittest_pilz_industrial_motion_planner
[437.927s] -- Set runtime path of "/home/b/ws_moveit2/src/install/pilz_industrial_motion_planner/lib/pilz_industrial_motion_planner/unittest_pilz_industrial_motion_planner" to ""
[437.927s] -- Installing: /home/b/ws_moveit2/src/install/pilz_industrial_motion_planner/lib/pilz_industrial_motion_planner/unittest_joint_limit
[437.928s] -- Set runtime path of "/home/b/ws_moveit2/src/install/pilz_industrial_motion_planner/lib/pilz_industrial_motion_planner/unittest_joint_limit" to ""
[437.928s] -- Installing: /home/b/ws_moveit2/src/install/pilz_industrial_motion_planner/lib/pilz_industrial_motion_planner/unittest_joint_limits_aggregator
[437.930s] -- Set runtime path of "/home/b/ws_moveit2/src/install/pilz_industrial_motion_planner/lib/pilz_industrial_motion_planner/unittest_joint_limits_aggregator" to ""
[437.930s] -- Installing: /home/b/ws_moveit2/src/install/pilz_industrial_motion_planner/lib/pilz_industrial_motion_planner/unittest_joint_limits_container
[437.931s] -- Set runtime path of "/home/b/ws_moveit2/src/install/pilz_industrial_motion_planner/lib/pilz_industrial_motion_planner/unittest_joint_limits_container" to ""
[437.931s] -- Installing: /home/b/ws_moveit2/src/install/pilz_industrial_motion_planner/lib/pilz_industrial_motion_planner/unittest_joint_limits_validator
[437.933s] -- Set runtime path of "/home/b/ws_moveit2/src/install/pilz_industrial_motion_planner/lib/pilz_industrial_motion_planner/unittest_joint_limits_validator" to ""
[437.933s] -- Installing: /home/b/ws_moveit2/src/install/pilz_industrial_motion_planner/lib/pilz_industrial_motion_planner/unittest_cartesian_limits_aggregator
[437.936s] -- Set runtime path of "/home/b/ws_moveit2/src/install/pilz_industrial_motion_planner/lib/pilz_industrial_motion_planner/unittest_cartesian_limits_aggregator" to ""
[437.936s] -- Installing: /home/b/ws_moveit2/src/install/pilz_industrial_motion_planner/lib/pilz_industrial_motion_planner/unittest_planning_context_loaders
[437.939s] -- Set runtime path of "/home/b/ws_moveit2/src/install/pilz_industrial_motion_planner/lib/pilz_industrial_motion_planner/unittest_planning_context_loaders" to ""
[437.939s] -- Installing: /home/b/ws_moveit2/src/install/pilz_industrial_motion_planner/lib/pilz_industrial_motion_planner/unittest_planning_context
[437.942s] -- Set runtime path of "/home/b/ws_moveit2/src/install/pilz_industrial_motion_planner/lib/pilz_industrial_motion_planner/unittest_planning_context" to ""
[437.942s] -- Installing: /home/b/ws_moveit2/src/install/pilz_industrial_motion_planner/lib/pilz_industrial_motion_planner/unittest_get_solver_tip_frame
[437.944s] -- Set runtime path of "/home/b/ws_moveit2/src/install/pilz_industrial_motion_planner/lib/pilz_industrial_motion_planner/unittest_get_solver_tip_frame" to ""
[437.945s] -- Installing: /home/b/ws_moveit2/src/install/pilz_industrial_motion_planner/share/pilz_industrial_motion_planner/config
[437.946s] -- Installing: /home/b/ws_moveit2/src/install/pilz_industrial_motion_planner/share/pilz_industrial_motion_planner/config/unittest_trajectory_blender_transition_window.yaml
[437.946s] -- Installing: /home/b/ws_moveit2/src/install/pilz_industrial_motion_planner/share/pilz_industrial_motion_planner/config/unittest_cartesian_limits_aggregator.yaml
[437.947s] -- Installing: /home/b/ws_moveit2/src/install/pilz_industrial_motion_planner/share/pilz_industrial_motion_planner/config/unittest_trajectory_generator_lin.yaml
[437.948s] -- Installing: /home/b/ws_moveit2/src/install/pilz_industrial_motion_planner/share/pilz_industrial_motion_planner/config/unittest_trajectory_generator_circ.yaml
[437.949s] -- Installing: /home/b/ws_moveit2/src/install/pilz_industrial_motion_planner/share/pilz_industrial_motion_planner/config/unittest_trajectory_generator_common.yaml
[437.950s] -- Installing: /home/b/ws_moveit2/src/install/pilz_industrial_motion_planner/share/pilz_industrial_motion_planner/config/unittest_trajectory_generator_ptp.yaml
[437.951s] -- Installing: /home/b/ws_moveit2/src/install/pilz_industrial_motion_planner/share/pilz_industrial_motion_planner/config/unittest_joint_limits_aggregator.yaml
[437.951s] -- Installing: /home/b/ws_moveit2/src/install/pilz_industrial_motion_planner/share/pilz_industrial_motion_planner/config/unittest_trajectory_functions.yaml
[437.952s] -- Installing: /home/b/ws_moveit2/src/install/pilz_industrial_motion_planner/share/pilz_industrial_motion_planner/config/unittest_joint_limit_config.yaml
[437.953s] -- Installing: /home/b/ws_moveit2/src/install/pilz_industrial_motion_planner/share/pilz_industrial_motion_planner/launch
[437.955s] -- Installing: /home/b/ws_moveit2/src/install/pilz_industrial_motion_planner/share/pilz_industrial_motion_planner/launch/unittest_trajectory_functions.test.py
[437.955s] -- Installing: /home/b/ws_moveit2/src/install/pilz_industrial_motion_planner/share/pilz_industrial_motion_planner/launch/unittest_cartesian_limits_aggregator.test.py
[437.956s] -- Installing: /home/b/ws_moveit2/src/install/pilz_industrial_motion_planner/share/pilz_industrial_motion_planner/launch/unittest_trajectory_generator_ptp.test.py
[437.958s] -- Installing: /home/b/ws_moveit2/src/install/pilz_industrial_motion_planner/share/pilz_industrial_motion_planner/launch/unittest_trajectory_generator_lin.test.py
[437.958s] -- Installing: /home/b/ws_moveit2/src/install/pilz_industrial_motion_planner/share/pilz_industrial_motion_planner/launch/unittest_pilz_industrial_motion_planner.test.py
[437.959s] -- Installing: /home/b/ws_moveit2/src/install/pilz_industrial_motion_planner/share/pilz_industrial_motion_planner/launch/unittest_trajectory_blender_transition_window.test.py
[437.960s] -- Installing: /home/b/ws_moveit2/src/install/pilz_industrial_motion_planner/share/pilz_industrial_motion_planner/launch/unittest_trajectory_generator_common.test.py
[437.961s] -- Installing: /home/b/ws_moveit2/src/install/pilz_industrial_motion_planner/share/pilz_industrial_motion_planner/launch/unittest_joint_limits_aggregator.test.py
[437.962s] -- Installing: /home/b/ws_moveit2/src/install/pilz_industrial_motion_planner/share/pilz_industrial_motion_planner/launch/unittest_planning_context_loaders.test.py
[437.962s] -- Installing: /home/b/ws_moveit2/src/install/pilz_industrial_motion_planner/share/pilz_industrial_motion_planner/launch/common_parameters.py
[437.963s] -- Installing: /home/b/ws_moveit2/src/install/pilz_industrial_motion_planner/share/pilz_industrial_motion_planner/launch/unittest_joint_limit.test.py
[437.964s] -- Installing: /home/b/ws_moveit2/src/install/pilz_industrial_motion_planner/share/pilz_industrial_motion_planner/launch/unittest_planning_context.test.py
[437.965s] -- Installing: /home/b/ws_moveit2/src/install/pilz_industrial_motion_planner/share/pilz_industrial_motion_planner/launch/unittest_trajectory_generator_circ.test.py
[437.967s] -- Installing: /home/b/ws_moveit2/src/install/pilz_industrial_motion_planner/share/pilz_industrial_motion_planner/test_data
[437.972s] -- Installing: /home/b/ws_moveit2/src/install/pilz_industrial_motion_planner/share/pilz_industrial_motion_planner/test_data/testpoints.py
[437.972s] -- Installing: /home/b/ws_moveit2/src/install/pilz_industrial_motion_planner/share/pilz_industrial_motion_planner/test_data/prbt
[437.974s] -- Installing: /home/b/ws_moveit2/src/install/pilz_industrial_motion_planner/share/pilz_industrial_motion_planner/test_data/prbt/testdata_deprecated.xml
[437.975s] -- Installing: /home/b/ws_moveit2/src/install/pilz_industrial_motion_planner/share/pilz_industrial_motion_planner/test_data/prbt/testdata_with_gripper.xml
[437.975s] -- Installing: /home/b/ws_moveit2/src/install/pilz_industrial_motion_planner/share/pilz_industrial_motion_planner/test_data/prbt/testdata_sequence.xml
[437.977s] -- Installing: /home/b/ws_moveit2/src/install/pilz_industrial_motion_planner/share/pilz_industrial_motion_planner/test_data/concept_testdata.png
[437.978s] -- Installing: /home/b/ws_moveit2/src/install/pilz_industrial_motion_planner/share/pilz_industrial_motion_planner/test_data/concept_testdata.odp
[437.979s] -- Installing: /home/b/ws_moveit2/src/install/pilz_industrial_motion_planner/share/pilz_industrial_motion_planner/test_data/frankaemika_panda
[437.981s] -- Installing: /home/b/ws_moveit2/src/install/pilz_industrial_motion_planner/share/pilz_industrial_motion_planner/test_data/frankaemika_panda/testdata_sequence.xml
[437.986s] -- Installing: /home/b/ws_moveit2/src/install/pilz_industrial_motion_planner/share/ament_index/resource_index/package_run_dependencies/pilz_industrial_motion_planner
[437.988s] -- Installing: /home/b/ws_moveit2/src/install/pilz_industrial_motion_planner/share/ament_index/resource_index/parent_prefix_path/pilz_industrial_motion_planner
[437.989s] -- Installing: /home/b/ws_moveit2/src/install/pilz_industrial_motion_planner/share/pilz_industrial_motion_planner/environment/ament_prefix_path.sh
[437.989s] -- Installing: /home/b/ws_moveit2/src/install/pilz_industrial_motion_planner/share/pilz_industrial_motion_planner/environment/ament_prefix_path.dsv
[437.990s] -- Installing: /home/b/ws_moveit2/src/install/pilz_industrial_motion_planner/share/pilz_industrial_motion_planner/environment/path.sh
[437.990s] -- Installing: /home/b/ws_moveit2/src/install/pilz_industrial_motion_planner/share/pilz_industrial_motion_planner/environment/path.dsv
[437.992s] -- Installing: /home/b/ws_moveit2/src/install/pilz_industrial_motion_planner/share/pilz_industrial_motion_planner/local_setup.bash
[437.992s] -- Installing: /home/b/ws_moveit2/src/install/pilz_industrial_motion_planner/share/pilz_industrial_motion_planner/local_setup.sh
[437.993s] -- Installing: /home/b/ws_moveit2/src/install/pilz_industrial_motion_planner/share/pilz_industrial_motion_planner/local_setup.zsh
[437.994s] -- Installing: /home/b/ws_moveit2/src/install/pilz_industrial_motion_planner/share/pilz_industrial_motion_planner/local_setup.dsv
[437.995s] -- Installing: /home/b/ws_moveit2/src/install/pilz_industrial_motion_planner/share/pilz_industrial_motion_planner/package.dsv
[437.998s] -- Installing: /home/b/ws_moveit2/src/install/pilz_industrial_motion_planner/share/ament_index/resource_index/packages/pilz_industrial_motion_planner
[437.999s] -- Installing: /home/b/ws_moveit2/src/install/pilz_industrial_motion_planner/share/ament_index/resource_index/moveit_core__pluginlib__plugin/pilz_industrial_motion_planner
[438.011s] -- Installing: /home/b/ws_moveit2/src/install/pilz_industrial_motion_planner/share/ament_index/resource_index/moveit_ros_move_group__pluginlib__plugin/pilz_industrial_motion_planner
[438.013s] -- Installing: /home/b/ws_moveit2/src/install/pilz_industrial_motion_planner/share/ament_index/resource_index/pilz_industrial_motion_planner__pluginlib__plugin/pilz_industrial_motion_planner
[438.017s] -- Installing: /home/b/ws_moveit2/src/install/pilz_industrial_motion_planner/share/pilz_industrial_motion_planner/cmake/pilz_industrial_motion_plannerTargetsExport.cmake
[438.020s] -- Installing: /home/b/ws_moveit2/src/install/pilz_industrial_motion_planner/share/pilz_industrial_motion_planner/cmake/pilz_industrial_motion_plannerTargetsExport-release.cmake
[438.021s] -- Installing: /home/b/ws_moveit2/src/install/pilz_industrial_motion_planner/share/pilz_industrial_motion_planner/cmake/ament_cmake_export_include_directories-extras.cmake
[438.024s] -- Installing: /home/b/ws_moveit2/src/install/pilz_industrial_motion_planner/share/pilz_industrial_motion_planner/cmake/ament_cmake_export_targets-extras.cmake
[438.025s] -- Installing: /home/b/ws_moveit2/src/install/pilz_industrial_motion_planner/share/pilz_industrial_motion_planner/cmake/ament_cmake_export_dependencies-extras.cmake
[438.027s] -- Installing: /home/b/ws_moveit2/src/install/pilz_industrial_motion_planner/share/pilz_industrial_motion_planner/cmake/pilz_industrial_motion_plannerConfig.cmake
[438.028s] -- Installing: /home/b/ws_moveit2/src/install/pilz_industrial_motion_planner/share/pilz_industrial_motion_planner/cmake/pilz_industrial_motion_plannerConfig-version.cmake
[438.029s] -- Installing: /home/b/ws_moveit2/src/install/pilz_industrial_motion_planner/share/pilz_industrial_motion_planner/package.xml
[438.036s] Invoked command in '/home/b/ws_moveit2/src/build/pilz_industrial_motion_planner' returned '0': AMENT_PREFIX_PATH=/home/b/ws_moveit2/src/install/moveit_resources_prbt_pg70_support:/home/b/ws_moveit2/src/install/moveit_ros_planning_interface:/home/b/ws_moveit2/src/install/moveit_resources_prbt_moveit_config:/home/b/ws_moveit2/src/install/moveit_ros_move_group:/home/b/ws_moveit2/src/install/moveit_ros_warehouse:/home/b/ws_moveit2/src/install/moveit_planners_ompl:/home/b/ws_moveit2/src/install/moveit_kinematics:/home/b/ws_moveit2/src/install/moveit_ros_planning:/home/b/ws_moveit2/src/install/pilz_industrial_motion_planner_testutils:/home/b/ws_moveit2/src/install/moveit_simple_controller_manager:/home/b/ws_moveit2/src/install/moveit_ros_occupancy_map_monitor:/home/b/ws_moveit2/src/install/moveit_resources_prbt_ikfast_manipulator_plugin:/home/b/ws_moveit2/src/install/moveit_core:/home/b/ws_moveit2/src/install/moveit_resources_panda_moveit_config:/home/b/ws_moveit2/src/install/moveit_resources_fanuc_moveit_config:/home/b/ws_moveit2/src/install/moveit_configs_utils:/home/b/ws_moveit2/src/install/srdfdom:/home/b/ws_moveit2/src/install/moveit_resources_prbt_support:/home/b/ws_moveit2/src/install/moveit_resources_pr2_description:/home/b/ws_moveit2/src/install/moveit_resources_panda_description:/home/b/ws_moveit2/src/install/moveit_resources_fanuc_description:/home/b/ws_moveit2/src/install/moveit_common:/home/b/ws_moveit2/src/install/launch_param_builder:${AMENT_PREFIX_PATH} CMAKE_PREFIX_PATH=/home/b/ws_moveit2/src/install/moveit_resources_prbt_pg70_support:/home/b/ws_moveit2/src/install/moveit_ros_planning_interface:/home/b/ws_moveit2/src/install/moveit_resources_prbt_moveit_config:/home/b/ws_moveit2/src/install/moveit_ros_move_group:/home/b/ws_moveit2/src/install/moveit_ros_warehouse:/home/b/ws_moveit2/src/install/moveit_planners_ompl:/home/b/ws_moveit2/src/install/moveit_kinematics:/home/b/ws_moveit2/src/install/moveit_ros_planning:/home/b/ws_moveit2/src/install/pilz_industrial_motion_planner_testutils:/home/b/ws_moveit2/src/install/moveit_simple_controller_manager:/home/b/ws_moveit2/src/install/moveit_ros_occupancy_map_monitor:/home/b/ws_moveit2/src/install/moveit_resources_prbt_ikfast_manipulator_plugin:/home/b/ws_moveit2/src/install/moveit_core:/home/b/ws_moveit2/src/install/moveit_resources_panda_moveit_config:/home/b/ws_moveit2/src/install/moveit_resources_fanuc_moveit_config:/home/b/ws_moveit2/src/install/srdfdom:/home/b/ws_moveit2/src/install/moveit_resources_prbt_support:/home/b/ws_moveit2/src/install/moveit_resources_pr2_description:/home/b/ws_moveit2/src/install/moveit_resources_panda_description:/home/b/ws_moveit2/src/install/moveit_resources_fanuc_description:/home/b/ws_moveit2/src/install/moveit_common:/opt/ros/humble LD_LIBRARY_PATH=/home/b/ws_moveit2/src/install/moveit_ros_planning_interface/lib:/home/b/ws_moveit2/src/install/moveit_ros_move_group/lib:/home/b/ws_moveit2/src/install/moveit_ros_warehouse/lib:/home/b/ws_moveit2/src/install/moveit_planners_ompl/lib:/home/b/ws_moveit2/src/install/moveit_kinematics/lib:/home/b/ws_moveit2/src/install/moveit_ros_planning/lib:/home/b/ws_moveit2/src/install/pilz_industrial_motion_planner_testutils/lib:/home/b/ws_moveit2/src/install/moveit_simple_controller_manager/lib:/home/b/ws_moveit2/src/install/moveit_ros_occupancy_map_monitor/lib:/home/b/ws_moveit2/src/install/moveit_resources_prbt_ikfast_manipulator_plugin/lib:/home/b/ws_moveit2/src/install/moveit_core/lib:/home/b/ws_moveit2/src/install/srdfdom/lib:${LD_LIBRARY_PATH} PATH=/home/b/ws_moveit2/src/install/moveit_core/bin:${PATH} PYTHONPATH=/home/b/ws_moveit2/src/install/moveit_configs_utils/lib/python3.10/site-packages:/home/b/ws_moveit2/src/install/srdfdom/local/lib/python3.10/dist-packages:/home/b/ws_moveit2/src/install/launch_param_builder/lib/python3.10/site-packages:${PYTHONPATH} /usr/bin/cmake --install /home/b/ws_moveit2/src/build/pilz_industrial_motion_planner
