[2.919s] Invoking command in '/home/b/ws_moveit2/src/build/moveit_ros_planning_interface': AMENT_PREFIX_PATH=/home/b/ws_moveit2/src/install/moveit_ros_move_group:/home/b/ws_moveit2/src/install/moveit_ros_warehouse:/home/b/ws_moveit2/src/install/moveit_planners_ompl:/home/b/ws_moveit2/src/install/moveit_kinematics:/home/b/ws_moveit2/src/install/moveit_ros_planning:/home/b/ws_moveit2/src/install/moveit_simple_controller_manager:/home/b/ws_moveit2/src/install/moveit_ros_occupancy_map_monitor:/home/b/ws_moveit2/src/install/moveit_core:/home/b/ws_moveit2/src/install/moveit_resources_panda_moveit_config:/home/b/ws_moveit2/src/install/moveit_resources_fanuc_moveit_config:/home/b/ws_moveit2/src/install/moveit_configs_utils:/home/b/ws_moveit2/src/install/srdfdom:/home/b/ws_moveit2/src/install/moveit_resources_pr2_description:/home/b/ws_moveit2/src/install/moveit_resources_panda_description:/home/b/ws_moveit2/src/install/moveit_resources_fanuc_description:/home/b/ws_moveit2/src/install/moveit_common:/home/b/ws_moveit2/src/install/launch_param_builder:${AMENT_PREFIX_PATH} CMAKE_PREFIX_PATH=/home/b/ws_moveit2/src/install/moveit_ros_move_group:/home/b/ws_moveit2/src/install/moveit_ros_warehouse:/home/b/ws_moveit2/src/install/moveit_planners_ompl:/home/b/ws_moveit2/src/install/moveit_kinematics:/home/b/ws_moveit2/src/install/moveit_ros_planning:/home/b/ws_moveit2/src/install/moveit_simple_controller_manager:/home/b/ws_moveit2/src/install/moveit_ros_occupancy_map_monitor:/home/b/ws_moveit2/src/install/moveit_core:/home/b/ws_moveit2/src/install/moveit_resources_panda_moveit_config:/home/b/ws_moveit2/src/install/moveit_resources_fanuc_moveit_config:/home/b/ws_moveit2/src/install/srdfdom:/home/b/ws_moveit2/src/install/moveit_resources_pr2_description:/home/b/ws_moveit2/src/install/moveit_resources_panda_description:/home/b/ws_moveit2/src/install/moveit_resources_fanuc_description:/home/b/ws_moveit2/src/install/moveit_common:/opt/ros/humble LD_LIBRARY_PATH=/home/b/ws_moveit2/src/install/moveit_ros_move_group/lib:/home/b/ws_moveit2/src/install/moveit_ros_warehouse/lib:/home/b/ws_moveit2/src/install/moveit_planners_ompl/lib:/home/b/ws_moveit2/src/install/moveit_kinematics/lib:/home/b/ws_moveit2/src/install/moveit_ros_planning/lib:/home/b/ws_moveit2/src/install/moveit_simple_controller_manager/lib:/home/b/ws_moveit2/src/install/moveit_ros_occupancy_map_monitor/lib:/home/b/ws_moveit2/src/install/moveit_core/lib:/home/b/ws_moveit2/src/install/srdfdom/lib:${LD_LIBRARY_PATH} PATH=/home/b/ws_moveit2/src/install/moveit_core/bin:${PATH} PYTHONPATH=/home/b/ws_moveit2/src/install/moveit_configs_utils/lib/python3.10/site-packages:/home/b/ws_moveit2/src/install/srdfdom/local/lib/python3.10/dist-packages:/home/b/ws_moveit2/src/install/launch_param_builder/lib/python3.10/site-packages:${PYTHONPATH} /usr/bin/cmake /home/b/ws_moveit2/src/moveit2/moveit_ros/planning_interface -DCMAKE_INSTALL_PREFIX=/home/b/ws_moveit2/src/install/moveit_ros_planning_interface
[3.098s] -- The C compiler identification is GNU 11.4.0
[3.495s] -- The CXX compiler identification is GNU 11.4.0
[3.792s] -- Detecting C compiler ABI info
[3.997s] -- Detecting C compiler ABI info - done
[4.011s] -- Check for working C compiler: /usr/bin/cc - skipped
[4.012s] -- Detecting C compile features
[4.012s] -- Detecting C compile features - done
[4.017s] -- Detecting CXX compiler ABI info
[4.256s] -- Detecting CXX compiler ABI info - done
[4.269s] -- Check for working CXX compiler: /usr/bin/c++ - skipped
[4.270s] -- Detecting CXX compile features
[4.270s] -- Detecting CXX compile features - done
[4.275s] -- Found moveit_common: 2.5.9 (/home/b/ws_moveit2/src/install/moveit_common/share/moveit_common/cmake)
[4.280s] -- Found ament_cmake: 1.3.13 (/opt/ros/humble/share/ament_cmake/cmake)
[4.512s] -- Found Python3: /usr/bin/python3 (found version "3.10.12") found components: Interpreter 
[4.780s] [0mmoveit_ros_planning_interface: You did not request a specific build type: Choosing 'Release' for maximum performance[0m
[4.783s] -- Found moveit_msgs: 2.2.1 (/opt/ros/humble/share/moveit_msgs/cmake)
[5.141s] -- Found rosidl_generator_c: 3.1.8 (/opt/ros/humble/share/rosidl_generator_c/cmake)
[5.152s] -- Found rosidl_adapter: 3.1.8 (/opt/ros/humble/share/rosidl_adapter/cmake)
[5.170s] -- Found rosidl_generator_cpp: 3.1.8 (/opt/ros/humble/share/rosidl_generator_cpp/cmake)
[5.187s] -- Using all available rosidl_typesupport_c: rosidl_typesupport_fastrtps_c;rosidl_typesupport_introspection_c
[5.216s] -- Using all available rosidl_typesupport_cpp: rosidl_typesupport_fastrtps_cpp;rosidl_typesupport_introspection_cpp
[5.531s] -- Found moveit_core: 2.5.9 (/home/b/ws_moveit2/src/install/moveit_core/share/moveit_core/cmake)
[6.166s] -- Found Boost: /usr/lib/x86_64-linux-gnu/cmake/Boost-1.74.0/BoostConfig.cmake (found version "1.74.0") found components: chrono date_time filesystem iostreams program_options regex serialization system thread 
[10.560s] -- Found parameter_traits: 0.6.0 (/opt/ros/humble/share/parameter_traits/cmake)
[10.639s] -- Found rmw_implementation_cmake: 6.1.2 (/opt/ros/humble/share/rmw_implementation_cmake/cmake)
[10.646s] -- Found rmw_fastrtps_cpp: 6.2.10 (/opt/ros/humble/share/rmw_fastrtps_cpp/cmake)
[12.939s] -- Found OpenSSL: /usr/lib/x86_64-linux-gnu/libcrypto.so (found version "3.0.2")  
[14.632s] -- Found FastRTPS: /opt/ros/humble/include  
[17.483s] -- Using RMW implementation 'rmw_fastrtps_cpp' as default
[17.503s] -- Found Threads: TRUE  
[17.592s] -- Found rclcpp_lifecycle: 16.0.18 (/opt/ros/humble/share/rclcpp_lifecycle/cmake)
[17.637s] -- Found Boost: /usr/lib/x86_64-linux-gnu/cmake/Boost-1.74.0/BoostConfig.cmake (found version "1.74.0") found components: filesystem 
[19.314s] -- library: /usr/lib/x86_64-linux-gnu/libcurl.so
[19.403s] -- Found Eigen3: TRUE (found version "3.4.0") 
[19.403s] -- Ensuring Eigen3 include directory is part of orocos-kdl CMake target
[21.344s] -- Found moveit_ros_planning: 2.5.9 (/home/b/ws_moveit2/src/install/moveit_ros_planning/share/moveit_ros_planning/cmake)
[21.352s] -- Found Boost: /usr/lib/x86_64-linux-gnu/cmake/Boost-1.74.0/BoostConfig.cmake (found version "1.74.0") found components: system filesystem date_time program_options thread chrono 
[21.386s] -- Found moveit_ros_warehouse: 2.5.9 (/home/b/ws_moveit2/src/install/moveit_ros_warehouse/share/moveit_ros_warehouse/cmake)
[21.394s] -- Found Boost: /usr/lib/x86_64-linux-gnu/cmake/Boost-1.74.0/BoostConfig.cmake (found version "1.74.0") found components: thread system filesystem regex date_time program_options 
[21.417s] -- Found moveit_ros_move_group: 2.5.9 (/home/b/ws_moveit2/src/install/moveit_ros_move_group/share/moveit_ros_move_group/cmake)
[21.423s] -- Found Boost: /usr/lib/x86_64-linux-gnu/cmake/Boost-1.74.0/BoostConfig.cmake (found version "1.74.0") found components: system filesystem date_time program_options thread 
[21.457s] -- Found rclpy: 3.3.20 (/opt/ros/humble/share/rclpy/cmake)
[21.465s] -- Found Boost: /usr/lib/x86_64-linux-gnu/cmake/Boost-1.74.0/BoostConfig.cmake (found version "1.74.0") found components: date_time filesystem program_options system thread 
[21.489s] -- Performing Test COMPILER_HAS_HIDDEN_VISIBILITY
[21.707s] -- Performing Test COMPILER_HAS_HIDDEN_VISIBILITY - Success
[21.708s] -- Performing Test COMPILER_HAS_HIDDEN_INLINE_VISIBILITY
[21.929s] -- Performing Test COMPILER_HAS_HIDDEN_INLINE_VISIBILITY - Success
[21.930s] -- Performing Test COMPILER_HAS_DEPRECATED_ATTR
[22.148s] -- Performing Test COMPILER_HAS_DEPRECATED_ATTR - Success
[22.159s] -- Found ament_cmake_gtest: 1.3.13 (/opt/ros/humble/share/ament_cmake_gtest/cmake)
[22.163s] -- Found ros_testing: 0.4.0 (/opt/ros/humble/share/ros_testing/cmake)
[22.167s] -- Found launch_testing_ament_cmake: 1.0.14 (/opt/ros/humble/share/launch_testing_ament_cmake/cmake)
[22.170s] -- Found python_cmake_module: 0.10.0 (/opt/ros/humble/share/python_cmake_module/cmake)
[22.281s] -- Found PythonInterp: /usr/bin/python3 (found suitable version "3.10.12", minimum required is "3.6") 
[22.687s] -- Found PythonLibs: /usr/lib/x86_64-linux-gnu/libpython3.10.so (found suitable version "3.10.12", minimum required is "3.5") 
[22.688s] -- Using PYTHON_EXECUTABLE: /usr/bin/python3
[22.688s] -- Using PYTHON_INCLUDE_DIRS: /usr/include/python3.10
[22.688s] -- Using PYTHON_LIBRARIES: /usr/lib/x86_64-linux-gnu/libpython3.10.so
[22.724s] -- Found PythonExtra: .so  
[22.730s] -- Found ament_lint_auto: 0.12.15 (/opt/ros/humble/share/ament_lint_auto/cmake)
[22.740s] -- Found Boost: /usr/lib/x86_64-linux-gnu/cmake/Boost-1.74.0/BoostConfig.cmake (found version "1.74.0") found components: thread 
[24.235s] -- Configuring done
[24.316s] -- Generating done
[24.341s] -- Build files have been written to: /home/b/ws_moveit2/src/build/moveit_ros_planning_interface
[24.362s] Invoked command in '/home/b/ws_moveit2/src/build/moveit_ros_planning_interface' returned '0': AMENT_PREFIX_PATH=/home/b/ws_moveit2/src/install/moveit_ros_move_group:/home/b/ws_moveit2/src/install/moveit_ros_warehouse:/home/b/ws_moveit2/src/install/moveit_planners_ompl:/home/b/ws_moveit2/src/install/moveit_kinematics:/home/b/ws_moveit2/src/install/moveit_ros_planning:/home/b/ws_moveit2/src/install/moveit_simple_controller_manager:/home/b/ws_moveit2/src/install/moveit_ros_occupancy_map_monitor:/home/b/ws_moveit2/src/install/moveit_core:/home/b/ws_moveit2/src/install/moveit_resources_panda_moveit_config:/home/b/ws_moveit2/src/install/moveit_resources_fanuc_moveit_config:/home/b/ws_moveit2/src/install/moveit_configs_utils:/home/b/ws_moveit2/src/install/srdfdom:/home/b/ws_moveit2/src/install/moveit_resources_pr2_description:/home/b/ws_moveit2/src/install/moveit_resources_panda_description:/home/b/ws_moveit2/src/install/moveit_resources_fanuc_description:/home/b/ws_moveit2/src/install/moveit_common:/home/b/ws_moveit2/src/install/launch_param_builder:${AMENT_PREFIX_PATH} CMAKE_PREFIX_PATH=/home/b/ws_moveit2/src/install/moveit_ros_move_group:/home/b/ws_moveit2/src/install/moveit_ros_warehouse:/home/b/ws_moveit2/src/install/moveit_planners_ompl:/home/b/ws_moveit2/src/install/moveit_kinematics:/home/b/ws_moveit2/src/install/moveit_ros_planning:/home/b/ws_moveit2/src/install/moveit_simple_controller_manager:/home/b/ws_moveit2/src/install/moveit_ros_occupancy_map_monitor:/home/b/ws_moveit2/src/install/moveit_core:/home/b/ws_moveit2/src/install/moveit_resources_panda_moveit_config:/home/b/ws_moveit2/src/install/moveit_resources_fanuc_moveit_config:/home/b/ws_moveit2/src/install/srdfdom:/home/b/ws_moveit2/src/install/moveit_resources_pr2_description:/home/b/ws_moveit2/src/install/moveit_resources_panda_description:/home/b/ws_moveit2/src/install/moveit_resources_fanuc_description:/home/b/ws_moveit2/src/install/moveit_common:/opt/ros/humble LD_LIBRARY_PATH=/home/b/ws_moveit2/src/install/moveit_ros_move_group/lib:/home/b/ws_moveit2/src/install/moveit_ros_warehouse/lib:/home/b/ws_moveit2/src/install/moveit_planners_ompl/lib:/home/b/ws_moveit2/src/install/moveit_kinematics/lib:/home/b/ws_moveit2/src/install/moveit_ros_planning/lib:/home/b/ws_moveit2/src/install/moveit_simple_controller_manager/lib:/home/b/ws_moveit2/src/install/moveit_ros_occupancy_map_monitor/lib:/home/b/ws_moveit2/src/install/moveit_core/lib:/home/b/ws_moveit2/src/install/srdfdom/lib:${LD_LIBRARY_PATH} PATH=/home/b/ws_moveit2/src/install/moveit_core/bin:${PATH} PYTHONPATH=/home/b/ws_moveit2/src/install/moveit_configs_utils/lib/python3.10/site-packages:/home/b/ws_moveit2/src/install/srdfdom/local/lib/python3.10/dist-packages:/home/b/ws_moveit2/src/install/launch_param_builder/lib/python3.10/site-packages:${PYTHONPATH} /usr/bin/cmake /home/b/ws_moveit2/src/moveit2/moveit_ros/planning_interface -DCMAKE_INSTALL_PREFIX=/home/b/ws_moveit2/src/install/moveit_ros_planning_interface
[24.365s] Invoking command in '/home/b/ws_moveit2/src/build/moveit_ros_planning_interface': AMENT_PREFIX_PATH=/home/b/ws_moveit2/src/install/moveit_ros_move_group:/home/b/ws_moveit2/src/install/moveit_ros_warehouse:/home/b/ws_moveit2/src/install/moveit_planners_ompl:/home/b/ws_moveit2/src/install/moveit_kinematics:/home/b/ws_moveit2/src/install/moveit_ros_planning:/home/b/ws_moveit2/src/install/moveit_simple_controller_manager:/home/b/ws_moveit2/src/install/moveit_ros_occupancy_map_monitor:/home/b/ws_moveit2/src/install/moveit_core:/home/b/ws_moveit2/src/install/moveit_resources_panda_moveit_config:/home/b/ws_moveit2/src/install/moveit_resources_fanuc_moveit_config:/home/b/ws_moveit2/src/install/moveit_configs_utils:/home/b/ws_moveit2/src/install/srdfdom:/home/b/ws_moveit2/src/install/moveit_resources_pr2_description:/home/b/ws_moveit2/src/install/moveit_resources_panda_description:/home/b/ws_moveit2/src/install/moveit_resources_fanuc_description:/home/b/ws_moveit2/src/install/moveit_common:/home/b/ws_moveit2/src/install/launch_param_builder:${AMENT_PREFIX_PATH} CMAKE_PREFIX_PATH=/home/b/ws_moveit2/src/install/moveit_ros_move_group:/home/b/ws_moveit2/src/install/moveit_ros_warehouse:/home/b/ws_moveit2/src/install/moveit_planners_ompl:/home/b/ws_moveit2/src/install/moveit_kinematics:/home/b/ws_moveit2/src/install/moveit_ros_planning:/home/b/ws_moveit2/src/install/moveit_simple_controller_manager:/home/b/ws_moveit2/src/install/moveit_ros_occupancy_map_monitor:/home/b/ws_moveit2/src/install/moveit_core:/home/b/ws_moveit2/src/install/moveit_resources_panda_moveit_config:/home/b/ws_moveit2/src/install/moveit_resources_fanuc_moveit_config:/home/b/ws_moveit2/src/install/srdfdom:/home/b/ws_moveit2/src/install/moveit_resources_pr2_description:/home/b/ws_moveit2/src/install/moveit_resources_panda_description:/home/b/ws_moveit2/src/install/moveit_resources_fanuc_description:/home/b/ws_moveit2/src/install/moveit_common:/opt/ros/humble LD_LIBRARY_PATH=/home/b/ws_moveit2/src/install/moveit_ros_move_group/lib:/home/b/ws_moveit2/src/install/moveit_ros_warehouse/lib:/home/b/ws_moveit2/src/install/moveit_planners_ompl/lib:/home/b/ws_moveit2/src/install/moveit_kinematics/lib:/home/b/ws_moveit2/src/install/moveit_ros_planning/lib:/home/b/ws_moveit2/src/install/moveit_simple_controller_manager/lib:/home/b/ws_moveit2/src/install/moveit_ros_occupancy_map_monitor/lib:/home/b/ws_moveit2/src/install/moveit_core/lib:/home/b/ws_moveit2/src/install/srdfdom/lib:${LD_LIBRARY_PATH} PATH=/home/b/ws_moveit2/src/install/moveit_core/bin:${PATH} PYTHONPATH=/home/b/ws_moveit2/src/install/moveit_configs_utils/lib/python3.10/site-packages:/home/b/ws_moveit2/src/install/srdfdom/local/lib/python3.10/dist-packages:/home/b/ws_moveit2/src/install/launch_param_builder/lib/python3.10/site-packages:${PYTHONPATH} /usr/bin/cmake --build /home/b/ws_moveit2/src/build/moveit_ros_planning_interface -- -j12 -l12
[24.445s] [ 16%] [32mBuilding CXX object planning_scene_interface/CMakeFiles/moveit_planning_scene_interface.dir/src/planning_scene_interface.cpp.o[0m
[24.446s] [ 33%] [32mBuilding CXX object common_planning_interface_objects/CMakeFiles/moveit_common_planning_interface_objects.dir/src/common_objects.cpp.o[0m
[36.809s] [ 50%] [32m[1mLinking CXX shared library libmoveit_common_planning_interface_objects.so[0m
[37.303s] [ 50%] Built target moveit_common_planning_interface_objects
[41.851s] [ 66%] [32m[1mLinking CXX shared library libmoveit_planning_scene_interface.so[0m
[42.428s] [ 66%] Built target moveit_planning_scene_interface
[42.457s] [ 83%] [32mBuilding CXX object move_group_interface/CMakeFiles/moveit_move_group_interface.dir/src/move_group_interface.cpp.o[0m
[74.600s] [100%] [32m[1mLinking CXX shared library libmoveit_move_group_interface.so[0m
[75.137s] [100%] Built target moveit_move_group_interface
[75.156s] Invoked command in '/home/b/ws_moveit2/src/build/moveit_ros_planning_interface' returned '0': AMENT_PREFIX_PATH=/home/b/ws_moveit2/src/install/moveit_ros_move_group:/home/b/ws_moveit2/src/install/moveit_ros_warehouse:/home/b/ws_moveit2/src/install/moveit_planners_ompl:/home/b/ws_moveit2/src/install/moveit_kinematics:/home/b/ws_moveit2/src/install/moveit_ros_planning:/home/b/ws_moveit2/src/install/moveit_simple_controller_manager:/home/b/ws_moveit2/src/install/moveit_ros_occupancy_map_monitor:/home/b/ws_moveit2/src/install/moveit_core:/home/b/ws_moveit2/src/install/moveit_resources_panda_moveit_config:/home/b/ws_moveit2/src/install/moveit_resources_fanuc_moveit_config:/home/b/ws_moveit2/src/install/moveit_configs_utils:/home/b/ws_moveit2/src/install/srdfdom:/home/b/ws_moveit2/src/install/moveit_resources_pr2_description:/home/b/ws_moveit2/src/install/moveit_resources_panda_description:/home/b/ws_moveit2/src/install/moveit_resources_fanuc_description:/home/b/ws_moveit2/src/install/moveit_common:/home/b/ws_moveit2/src/install/launch_param_builder:${AMENT_PREFIX_PATH} CMAKE_PREFIX_PATH=/home/b/ws_moveit2/src/install/moveit_ros_move_group:/home/b/ws_moveit2/src/install/moveit_ros_warehouse:/home/b/ws_moveit2/src/install/moveit_planners_ompl:/home/b/ws_moveit2/src/install/moveit_kinematics:/home/b/ws_moveit2/src/install/moveit_ros_planning:/home/b/ws_moveit2/src/install/moveit_simple_controller_manager:/home/b/ws_moveit2/src/install/moveit_ros_occupancy_map_monitor:/home/b/ws_moveit2/src/install/moveit_core:/home/b/ws_moveit2/src/install/moveit_resources_panda_moveit_config:/home/b/ws_moveit2/src/install/moveit_resources_fanuc_moveit_config:/home/b/ws_moveit2/src/install/srdfdom:/home/b/ws_moveit2/src/install/moveit_resources_pr2_description:/home/b/ws_moveit2/src/install/moveit_resources_panda_description:/home/b/ws_moveit2/src/install/moveit_resources_fanuc_description:/home/b/ws_moveit2/src/install/moveit_common:/opt/ros/humble LD_LIBRARY_PATH=/home/b/ws_moveit2/src/install/moveit_ros_move_group/lib:/home/b/ws_moveit2/src/install/moveit_ros_warehouse/lib:/home/b/ws_moveit2/src/install/moveit_planners_ompl/lib:/home/b/ws_moveit2/src/install/moveit_kinematics/lib:/home/b/ws_moveit2/src/install/moveit_ros_planning/lib:/home/b/ws_moveit2/src/install/moveit_simple_controller_manager/lib:/home/b/ws_moveit2/src/install/moveit_ros_occupancy_map_monitor/lib:/home/b/ws_moveit2/src/install/moveit_core/lib:/home/b/ws_moveit2/src/install/srdfdom/lib:${LD_LIBRARY_PATH} PATH=/home/b/ws_moveit2/src/install/moveit_core/bin:${PATH} PYTHONPATH=/home/b/ws_moveit2/src/install/moveit_configs_utils/lib/python3.10/site-packages:/home/b/ws_moveit2/src/install/srdfdom/local/lib/python3.10/dist-packages:/home/b/ws_moveit2/src/install/launch_param_builder/lib/python3.10/site-packages:${PYTHONPATH} /usr/bin/cmake --build /home/b/ws_moveit2/src/build/moveit_ros_planning_interface -- -j12 -l12
[75.159s] Invoking command in '/home/b/ws_moveit2/src/build/moveit_ros_planning_interface': AMENT_PREFIX_PATH=/home/b/ws_moveit2/src/install/moveit_ros_move_group:/home/b/ws_moveit2/src/install/moveit_ros_warehouse:/home/b/ws_moveit2/src/install/moveit_planners_ompl:/home/b/ws_moveit2/src/install/moveit_kinematics:/home/b/ws_moveit2/src/install/moveit_ros_planning:/home/b/ws_moveit2/src/install/moveit_simple_controller_manager:/home/b/ws_moveit2/src/install/moveit_ros_occupancy_map_monitor:/home/b/ws_moveit2/src/install/moveit_core:/home/b/ws_moveit2/src/install/moveit_resources_panda_moveit_config:/home/b/ws_moveit2/src/install/moveit_resources_fanuc_moveit_config:/home/b/ws_moveit2/src/install/moveit_configs_utils:/home/b/ws_moveit2/src/install/srdfdom:/home/b/ws_moveit2/src/install/moveit_resources_pr2_description:/home/b/ws_moveit2/src/install/moveit_resources_panda_description:/home/b/ws_moveit2/src/install/moveit_resources_fanuc_description:/home/b/ws_moveit2/src/install/moveit_common:/home/b/ws_moveit2/src/install/launch_param_builder:${AMENT_PREFIX_PATH} CMAKE_PREFIX_PATH=/home/b/ws_moveit2/src/install/moveit_ros_move_group:/home/b/ws_moveit2/src/install/moveit_ros_warehouse:/home/b/ws_moveit2/src/install/moveit_planners_ompl:/home/b/ws_moveit2/src/install/moveit_kinematics:/home/b/ws_moveit2/src/install/moveit_ros_planning:/home/b/ws_moveit2/src/install/moveit_simple_controller_manager:/home/b/ws_moveit2/src/install/moveit_ros_occupancy_map_monitor:/home/b/ws_moveit2/src/install/moveit_core:/home/b/ws_moveit2/src/install/moveit_resources_panda_moveit_config:/home/b/ws_moveit2/src/install/moveit_resources_fanuc_moveit_config:/home/b/ws_moveit2/src/install/srdfdom:/home/b/ws_moveit2/src/install/moveit_resources_pr2_description:/home/b/ws_moveit2/src/install/moveit_resources_panda_description:/home/b/ws_moveit2/src/install/moveit_resources_fanuc_description:/home/b/ws_moveit2/src/install/moveit_common:/opt/ros/humble LD_LIBRARY_PATH=/home/b/ws_moveit2/src/install/moveit_ros_move_group/lib:/home/b/ws_moveit2/src/install/moveit_ros_warehouse/lib:/home/b/ws_moveit2/src/install/moveit_planners_ompl/lib:/home/b/ws_moveit2/src/install/moveit_kinematics/lib:/home/b/ws_moveit2/src/install/moveit_ros_planning/lib:/home/b/ws_moveit2/src/install/moveit_simple_controller_manager/lib:/home/b/ws_moveit2/src/install/moveit_ros_occupancy_map_monitor/lib:/home/b/ws_moveit2/src/install/moveit_core/lib:/home/b/ws_moveit2/src/install/srdfdom/lib:${LD_LIBRARY_PATH} PATH=/home/b/ws_moveit2/src/install/moveit_core/bin:${PATH} PYTHONPATH=/home/b/ws_moveit2/src/install/moveit_configs_utils/lib/python3.10/site-packages:/home/b/ws_moveit2/src/install/srdfdom/local/lib/python3.10/dist-packages:/home/b/ws_moveit2/src/install/launch_param_builder/lib/python3.10/site-packages:${PYTHONPATH} /usr/bin/cmake --install /home/b/ws_moveit2/src/build/moveit_ros_planning_interface
[75.169s] -- Install configuration: "Release"
[75.170s] -- Installing: /home/b/ws_moveit2/src/install/moveit_ros_planning_interface/include
[75.170s] -- Installing: /home/b/ws_moveit2/src/install/moveit_ros_planning_interface/include/moveit
[75.171s] -- Installing: /home/b/ws_moveit2/src/install/moveit_ros_planning_interface/include/moveit/common_planning_interface_objects
[75.171s] -- Installing: /home/b/ws_moveit2/src/install/moveit_ros_planning_interface/include/moveit/common_planning_interface_objects/common_objects.h
[75.171s] -- Up-to-date: /home/b/ws_moveit2/src/install/moveit_ros_planning_interface/include
[75.171s] -- Up-to-date: /home/b/ws_moveit2/src/install/moveit_ros_planning_interface/include/moveit
[75.171s] -- Installing: /home/b/ws_moveit2/src/install/moveit_ros_planning_interface/include/moveit/planning_scene_interface
[75.172s] -- Installing: /home/b/ws_moveit2/src/install/moveit_ros_planning_interface/include/moveit/planning_scene_interface/planning_scene_interface.h
[75.172s] -- Up-to-date: /home/b/ws_moveit2/src/install/moveit_ros_planning_interface/include
[75.172s] -- Up-to-date: /home/b/ws_moveit2/src/install/moveit_ros_planning_interface/include/moveit
[75.172s] -- Installing: /home/b/ws_moveit2/src/install/moveit_ros_planning_interface/include/moveit/move_group_interface
[75.172s] -- Installing: /home/b/ws_moveit2/src/install/moveit_ros_planning_interface/include/moveit/move_group_interface/move_group_interface.h
[75.173s] -- Installing: /home/b/ws_moveit2/src/install/moveit_ros_planning_interface/include/moveit_move_group_interface_export.h
[75.173s] -- Installing: /home/b/ws_moveit2/src/install/moveit_ros_planning_interface/lib/libmoveit_common_planning_interface_objects.so.2.5.9
[75.173s] -- Set runtime path of "/home/b/ws_moveit2/src/install/moveit_ros_planning_interface/lib/libmoveit_common_planning_interface_objects.so.2.5.9" to ""
[75.173s] -- Installing: /home/b/ws_moveit2/src/install/moveit_ros_planning_interface/lib/libmoveit_common_planning_interface_objects.so
[75.174s] -- Installing: /home/b/ws_moveit2/src/install/moveit_ros_planning_interface/lib/libmoveit_planning_scene_interface.so.2.5.9
[75.174s] -- Set runtime path of "/home/b/ws_moveit2/src/install/moveit_ros_planning_interface/lib/libmoveit_planning_scene_interface.so.2.5.9" to ""
[75.174s] -- Installing: /home/b/ws_moveit2/src/install/moveit_ros_planning_interface/lib/libmoveit_planning_scene_interface.so
[75.174s] -- Installing: /home/b/ws_moveit2/src/install/moveit_ros_planning_interface/lib/libmoveit_move_group_interface.so.2.5.9
[75.175s] -- Set runtime path of "/home/b/ws_moveit2/src/install/moveit_ros_planning_interface/lib/libmoveit_move_group_interface.so.2.5.9" to ""
[75.176s] -- Installing: /home/b/ws_moveit2/src/install/moveit_ros_planning_interface/lib/libmoveit_move_group_interface.so
[75.176s] -- Installing: /home/b/ws_moveit2/src/install/moveit_ros_planning_interface/share/moveit_ros_planning_interface/environment/library_path.sh
[75.177s] -- Installing: /home/b/ws_moveit2/src/install/moveit_ros_planning_interface/share/moveit_ros_planning_interface/environment/library_path.dsv
[75.177s] -- Installing: /home/b/ws_moveit2/src/install/moveit_ros_planning_interface/share/ament_index/resource_index/package_run_dependencies/moveit_ros_planning_interface
[75.178s] -- Installing: /home/b/ws_moveit2/src/install/moveit_ros_planning_interface/share/ament_index/resource_index/parent_prefix_path/moveit_ros_planning_interface
[75.178s] -- Installing: /home/b/ws_moveit2/src/install/moveit_ros_planning_interface/share/moveit_ros_planning_interface/environment/ament_prefix_path.sh
[75.179s] -- Installing: /home/b/ws_moveit2/src/install/moveit_ros_planning_interface/share/moveit_ros_planning_interface/environment/ament_prefix_path.dsv
[75.179s] -- Installing: /home/b/ws_moveit2/src/install/moveit_ros_planning_interface/share/moveit_ros_planning_interface/environment/path.sh
[75.179s] -- Installing: /home/b/ws_moveit2/src/install/moveit_ros_planning_interface/share/moveit_ros_planning_interface/environment/path.dsv
[75.179s] -- Installing: /home/b/ws_moveit2/src/install/moveit_ros_planning_interface/share/moveit_ros_planning_interface/local_setup.bash
[75.179s] -- Installing: /home/b/ws_moveit2/src/install/moveit_ros_planning_interface/share/moveit_ros_planning_interface/local_setup.sh
[75.180s] -- Installing: /home/b/ws_moveit2/src/install/moveit_ros_planning_interface/share/moveit_ros_planning_interface/local_setup.zsh
[75.180s] -- Installing: /home/b/ws_moveit2/src/install/moveit_ros_planning_interface/share/moveit_ros_planning_interface/local_setup.dsv
[75.180s] -- Installing: /home/b/ws_moveit2/src/install/moveit_ros_planning_interface/share/moveit_ros_planning_interface/package.dsv
[75.180s] -- Installing: /home/b/ws_moveit2/src/install/moveit_ros_planning_interface/share/ament_index/resource_index/packages/moveit_ros_planning_interface
[75.181s] -- Installing: /home/b/ws_moveit2/src/install/moveit_ros_planning_interface/share/moveit_ros_planning_interface/cmake/export_moveit_ros_planning_interfaceExport.cmake
[75.181s] -- Installing: /home/b/ws_moveit2/src/install/moveit_ros_planning_interface/share/moveit_ros_planning_interface/cmake/export_moveit_ros_planning_interfaceExport-release.cmake
[75.182s] -- Installing: /home/b/ws_moveit2/src/install/moveit_ros_planning_interface/share/moveit_ros_planning_interface/cmake/ConfigExtras.cmake
[75.182s] -- Installing: /home/b/ws_moveit2/src/install/moveit_ros_planning_interface/share/moveit_ros_planning_interface/cmake/ament_cmake_export_targets-extras.cmake
[75.182s] -- Installing: /home/b/ws_moveit2/src/install/moveit_ros_planning_interface/share/moveit_ros_planning_interface/cmake/ament_cmake_export_dependencies-extras.cmake
[75.182s] -- Installing: /home/b/ws_moveit2/src/install/moveit_ros_planning_interface/share/moveit_ros_planning_interface/cmake/moveit_ros_planning_interfaceConfig.cmake
[75.182s] -- Installing: /home/b/ws_moveit2/src/install/moveit_ros_planning_interface/share/moveit_ros_planning_interface/cmake/moveit_ros_planning_interfaceConfig-version.cmake
[75.183s] -- Installing: /home/b/ws_moveit2/src/install/moveit_ros_planning_interface/share/moveit_ros_planning_interface/package.xml
[75.185s] Invoked command in '/home/b/ws_moveit2/src/build/moveit_ros_planning_interface' returned '0': AMENT_PREFIX_PATH=/home/b/ws_moveit2/src/install/moveit_ros_move_group:/home/b/ws_moveit2/src/install/moveit_ros_warehouse:/home/b/ws_moveit2/src/install/moveit_planners_ompl:/home/b/ws_moveit2/src/install/moveit_kinematics:/home/b/ws_moveit2/src/install/moveit_ros_planning:/home/b/ws_moveit2/src/install/moveit_simple_controller_manager:/home/b/ws_moveit2/src/install/moveit_ros_occupancy_map_monitor:/home/b/ws_moveit2/src/install/moveit_core:/home/b/ws_moveit2/src/install/moveit_resources_panda_moveit_config:/home/b/ws_moveit2/src/install/moveit_resources_fanuc_moveit_config:/home/b/ws_moveit2/src/install/moveit_configs_utils:/home/b/ws_moveit2/src/install/srdfdom:/home/b/ws_moveit2/src/install/moveit_resources_pr2_description:/home/b/ws_moveit2/src/install/moveit_resources_panda_description:/home/b/ws_moveit2/src/install/moveit_resources_fanuc_description:/home/b/ws_moveit2/src/install/moveit_common:/home/b/ws_moveit2/src/install/launch_param_builder:${AMENT_PREFIX_PATH} CMAKE_PREFIX_PATH=/home/b/ws_moveit2/src/install/moveit_ros_move_group:/home/b/ws_moveit2/src/install/moveit_ros_warehouse:/home/b/ws_moveit2/src/install/moveit_planners_ompl:/home/b/ws_moveit2/src/install/moveit_kinematics:/home/b/ws_moveit2/src/install/moveit_ros_planning:/home/b/ws_moveit2/src/install/moveit_simple_controller_manager:/home/b/ws_moveit2/src/install/moveit_ros_occupancy_map_monitor:/home/b/ws_moveit2/src/install/moveit_core:/home/b/ws_moveit2/src/install/moveit_resources_panda_moveit_config:/home/b/ws_moveit2/src/install/moveit_resources_fanuc_moveit_config:/home/b/ws_moveit2/src/install/srdfdom:/home/b/ws_moveit2/src/install/moveit_resources_pr2_description:/home/b/ws_moveit2/src/install/moveit_resources_panda_description:/home/b/ws_moveit2/src/install/moveit_resources_fanuc_description:/home/b/ws_moveit2/src/install/moveit_common:/opt/ros/humble LD_LIBRARY_PATH=/home/b/ws_moveit2/src/install/moveit_ros_move_group/lib:/home/b/ws_moveit2/src/install/moveit_ros_warehouse/lib:/home/b/ws_moveit2/src/install/moveit_planners_ompl/lib:/home/b/ws_moveit2/src/install/moveit_kinematics/lib:/home/b/ws_moveit2/src/install/moveit_ros_planning/lib:/home/b/ws_moveit2/src/install/moveit_simple_controller_manager/lib:/home/b/ws_moveit2/src/install/moveit_ros_occupancy_map_monitor/lib:/home/b/ws_moveit2/src/install/moveit_core/lib:/home/b/ws_moveit2/src/install/srdfdom/lib:${LD_LIBRARY_PATH} PATH=/home/b/ws_moveit2/src/install/moveit_core/bin:${PATH} PYTHONPATH=/home/b/ws_moveit2/src/install/moveit_configs_utils/lib/python3.10/site-packages:/home/b/ws_moveit2/src/install/srdfdom/local/lib/python3.10/dist-packages:/home/b/ws_moveit2/src/install/launch_param_builder/lib/python3.10/site-packages:${PYTHONPATH} /usr/bin/cmake --install /home/b/ws_moveit2/src/build/moveit_ros_planning_interface
