[0.550s] Invoking command in '/home/b/ws_moveit2/src/launch_param_builder': PYTHONPATH=/home/b/ws_moveit2/build/launch_param_builder/prefix_override:/usr/lib/python3/dist-packages/colcon_core/task/python/colcon_distutils_commands:/home/b/ws_moveit2/install/launch_param_builder/lib/python3.10/site-packages:${PYTHONPATH} /usr/bin/python3 -W ignore:setup.py install is deprecated -W ignore:easy_install command is deprecated setup.py egg_info --egg-base ../../build/launch_param_builder build --build-base /home/b/ws_moveit2/build/launch_param_builder/build install --record /home/b/ws_moveit2/build/launch_param_builder/install.log --single-version-externally-managed install_data
[0.687s] running egg_info
[0.687s] writing ../../build/launch_param_builder/launch_param_builder.egg-info/PKG-INFO
[0.689s] writing dependency_links to ../../build/launch_param_builder/launch_param_builder.egg-info/dependency_links.txt
[0.689s] writing entry points to ../../build/launch_param_builder/launch_param_builder.egg-info/entry_points.txt
[0.689s] writing requirements to ../../build/launch_param_builder/launch_param_builder.egg-info/requires.txt
[0.689s] writing top-level names to ../../build/launch_param_builder/launch_param_builder.egg-info/top_level.txt
[0.691s] reading manifest file '../../build/launch_param_builder/launch_param_builder.egg-info/SOURCES.txt'
[0.692s] adding license file 'LICENSE'
[0.692s] writing manifest file '../../build/launch_param_builder/launch_param_builder.egg-info/SOURCES.txt'
[0.692s] running build
[0.692s] running build_py
[0.693s] running install
[0.693s] running install_lib
[0.695s] running install_data
[0.695s] running install_egg_info
[0.697s] removing '/home/b/ws_moveit2/install/launch_param_builder/lib/python3.10/site-packages/launch_param_builder-0.1.1-py3.10.egg-info' (and everything under it)
[0.697s] Copying ../../build/launch_param_builder/launch_param_builder.egg-info to /home/b/ws_moveit2/install/launch_param_builder/lib/python3.10/site-packages/launch_param_builder-0.1.1-py3.10.egg-info
[0.698s] running install_scripts
[0.712s] writing list of installed files to '/home/b/ws_moveit2/build/launch_param_builder/install.log'
[0.729s] Invoked command in '/home/b/ws_moveit2/src/launch_param_builder' returned '0': PYTHONPATH=/home/b/ws_moveit2/build/launch_param_builder/prefix_override:/usr/lib/python3/dist-packages/colcon_core/task/python/colcon_distutils_commands:/home/b/ws_moveit2/install/launch_param_builder/lib/python3.10/site-packages:${PYTHONPATH} /usr/bin/python3 -W ignore:setup.py install is deprecated -W ignore:easy_install command is deprecated setup.py egg_info --egg-base ../../build/launch_param_builder build --build-base /home/b/ws_moveit2/build/launch_param_builder/build install --record /home/b/ws_moveit2/build/launch_param_builder/install.log --single-version-externally-managed install_data
