[0.431s] Invoking command in '/home/b/ws_moveit2/src/build/moveit_resources_prbt_ikfast_manipulator_plugin': AMENT_PREFIX_PATH=/home/b/ws_moveit2/src/install/moveit_core:/home/b/ws_moveit2/src/install/moveit_resources_panda_moveit_config:/home/b/ws_moveit2/src/install/srdfdom:/home/b/ws_moveit2/src/install/moveit_resources_pr2_description:/home/b/ws_moveit2/src/install/moveit_resources_panda_description:/home/b/ws_moveit2/src/install/moveit_common:${AMENT_PREFIX_PATH} CMAKE_PREFIX_PATH=/home/b/ws_moveit2/src/install/moveit_core:/home/b/ws_moveit2/src/install/moveit_resources_panda_moveit_config:/home/b/ws_moveit2/src/install/srdfdom:/home/b/ws_moveit2/src/install/moveit_resources_pr2_description:/home/b/ws_moveit2/src/install/moveit_resources_panda_description:/home/b/ws_moveit2/src/install/moveit_common:/opt/ros/humble LD_LIBRARY_PATH=/home/b/ws_moveit2/src/install/moveit_core/lib:/home/b/ws_moveit2/src/install/srdfdom/lib:${LD_LIBRARY_PATH} PATH=/home/b/ws_moveit2/src/install/moveit_core/bin:${PATH} PYTHONPATH=/home/b/ws_moveit2/src/install/srdfdom/local/lib/python3.10/dist-packages:${PYTHONPATH} /usr/bin/cmake /home/b/ws_moveit2/src/moveit2/moveit_planners/test_configs/prbt_ikfast_manipulator_plugin -DCMAKE_INSTALL_PREFIX=/home/b/ws_moveit2/src/install/moveit_resources_prbt_ikfast_manipulator_plugin
[0.588s] -- The C compiler identification is GNU 11.4.0
[1.127s] -- The CXX compiler identification is GNU 11.4.0
[1.517s] -- Detecting C compiler ABI info
[1.744s] -- Detecting C compiler ABI info - done
[1.753s] -- Check for working C compiler: /usr/bin/cc - skipped
[1.753s] -- Detecting C compile features
[1.755s] -- Detecting C compile features - done
[1.757s] -- Detecting CXX compiler ABI info
[2.055s] -- Detecting CXX compiler ABI info - done
[2.075s] -- Check for working CXX compiler: /usr/bin/c++ - skipped
[2.077s] -- Detecting CXX compile features
[2.077s] -- Detecting CXX compile features - done
[2.083s] -- Found ament_cmake: 1.3.13 (/opt/ros/humble/share/ament_cmake/cmake)
[2.341s] -- Found Python3: /usr/bin/python3 (found version "3.10.12") found components: Interpreter 
[2.494s] -- Found moveit_core: 2.5.9 (/home/b/ws_moveit2/src/install/moveit_core/share/moveit_core/cmake)
[2.992s] -- Found Boost: /usr/lib/x86_64-linux-gnu/cmake/Boost-1.74.0/BoostConfig.cmake (found version "1.74.0") found components: chrono date_time filesystem iostreams program_options regex serialization system thread 
[4.164s] -- Found parameter_traits: 0.6.0 (/opt/ros/humble/share/parameter_traits/cmake)
[4.283s] -- Found rosidl_generator_c: 3.1.8 (/opt/ros/humble/share/rosidl_generator_c/cmake)
[4.293s] -- Found rosidl_adapter: 3.1.8 (/opt/ros/humble/share/rosidl_adapter/cmake)
[4.310s] -- Found rosidl_generator_cpp: 3.1.8 (/opt/ros/humble/share/rosidl_generator_cpp/cmake)
[4.330s] -- Using all available rosidl_typesupport_c: rosidl_typesupport_fastrtps_c;rosidl_typesupport_introspection_c
[4.358s] -- Using all available rosidl_typesupport_cpp: rosidl_typesupport_fastrtps_cpp;rosidl_typesupport_introspection_cpp
[4.431s] -- Found rmw_implementation_cmake: 6.1.2 (/opt/ros/humble/share/rmw_implementation_cmake/cmake)
[4.435s] -- Found rmw_fastrtps_cpp: 6.2.10 (/opt/ros/humble/share/rmw_fastrtps_cpp/cmake)
[5.819s] -- Found OpenSSL: /usr/lib/x86_64-linux-gnu/libcrypto.so (found version "3.0.2")  
[9.213s] -- Found FastRTPS: /opt/ros/humble/include  
[23.514s] -- Using RMW implementation 'rmw_fastrtps_cpp' as default
[23.532s] -- Found Threads: TRUE  
[23.596s] -- Found rclcpp_lifecycle: 16.0.18 (/opt/ros/humble/share/rclcpp_lifecycle/cmake)
[23.621s] -- Found Boost: /usr/lib/x86_64-linux-gnu/cmake/Boost-1.74.0/BoostConfig.cmake (found version "1.74.0") found components: filesystem 
[27.596s] -- library: /usr/lib/x86_64-linux-gnu/libcurl.so
[27.720s] -- Found Eigen3: TRUE (found version "3.4.0") 
[27.721s] -- Ensuring Eigen3 include directory is part of orocos-kdl CMake target
[30.352s] -- Found tf2_eigen_kdl: 0.25.19 (/opt/ros/humble/share/tf2_eigen_kdl/cmake)
[30.529s] -- Configuring done
[30.598s] -- Generating done
[30.612s] -- Build files have been written to: /home/b/ws_moveit2/src/build/moveit_resources_prbt_ikfast_manipulator_plugin
[30.644s] Invoked command in '/home/b/ws_moveit2/src/build/moveit_resources_prbt_ikfast_manipulator_plugin' returned '0': AMENT_PREFIX_PATH=/home/b/ws_moveit2/src/install/moveit_core:/home/b/ws_moveit2/src/install/moveit_resources_panda_moveit_config:/home/b/ws_moveit2/src/install/srdfdom:/home/b/ws_moveit2/src/install/moveit_resources_pr2_description:/home/b/ws_moveit2/src/install/moveit_resources_panda_description:/home/b/ws_moveit2/src/install/moveit_common:${AMENT_PREFIX_PATH} CMAKE_PREFIX_PATH=/home/b/ws_moveit2/src/install/moveit_core:/home/b/ws_moveit2/src/install/moveit_resources_panda_moveit_config:/home/b/ws_moveit2/src/install/srdfdom:/home/b/ws_moveit2/src/install/moveit_resources_pr2_description:/home/b/ws_moveit2/src/install/moveit_resources_panda_description:/home/b/ws_moveit2/src/install/moveit_common:/opt/ros/humble LD_LIBRARY_PATH=/home/b/ws_moveit2/src/install/moveit_core/lib:/home/b/ws_moveit2/src/install/srdfdom/lib:${LD_LIBRARY_PATH} PATH=/home/b/ws_moveit2/src/install/moveit_core/bin:${PATH} PYTHONPATH=/home/b/ws_moveit2/src/install/srdfdom/local/lib/python3.10/dist-packages:${PYTHONPATH} /usr/bin/cmake /home/b/ws_moveit2/src/moveit2/moveit_planners/test_configs/prbt_ikfast_manipulator_plugin -DCMAKE_INSTALL_PREFIX=/home/b/ws_moveit2/src/install/moveit_resources_prbt_ikfast_manipulator_plugin
[30.645s] Invoking command in '/home/b/ws_moveit2/src/build/moveit_resources_prbt_ikfast_manipulator_plugin': AMENT_PREFIX_PATH=/home/b/ws_moveit2/src/install/moveit_core:/home/b/ws_moveit2/src/install/moveit_resources_panda_moveit_config:/home/b/ws_moveit2/src/install/srdfdom:/home/b/ws_moveit2/src/install/moveit_resources_pr2_description:/home/b/ws_moveit2/src/install/moveit_resources_panda_description:/home/b/ws_moveit2/src/install/moveit_common:${AMENT_PREFIX_PATH} CMAKE_PREFIX_PATH=/home/b/ws_moveit2/src/install/moveit_core:/home/b/ws_moveit2/src/install/moveit_resources_panda_moveit_config:/home/b/ws_moveit2/src/install/srdfdom:/home/b/ws_moveit2/src/install/moveit_resources_pr2_description:/home/b/ws_moveit2/src/install/moveit_resources_panda_description:/home/b/ws_moveit2/src/install/moveit_common:/opt/ros/humble LD_LIBRARY_PATH=/home/b/ws_moveit2/src/install/moveit_core/lib:/home/b/ws_moveit2/src/install/srdfdom/lib:${LD_LIBRARY_PATH} PATH=/home/b/ws_moveit2/src/install/moveit_core/bin:${PATH} PYTHONPATH=/home/b/ws_moveit2/src/install/srdfdom/local/lib/python3.10/dist-packages:${PYTHONPATH} /usr/bin/cmake --build /home/b/ws_moveit2/src/build/moveit_resources_prbt_ikfast_manipulator_plugin -- -j12 -l12
[30.796s] [ 50%] [32mBuilding CXX object CMakeFiles/prbt_manipulator_moveit_ikfast_plugin.dir/src/prbt_manipulator_ikfast_moveit_plugin.cpp.o[0m
[62.594s] [100%] [32m[1mLinking CXX shared library libprbt_manipulator_moveit_ikfast_plugin.so[0m
[63.445s] [100%] Built target prbt_manipulator_moveit_ikfast_plugin
[63.469s] Invoked command in '/home/b/ws_moveit2/src/build/moveit_resources_prbt_ikfast_manipulator_plugin' returned '0': AMENT_PREFIX_PATH=/home/b/ws_moveit2/src/install/moveit_core:/home/b/ws_moveit2/src/install/moveit_resources_panda_moveit_config:/home/b/ws_moveit2/src/install/srdfdom:/home/b/ws_moveit2/src/install/moveit_resources_pr2_description:/home/b/ws_moveit2/src/install/moveit_resources_panda_description:/home/b/ws_moveit2/src/install/moveit_common:${AMENT_PREFIX_PATH} CMAKE_PREFIX_PATH=/home/b/ws_moveit2/src/install/moveit_core:/home/b/ws_moveit2/src/install/moveit_resources_panda_moveit_config:/home/b/ws_moveit2/src/install/srdfdom:/home/b/ws_moveit2/src/install/moveit_resources_pr2_description:/home/b/ws_moveit2/src/install/moveit_resources_panda_description:/home/b/ws_moveit2/src/install/moveit_common:/opt/ros/humble LD_LIBRARY_PATH=/home/b/ws_moveit2/src/install/moveit_core/lib:/home/b/ws_moveit2/src/install/srdfdom/lib:${LD_LIBRARY_PATH} PATH=/home/b/ws_moveit2/src/install/moveit_core/bin:${PATH} PYTHONPATH=/home/b/ws_moveit2/src/install/srdfdom/local/lib/python3.10/dist-packages:${PYTHONPATH} /usr/bin/cmake --build /home/b/ws_moveit2/src/build/moveit_resources_prbt_ikfast_manipulator_plugin -- -j12 -l12
[63.473s] Invoking command in '/home/b/ws_moveit2/src/build/moveit_resources_prbt_ikfast_manipulator_plugin': AMENT_PREFIX_PATH=/home/b/ws_moveit2/src/install/moveit_core:/home/b/ws_moveit2/src/install/moveit_resources_panda_moveit_config:/home/b/ws_moveit2/src/install/srdfdom:/home/b/ws_moveit2/src/install/moveit_resources_pr2_description:/home/b/ws_moveit2/src/install/moveit_resources_panda_description:/home/b/ws_moveit2/src/install/moveit_common:${AMENT_PREFIX_PATH} CMAKE_PREFIX_PATH=/home/b/ws_moveit2/src/install/moveit_core:/home/b/ws_moveit2/src/install/moveit_resources_panda_moveit_config:/home/b/ws_moveit2/src/install/srdfdom:/home/b/ws_moveit2/src/install/moveit_resources_pr2_description:/home/b/ws_moveit2/src/install/moveit_resources_panda_description:/home/b/ws_moveit2/src/install/moveit_common:/opt/ros/humble LD_LIBRARY_PATH=/home/b/ws_moveit2/src/install/moveit_core/lib:/home/b/ws_moveit2/src/install/srdfdom/lib:${LD_LIBRARY_PATH} PATH=/home/b/ws_moveit2/src/install/moveit_core/bin:${PATH} PYTHONPATH=/home/b/ws_moveit2/src/install/srdfdom/local/lib/python3.10/dist-packages:${PYTHONPATH} /usr/bin/cmake --install /home/b/ws_moveit2/src/build/moveit_resources_prbt_ikfast_manipulator_plugin
[63.490s] -- Install configuration: ""
[63.491s] -- Installing: /home/b/ws_moveit2/src/install/moveit_resources_prbt_ikfast_manipulator_plugin/share/moveit_resources_prbt_ikfast_manipulator_plugin/prbt_manipulator_moveit_ikfast_plugin_description.xml
[63.494s] -- Installing: /home/b/ws_moveit2/src/install/moveit_resources_prbt_ikfast_manipulator_plugin/lib/libprbt_manipulator_moveit_ikfast_plugin.so
[63.499s] -- Set runtime path of "/home/b/ws_moveit2/src/install/moveit_resources_prbt_ikfast_manipulator_plugin/lib/libprbt_manipulator_moveit_ikfast_plugin.so" to ""
[63.500s] -- Installing: /home/b/ws_moveit2/src/install/moveit_resources_prbt_ikfast_manipulator_plugin/share/moveit_resources_prbt_ikfast_manipulator_plugin/environment/library_path.sh
[63.500s] -- Installing: /home/b/ws_moveit2/src/install/moveit_resources_prbt_ikfast_manipulator_plugin/share/moveit_resources_prbt_ikfast_manipulator_plugin/environment/library_path.dsv
[63.502s] -- Installing: /home/b/ws_moveit2/src/install/moveit_resources_prbt_ikfast_manipulator_plugin/share/ament_index/resource_index/package_run_dependencies/moveit_resources_prbt_ikfast_manipulator_plugin
[63.504s] -- Installing: /home/b/ws_moveit2/src/install/moveit_resources_prbt_ikfast_manipulator_plugin/share/ament_index/resource_index/parent_prefix_path/moveit_resources_prbt_ikfast_manipulator_plugin
[63.505s] -- Installing: /home/b/ws_moveit2/src/install/moveit_resources_prbt_ikfast_manipulator_plugin/share/moveit_resources_prbt_ikfast_manipulator_plugin/environment/ament_prefix_path.sh
[63.505s] -- Installing: /home/b/ws_moveit2/src/install/moveit_resources_prbt_ikfast_manipulator_plugin/share/moveit_resources_prbt_ikfast_manipulator_plugin/environment/ament_prefix_path.dsv
[63.506s] -- Installing: /home/b/ws_moveit2/src/install/moveit_resources_prbt_ikfast_manipulator_plugin/share/moveit_resources_prbt_ikfast_manipulator_plugin/environment/path.sh
[63.506s] -- Installing: /home/b/ws_moveit2/src/install/moveit_resources_prbt_ikfast_manipulator_plugin/share/moveit_resources_prbt_ikfast_manipulator_plugin/environment/path.dsv
[63.507s] -- Installing: /home/b/ws_moveit2/src/install/moveit_resources_prbt_ikfast_manipulator_plugin/share/moveit_resources_prbt_ikfast_manipulator_plugin/local_setup.bash
[63.507s] -- Installing: /home/b/ws_moveit2/src/install/moveit_resources_prbt_ikfast_manipulator_plugin/share/moveit_resources_prbt_ikfast_manipulator_plugin/local_setup.sh
[63.507s] -- Installing: /home/b/ws_moveit2/src/install/moveit_resources_prbt_ikfast_manipulator_plugin/share/moveit_resources_prbt_ikfast_manipulator_plugin/local_setup.zsh
[63.507s] -- Installing: /home/b/ws_moveit2/src/install/moveit_resources_prbt_ikfast_manipulator_plugin/share/moveit_resources_prbt_ikfast_manipulator_plugin/local_setup.dsv
[63.508s] -- Installing: /home/b/ws_moveit2/src/install/moveit_resources_prbt_ikfast_manipulator_plugin/share/moveit_resources_prbt_ikfast_manipulator_plugin/package.dsv
[63.508s] -- Installing: /home/b/ws_moveit2/src/install/moveit_resources_prbt_ikfast_manipulator_plugin/share/ament_index/resource_index/packages/moveit_resources_prbt_ikfast_manipulator_plugin
[63.508s] -- Installing: /home/b/ws_moveit2/src/install/moveit_resources_prbt_ikfast_manipulator_plugin/share/ament_index/resource_index/moveit_core__pluginlib__plugin/moveit_resources_prbt_ikfast_manipulator_plugin
[63.509s] -- Installing: /home/b/ws_moveit2/src/install/moveit_resources_prbt_ikfast_manipulator_plugin/share/moveit_resources_prbt_ikfast_manipulator_plugin/cmake/export_moveit_resources_prbt_ikfast_manipulator_pluginExport.cmake
[63.509s] -- Installing: /home/b/ws_moveit2/src/install/moveit_resources_prbt_ikfast_manipulator_plugin/share/moveit_resources_prbt_ikfast_manipulator_plugin/cmake/export_moveit_resources_prbt_ikfast_manipulator_pluginExport-noconfig.cmake
[63.510s] -- Installing: /home/b/ws_moveit2/src/install/moveit_resources_prbt_ikfast_manipulator_plugin/share/moveit_resources_prbt_ikfast_manipulator_plugin/cmake/ament_cmake_export_targets-extras.cmake
[63.511s] -- Installing: /home/b/ws_moveit2/src/install/moveit_resources_prbt_ikfast_manipulator_plugin/share/moveit_resources_prbt_ikfast_manipulator_plugin/cmake/moveit_resources_prbt_ikfast_manipulator_pluginConfig.cmake
[63.512s] -- Installing: /home/b/ws_moveit2/src/install/moveit_resources_prbt_ikfast_manipulator_plugin/share/moveit_resources_prbt_ikfast_manipulator_plugin/cmake/moveit_resources_prbt_ikfast_manipulator_pluginConfig-version.cmake
[63.512s] -- Installing: /home/b/ws_moveit2/src/install/moveit_resources_prbt_ikfast_manipulator_plugin/share/moveit_resources_prbt_ikfast_manipulator_plugin/package.xml
[63.519s] Invoked command in '/home/b/ws_moveit2/src/build/moveit_resources_prbt_ikfast_manipulator_plugin' returned '0': AMENT_PREFIX_PATH=/home/b/ws_moveit2/src/install/moveit_core:/home/b/ws_moveit2/src/install/moveit_resources_panda_moveit_config:/home/b/ws_moveit2/src/install/srdfdom:/home/b/ws_moveit2/src/install/moveit_resources_pr2_description:/home/b/ws_moveit2/src/install/moveit_resources_panda_description:/home/b/ws_moveit2/src/install/moveit_common:${AMENT_PREFIX_PATH} CMAKE_PREFIX_PATH=/home/b/ws_moveit2/src/install/moveit_core:/home/b/ws_moveit2/src/install/moveit_resources_panda_moveit_config:/home/b/ws_moveit2/src/install/srdfdom:/home/b/ws_moveit2/src/install/moveit_resources_pr2_description:/home/b/ws_moveit2/src/install/moveit_resources_panda_description:/home/b/ws_moveit2/src/install/moveit_common:/opt/ros/humble LD_LIBRARY_PATH=/home/b/ws_moveit2/src/install/moveit_core/lib:/home/b/ws_moveit2/src/install/srdfdom/lib:${LD_LIBRARY_PATH} PATH=/home/b/ws_moveit2/src/install/moveit_core/bin:${PATH} PYTHONPATH=/home/b/ws_moveit2/src/install/srdfdom/local/lib/python3.10/dist-packages:${PYTHONPATH} /usr/bin/cmake --install /home/b/ws_moveit2/src/build/moveit_resources_prbt_ikfast_manipulator_plugin
