[0.939s] Invoking command in '/home/b/ws_moveit2/build/moveit_py': AMENT_PREFIX_PATH=/home/b/ws_moveit2/install/moveit_ros_planning_interface:/home/b/ws_moveit2/install/moveit_ros_move_group:/home/b/ws_moveit2/install/moveit_ros_warehouse:/home/b/ws_moveit2/install/moveit_planners_ompl:/home/b/ws_moveit2/install/moveit_kinematics:/home/b/ws_moveit2/install/moveit_ros_planning:/home/b/ws_moveit2/install/moveit_simple_controller_manager:/home/b/ws_moveit2/install/moveit_ros_occupancy_map_monitor:/home/b/ws_moveit2/install/moveit_core:/home/b/ws_moveit2/install/moveit_resources_panda_moveit_config:/home/b/ws_moveit2/install/moveit_resources_fanuc_moveit_config:/home/b/ws_moveit2/install/moveit_configs_utils:/home/b/ws_moveit2/install/srdfdom:/home/b/ws_moveit2/install/moveit_resources_pr2_description:/home/b/ws_moveit2/install/moveit_resources_panda_description:/home/b/ws_moveit2/install/moveit_resources_fanuc_description:/home/b/ws_moveit2/install/moveit_common:/home/b/ws_moveit2/install/launch_param_builder:${AMENT_PREFIX_PATH} CMAKE_PREFIX_PATH=/home/b/ws_moveit2/install/moveit_ros_planning_interface:/home/b/ws_moveit2/install/moveit_ros_move_group:/home/b/ws_moveit2/install/moveit_ros_warehouse:/home/b/ws_moveit2/install/moveit_planners_ompl:/home/b/ws_moveit2/install/moveit_kinematics:/home/b/ws_moveit2/install/moveit_ros_planning:/home/b/ws_moveit2/install/moveit_simple_controller_manager:/home/b/ws_moveit2/install/moveit_ros_occupancy_map_monitor:/home/b/ws_moveit2/install/moveit_core:/home/b/ws_moveit2/install/moveit_resources_panda_moveit_config:/home/b/ws_moveit2/install/moveit_resources_fanuc_moveit_config:/home/b/ws_moveit2/install/srdfdom:/home/b/ws_moveit2/install/moveit_resources_pr2_description:/home/b/ws_moveit2/install/moveit_resources_panda_description:/home/b/ws_moveit2/install/moveit_resources_fanuc_description:/home/b/ws_moveit2/install/moveit_common:/opt/ros/humble LD_LIBRARY_PATH=/home/b/ws_moveit2/install/moveit_ros_planning_interface/lib:/home/b/ws_moveit2/install/moveit_ros_move_group/lib:/home/b/ws_moveit2/install/moveit_ros_warehouse/lib:/home/b/ws_moveit2/install/moveit_planners_ompl/lib:/home/b/ws_moveit2/install/moveit_kinematics/lib:/home/b/ws_moveit2/install/moveit_ros_planning/lib:/home/b/ws_moveit2/install/moveit_simple_controller_manager/lib:/home/b/ws_moveit2/install/moveit_ros_occupancy_map_monitor/lib:/home/b/ws_moveit2/install/moveit_core/lib:/home/b/ws_moveit2/install/srdfdom/lib:${LD_LIBRARY_PATH} PATH=/home/b/ws_moveit2/install/moveit_core/bin:${PATH} PYTHONPATH=/home/b/ws_moveit2/install/moveit_configs_utils/lib/python3.10/site-packages:/home/b/ws_moveit2/install/srdfdom/local/lib/python3.10/dist-packages:/home/b/ws_moveit2/install/launch_param_builder/lib/python3.10/site-packages:${PYTHONPATH} /usr/bin/cmake /home/b/ws_moveit2/src/moveit2/moveit_py -DCMAKE_BUILD_TYPE=Release -DCMAKE_INSTALL_PREFIX=/home/b/ws_moveit2/install/moveit_py
[1.064s] -- The C compiler identification is GNU 11.4.0
[1.316s] -- The CXX compiler identification is GNU 11.4.0
[1.492s] -- Detecting C compiler ABI info
[1.644s] -- Detecting C compiler ABI info - done
[1.650s] -- Check for working C compiler: /usr/bin/cc - skipped
[1.650s] -- Detecting C compile features
[1.651s] -- Detecting C compile features - done
[1.653s] -- Detecting CXX compiler ABI info
[1.829s] -- Detecting CXX compiler ABI info - done
[1.836s] -- Check for working CXX compiler: /usr/bin/c++ - skipped
[1.836s] -- Detecting CXX compile features
[1.836s] -- Detecting CXX compile features - done
[1.839s] -- Found ament_cmake: 1.3.13 (/opt/ros/humble/share/ament_cmake/cmake)
[2.015s] -- Found Python3: /usr/bin/python3 (found version "3.10.12") found components: Interpreter 
[2.134s] -- Found rclcpp: 16.0.18 (/opt/ros/humble/share/rclcpp/cmake)
[2.362s] -- Found rosidl_generator_c: 3.1.8 (/opt/ros/humble/share/rosidl_generator_c/cmake)
[2.374s] -- Found rosidl_adapter: 3.1.8 (/opt/ros/humble/share/rosidl_adapter/cmake)
[2.386s] -- Found rosidl_generator_cpp: 3.1.8 (/opt/ros/humble/share/rosidl_generator_cpp/cmake)
[2.408s] -- Using all available rosidl_typesupport_c: rosidl_typesupport_fastrtps_c;rosidl_typesupport_introspection_c
[2.432s] -- Using all available rosidl_typesupport_cpp: rosidl_typesupport_fastrtps_cpp;rosidl_typesupport_introspection_cpp
[2.496s] -- Found rmw_implementation_cmake: 6.1.2 (/opt/ros/humble/share/rmw_implementation_cmake/cmake)
[2.501s] -- Found rmw_fastrtps_cpp: 6.2.10 (/opt/ros/humble/share/rmw_fastrtps_cpp/cmake)
[4.054s] -- Found OpenSSL: /usr/lib/x86_64-linux-gnu/libcrypto.so (found version "3.0.2")  
[5.402s] -- Found FastRTPS: /opt/ros/humble/include  
[8.047s] -- Using RMW implementation 'rmw_fastrtps_cpp' as default
[8.057s] -- Looking for pthread.h
[8.191s] -- Looking for pthread.h - found
[8.191s] -- Performing Test CMAKE_HAVE_LIBC_PTHREAD
[8.314s] -- Performing Test CMAKE_HAVE_LIBC_PTHREAD - Success
[8.315s] -- Found Threads: TRUE  
[8.366s] -- Found rclpy: 3.3.20 (/opt/ros/humble/share/rclpy/cmake)
[8.368s] -- Found geometry_msgs: 4.9.1 (/opt/ros/humble/share/geometry_msgs/cmake)
[8.379s] -- Found moveit_ros_planning: 2.5.9 (/home/b/ws_moveit2/install/moveit_ros_planning/share/moveit_ros_planning/cmake)
[8.407s] -- Found Boost: /usr/lib/x86_64-linux-gnu/cmake/Boost-1.74.0/BoostConfig.cmake (found version "1.74.0") found components: system filesystem date_time program_options thread chrono 
[9.977s] -- Found Boost: /usr/lib/x86_64-linux-gnu/cmake/Boost-1.74.0/BoostConfig.cmake (found version "1.74.0") found components: chrono date_time filesystem iostreams program_options regex serialization system thread 
[11.330s] -- Found parameter_traits: 0.6.0 (/opt/ros/humble/share/parameter_traits/cmake)
[11.347s] -- Found rclcpp_lifecycle: 16.0.18 (/opt/ros/humble/share/rclcpp_lifecycle/cmake)
[11.389s] -- Found Boost: /usr/lib/x86_64-linux-gnu/cmake/Boost-1.74.0/BoostConfig.cmake (found version "1.74.0") found components: filesystem 
[13.225s] -- library: /usr/lib/x86_64-linux-gnu/libcurl.so
[13.806s] -- Found Eigen3: TRUE (found version "3.4.0") 
[13.807s] -- Ensuring Eigen3 include directory is part of orocos-kdl CMake target
[14.111s] -- Found moveit_ros_planning_interface: 2.5.9 (/home/b/ws_moveit2/install/moveit_ros_planning_interface/share/moveit_ros_planning_interface/cmake)
[14.123s] -- Found Boost: /usr/lib/x86_64-linux-gnu/cmake/Boost-1.74.0/BoostConfig.cmake (found version "1.74.0") found components: date_time filesystem program_options system thread 
[14.154s] -- Found Boost: /usr/lib/x86_64-linux-gnu/cmake/Boost-1.74.0/BoostConfig.cmake (found version "1.74.0") found components: thread system filesystem regex date_time program_options 
[14.194s] -- Found Boost: /usr/lib/x86_64-linux-gnu/cmake/Boost-1.74.0/BoostConfig.cmake (found version "1.74.0") found components: system filesystem date_time program_options thread 
[14.834s] -- Found Python3: /usr/bin/python3 (found version "3.10.12") found components: Interpreter Development Development.Module Development.Embed 
[14.856s] -- Found pybind11_vendor: 2.4.2 (/opt/ros/humble/share/pybind11_vendor/cmake)
[15.000s] -- Performing Test HAS_FLTO
[15.580s] -- Performing Test HAS_FLTO - Success
[15.580s] -- Found pybind11: /usr/include (found version "2.9.1")
[15.811s] -- Found ament_cmake_pytest: 1.3.13 (/opt/ros/humble/share/ament_cmake_pytest/cmake)
[17.509s] -- Configuring done
[17.680s] -- Generating done
[17.711s] -- Build files have been written to: /home/b/ws_moveit2/build/moveit_py
[17.749s] Invoked command in '/home/b/ws_moveit2/build/moveit_py' returned '0': AMENT_PREFIX_PATH=/home/b/ws_moveit2/install/moveit_ros_planning_interface:/home/b/ws_moveit2/install/moveit_ros_move_group:/home/b/ws_moveit2/install/moveit_ros_warehouse:/home/b/ws_moveit2/install/moveit_planners_ompl:/home/b/ws_moveit2/install/moveit_kinematics:/home/b/ws_moveit2/install/moveit_ros_planning:/home/b/ws_moveit2/install/moveit_simple_controller_manager:/home/b/ws_moveit2/install/moveit_ros_occupancy_map_monitor:/home/b/ws_moveit2/install/moveit_core:/home/b/ws_moveit2/install/moveit_resources_panda_moveit_config:/home/b/ws_moveit2/install/moveit_resources_fanuc_moveit_config:/home/b/ws_moveit2/install/moveit_configs_utils:/home/b/ws_moveit2/install/srdfdom:/home/b/ws_moveit2/install/moveit_resources_pr2_description:/home/b/ws_moveit2/install/moveit_resources_panda_description:/home/b/ws_moveit2/install/moveit_resources_fanuc_description:/home/b/ws_moveit2/install/moveit_common:/home/b/ws_moveit2/install/launch_param_builder:${AMENT_PREFIX_PATH} CMAKE_PREFIX_PATH=/home/b/ws_moveit2/install/moveit_ros_planning_interface:/home/b/ws_moveit2/install/moveit_ros_move_group:/home/b/ws_moveit2/install/moveit_ros_warehouse:/home/b/ws_moveit2/install/moveit_planners_ompl:/home/b/ws_moveit2/install/moveit_kinematics:/home/b/ws_moveit2/install/moveit_ros_planning:/home/b/ws_moveit2/install/moveit_simple_controller_manager:/home/b/ws_moveit2/install/moveit_ros_occupancy_map_monitor:/home/b/ws_moveit2/install/moveit_core:/home/b/ws_moveit2/install/moveit_resources_panda_moveit_config:/home/b/ws_moveit2/install/moveit_resources_fanuc_moveit_config:/home/b/ws_moveit2/install/srdfdom:/home/b/ws_moveit2/install/moveit_resources_pr2_description:/home/b/ws_moveit2/install/moveit_resources_panda_description:/home/b/ws_moveit2/install/moveit_resources_fanuc_description:/home/b/ws_moveit2/install/moveit_common:/opt/ros/humble LD_LIBRARY_PATH=/home/b/ws_moveit2/install/moveit_ros_planning_interface/lib:/home/b/ws_moveit2/install/moveit_ros_move_group/lib:/home/b/ws_moveit2/install/moveit_ros_warehouse/lib:/home/b/ws_moveit2/install/moveit_planners_ompl/lib:/home/b/ws_moveit2/install/moveit_kinematics/lib:/home/b/ws_moveit2/install/moveit_ros_planning/lib:/home/b/ws_moveit2/install/moveit_simple_controller_manager/lib:/home/b/ws_moveit2/install/moveit_ros_occupancy_map_monitor/lib:/home/b/ws_moveit2/install/moveit_core/lib:/home/b/ws_moveit2/install/srdfdom/lib:${LD_LIBRARY_PATH} PATH=/home/b/ws_moveit2/install/moveit_core/bin:${PATH} PYTHONPATH=/home/b/ws_moveit2/install/moveit_configs_utils/lib/python3.10/site-packages:/home/b/ws_moveit2/install/srdfdom/local/lib/python3.10/dist-packages:/home/b/ws_moveit2/install/launch_param_builder/lib/python3.10/site-packages:${PYTHONPATH} /usr/bin/cmake /home/b/ws_moveit2/src/moveit2/moveit_py -DCMAKE_BUILD_TYPE=Release -DCMAKE_INSTALL_PREFIX=/home/b/ws_moveit2/install/moveit_py
[17.760s] Invoking command in '/home/b/ws_moveit2/build/moveit_py': AMENT_PREFIX_PATH=/home/b/ws_moveit2/install/moveit_ros_planning_interface:/home/b/ws_moveit2/install/moveit_ros_move_group:/home/b/ws_moveit2/install/moveit_ros_warehouse:/home/b/ws_moveit2/install/moveit_planners_ompl:/home/b/ws_moveit2/install/moveit_kinematics:/home/b/ws_moveit2/install/moveit_ros_planning:/home/b/ws_moveit2/install/moveit_simple_controller_manager:/home/b/ws_moveit2/install/moveit_ros_occupancy_map_monitor:/home/b/ws_moveit2/install/moveit_core:/home/b/ws_moveit2/install/moveit_resources_panda_moveit_config:/home/b/ws_moveit2/install/moveit_resources_fanuc_moveit_config:/home/b/ws_moveit2/install/moveit_configs_utils:/home/b/ws_moveit2/install/srdfdom:/home/b/ws_moveit2/install/moveit_resources_pr2_description:/home/b/ws_moveit2/install/moveit_resources_panda_description:/home/b/ws_moveit2/install/moveit_resources_fanuc_description:/home/b/ws_moveit2/install/moveit_common:/home/b/ws_moveit2/install/launch_param_builder:${AMENT_PREFIX_PATH} CMAKE_PREFIX_PATH=/home/b/ws_moveit2/install/moveit_ros_planning_interface:/home/b/ws_moveit2/install/moveit_ros_move_group:/home/b/ws_moveit2/install/moveit_ros_warehouse:/home/b/ws_moveit2/install/moveit_planners_ompl:/home/b/ws_moveit2/install/moveit_kinematics:/home/b/ws_moveit2/install/moveit_ros_planning:/home/b/ws_moveit2/install/moveit_simple_controller_manager:/home/b/ws_moveit2/install/moveit_ros_occupancy_map_monitor:/home/b/ws_moveit2/install/moveit_core:/home/b/ws_moveit2/install/moveit_resources_panda_moveit_config:/home/b/ws_moveit2/install/moveit_resources_fanuc_moveit_config:/home/b/ws_moveit2/install/srdfdom:/home/b/ws_moveit2/install/moveit_resources_pr2_description:/home/b/ws_moveit2/install/moveit_resources_panda_description:/home/b/ws_moveit2/install/moveit_resources_fanuc_description:/home/b/ws_moveit2/install/moveit_common:/opt/ros/humble LD_LIBRARY_PATH=/home/b/ws_moveit2/install/moveit_ros_planning_interface/lib:/home/b/ws_moveit2/install/moveit_ros_move_group/lib:/home/b/ws_moveit2/install/moveit_ros_warehouse/lib:/home/b/ws_moveit2/install/moveit_planners_ompl/lib:/home/b/ws_moveit2/install/moveit_kinematics/lib:/home/b/ws_moveit2/install/moveit_ros_planning/lib:/home/b/ws_moveit2/install/moveit_simple_controller_manager/lib:/home/b/ws_moveit2/install/moveit_ros_occupancy_map_monitor/lib:/home/b/ws_moveit2/install/moveit_core/lib:/home/b/ws_moveit2/install/srdfdom/lib:${LD_LIBRARY_PATH} PATH=/home/b/ws_moveit2/install/moveit_core/bin:${PATH} PYTHONPATH=/home/b/ws_moveit2/install/moveit_configs_utils/lib/python3.10/site-packages:/home/b/ws_moveit2/install/srdfdom/local/lib/python3.10/dist-packages:/home/b/ws_moveit2/install/launch_param_builder/lib/python3.10/site-packages:${PYTHONPATH} /usr/bin/cmake --build /home/b/ws_moveit2/build/moveit_py -- -j12 -l12
[17.921s] [  0%] Built target ament_cmake_python_copy_moveit
[17.941s] [  4%] [32mBuilding CXX object src/moveit/moveit_py_utils/CMakeFiles/moveit_py_utils.dir/src/copy_ros_msg.cpp.o[0m
[17.943s] [  8%] [32mBuilding CXX object src/moveit/moveit_py_utils/CMakeFiles/moveit_py_utils.dir/src/ros_msg_typecasters.cpp.o[0m
[18.596s] running egg_info
[18.598s] creating moveit.egg-info
[18.598s] writing moveit.egg-info/PKG-INFO
[18.599s] writing dependency_links to moveit.egg-info/dependency_links.txt
[18.599s] writing top-level names to moveit.egg-info/top_level.txt
[18.604s] writing manifest file 'moveit.egg-info/SOURCES.txt'
[18.605s] reading manifest file 'moveit.egg-info/SOURCES.txt'
[18.607s] writing manifest file 'moveit.egg-info/SOURCES.txt'
[18.690s] [  8%] Built target ament_cmake_python_build_moveit_egg
[43.338s] [ 12%] [32m[1mLinking CXX shared library libmoveit_py_utils.so[0m
[46.326s] [ 12%] Built target moveit_py_utils
[46.440s] [ 16%] [32mBuilding CXX object CMakeFiles/core.dir/src/moveit/core.cpp.o[0m
[71.806s] [ 20%] [32mBuilding CXX object CMakeFiles/core.dir/src/moveit/moveit_core/robot_model/joint_model_group.cpp.o[0m
[82.874s] [ 25%] [32mBuilding CXX object CMakeFiles/core.dir/src/moveit/moveit_core/robot_model/robot_model.cpp.o[0m
[82.880s] [ 29%] [32mBuilding CXX object CMakeFiles/core.dir/src/moveit/moveit_core/robot_model/joint_model.cpp.o[0m
[83.901s] [ 33%] [32mBuilding CXX object CMakeFiles/core.dir/src/moveit/moveit_core/planning_scene/planning_scene.cpp.o[0m
[83.909s] [ 37%] [32mBuilding CXX object CMakeFiles/core.dir/src/moveit/moveit_core/transforms/transforms.cpp.o[0m
[83.923s] [ 41%] [32mBuilding CXX object CMakeFiles/core.dir/src/moveit/moveit_core/kinematic_constraints/utils.cpp.o[0m
[83.933s] [ 45%] [32mBuilding CXX object CMakeFiles/core.dir/src/moveit/moveit_core/planning_interface/planning_response.cpp.o[0m
[85.002s] [ 50%] [32mBuilding CXX object CMakeFiles/core.dir/src/moveit/moveit_core/collision_detection/world.cpp.o[0m
[85.033s] [ 54%] [32mBuilding CXX object CMakeFiles/core.dir/src/moveit/moveit_core/controller_manager/controller_manager.cpp.o[0m
[86.085s] [ 58%] [32mBuilding CXX object CMakeFiles/core.dir/src/moveit/moveit_core/collision_detection/collision_common.cpp.o[0m
[86.131s] [ 62%] [32mBuilding CXX object CMakeFiles/core.dir/src/moveit/moveit_core/collision_detection/collision_matrix.cpp.o[0m
[88.203s] [ 66%] [32mBuilding CXX object CMakeFiles/core.dir/src/moveit/moveit_core/robot_state/robot_state.cpp.o[0m
[108.471s] [ 70%] [32mBuilding CXX object CMakeFiles/core.dir/src/moveit/moveit_core/robot_trajectory/robot_trajectory.cpp.o[0m
[128.102s] [ 75%] [32m[1mLinking CXX shared module test_moveit/core.cpython-310-x86_64-linux-gnu.so[0m
[131.835s] lto-wrapper: warning: using serial compilation of 9 LTRANS jobs
[153.937s] [ 75%] Built target core
[154.004s] [ 79%] [32mBuilding CXX object CMakeFiles/planning.dir/src/moveit/moveit_ros/moveit_cpp/moveit_cpp.cpp.o[0m
[154.032s] [ 83%] [32mBuilding CXX object CMakeFiles/planning.dir/src/moveit/planning.cpp.o[0m
[183.048s] [ 87%] [32mBuilding CXX object CMakeFiles/planning.dir/src/moveit/moveit_ros/moveit_cpp/planning_component.cpp.o[0m
[183.053s] [ 91%] [32mBuilding CXX object CMakeFiles/planning.dir/src/moveit/moveit_ros/trajectory_execution_manager/trajectory_execution_manager.cpp.o[0m
[183.056s] [ 95%] [32mBuilding CXX object CMakeFiles/planning.dir/src/moveit/moveit_ros/planning_scene_monitor/planning_scene_monitor.cpp.o[0m
[224.045s] [100%] [32m[1mLinking CXX shared module test_moveit/planning.cpython-310-x86_64-linux-gnu.so[0m
[225.470s] lto-wrapper: warning: using serial compilation of 6 LTRANS jobs
[239.967s] [100%] Built target planning
[239.986s] Invoked command in '/home/b/ws_moveit2/build/moveit_py' returned '0': AMENT_PREFIX_PATH=/home/b/ws_moveit2/install/moveit_ros_planning_interface:/home/b/ws_moveit2/install/moveit_ros_move_group:/home/b/ws_moveit2/install/moveit_ros_warehouse:/home/b/ws_moveit2/install/moveit_planners_ompl:/home/b/ws_moveit2/install/moveit_kinematics:/home/b/ws_moveit2/install/moveit_ros_planning:/home/b/ws_moveit2/install/moveit_simple_controller_manager:/home/b/ws_moveit2/install/moveit_ros_occupancy_map_monitor:/home/b/ws_moveit2/install/moveit_core:/home/b/ws_moveit2/install/moveit_resources_panda_moveit_config:/home/b/ws_moveit2/install/moveit_resources_fanuc_moveit_config:/home/b/ws_moveit2/install/moveit_configs_utils:/home/b/ws_moveit2/install/srdfdom:/home/b/ws_moveit2/install/moveit_resources_pr2_description:/home/b/ws_moveit2/install/moveit_resources_panda_description:/home/b/ws_moveit2/install/moveit_resources_fanuc_description:/home/b/ws_moveit2/install/moveit_common:/home/b/ws_moveit2/install/launch_param_builder:${AMENT_PREFIX_PATH} CMAKE_PREFIX_PATH=/home/b/ws_moveit2/install/moveit_ros_planning_interface:/home/b/ws_moveit2/install/moveit_ros_move_group:/home/b/ws_moveit2/install/moveit_ros_warehouse:/home/b/ws_moveit2/install/moveit_planners_ompl:/home/b/ws_moveit2/install/moveit_kinematics:/home/b/ws_moveit2/install/moveit_ros_planning:/home/b/ws_moveit2/install/moveit_simple_controller_manager:/home/b/ws_moveit2/install/moveit_ros_occupancy_map_monitor:/home/b/ws_moveit2/install/moveit_core:/home/b/ws_moveit2/install/moveit_resources_panda_moveit_config:/home/b/ws_moveit2/install/moveit_resources_fanuc_moveit_config:/home/b/ws_moveit2/install/srdfdom:/home/b/ws_moveit2/install/moveit_resources_pr2_description:/home/b/ws_moveit2/install/moveit_resources_panda_description:/home/b/ws_moveit2/install/moveit_resources_fanuc_description:/home/b/ws_moveit2/install/moveit_common:/opt/ros/humble LD_LIBRARY_PATH=/home/b/ws_moveit2/install/moveit_ros_planning_interface/lib:/home/b/ws_moveit2/install/moveit_ros_move_group/lib:/home/b/ws_moveit2/install/moveit_ros_warehouse/lib:/home/b/ws_moveit2/install/moveit_planners_ompl/lib:/home/b/ws_moveit2/install/moveit_kinematics/lib:/home/b/ws_moveit2/install/moveit_ros_planning/lib:/home/b/ws_moveit2/install/moveit_simple_controller_manager/lib:/home/b/ws_moveit2/install/moveit_ros_occupancy_map_monitor/lib:/home/b/ws_moveit2/install/moveit_core/lib:/home/b/ws_moveit2/install/srdfdom/lib:${LD_LIBRARY_PATH} PATH=/home/b/ws_moveit2/install/moveit_core/bin:${PATH} PYTHONPATH=/home/b/ws_moveit2/install/moveit_configs_utils/lib/python3.10/site-packages:/home/b/ws_moveit2/install/srdfdom/local/lib/python3.10/dist-packages:/home/b/ws_moveit2/install/launch_param_builder/lib/python3.10/site-packages:${PYTHONPATH} /usr/bin/cmake --build /home/b/ws_moveit2/build/moveit_py -- -j12 -l12
[239.988s] Invoking command in '/home/b/ws_moveit2/build/moveit_py': AMENT_PREFIX_PATH=/home/b/ws_moveit2/install/moveit_ros_planning_interface:/home/b/ws_moveit2/install/moveit_ros_move_group:/home/b/ws_moveit2/install/moveit_ros_warehouse:/home/b/ws_moveit2/install/moveit_planners_ompl:/home/b/ws_moveit2/install/moveit_kinematics:/home/b/ws_moveit2/install/moveit_ros_planning:/home/b/ws_moveit2/install/moveit_simple_controller_manager:/home/b/ws_moveit2/install/moveit_ros_occupancy_map_monitor:/home/b/ws_moveit2/install/moveit_core:/home/b/ws_moveit2/install/moveit_resources_panda_moveit_config:/home/b/ws_moveit2/install/moveit_resources_fanuc_moveit_config:/home/b/ws_moveit2/install/moveit_configs_utils:/home/b/ws_moveit2/install/srdfdom:/home/b/ws_moveit2/install/moveit_resources_pr2_description:/home/b/ws_moveit2/install/moveit_resources_panda_description:/home/b/ws_moveit2/install/moveit_resources_fanuc_description:/home/b/ws_moveit2/install/moveit_common:/home/b/ws_moveit2/install/launch_param_builder:${AMENT_PREFIX_PATH} CMAKE_PREFIX_PATH=/home/b/ws_moveit2/install/moveit_ros_planning_interface:/home/b/ws_moveit2/install/moveit_ros_move_group:/home/b/ws_moveit2/install/moveit_ros_warehouse:/home/b/ws_moveit2/install/moveit_planners_ompl:/home/b/ws_moveit2/install/moveit_kinematics:/home/b/ws_moveit2/install/moveit_ros_planning:/home/b/ws_moveit2/install/moveit_simple_controller_manager:/home/b/ws_moveit2/install/moveit_ros_occupancy_map_monitor:/home/b/ws_moveit2/install/moveit_core:/home/b/ws_moveit2/install/moveit_resources_panda_moveit_config:/home/b/ws_moveit2/install/moveit_resources_fanuc_moveit_config:/home/b/ws_moveit2/install/srdfdom:/home/b/ws_moveit2/install/moveit_resources_pr2_description:/home/b/ws_moveit2/install/moveit_resources_panda_description:/home/b/ws_moveit2/install/moveit_resources_fanuc_description:/home/b/ws_moveit2/install/moveit_common:/opt/ros/humble LD_LIBRARY_PATH=/home/b/ws_moveit2/install/moveit_ros_planning_interface/lib:/home/b/ws_moveit2/install/moveit_ros_move_group/lib:/home/b/ws_moveit2/install/moveit_ros_warehouse/lib:/home/b/ws_moveit2/install/moveit_planners_ompl/lib:/home/b/ws_moveit2/install/moveit_kinematics/lib:/home/b/ws_moveit2/install/moveit_ros_planning/lib:/home/b/ws_moveit2/install/moveit_simple_controller_manager/lib:/home/b/ws_moveit2/install/moveit_ros_occupancy_map_monitor/lib:/home/b/ws_moveit2/install/moveit_core/lib:/home/b/ws_moveit2/install/srdfdom/lib:${LD_LIBRARY_PATH} PATH=/home/b/ws_moveit2/install/moveit_core/bin:${PATH} PYTHONPATH=/home/b/ws_moveit2/install/moveit_configs_utils/lib/python3.10/site-packages:/home/b/ws_moveit2/install/srdfdom/local/lib/python3.10/dist-packages:/home/b/ws_moveit2/install/launch_param_builder/lib/python3.10/site-packages:${PYTHONPATH} /usr/bin/cmake --install /home/b/ws_moveit2/build/moveit_py
[240.009s] -- Install configuration: "Release"
[240.010s] -- Installing: /home/b/ws_moveit2/install/moveit_py/lib/libmoveit_py_utils.so.
[240.010s] -- Set runtime path of "/home/b/ws_moveit2/install/moveit_py/lib/libmoveit_py_utils.so." to ""
[240.010s] -- Installing: /home/b/ws_moveit2/install/moveit_py/lib/libmoveit_py_utils.so
[240.010s] -- Installing: /home/b/ws_moveit2/install/moveit_py/include/moveit_py
[240.011s] -- Installing: /home/b/ws_moveit2/install/moveit_py/include/moveit_py/moveit_py
[240.011s] -- Installing: /home/b/ws_moveit2/install/moveit_py/include/moveit_py/moveit_py/moveit_py_utils
[240.015s] -- Installing: /home/b/ws_moveit2/install/moveit_py/include/moveit_py/moveit_py/moveit_py_utils/copy_ros_msg.h
[240.016s] -- Installing: /home/b/ws_moveit2/install/moveit_py/include/moveit_py/moveit_py/moveit_py_utils/ros_msg_typecasters.h
[240.016s] -- Installing: /home/b/ws_moveit2/install/moveit_py/include/moveit_py/moveit_py/moveit_py_utils/rclpy_time_typecaster.hpp
[240.016s] -- Installing: /home/b/ws_moveit2/install/moveit_py/include/moveit_py/moveit_py/moveit_py_utils/copy_ros_msg.hpp
[240.016s] -- Installing: /home/b/ws_moveit2/install/moveit_py/include/moveit_py/moveit_py/moveit_py_utils/ros_msg_typecasters.hpp
[240.016s] -- Installing: /home/b/ws_moveit2/install/moveit_py/share/moveit_py/environment/pythonpath.sh
[240.016s] -- Installing: /home/b/ws_moveit2/install/moveit_py/share/moveit_py/environment/pythonpath.dsv
[240.016s] -- Installing: /home/b/ws_moveit2/install/moveit_py/local/lib/python3.10/dist-packages/moveit-2.5.9-py3.10.egg-info
[240.016s] -- Installing: /home/b/ws_moveit2/install/moveit_py/local/lib/python3.10/dist-packages/moveit-2.5.9-py3.10.egg-info/dependency_links.txt
[240.016s] -- Installing: /home/b/ws_moveit2/install/moveit_py/local/lib/python3.10/dist-packages/moveit-2.5.9-py3.10.egg-info/SOURCES.txt
[240.016s] -- Installing: /home/b/ws_moveit2/install/moveit_py/local/lib/python3.10/dist-packages/moveit-2.5.9-py3.10.egg-info/PKG-INFO
[240.016s] -- Installing: /home/b/ws_moveit2/install/moveit_py/local/lib/python3.10/dist-packages/moveit-2.5.9-py3.10.egg-info/top_level.txt
[240.016s] -- Installing: /home/b/ws_moveit2/install/moveit_py/local/lib/python3.10/dist-packages/moveit
[240.016s] -- Installing: /home/b/ws_moveit2/install/moveit_py/local/lib/python3.10/dist-packages/moveit/planning.pyi
[240.016s] -- Installing: /home/b/ws_moveit2/install/moveit_py/local/lib/python3.10/dist-packages/moveit/__init__.py
[240.017s] -- Installing: /home/b/ws_moveit2/install/moveit_py/local/lib/python3.10/dist-packages/moveit/core
[240.017s] -- Installing: /home/b/ws_moveit2/install/moveit_py/local/lib/python3.10/dist-packages/moveit/core/planning_scene.pyi
[240.017s] -- Installing: /home/b/ws_moveit2/install/moveit_py/local/lib/python3.10/dist-packages/moveit/core/robot_state.pyi
[240.017s] -- Installing: /home/b/ws_moveit2/install/moveit_py/local/lib/python3.10/dist-packages/moveit/core/collision_detection.pyi
[240.017s] -- Installing: /home/b/ws_moveit2/install/moveit_py/local/lib/python3.10/dist-packages/moveit/core/__init__.pyi
[240.017s] -- Installing: /home/b/ws_moveit2/install/moveit_py/local/lib/python3.10/dist-packages/moveit/core/robot_trajectory.pyi
[240.018s] -- Installing: /home/b/ws_moveit2/install/moveit_py/local/lib/python3.10/dist-packages/moveit/core/kinematic_constraints.pyi
[240.018s] -- Installing: /home/b/ws_moveit2/install/moveit_py/local/lib/python3.10/dist-packages/moveit/core/controller_manager.pyi
[240.018s] -- Installing: /home/b/ws_moveit2/install/moveit_py/local/lib/python3.10/dist-packages/moveit/core/robot_model.pyi
[240.018s] -- Installing: /home/b/ws_moveit2/install/moveit_py/local/lib/python3.10/dist-packages/moveit/core/planning_interface.pyi
[240.018s] -- Installing: /home/b/ws_moveit2/install/moveit_py/local/lib/python3.10/dist-packages/moveit/utils.pyi
[240.018s] -- Installing: /home/b/ws_moveit2/install/moveit_py/local/lib/python3.10/dist-packages/moveit/README.md
[240.019s] -- Installing: /home/b/ws_moveit2/install/moveit_py/local/lib/python3.10/dist-packages/moveit/utils.py
[240.100s] Listing '/home/b/ws_moveit2/install/moveit_py/local/lib/python3.10/dist-packages/moveit'...
[240.100s] Compiling '/home/b/ws_moveit2/install/moveit_py/local/lib/python3.10/dist-packages/moveit/__init__.py'...
[240.100s] Listing '/home/b/ws_moveit2/install/moveit_py/local/lib/python3.10/dist-packages/moveit/core'...
[240.100s] Compiling '/home/b/ws_moveit2/install/moveit_py/local/lib/python3.10/dist-packages/moveit/utils.py'...
[240.110s] -- Installing: /home/b/ws_moveit2/install/moveit_py/local/lib/python3.10/dist-packages/moveit/core.cpython-310-x86_64-linux-gnu.so
[240.112s] -- Set runtime path of "/home/b/ws_moveit2/install/moveit_py/local/lib/python3.10/dist-packages/moveit/core.cpython-310-x86_64-linux-gnu.so" to ""
[240.112s] -- Installing: /home/b/ws_moveit2/install/moveit_py/local/lib/python3.10/dist-packages/moveit/planning.cpython-310-x86_64-linux-gnu.so
[240.114s] -- Set runtime path of "/home/b/ws_moveit2/install/moveit_py/local/lib/python3.10/dist-packages/moveit/planning.cpython-310-x86_64-linux-gnu.so" to ""
[240.115s] -- Installing: /home/b/ws_moveit2/install/moveit_py/share/moveit_py/environment/library_path.sh
[240.117s] -- Installing: /home/b/ws_moveit2/install/moveit_py/share/moveit_py/environment/library_path.dsv
[240.117s] -- Installing: /home/b/ws_moveit2/install/moveit_py/share/ament_index/resource_index/package_run_dependencies/moveit_py
[240.118s] -- Installing: /home/b/ws_moveit2/install/moveit_py/share/ament_index/resource_index/parent_prefix_path/moveit_py
[240.119s] -- Installing: /home/b/ws_moveit2/install/moveit_py/share/moveit_py/environment/ament_prefix_path.sh
[240.119s] -- Installing: /home/b/ws_moveit2/install/moveit_py/share/moveit_py/environment/ament_prefix_path.dsv
[240.120s] -- Installing: /home/b/ws_moveit2/install/moveit_py/share/moveit_py/environment/path.sh
[240.121s] -- Installing: /home/b/ws_moveit2/install/moveit_py/share/moveit_py/environment/path.dsv
[240.121s] -- Installing: /home/b/ws_moveit2/install/moveit_py/share/moveit_py/local_setup.bash
[240.124s] -- Installing: /home/b/ws_moveit2/install/moveit_py/share/moveit_py/local_setup.sh
[240.124s] -- Installing: /home/b/ws_moveit2/install/moveit_py/share/moveit_py/local_setup.zsh
[240.124s] -- Installing: /home/b/ws_moveit2/install/moveit_py/share/moveit_py/local_setup.dsv
[240.124s] -- Installing: /home/b/ws_moveit2/install/moveit_py/share/moveit_py/package.dsv
[240.124s] -- Installing: /home/b/ws_moveit2/install/moveit_py/share/ament_index/resource_index/packages/moveit_py
[240.124s] -- Installing: /home/b/ws_moveit2/install/moveit_py/share/moveit_py/cmake/moveit_py_utilsTargetsExport.cmake
[240.125s] -- Installing: /home/b/ws_moveit2/install/moveit_py/share/moveit_py/cmake/moveit_py_utilsTargetsExport-release.cmake
[240.125s] -- Installing: /home/b/ws_moveit2/install/moveit_py/share/moveit_py/cmake/ament_cmake_export_targets-extras.cmake
[240.126s] -- Installing: /home/b/ws_moveit2/install/moveit_py/share/moveit_py/cmake/ament_cmake_export_dependencies-extras.cmake
[240.126s] -- Installing: /home/b/ws_moveit2/install/moveit_py/share/moveit_py/cmake/moveit_pyConfig.cmake
[240.126s] -- Installing: /home/b/ws_moveit2/install/moveit_py/share/moveit_py/cmake/moveit_pyConfig-version.cmake
[240.126s] -- Installing: /home/b/ws_moveit2/install/moveit_py/share/moveit_py/package.xml
[240.129s] Invoked command in '/home/b/ws_moveit2/build/moveit_py' returned '0': AMENT_PREFIX_PATH=/home/b/ws_moveit2/install/moveit_ros_planning_interface:/home/b/ws_moveit2/install/moveit_ros_move_group:/home/b/ws_moveit2/install/moveit_ros_warehouse:/home/b/ws_moveit2/install/moveit_planners_ompl:/home/b/ws_moveit2/install/moveit_kinematics:/home/b/ws_moveit2/install/moveit_ros_planning:/home/b/ws_moveit2/install/moveit_simple_controller_manager:/home/b/ws_moveit2/install/moveit_ros_occupancy_map_monitor:/home/b/ws_moveit2/install/moveit_core:/home/b/ws_moveit2/install/moveit_resources_panda_moveit_config:/home/b/ws_moveit2/install/moveit_resources_fanuc_moveit_config:/home/b/ws_moveit2/install/moveit_configs_utils:/home/b/ws_moveit2/install/srdfdom:/home/b/ws_moveit2/install/moveit_resources_pr2_description:/home/b/ws_moveit2/install/moveit_resources_panda_description:/home/b/ws_moveit2/install/moveit_resources_fanuc_description:/home/b/ws_moveit2/install/moveit_common:/home/b/ws_moveit2/install/launch_param_builder:${AMENT_PREFIX_PATH} CMAKE_PREFIX_PATH=/home/b/ws_moveit2/install/moveit_ros_planning_interface:/home/b/ws_moveit2/install/moveit_ros_move_group:/home/b/ws_moveit2/install/moveit_ros_warehouse:/home/b/ws_moveit2/install/moveit_planners_ompl:/home/b/ws_moveit2/install/moveit_kinematics:/home/b/ws_moveit2/install/moveit_ros_planning:/home/b/ws_moveit2/install/moveit_simple_controller_manager:/home/b/ws_moveit2/install/moveit_ros_occupancy_map_monitor:/home/b/ws_moveit2/install/moveit_core:/home/b/ws_moveit2/install/moveit_resources_panda_moveit_config:/home/b/ws_moveit2/install/moveit_resources_fanuc_moveit_config:/home/b/ws_moveit2/install/srdfdom:/home/b/ws_moveit2/install/moveit_resources_pr2_description:/home/b/ws_moveit2/install/moveit_resources_panda_description:/home/b/ws_moveit2/install/moveit_resources_fanuc_description:/home/b/ws_moveit2/install/moveit_common:/opt/ros/humble LD_LIBRARY_PATH=/home/b/ws_moveit2/install/moveit_ros_planning_interface/lib:/home/b/ws_moveit2/install/moveit_ros_move_group/lib:/home/b/ws_moveit2/install/moveit_ros_warehouse/lib:/home/b/ws_moveit2/install/moveit_planners_ompl/lib:/home/b/ws_moveit2/install/moveit_kinematics/lib:/home/b/ws_moveit2/install/moveit_ros_planning/lib:/home/b/ws_moveit2/install/moveit_simple_controller_manager/lib:/home/b/ws_moveit2/install/moveit_ros_occupancy_map_monitor/lib:/home/b/ws_moveit2/install/moveit_core/lib:/home/b/ws_moveit2/install/srdfdom/lib:${LD_LIBRARY_PATH} PATH=/home/b/ws_moveit2/install/moveit_core/bin:${PATH} PYTHONPATH=/home/b/ws_moveit2/install/moveit_configs_utils/lib/python3.10/site-packages:/home/b/ws_moveit2/install/srdfdom/local/lib/python3.10/dist-packages:/home/b/ws_moveit2/install/launch_param_builder/lib/python3.10/site-packages:${PYTHONPATH} /usr/bin/cmake --install /home/b/ws_moveit2/build/moveit_py
