-- Found ament_cmake: 1.3.14 (/opt/ros/humble/share/ament_cmake/cmake)
-- Override CMake install command with custom implementation using symlinks instead of copying resources
-- Configuring done
-- Generating done
-- Build files have been written to: /home/b/ws_moveit2/build/ur_moveit_config
-- Install configuration: ""
-- Execute custom install script
-- Symlinking: /home/b/ws_moveit2/install/ur_moveit_config/share/ur_moveit_config/config/kinematics.yaml
-- Symlinking: /home/b/ws_moveit2/install/ur_moveit_config/share/ur_moveit_config/launch/ur_moveit.launch.py
-- Symlinking: /home/b/ws_moveit2/install/ur_moveit_config/share/ament_index/resource_index/package_run_dependencies/ur_moveit_config
-- Symlinking: /home/b/ws_moveit2/install/ur_moveit_config/share/ament_index/resource_index/parent_prefix_path/ur_moveit_config
-- Symlinking: /home/b/ws_moveit2/install/ur_moveit_config/share/ur_moveit_config/environment/ament_prefix_path.sh
-- Symlinking: /home/b/ws_moveit2/install/ur_moveit_config/share/ur_moveit_config/environment/ament_prefix_path.dsv
-- Symlinking: /home/b/ws_moveit2/install/ur_moveit_config/share/ur_moveit_config/environment/path.sh
-- Symlinking: /home/b/ws_moveit2/install/ur_moveit_config/share/ur_moveit_config/environment/path.dsv
-- Symlinking: /home/b/ws_moveit2/install/ur_moveit_config/share/ur_moveit_config/local_setup.bash
-- Symlinking: /home/b/ws_moveit2/install/ur_moveit_config/share/ur_moveit_config/local_setup.sh
-- Symlinking: /home/b/ws_moveit2/install/ur_moveit_config/share/ur_moveit_config/local_setup.zsh
-- Symlinking: /home/b/ws_moveit2/install/ur_moveit_config/share/ur_moveit_config/local_setup.dsv
-- Symlinking: /home/b/ws_moveit2/install/ur_moveit_config/share/ur_moveit_config/package.dsv
-- Symlinking: /home/b/ws_moveit2/install/ur_moveit_config/share/ament_index/resource_index/packages/ur_moveit_config
-- Symlinking: /home/b/ws_moveit2/install/ur_moveit_config/share/ur_moveit_config/cmake/ur_moveit_configConfig.cmake
-- Symlinking: /home/b/ws_moveit2/install/ur_moveit_config/share/ur_moveit_config/cmake/ur_moveit_configConfig-version.cmake
-- Symlinking: /home/b/ws_moveit2/install/ur_moveit_config/share/ur_moveit_config/package.xml
