[0.195s] Invoking command in '/home/b/ws_moveit2/src/build/moveit_resources': AMENT_PREFIX_PATH=/home/b/ws_moveit2/src/install/moveit_resources_panda_moveit_config:/home/b/ws_moveit2/src/install/moveit_resources_fanuc_moveit_config:/home/b/ws_moveit2/src/install/moveit_resources_pr2_description:/home/b/ws_moveit2/src/install/moveit_resources_panda_description:/home/b/ws_moveit2/src/install/moveit_resources_fanuc_description:${AMENT_PREFIX_PATH} CMAKE_PREFIX_PATH=/home/b/ws_moveit2/src/install/moveit_resources_panda_moveit_config:/home/b/ws_moveit2/src/install/moveit_resources_fanuc_moveit_config:/home/b/ws_moveit2/src/install/moveit_resources_pr2_description:/home/b/ws_moveit2/src/install/moveit_resources_panda_description:/home/b/ws_moveit2/src/install/moveit_resources_fanuc_description:/opt/ros/humble /usr/bin/cmake /home/b/ws_moveit2/src/moveit_resources/moveit_resources -DCMAKE_INSTALL_PREFIX=/home/b/ws_moveit2/src/install/moveit_resources
[0.363s] -- The C compiler identification is GNU 11.4.0
[0.806s] -- The CXX compiler identification is GNU 11.4.0
[1.160s] -- Detecting C compiler ABI info
[1.271s] -- Detecting C compiler ABI info - done
[1.279s] -- Check for working C compiler: /usr/bin/cc - skipped
[1.280s] -- Detecting C compile features
[1.280s] -- Detecting C compile features - done
[1.281s] -- Detecting CXX compiler ABI info
[1.413s] -- Detecting CXX compiler ABI info - done
[1.417s] -- Check for working CXX compiler: /usr/bin/c++ - skipped
[1.418s] -- Detecting CXX compile features
[1.418s] -- Detecting CXX compile features - done
[1.420s] -- Found ament_cmake: 1.3.13 (/opt/ros/humble/share/ament_cmake/cmake)
[1.553s] -- Found Python3: /usr/bin/python3 (found version "3.10.12") found components: Interpreter 
[1.691s] -- Configuring done
[1.693s] -- Generating done
[1.695s] -- Build files have been written to: /home/b/ws_moveit2/src/build/moveit_resources
[1.698s] Invoked command in '/home/b/ws_moveit2/src/build/moveit_resources' returned '0': AMENT_PREFIX_PATH=/home/b/ws_moveit2/src/install/moveit_resources_panda_moveit_config:/home/b/ws_moveit2/src/install/moveit_resources_fanuc_moveit_config:/home/b/ws_moveit2/src/install/moveit_resources_pr2_description:/home/b/ws_moveit2/src/install/moveit_resources_panda_description:/home/b/ws_moveit2/src/install/moveit_resources_fanuc_description:${AMENT_PREFIX_PATH} CMAKE_PREFIX_PATH=/home/b/ws_moveit2/src/install/moveit_resources_panda_moveit_config:/home/b/ws_moveit2/src/install/moveit_resources_fanuc_moveit_config:/home/b/ws_moveit2/src/install/moveit_resources_pr2_description:/home/b/ws_moveit2/src/install/moveit_resources_panda_description:/home/b/ws_moveit2/src/install/moveit_resources_fanuc_description:/opt/ros/humble /usr/bin/cmake /home/b/ws_moveit2/src/moveit_resources/moveit_resources -DCMAKE_INSTALL_PREFIX=/home/b/ws_moveit2/src/install/moveit_resources
[1.700s] Invoking command in '/home/b/ws_moveit2/src/build/moveit_resources': AMENT_PREFIX_PATH=/home/b/ws_moveit2/src/install/moveit_resources_panda_moveit_config:/home/b/ws_moveit2/src/install/moveit_resources_fanuc_moveit_config:/home/b/ws_moveit2/src/install/moveit_resources_pr2_description:/home/b/ws_moveit2/src/install/moveit_resources_panda_description:/home/b/ws_moveit2/src/install/moveit_resources_fanuc_description:${AMENT_PREFIX_PATH} CMAKE_PREFIX_PATH=/home/b/ws_moveit2/src/install/moveit_resources_panda_moveit_config:/home/b/ws_moveit2/src/install/moveit_resources_fanuc_moveit_config:/home/b/ws_moveit2/src/install/moveit_resources_pr2_description:/home/b/ws_moveit2/src/install/moveit_resources_panda_description:/home/b/ws_moveit2/src/install/moveit_resources_fanuc_description:/opt/ros/humble /usr/bin/cmake --build /home/b/ws_moveit2/src/build/moveit_resources -- -j12 -l12
[1.731s] Invoked command in '/home/b/ws_moveit2/src/build/moveit_resources' returned '0': AMENT_PREFIX_PATH=/home/b/ws_moveit2/src/install/moveit_resources_panda_moveit_config:/home/b/ws_moveit2/src/install/moveit_resources_fanuc_moveit_config:/home/b/ws_moveit2/src/install/moveit_resources_pr2_description:/home/b/ws_moveit2/src/install/moveit_resources_panda_description:/home/b/ws_moveit2/src/install/moveit_resources_fanuc_description:${AMENT_PREFIX_PATH} CMAKE_PREFIX_PATH=/home/b/ws_moveit2/src/install/moveit_resources_panda_moveit_config:/home/b/ws_moveit2/src/install/moveit_resources_fanuc_moveit_config:/home/b/ws_moveit2/src/install/moveit_resources_pr2_description:/home/b/ws_moveit2/src/install/moveit_resources_panda_description:/home/b/ws_moveit2/src/install/moveit_resources_fanuc_description:/opt/ros/humble /usr/bin/cmake --build /home/b/ws_moveit2/src/build/moveit_resources -- -j12 -l12
[1.733s] Invoking command in '/home/b/ws_moveit2/src/build/moveit_resources': AMENT_PREFIX_PATH=/home/b/ws_moveit2/src/install/moveit_resources_panda_moveit_config:/home/b/ws_moveit2/src/install/moveit_resources_fanuc_moveit_config:/home/b/ws_moveit2/src/install/moveit_resources_pr2_description:/home/b/ws_moveit2/src/install/moveit_resources_panda_description:/home/b/ws_moveit2/src/install/moveit_resources_fanuc_description:${AMENT_PREFIX_PATH} CMAKE_PREFIX_PATH=/home/b/ws_moveit2/src/install/moveit_resources_panda_moveit_config:/home/b/ws_moveit2/src/install/moveit_resources_fanuc_moveit_config:/home/b/ws_moveit2/src/install/moveit_resources_pr2_description:/home/b/ws_moveit2/src/install/moveit_resources_panda_description:/home/b/ws_moveit2/src/install/moveit_resources_fanuc_description:/opt/ros/humble /usr/bin/cmake --install /home/b/ws_moveit2/src/build/moveit_resources
[1.738s] -- Install configuration: ""
[1.738s] -- Installing: /home/b/ws_moveit2/src/install/moveit_resources/share/ament_index/resource_index/package_run_dependencies/moveit_resources
[1.739s] -- Installing: /home/b/ws_moveit2/src/install/moveit_resources/share/ament_index/resource_index/parent_prefix_path/moveit_resources
[1.739s] -- Installing: /home/b/ws_moveit2/src/install/moveit_resources/share/moveit_resources/environment/ament_prefix_path.sh
[1.740s] -- Installing: /home/b/ws_moveit2/src/install/moveit_resources/share/moveit_resources/environment/ament_prefix_path.dsv
[1.740s] -- Installing: /home/b/ws_moveit2/src/install/moveit_resources/share/moveit_resources/environment/path.sh
[1.740s] -- Installing: /home/b/ws_moveit2/src/install/moveit_resources/share/moveit_resources/environment/path.dsv
[1.740s] -- Installing: /home/b/ws_moveit2/src/install/moveit_resources/share/moveit_resources/local_setup.bash
[1.741s] -- Installing: /home/b/ws_moveit2/src/install/moveit_resources/share/moveit_resources/local_setup.sh
[1.741s] -- Installing: /home/b/ws_moveit2/src/install/moveit_resources/share/moveit_resources/local_setup.zsh
[1.741s] -- Installing: /home/b/ws_moveit2/src/install/moveit_resources/share/moveit_resources/local_setup.dsv
[1.741s] -- Installing: /home/b/ws_moveit2/src/install/moveit_resources/share/moveit_resources/package.dsv
[1.741s] -- Installing: /home/b/ws_moveit2/src/install/moveit_resources/share/ament_index/resource_index/packages/moveit_resources
[1.742s] -- Installing: /home/b/ws_moveit2/src/install/moveit_resources/share/moveit_resources/cmake/moveit_resourcesConfig.cmake
[1.742s] -- Installing: /home/b/ws_moveit2/src/install/moveit_resources/share/moveit_resources/cmake/moveit_resourcesConfig-version.cmake
[1.742s] -- Installing: /home/b/ws_moveit2/src/install/moveit_resources/share/moveit_resources/package.xml
[1.744s] Invoked command in '/home/b/ws_moveit2/src/build/moveit_resources' returned '0': AMENT_PREFIX_PATH=/home/b/ws_moveit2/src/install/moveit_resources_panda_moveit_config:/home/b/ws_moveit2/src/install/moveit_resources_fanuc_moveit_config:/home/b/ws_moveit2/src/install/moveit_resources_pr2_description:/home/b/ws_moveit2/src/install/moveit_resources_panda_description:/home/b/ws_moveit2/src/install/moveit_resources_fanuc_description:${AMENT_PREFIX_PATH} CMAKE_PREFIX_PATH=/home/b/ws_moveit2/src/install/moveit_resources_panda_moveit_config:/home/b/ws_moveit2/src/install/moveit_resources_fanuc_moveit_config:/home/b/ws_moveit2/src/install/moveit_resources_pr2_description:/home/b/ws_moveit2/src/install/moveit_resources_panda_description:/home/b/ws_moveit2/src/install/moveit_resources_fanuc_description:/opt/ros/humble /usr/bin/cmake --install /home/b/ws_moveit2/src/build/moveit_resources
