[0.979s] Invoking command in '/home/b/ws_moveit2/build/moveit_ros_perception': AMENT_PREFIX_PATH=/home/b/ws_moveit2/install/moveit_ros_planning:/home/b/ws_moveit2/install/moveit_ros_occupancy_map_monitor:/home/b/ws_moveit2/install/moveit_core:/home/b/ws_moveit2/install/moveit_resources_panda_moveit_config:/home/b/ws_moveit2/install/moveit_configs_utils:/home/b/ws_moveit2/install/srdfdom:/home/b/ws_moveit2/install/moveit_resources_pr2_description:/home/b/ws_moveit2/install/moveit_resources_panda_description:/home/b/ws_moveit2/install/moveit_common:/home/b/ws_moveit2/install/launch_param_builder:${AMENT_PREFIX_PATH} CMAKE_PREFIX_PATH=/home/b/ws_moveit2/install/moveit_ros_planning:/home/b/ws_moveit2/install/moveit_ros_occupancy_map_monitor:/home/b/ws_moveit2/install/moveit_core:/home/b/ws_moveit2/install/moveit_resources_panda_moveit_config:/home/b/ws_moveit2/install/srdfdom:/home/b/ws_moveit2/install/moveit_resources_pr2_description:/home/b/ws_moveit2/install/moveit_resources_panda_description:/home/b/ws_moveit2/install/moveit_common:/opt/ros/humble LD_LIBRARY_PATH=/home/b/ws_moveit2/install/moveit_ros_planning/lib:/home/b/ws_moveit2/install/moveit_ros_occupancy_map_monitor/lib:/home/b/ws_moveit2/install/moveit_core/lib:/home/b/ws_moveit2/install/srdfdom/lib:${LD_LIBRARY_PATH} PATH=/home/b/ws_moveit2/install/moveit_core/bin:${PATH} PYTHONPATH=/home/b/ws_moveit2/install/moveit_configs_utils/lib/python3.10/site-packages:/home/b/ws_moveit2/install/srdfdom/local/lib/python3.10/dist-packages:/home/b/ws_moveit2/install/launch_param_builder/lib/python3.10/site-packages:${PYTHONPATH} /usr/bin/cmake --build /home/b/ws_moveit2/build/moveit_ros_perception -- -j12 -l12
[1.025s] [35m[1mConsolidate compiler generated dependencies of target moveit_lazy_free_space_updater[0m
[1.027s] [35m[1mConsolidate compiler generated dependencies of target moveit_semantic_world[0m
[1.034s] [35m[1mConsolidate compiler generated dependencies of target moveit_point_containment_filter[0m
[1.040s] [35m[1mConsolidate compiler generated dependencies of target moveit_mesh_filter[0m
[1.042s] [ 10%] Built target moveit_lazy_free_space_updater
[1.052s] [ 20%] Built target moveit_point_containment_filter
[1.053s] [ 30%] Built target moveit_semantic_world
[1.066s] [ 60%] Built target moveit_mesh_filter
[1.068s] [35m[1mConsolidate compiler generated dependencies of target moveit_pointcloud_octomap_updater_core[0m
[1.079s] [35m[1mConsolidate compiler generated dependencies of target moveit_depth_image_octomap_updater_core[0m
[1.088s] [ 70%] Built target moveit_pointcloud_octomap_updater_core
[1.105s] [35m[1mConsolidate compiler generated dependencies of target moveit_pointcloud_octomap_updater[0m
[1.107s] [ 80%] Built target moveit_depth_image_octomap_updater_core
[1.122s] [ 90%] Built target moveit_pointcloud_octomap_updater
[1.123s] [35m[1mConsolidate compiler generated dependencies of target moveit_depth_image_octomap_updater[0m
[1.140s] [100%] Built target moveit_depth_image_octomap_updater
[1.150s] Invoked command in '/home/b/ws_moveit2/build/moveit_ros_perception' returned '0': AMENT_PREFIX_PATH=/home/b/ws_moveit2/install/moveit_ros_planning:/home/b/ws_moveit2/install/moveit_ros_occupancy_map_monitor:/home/b/ws_moveit2/install/moveit_core:/home/b/ws_moveit2/install/moveit_resources_panda_moveit_config:/home/b/ws_moveit2/install/moveit_configs_utils:/home/b/ws_moveit2/install/srdfdom:/home/b/ws_moveit2/install/moveit_resources_pr2_description:/home/b/ws_moveit2/install/moveit_resources_panda_description:/home/b/ws_moveit2/install/moveit_common:/home/b/ws_moveit2/install/launch_param_builder:${AMENT_PREFIX_PATH} CMAKE_PREFIX_PATH=/home/b/ws_moveit2/install/moveit_ros_planning:/home/b/ws_moveit2/install/moveit_ros_occupancy_map_monitor:/home/b/ws_moveit2/install/moveit_core:/home/b/ws_moveit2/install/moveit_resources_panda_moveit_config:/home/b/ws_moveit2/install/srdfdom:/home/b/ws_moveit2/install/moveit_resources_pr2_description:/home/b/ws_moveit2/install/moveit_resources_panda_description:/home/b/ws_moveit2/install/moveit_common:/opt/ros/humble LD_LIBRARY_PATH=/home/b/ws_moveit2/install/moveit_ros_planning/lib:/home/b/ws_moveit2/install/moveit_ros_occupancy_map_monitor/lib:/home/b/ws_moveit2/install/moveit_core/lib:/home/b/ws_moveit2/install/srdfdom/lib:${LD_LIBRARY_PATH} PATH=/home/b/ws_moveit2/install/moveit_core/bin:${PATH} PYTHONPATH=/home/b/ws_moveit2/install/moveit_configs_utils/lib/python3.10/site-packages:/home/b/ws_moveit2/install/srdfdom/local/lib/python3.10/dist-packages:/home/b/ws_moveit2/install/launch_param_builder/lib/python3.10/site-packages:${PYTHONPATH} /usr/bin/cmake --build /home/b/ws_moveit2/build/moveit_ros_perception -- -j12 -l12
[1.154s] Invoking command in '/home/b/ws_moveit2/build/moveit_ros_perception': AMENT_PREFIX_PATH=/home/b/ws_moveit2/install/moveit_ros_planning:/home/b/ws_moveit2/install/moveit_ros_occupancy_map_monitor:/home/b/ws_moveit2/install/moveit_core:/home/b/ws_moveit2/install/moveit_resources_panda_moveit_config:/home/b/ws_moveit2/install/moveit_configs_utils:/home/b/ws_moveit2/install/srdfdom:/home/b/ws_moveit2/install/moveit_resources_pr2_description:/home/b/ws_moveit2/install/moveit_resources_panda_description:/home/b/ws_moveit2/install/moveit_common:/home/b/ws_moveit2/install/launch_param_builder:${AMENT_PREFIX_PATH} CMAKE_PREFIX_PATH=/home/b/ws_moveit2/install/moveit_ros_planning:/home/b/ws_moveit2/install/moveit_ros_occupancy_map_monitor:/home/b/ws_moveit2/install/moveit_core:/home/b/ws_moveit2/install/moveit_resources_panda_moveit_config:/home/b/ws_moveit2/install/srdfdom:/home/b/ws_moveit2/install/moveit_resources_pr2_description:/home/b/ws_moveit2/install/moveit_resources_panda_description:/home/b/ws_moveit2/install/moveit_common:/opt/ros/humble LD_LIBRARY_PATH=/home/b/ws_moveit2/install/moveit_ros_planning/lib:/home/b/ws_moveit2/install/moveit_ros_occupancy_map_monitor/lib:/home/b/ws_moveit2/install/moveit_core/lib:/home/b/ws_moveit2/install/srdfdom/lib:${LD_LIBRARY_PATH} PATH=/home/b/ws_moveit2/install/moveit_core/bin:${PATH} PYTHONPATH=/home/b/ws_moveit2/install/moveit_configs_utils/lib/python3.10/site-packages:/home/b/ws_moveit2/install/srdfdom/local/lib/python3.10/dist-packages:/home/b/ws_moveit2/install/launch_param_builder/lib/python3.10/site-packages:${PYTHONPATH} /usr/bin/cmake --install /home/b/ws_moveit2/build/moveit_ros_perception
[1.161s] -- Install configuration: "Release"
[1.162s] -- Up-to-date: /home/b/ws_moveit2/install/moveit_ros_perception/include
[1.163s] -- Up-to-date: /home/b/ws_moveit2/install/moveit_ros_perception/include/moveit
[1.163s] -- Up-to-date: /home/b/ws_moveit2/install/moveit_ros_perception/include/moveit/lazy_free_space_updater
[1.163s] -- Up-to-date: /home/b/ws_moveit2/install/moveit_ros_perception/include/moveit/lazy_free_space_updater/lazy_free_space_updater.h
[1.164s] -- Up-to-date: /home/b/ws_moveit2/install/moveit_ros_perception/include
[1.164s] -- Up-to-date: /home/b/ws_moveit2/install/moveit_ros_perception/include/moveit
[1.164s] -- Up-to-date: /home/b/ws_moveit2/install/moveit_ros_perception/include/moveit/point_containment_filter
[1.164s] -- Up-to-date: /home/b/ws_moveit2/install/moveit_ros_perception/include/moveit/point_containment_filter/shape_mask.h
[1.165s] -- Up-to-date: /home/b/ws_moveit2/install/moveit_ros_perception/include
[1.165s] -- Up-to-date: /home/b/ws_moveit2/install/moveit_ros_perception/include/moveit
[1.165s] -- Up-to-date: /home/b/ws_moveit2/install/moveit_ros_perception/include/moveit/pointcloud_octomap_updater
[1.165s] -- Up-to-date: /home/b/ws_moveit2/install/moveit_ros_perception/include/moveit/pointcloud_octomap_updater/pointcloud_octomap_updater.h
[1.166s] -- Up-to-date: /home/b/ws_moveit2/install/moveit_ros_perception/include
[1.166s] -- Up-to-date: /home/b/ws_moveit2/install/moveit_ros_perception/include/moveit
[1.166s] -- Up-to-date: /home/b/ws_moveit2/install/moveit_ros_perception/include/moveit/mesh_filter
[1.166s] -- Up-to-date: /home/b/ws_moveit2/install/moveit_ros_perception/include/moveit/mesh_filter/gl_mesh.h
[1.166s] -- Up-to-date: /home/b/ws_moveit2/install/moveit_ros_perception/include/moveit/mesh_filter/depth_self_filter_nodelet.h
[1.166s] -- Up-to-date: /home/b/ws_moveit2/install/moveit_ros_perception/include/moveit/mesh_filter/mesh_filter_base.h
[1.166s] -- Up-to-date: /home/b/ws_moveit2/install/moveit_ros_perception/include/moveit/mesh_filter/stereo_camera_model.h
[1.167s] -- Up-to-date: /home/b/ws_moveit2/install/moveit_ros_perception/include/moveit/mesh_filter/mesh_filter.h
[1.167s] -- Up-to-date: /home/b/ws_moveit2/install/moveit_ros_perception/include/moveit/mesh_filter/transform_provider.h
[1.167s] -- Up-to-date: /home/b/ws_moveit2/install/moveit_ros_perception/include/moveit/mesh_filter/gl_renderer.h
[1.167s] -- Up-to-date: /home/b/ws_moveit2/install/moveit_ros_perception/include/moveit/mesh_filter/sensor_model.h
[1.167s] -- Up-to-date: /home/b/ws_moveit2/install/moveit_ros_perception/include/moveit/mesh_filter/filter_job.h
[1.167s] -- Up-to-date: /home/b/ws_moveit2/install/moveit_ros_perception/include/moveit_mesh_filter_export.h
[1.167s] -- Up-to-date: /home/b/ws_moveit2/install/moveit_ros_perception/include
[1.167s] -- Up-to-date: /home/b/ws_moveit2/install/moveit_ros_perception/include/moveit
[1.167s] -- Up-to-date: /home/b/ws_moveit2/install/moveit_ros_perception/include/moveit/depth_image_octomap_updater
[1.167s] -- Up-to-date: /home/b/ws_moveit2/install/moveit_ros_perception/include/moveit/depth_image_octomap_updater/depth_image_octomap_updater.h
[1.168s] -- Up-to-date: /home/b/ws_moveit2/install/moveit_ros_perception/include
[1.168s] -- Up-to-date: /home/b/ws_moveit2/install/moveit_ros_perception/include/moveit
[1.168s] -- Up-to-date: /home/b/ws_moveit2/install/moveit_ros_perception/include/moveit/semantic_world
[1.168s] -- Up-to-date: /home/b/ws_moveit2/install/moveit_ros_perception/include/moveit/semantic_world/semantic_world.h
[1.169s] -- Up-to-date: /home/b/ws_moveit2/install/moveit_ros_perception/lib/libmoveit_depth_image_octomap_updater.so.2.5.9
[1.169s] -- Up-to-date: /home/b/ws_moveit2/install/moveit_ros_perception/lib/libmoveit_depth_image_octomap_updater.so
[1.170s] -- Up-to-date: /home/b/ws_moveit2/install/moveit_ros_perception/lib/libmoveit_depth_image_octomap_updater_core.so.2.5.9
[1.170s] -- Up-to-date: /home/b/ws_moveit2/install/moveit_ros_perception/lib/libmoveit_depth_image_octomap_updater_core.so
[1.171s] -- Up-to-date: /home/b/ws_moveit2/install/moveit_ros_perception/lib/libmoveit_lazy_free_space_updater.so.2.5.9
[1.171s] -- Up-to-date: /home/b/ws_moveit2/install/moveit_ros_perception/lib/libmoveit_lazy_free_space_updater.so
[1.172s] -- Up-to-date: /home/b/ws_moveit2/install/moveit_ros_perception/lib/libmoveit_mesh_filter.so.2.5.9
[1.172s] -- Up-to-date: /home/b/ws_moveit2/install/moveit_ros_perception/lib/libmoveit_mesh_filter.so
[1.173s] -- Up-to-date: /home/b/ws_moveit2/install/moveit_ros_perception/lib/libmoveit_point_containment_filter.so.2.5.9
[1.173s] -- Up-to-date: /home/b/ws_moveit2/install/moveit_ros_perception/lib/libmoveit_point_containment_filter.so
[1.174s] -- Up-to-date: /home/b/ws_moveit2/install/moveit_ros_perception/lib/libmoveit_pointcloud_octomap_updater.so.2.5.9
[1.174s] -- Up-to-date: /home/b/ws_moveit2/install/moveit_ros_perception/lib/libmoveit_pointcloud_octomap_updater.so
[1.175s] -- Up-to-date: /home/b/ws_moveit2/install/moveit_ros_perception/lib/libmoveit_pointcloud_octomap_updater_core.so.2.5.9
[1.175s] -- Up-to-date: /home/b/ws_moveit2/install/moveit_ros_perception/lib/libmoveit_pointcloud_octomap_updater_core.so
[1.178s] -- Up-to-date: /home/b/ws_moveit2/install/moveit_ros_perception/lib/libmoveit_semantic_world.so.2.5.9
[1.178s] -- Up-to-date: /home/b/ws_moveit2/install/moveit_ros_perception/lib/libmoveit_semantic_world.so
[1.182s] -- Up-to-date: /home/b/ws_moveit2/install/moveit_ros_perception/share/moveit_ros_perception/environment/library_path.sh
[1.182s] -- Up-to-date: /home/b/ws_moveit2/install/moveit_ros_perception/share/moveit_ros_perception/environment/library_path.dsv
[1.182s] -- Up-to-date: /home/b/ws_moveit2/install/moveit_ros_perception/share/moveit_ros_perception/pointcloud_octomap_updater_plugin_description.xml
[1.182s] -- Up-to-date: /home/b/ws_moveit2/install/moveit_ros_perception/share/moveit_ros_perception/depth_image_octomap_updater_plugin_description.xml
[1.183s] -- Up-to-date: /home/b/ws_moveit2/install/moveit_ros_perception/share/ament_index/resource_index/package_run_dependencies/moveit_ros_perception
[1.183s] -- Up-to-date: /home/b/ws_moveit2/install/moveit_ros_perception/share/ament_index/resource_index/parent_prefix_path/moveit_ros_perception
[1.184s] -- Up-to-date: /home/b/ws_moveit2/install/moveit_ros_perception/share/moveit_ros_perception/environment/ament_prefix_path.sh
[1.184s] -- Up-to-date: /home/b/ws_moveit2/install/moveit_ros_perception/share/moveit_ros_perception/environment/ament_prefix_path.dsv
[1.184s] -- Up-to-date: /home/b/ws_moveit2/install/moveit_ros_perception/share/moveit_ros_perception/environment/path.sh
[1.184s] -- Up-to-date: /home/b/ws_moveit2/install/moveit_ros_perception/share/moveit_ros_perception/environment/path.dsv
[1.185s] -- Up-to-date: /home/b/ws_moveit2/install/moveit_ros_perception/share/moveit_ros_perception/local_setup.bash
[1.185s] -- Up-to-date: /home/b/ws_moveit2/install/moveit_ros_perception/share/moveit_ros_perception/local_setup.sh
[1.185s] -- Up-to-date: /home/b/ws_moveit2/install/moveit_ros_perception/share/moveit_ros_perception/local_setup.zsh
[1.185s] -- Up-to-date: /home/b/ws_moveit2/install/moveit_ros_perception/share/moveit_ros_perception/local_setup.dsv
[1.185s] -- Installing: /home/b/ws_moveit2/install/moveit_ros_perception/share/moveit_ros_perception/package.dsv
[1.185s] -- Up-to-date: /home/b/ws_moveit2/install/moveit_ros_perception/share/ament_index/resource_index/packages/moveit_ros_perception
[1.185s] -- Up-to-date: /home/b/ws_moveit2/install/moveit_ros_perception/share/ament_index/resource_index/moveit_ros_occupancy_map_monitor__pluginlib__plugin/moveit_ros_perception
[1.187s] -- Up-to-date: /home/b/ws_moveit2/install/moveit_ros_perception/share/moveit_ros_perception/cmake/export_moveit_ros_perceptionExport.cmake
[1.187s] -- Up-to-date: /home/b/ws_moveit2/install/moveit_ros_perception/share/moveit_ros_perception/cmake/export_moveit_ros_perceptionExport-release.cmake
[1.187s] -- Up-to-date: /home/b/ws_moveit2/install/moveit_ros_perception/share/moveit_ros_perception/cmake/ConfigExtras.cmake
[1.187s] -- Up-to-date: /home/b/ws_moveit2/install/moveit_ros_perception/share/moveit_ros_perception/cmake/ament_cmake_export_targets-extras.cmake
[1.187s] -- Up-to-date: /home/b/ws_moveit2/install/moveit_ros_perception/share/moveit_ros_perception/cmake/ament_cmake_export_dependencies-extras.cmake
[1.188s] -- Up-to-date: /home/b/ws_moveit2/install/moveit_ros_perception/share/moveit_ros_perception/cmake/moveit_ros_perceptionConfig.cmake
[1.188s] -- Up-to-date: /home/b/ws_moveit2/install/moveit_ros_perception/share/moveit_ros_perception/cmake/moveit_ros_perceptionConfig-version.cmake
[1.188s] -- Up-to-date: /home/b/ws_moveit2/install/moveit_ros_perception/share/moveit_ros_perception/package.xml
[1.189s] Invoked command in '/home/b/ws_moveit2/build/moveit_ros_perception' returned '0': AMENT_PREFIX_PATH=/home/b/ws_moveit2/install/moveit_ros_planning:/home/b/ws_moveit2/install/moveit_ros_occupancy_map_monitor:/home/b/ws_moveit2/install/moveit_core:/home/b/ws_moveit2/install/moveit_resources_panda_moveit_config:/home/b/ws_moveit2/install/moveit_configs_utils:/home/b/ws_moveit2/install/srdfdom:/home/b/ws_moveit2/install/moveit_resources_pr2_description:/home/b/ws_moveit2/install/moveit_resources_panda_description:/home/b/ws_moveit2/install/moveit_common:/home/b/ws_moveit2/install/launch_param_builder:${AMENT_PREFIX_PATH} CMAKE_PREFIX_PATH=/home/b/ws_moveit2/install/moveit_ros_planning:/home/b/ws_moveit2/install/moveit_ros_occupancy_map_monitor:/home/b/ws_moveit2/install/moveit_core:/home/b/ws_moveit2/install/moveit_resources_panda_moveit_config:/home/b/ws_moveit2/install/srdfdom:/home/b/ws_moveit2/install/moveit_resources_pr2_description:/home/b/ws_moveit2/install/moveit_resources_panda_description:/home/b/ws_moveit2/install/moveit_common:/opt/ros/humble LD_LIBRARY_PATH=/home/b/ws_moveit2/install/moveit_ros_planning/lib:/home/b/ws_moveit2/install/moveit_ros_occupancy_map_monitor/lib:/home/b/ws_moveit2/install/moveit_core/lib:/home/b/ws_moveit2/install/srdfdom/lib:${LD_LIBRARY_PATH} PATH=/home/b/ws_moveit2/install/moveit_core/bin:${PATH} PYTHONPATH=/home/b/ws_moveit2/install/moveit_configs_utils/lib/python3.10/site-packages:/home/b/ws_moveit2/install/srdfdom/local/lib/python3.10/dist-packages:/home/b/ws_moveit2/install/launch_param_builder/lib/python3.10/site-packages:${PYTHONPATH} /usr/bin/cmake --install /home/b/ws_moveit2/build/moveit_ros_perception
