[0.857s] Invoking command in '/home/b/ws_moveit2/build/moveit_ros_perception': AMENT_PREFIX_PATH=/home/b/ws_moveit2/install/moveit_ros_planning:/home/b/ws_moveit2/install/moveit_ros_occupancy_map_monitor:/home/b/ws_moveit2/install/moveit_core:/home/b/ws_moveit2/install/moveit_resources_panda_moveit_config:/home/b/ws_moveit2/install/moveit_configs_utils:/home/b/ws_moveit2/install/srdfdom:/home/b/ws_moveit2/install/moveit_resources_pr2_description:/home/b/ws_moveit2/install/moveit_resources_panda_description:/home/b/ws_moveit2/install/moveit_common:/home/b/ws_moveit2/install/launch_param_builder:${AMENT_PREFIX_PATH} CMAKE_PREFIX_PATH=/home/b/ws_moveit2/install/moveit_ros_planning:/home/b/ws_moveit2/install/moveit_ros_occupancy_map_monitor:/home/b/ws_moveit2/install/moveit_core:/home/b/ws_moveit2/install/moveit_resources_panda_moveit_config:/home/b/ws_moveit2/install/srdfdom:/home/b/ws_moveit2/install/moveit_resources_pr2_description:/home/b/ws_moveit2/install/moveit_resources_panda_description:/home/b/ws_moveit2/install/moveit_common:/opt/ros/humble LD_LIBRARY_PATH=/home/b/ws_moveit2/install/moveit_ros_planning/lib:/home/b/ws_moveit2/install/moveit_ros_occupancy_map_monitor/lib:/home/b/ws_moveit2/install/moveit_core/lib:/home/b/ws_moveit2/install/srdfdom/lib:${LD_LIBRARY_PATH} PATH=/home/b/ws_moveit2/install/moveit_core/bin:${PATH} PYTHONPATH=/home/b/ws_moveit2/install/moveit_configs_utils/lib/python3.10/site-packages:/home/b/ws_moveit2/install/srdfdom/local/lib/python3.10/dist-packages:/home/b/ws_moveit2/install/launch_param_builder/lib/python3.10/site-packages:${PYTHONPATH} /usr/bin/cmake /home/b/ws_moveit2/src/moveit2/moveit_ros/perception -DCMAKE_BUILD_TYPE=Release -DCMAKE_INSTALL_PREFIX=/home/b/ws_moveit2/install/moveit_ros_perception
[1.012s] -- The C compiler identification is GNU 11.4.0
[1.363s] -- The CXX compiler identification is GNU 11.4.0
[1.585s] -- Detecting C compiler ABI info
[1.775s] -- Detecting C compiler ABI info - done
[1.785s] -- Check for working C compiler: /usr/bin/cc - skipped
[1.785s] -- Detecting C compile features
[1.785s] -- Detecting C compile features - done
[1.788s] -- Detecting CXX compiler ABI info
[1.982s] -- Detecting CXX compiler ABI info - done
[1.989s] -- Check for working CXX compiler: /usr/bin/c++ - skipped
[1.990s] -- Detecting CXX compile features
[1.990s] -- Detecting CXX compile features - done
[1.992s] -- Found moveit_common: 2.5.9 (/home/b/ws_moveit2/install/moveit_common/share/moveit_common/cmake)
[1.995s] -- Found ament_cmake: 1.3.13 (/opt/ros/humble/share/ament_cmake/cmake)
[2.205s] -- Found Python3: /usr/bin/python3 (found version "3.10.12") found components: Interpreter 
[2.998s] -- Found OpenGL: /usr/lib/x86_64-linux-gnu/libOpenGL.so   
[5.934s] -- Found GLEW: /usr/include (found version "2.2.0") 
[5.941s] -- Found PkgConfig: /usr/bin/pkg-config (found version "0.29.2") 
[5.942s] -- Checking for module 'glut'
[5.946s] --   No package 'glut' found
[6.153s] -- Found GLUT: /usr/lib/x86_64-linux-gnu/libglut.so  
[6.158s] -- Found cv_bridge: 3.2.1 (/opt/ros/humble/share/cv_bridge/cmake)
[6.245s] -- Found rosidl_generator_c: 3.1.8 (/opt/ros/humble/share/rosidl_generator_c/cmake)
[6.258s] -- Found rosidl_adapter: 3.1.8 (/opt/ros/humble/share/rosidl_adapter/cmake)
[6.271s] -- Found rosidl_generator_cpp: 3.1.8 (/opt/ros/humble/share/rosidl_generator_cpp/cmake)
[6.286s] -- Using all available rosidl_typesupport_c: rosidl_typesupport_fastrtps_c;rosidl_typesupport_introspection_c
[6.306s] -- Using all available rosidl_typesupport_cpp: rosidl_typesupport_fastrtps_cpp;rosidl_typesupport_introspection_cpp
[6.376s] -- Found moveit_core: 2.5.9 (/home/b/ws_moveit2/install/moveit_core/share/moveit_core/cmake)
[6.800s] -- Found Boost: /usr/lib/x86_64-linux-gnu/cmake/Boost-1.74.0/BoostConfig.cmake (found version "1.74.0") found components: chrono date_time filesystem iostreams program_options regex serialization system thread 
[7.923s] -- Found parameter_traits: 0.6.0 (/opt/ros/humble/share/parameter_traits/cmake)
[7.978s] -- Found rmw_implementation_cmake: 6.1.2 (/opt/ros/humble/share/rmw_implementation_cmake/cmake)
[7.981s] -- Found rmw_fastrtps_cpp: 6.2.10 (/opt/ros/humble/share/rmw_fastrtps_cpp/cmake)
[9.475s] -- Found OpenSSL: /usr/lib/x86_64-linux-gnu/libcrypto.so (found version "3.0.2")  
[11.178s] -- Found FastRTPS: /opt/ros/humble/include  
[14.659s] -- Using RMW implementation 'rmw_fastrtps_cpp' as default
[14.696s] -- Found Threads: TRUE  
[14.851s] -- Found rclcpp_lifecycle: 16.0.18 (/opt/ros/humble/share/rclcpp_lifecycle/cmake)
[14.948s] -- Found Boost: /usr/lib/x86_64-linux-gnu/cmake/Boost-1.74.0/BoostConfig.cmake (found version "1.74.0") found components: filesystem 
[21.826s] -- library: /usr/lib/x86_64-linux-gnu/libcurl.so
[22.319s] -- Found Eigen3: TRUE (found version "3.4.0") 
[22.320s] -- Ensuring Eigen3 include directory is part of orocos-kdl CMake target
[31.308s] -- Found image_transport: 3.1.12 (/opt/ros/humble/share/image_transport/cmake)
[31.339s] -- Found moveit_ros_occupancy_map_monitor: 2.5.9 (/home/b/ws_moveit2/install/moveit_ros_occupancy_map_monitor/share/moveit_ros_occupancy_map_monitor/cmake)
[36.207s] -- Found OpenMP_C: -fopenmp (found version "4.5") 
[38.166s] -- Found OpenMP_CXX: -fopenmp (found version "4.5") 
[38.180s] -- Found OpenMP: TRUE (found version "4.5")  
[38.239s] -- Found OpenCV: /usr (found version "4.5.4") 
[38.311s] -- Found Boost: /usr/lib/x86_64-linux-gnu/cmake/Boost-1.74.0/BoostConfig.cmake (found version "1.74.0") found components: thread 
[38.655s] -- Performing Test COMPILER_HAS_HIDDEN_VISIBILITY
[40.216s] -- Performing Test COMPILER_HAS_HIDDEN_VISIBILITY - Success
[40.219s] -- Performing Test COMPILER_HAS_HIDDEN_INLINE_VISIBILITY
[43.000s] -- Performing Test COMPILER_HAS_HIDDEN_INLINE_VISIBILITY - Success
[43.001s] -- Performing Test COMPILER_HAS_DEPRECATED_ATTR
[44.347s] -- Performing Test COMPILER_HAS_DEPRECATED_ATTR - Success
[44.742s] -- Found ament_lint_auto: 0.12.15 (/opt/ros/humble/share/ament_lint_auto/cmake)
[44.957s] -- Added test 'cppcheck' to perform static code analysis on C / C++ code
[44.970s] -- Configured cppcheck include dirs: /home/b/ws_moveit2/src/moveit2/moveit_ros/perception/depth_image_octomap_updater/include;/home/b/ws_moveit2/src/moveit2/moveit_ros/perception/lazy_free_space_updater/include;/home/b/ws_moveit2/src/moveit2/moveit_ros/perception/mesh_filter/include;/home/b/ws_moveit2/src/moveit2/moveit_ros/perception/point_containment_filter/include;/home/b/ws_moveit2/src/moveit2/moveit_ros/perception/pointcloud_octomap_updater/include;/home/b/ws_moveit2/src/moveit2/moveit_ros/perception/semantic_world/include
[44.971s] -- Configured cppcheck exclude dirs and/or files: 
[44.974s] -- Added test 'lint_cmake' to check CMake code style
[44.983s] -- Added test 'xmllint' to check XML markup files
[45.043s] -- Configuring done
[46.239s] -- Generating done
[46.515s] -- Build files have been written to: /home/b/ws_moveit2/build/moveit_ros_perception
[46.658s] Invoked command in '/home/b/ws_moveit2/build/moveit_ros_perception' returned '0': AMENT_PREFIX_PATH=/home/b/ws_moveit2/install/moveit_ros_planning:/home/b/ws_moveit2/install/moveit_ros_occupancy_map_monitor:/home/b/ws_moveit2/install/moveit_core:/home/b/ws_moveit2/install/moveit_resources_panda_moveit_config:/home/b/ws_moveit2/install/moveit_configs_utils:/home/b/ws_moveit2/install/srdfdom:/home/b/ws_moveit2/install/moveit_resources_pr2_description:/home/b/ws_moveit2/install/moveit_resources_panda_description:/home/b/ws_moveit2/install/moveit_common:/home/b/ws_moveit2/install/launch_param_builder:${AMENT_PREFIX_PATH} CMAKE_PREFIX_PATH=/home/b/ws_moveit2/install/moveit_ros_planning:/home/b/ws_moveit2/install/moveit_ros_occupancy_map_monitor:/home/b/ws_moveit2/install/moveit_core:/home/b/ws_moveit2/install/moveit_resources_panda_moveit_config:/home/b/ws_moveit2/install/srdfdom:/home/b/ws_moveit2/install/moveit_resources_pr2_description:/home/b/ws_moveit2/install/moveit_resources_panda_description:/home/b/ws_moveit2/install/moveit_common:/opt/ros/humble LD_LIBRARY_PATH=/home/b/ws_moveit2/install/moveit_ros_planning/lib:/home/b/ws_moveit2/install/moveit_ros_occupancy_map_monitor/lib:/home/b/ws_moveit2/install/moveit_core/lib:/home/b/ws_moveit2/install/srdfdom/lib:${LD_LIBRARY_PATH} PATH=/home/b/ws_moveit2/install/moveit_core/bin:${PATH} PYTHONPATH=/home/b/ws_moveit2/install/moveit_configs_utils/lib/python3.10/site-packages:/home/b/ws_moveit2/install/srdfdom/local/lib/python3.10/dist-packages:/home/b/ws_moveit2/install/launch_param_builder/lib/python3.10/site-packages:${PYTHONPATH} /usr/bin/cmake /home/b/ws_moveit2/src/moveit2/moveit_ros/perception -DCMAKE_BUILD_TYPE=Release -DCMAKE_INSTALL_PREFIX=/home/b/ws_moveit2/install/moveit_ros_perception
[46.659s] Invoking command in '/home/b/ws_moveit2/build/moveit_ros_perception': AMENT_PREFIX_PATH=/home/b/ws_moveit2/install/moveit_ros_planning:/home/b/ws_moveit2/install/moveit_ros_occupancy_map_monitor:/home/b/ws_moveit2/install/moveit_core:/home/b/ws_moveit2/install/moveit_resources_panda_moveit_config:/home/b/ws_moveit2/install/moveit_configs_utils:/home/b/ws_moveit2/install/srdfdom:/home/b/ws_moveit2/install/moveit_resources_pr2_description:/home/b/ws_moveit2/install/moveit_resources_panda_description:/home/b/ws_moveit2/install/moveit_common:/home/b/ws_moveit2/install/launch_param_builder:${AMENT_PREFIX_PATH} CMAKE_PREFIX_PATH=/home/b/ws_moveit2/install/moveit_ros_planning:/home/b/ws_moveit2/install/moveit_ros_occupancy_map_monitor:/home/b/ws_moveit2/install/moveit_core:/home/b/ws_moveit2/install/moveit_resources_panda_moveit_config:/home/b/ws_moveit2/install/srdfdom:/home/b/ws_moveit2/install/moveit_resources_pr2_description:/home/b/ws_moveit2/install/moveit_resources_panda_description:/home/b/ws_moveit2/install/moveit_common:/opt/ros/humble LD_LIBRARY_PATH=/home/b/ws_moveit2/install/moveit_ros_planning/lib:/home/b/ws_moveit2/install/moveit_ros_occupancy_map_monitor/lib:/home/b/ws_moveit2/install/moveit_core/lib:/home/b/ws_moveit2/install/srdfdom/lib:${LD_LIBRARY_PATH} PATH=/home/b/ws_moveit2/install/moveit_core/bin:${PATH} PYTHONPATH=/home/b/ws_moveit2/install/moveit_configs_utils/lib/python3.10/site-packages:/home/b/ws_moveit2/install/srdfdom/local/lib/python3.10/dist-packages:/home/b/ws_moveit2/install/launch_param_builder/lib/python3.10/site-packages:${PYTHONPATH} /usr/bin/cmake --build /home/b/ws_moveit2/build/moveit_ros_perception -- -j12 -l12
[47.192s] [  5%] [32mBuilding CXX object lazy_free_space_updater/CMakeFiles/moveit_lazy_free_space_updater.dir/src/lazy_free_space_updater.cpp.o[0m
[57.667s] [ 10%] [32m[1mLinking CXX shared library libmoveit_lazy_free_space_updater.so[0m
[59.367s] [ 10%] Built target moveit_lazy_free_space_updater
[59.492s] [ 15%] [32mBuilding CXX object semantic_world/CMakeFiles/moveit_semantic_world.dir/src/semantic_world.cpp.o[0m
[108.667s] [ 20%] [32m[1mLinking CXX shared library libmoveit_semantic_world.so[0m
[109.320s] [ 20%] Built target moveit_semantic_world
[109.352s] [ 25%] [32mBuilding CXX object mesh_filter/CMakeFiles/moveit_mesh_filter.dir/src/mesh_filter_base.cpp.o[0m
[114.625s] [ 30%] [32mBuilding CXX object mesh_filter/CMakeFiles/moveit_mesh_filter.dir/src/gl_mesh.cpp.o[0m
[116.511s] [ 35%] [32mBuilding CXX object mesh_filter/CMakeFiles/moveit_mesh_filter.dir/src/gl_renderer.cpp.o[0m
[118.318s] [ 40%] [32mBuilding CXX object mesh_filter/CMakeFiles/moveit_mesh_filter.dir/src/stereo_camera_model.cpp.o[0m
[119.969s] [ 45%] [32mBuilding CXX object mesh_filter/CMakeFiles/moveit_mesh_filter.dir/src/sensor_model.cpp.o[0m
[121.553s] [ 50%] [32m[1mLinking CXX shared library libmoveit_mesh_filter.so[0m
[122.055s] [ 50%] Built target moveit_mesh_filter
[122.079s] [ 55%] [32mBuilding CXX object point_containment_filter/CMakeFiles/moveit_point_containment_filter.dir/src/shape_mask.cpp.o[0m
[122.085s] [ 60%] [32mBuilding CXX object depth_image_octomap_updater/CMakeFiles/moveit_depth_image_octomap_updater_core.dir/src/depth_image_octomap_updater.cpp.o[0m
[126.454s] [ 65%] [32m[1mLinking CXX shared library libmoveit_point_containment_filter.so[0m
[126.812s] [ 65%] Built target moveit_point_containment_filter
[126.853s] [ 70%] [32mBuilding CXX object pointcloud_octomap_updater/CMakeFiles/moveit_pointcloud_octomap_updater_core.dir/src/pointcloud_octomap_updater.cpp.o[0m
[133.219s] [ 75%] [32m[1mLinking CXX shared library libmoveit_depth_image_octomap_updater_core.so[0m
[133.738s] [ 75%] Built target moveit_depth_image_octomap_updater_core
[133.780s] [ 80%] [32mBuilding CXX object depth_image_octomap_updater/CMakeFiles/moveit_depth_image_octomap_updater.dir/src/updater_plugin.cpp.o[0m
[148.981s] [ 85%] [32m[1mLinking CXX shared library libmoveit_depth_image_octomap_updater.so[0m
[149.848s] [ 85%] Built target moveit_depth_image_octomap_updater
[161.107s] [ 90%] [32m[1mLinking CXX shared library libmoveit_pointcloud_octomap_updater_core.so[0m
[161.719s] [ 90%] Built target moveit_pointcloud_octomap_updater_core
[161.764s] [ 95%] [32mBuilding CXX object pointcloud_octomap_updater/CMakeFiles/moveit_pointcloud_octomap_updater.dir/src/plugin_init.cpp.o[0m
[171.320s] [100%] [32m[1mLinking CXX shared library libmoveit_pointcloud_octomap_updater.so[0m
[171.741s] [100%] Built target moveit_pointcloud_octomap_updater
[171.760s] Invoked command in '/home/b/ws_moveit2/build/moveit_ros_perception' returned '0': AMENT_PREFIX_PATH=/home/b/ws_moveit2/install/moveit_ros_planning:/home/b/ws_moveit2/install/moveit_ros_occupancy_map_monitor:/home/b/ws_moveit2/install/moveit_core:/home/b/ws_moveit2/install/moveit_resources_panda_moveit_config:/home/b/ws_moveit2/install/moveit_configs_utils:/home/b/ws_moveit2/install/srdfdom:/home/b/ws_moveit2/install/moveit_resources_pr2_description:/home/b/ws_moveit2/install/moveit_resources_panda_description:/home/b/ws_moveit2/install/moveit_common:/home/b/ws_moveit2/install/launch_param_builder:${AMENT_PREFIX_PATH} CMAKE_PREFIX_PATH=/home/b/ws_moveit2/install/moveit_ros_planning:/home/b/ws_moveit2/install/moveit_ros_occupancy_map_monitor:/home/b/ws_moveit2/install/moveit_core:/home/b/ws_moveit2/install/moveit_resources_panda_moveit_config:/home/b/ws_moveit2/install/srdfdom:/home/b/ws_moveit2/install/moveit_resources_pr2_description:/home/b/ws_moveit2/install/moveit_resources_panda_description:/home/b/ws_moveit2/install/moveit_common:/opt/ros/humble LD_LIBRARY_PATH=/home/b/ws_moveit2/install/moveit_ros_planning/lib:/home/b/ws_moveit2/install/moveit_ros_occupancy_map_monitor/lib:/home/b/ws_moveit2/install/moveit_core/lib:/home/b/ws_moveit2/install/srdfdom/lib:${LD_LIBRARY_PATH} PATH=/home/b/ws_moveit2/install/moveit_core/bin:${PATH} PYTHONPATH=/home/b/ws_moveit2/install/moveit_configs_utils/lib/python3.10/site-packages:/home/b/ws_moveit2/install/srdfdom/local/lib/python3.10/dist-packages:/home/b/ws_moveit2/install/launch_param_builder/lib/python3.10/site-packages:${PYTHONPATH} /usr/bin/cmake --build /home/b/ws_moveit2/build/moveit_ros_perception -- -j12 -l12
[171.765s] Invoking command in '/home/b/ws_moveit2/build/moveit_ros_perception': AMENT_PREFIX_PATH=/home/b/ws_moveit2/install/moveit_ros_planning:/home/b/ws_moveit2/install/moveit_ros_occupancy_map_monitor:/home/b/ws_moveit2/install/moveit_core:/home/b/ws_moveit2/install/moveit_resources_panda_moveit_config:/home/b/ws_moveit2/install/moveit_configs_utils:/home/b/ws_moveit2/install/srdfdom:/home/b/ws_moveit2/install/moveit_resources_pr2_description:/home/b/ws_moveit2/install/moveit_resources_panda_description:/home/b/ws_moveit2/install/moveit_common:/home/b/ws_moveit2/install/launch_param_builder:${AMENT_PREFIX_PATH} CMAKE_PREFIX_PATH=/home/b/ws_moveit2/install/moveit_ros_planning:/home/b/ws_moveit2/install/moveit_ros_occupancy_map_monitor:/home/b/ws_moveit2/install/moveit_core:/home/b/ws_moveit2/install/moveit_resources_panda_moveit_config:/home/b/ws_moveit2/install/srdfdom:/home/b/ws_moveit2/install/moveit_resources_pr2_description:/home/b/ws_moveit2/install/moveit_resources_panda_description:/home/b/ws_moveit2/install/moveit_common:/opt/ros/humble LD_LIBRARY_PATH=/home/b/ws_moveit2/install/moveit_ros_planning/lib:/home/b/ws_moveit2/install/moveit_ros_occupancy_map_monitor/lib:/home/b/ws_moveit2/install/moveit_core/lib:/home/b/ws_moveit2/install/srdfdom/lib:${LD_LIBRARY_PATH} PATH=/home/b/ws_moveit2/install/moveit_core/bin:${PATH} PYTHONPATH=/home/b/ws_moveit2/install/moveit_configs_utils/lib/python3.10/site-packages:/home/b/ws_moveit2/install/srdfdom/local/lib/python3.10/dist-packages:/home/b/ws_moveit2/install/launch_param_builder/lib/python3.10/site-packages:${PYTHONPATH} /usr/bin/cmake --install /home/b/ws_moveit2/build/moveit_ros_perception
[171.774s] -- Install configuration: "Release"
[171.774s] -- Installing: /home/b/ws_moveit2/install/moveit_ros_perception/include
[171.774s] -- Installing: /home/b/ws_moveit2/install/moveit_ros_perception/include/moveit
[171.775s] -- Installing: /home/b/ws_moveit2/install/moveit_ros_perception/include/moveit/lazy_free_space_updater
[171.775s] -- Installing: /home/b/ws_moveit2/install/moveit_ros_perception/include/moveit/lazy_free_space_updater/lazy_free_space_updater.h
[171.775s] -- Up-to-date: /home/b/ws_moveit2/install/moveit_ros_perception/include
[171.775s] -- Up-to-date: /home/b/ws_moveit2/install/moveit_ros_perception/include/moveit
[171.776s] -- Installing: /home/b/ws_moveit2/install/moveit_ros_perception/include/moveit/point_containment_filter
[171.776s] -- Installing: /home/b/ws_moveit2/install/moveit_ros_perception/include/moveit/point_containment_filter/shape_mask.h
[171.776s] -- Up-to-date: /home/b/ws_moveit2/install/moveit_ros_perception/include
[171.776s] -- Up-to-date: /home/b/ws_moveit2/install/moveit_ros_perception/include/moveit
[171.778s] -- Installing: /home/b/ws_moveit2/install/moveit_ros_perception/include/moveit/pointcloud_octomap_updater
[171.778s] -- Installing: /home/b/ws_moveit2/install/moveit_ros_perception/include/moveit/pointcloud_octomap_updater/pointcloud_octomap_updater.h
[171.778s] -- Up-to-date: /home/b/ws_moveit2/install/moveit_ros_perception/include
[171.778s] -- Up-to-date: /home/b/ws_moveit2/install/moveit_ros_perception/include/moveit
[171.779s] -- Installing: /home/b/ws_moveit2/install/moveit_ros_perception/include/moveit/mesh_filter
[171.779s] -- Installing: /home/b/ws_moveit2/install/moveit_ros_perception/include/moveit/mesh_filter/gl_mesh.h
[171.780s] -- Installing: /home/b/ws_moveit2/install/moveit_ros_perception/include/moveit/mesh_filter/depth_self_filter_nodelet.h
[171.780s] -- Installing: /home/b/ws_moveit2/install/moveit_ros_perception/include/moveit/mesh_filter/mesh_filter_base.h
[171.780s] -- Installing: /home/b/ws_moveit2/install/moveit_ros_perception/include/moveit/mesh_filter/stereo_camera_model.h
[171.781s] -- Installing: /home/b/ws_moveit2/install/moveit_ros_perception/include/moveit/mesh_filter/mesh_filter.h
[171.781s] -- Installing: /home/b/ws_moveit2/install/moveit_ros_perception/include/moveit/mesh_filter/transform_provider.h
[171.781s] -- Installing: /home/b/ws_moveit2/install/moveit_ros_perception/include/moveit/mesh_filter/gl_renderer.h
[171.782s] -- Installing: /home/b/ws_moveit2/install/moveit_ros_perception/include/moveit/mesh_filter/sensor_model.h
[171.782s] -- Installing: /home/b/ws_moveit2/install/moveit_ros_perception/include/moveit/mesh_filter/filter_job.h
[171.783s] -- Installing: /home/b/ws_moveit2/install/moveit_ros_perception/include/moveit_mesh_filter_export.h
[171.783s] -- Up-to-date: /home/b/ws_moveit2/install/moveit_ros_perception/include
[171.783s] -- Up-to-date: /home/b/ws_moveit2/install/moveit_ros_perception/include/moveit
[171.784s] -- Installing: /home/b/ws_moveit2/install/moveit_ros_perception/include/moveit/depth_image_octomap_updater
[171.784s] -- Installing: /home/b/ws_moveit2/install/moveit_ros_perception/include/moveit/depth_image_octomap_updater/depth_image_octomap_updater.h
[171.785s] -- Up-to-date: /home/b/ws_moveit2/install/moveit_ros_perception/include
[171.785s] -- Up-to-date: /home/b/ws_moveit2/install/moveit_ros_perception/include/moveit
[171.785s] -- Installing: /home/b/ws_moveit2/install/moveit_ros_perception/include/moveit/semantic_world
[171.786s] -- Installing: /home/b/ws_moveit2/install/moveit_ros_perception/include/moveit/semantic_world/semantic_world.h
[171.786s] -- Installing: /home/b/ws_moveit2/install/moveit_ros_perception/lib/libmoveit_depth_image_octomap_updater.so.2.5.9
[171.787s] -- Set runtime path of "/home/b/ws_moveit2/install/moveit_ros_perception/lib/libmoveit_depth_image_octomap_updater.so.2.5.9" to ""
[171.787s] -- Installing: /home/b/ws_moveit2/install/moveit_ros_perception/lib/libmoveit_depth_image_octomap_updater.so
[171.788s] -- Installing: /home/b/ws_moveit2/install/moveit_ros_perception/lib/libmoveit_depth_image_octomap_updater_core.so.2.5.9
[171.788s] -- Set runtime path of "/home/b/ws_moveit2/install/moveit_ros_perception/lib/libmoveit_depth_image_octomap_updater_core.so.2.5.9" to ""
[171.788s] -- Installing: /home/b/ws_moveit2/install/moveit_ros_perception/lib/libmoveit_depth_image_octomap_updater_core.so
[171.788s] -- Installing: /home/b/ws_moveit2/install/moveit_ros_perception/lib/libmoveit_lazy_free_space_updater.so.2.5.9
[171.789s] -- Set runtime path of "/home/b/ws_moveit2/install/moveit_ros_perception/lib/libmoveit_lazy_free_space_updater.so.2.5.9" to ""
[171.789s] -- Installing: /home/b/ws_moveit2/install/moveit_ros_perception/lib/libmoveit_lazy_free_space_updater.so
[171.790s] -- Installing: /home/b/ws_moveit2/install/moveit_ros_perception/lib/libmoveit_mesh_filter.so.2.5.9
[171.791s] -- Set runtime path of "/home/b/ws_moveit2/install/moveit_ros_perception/lib/libmoveit_mesh_filter.so.2.5.9" to ""
[171.791s] -- Installing: /home/b/ws_moveit2/install/moveit_ros_perception/lib/libmoveit_mesh_filter.so
[171.791s] -- Installing: /home/b/ws_moveit2/install/moveit_ros_perception/lib/libmoveit_point_containment_filter.so.2.5.9
[171.791s] -- Set runtime path of "/home/b/ws_moveit2/install/moveit_ros_perception/lib/libmoveit_point_containment_filter.so.2.5.9" to ""
[171.791s] -- Installing: /home/b/ws_moveit2/install/moveit_ros_perception/lib/libmoveit_point_containment_filter.so
[171.792s] -- Installing: /home/b/ws_moveit2/install/moveit_ros_perception/lib/libmoveit_pointcloud_octomap_updater.so.2.5.9
[171.792s] -- Set runtime path of "/home/b/ws_moveit2/install/moveit_ros_perception/lib/libmoveit_pointcloud_octomap_updater.so.2.5.9" to ""
[171.792s] -- Installing: /home/b/ws_moveit2/install/moveit_ros_perception/lib/libmoveit_pointcloud_octomap_updater.so
[171.792s] -- Installing: /home/b/ws_moveit2/install/moveit_ros_perception/lib/libmoveit_pointcloud_octomap_updater_core.so.2.5.9
[171.794s] -- Set runtime path of "/home/b/ws_moveit2/install/moveit_ros_perception/lib/libmoveit_pointcloud_octomap_updater_core.so.2.5.9" to ""
[171.794s] -- Installing: /home/b/ws_moveit2/install/moveit_ros_perception/lib/libmoveit_pointcloud_octomap_updater_core.so
[171.795s] -- Installing: /home/b/ws_moveit2/install/moveit_ros_perception/lib/libmoveit_semantic_world.so.2.5.9
[171.799s] -- Set runtime path of "/home/b/ws_moveit2/install/moveit_ros_perception/lib/libmoveit_semantic_world.so.2.5.9" to ""
[171.800s] -- Installing: /home/b/ws_moveit2/install/moveit_ros_perception/lib/libmoveit_semantic_world.so
[171.801s] -- Installing: /home/b/ws_moveit2/install/moveit_ros_perception/share/moveit_ros_perception/environment/library_path.sh
[171.802s] -- Installing: /home/b/ws_moveit2/install/moveit_ros_perception/share/moveit_ros_perception/environment/library_path.dsv
[171.802s] -- Installing: /home/b/ws_moveit2/install/moveit_ros_perception/share/moveit_ros_perception/pointcloud_octomap_updater_plugin_description.xml
[171.802s] -- Installing: /home/b/ws_moveit2/install/moveit_ros_perception/share/moveit_ros_perception/depth_image_octomap_updater_plugin_description.xml
[171.804s] -- Installing: /home/b/ws_moveit2/install/moveit_ros_perception/share/ament_index/resource_index/package_run_dependencies/moveit_ros_perception
[171.804s] -- Installing: /home/b/ws_moveit2/install/moveit_ros_perception/share/ament_index/resource_index/parent_prefix_path/moveit_ros_perception
[171.804s] -- Installing: /home/b/ws_moveit2/install/moveit_ros_perception/share/moveit_ros_perception/environment/ament_prefix_path.sh
[171.805s] -- Installing: /home/b/ws_moveit2/install/moveit_ros_perception/share/moveit_ros_perception/environment/ament_prefix_path.dsv
[171.805s] -- Installing: /home/b/ws_moveit2/install/moveit_ros_perception/share/moveit_ros_perception/environment/path.sh
[171.805s] -- Installing: /home/b/ws_moveit2/install/moveit_ros_perception/share/moveit_ros_perception/environment/path.dsv
[171.806s] -- Installing: /home/b/ws_moveit2/install/moveit_ros_perception/share/moveit_ros_perception/local_setup.bash
[171.806s] -- Installing: /home/b/ws_moveit2/install/moveit_ros_perception/share/moveit_ros_perception/local_setup.sh
[171.806s] -- Installing: /home/b/ws_moveit2/install/moveit_ros_perception/share/moveit_ros_perception/local_setup.zsh
[171.806s] -- Installing: /home/b/ws_moveit2/install/moveit_ros_perception/share/moveit_ros_perception/local_setup.dsv
[171.806s] -- Installing: /home/b/ws_moveit2/install/moveit_ros_perception/share/moveit_ros_perception/package.dsv
[171.807s] -- Installing: /home/b/ws_moveit2/install/moveit_ros_perception/share/ament_index/resource_index/packages/moveit_ros_perception
[171.807s] -- Installing: /home/b/ws_moveit2/install/moveit_ros_perception/share/ament_index/resource_index/moveit_ros_occupancy_map_monitor__pluginlib__plugin/moveit_ros_perception
[171.807s] -- Installing: /home/b/ws_moveit2/install/moveit_ros_perception/share/moveit_ros_perception/cmake/export_moveit_ros_perceptionExport.cmake
[171.807s] -- Installing: /home/b/ws_moveit2/install/moveit_ros_perception/share/moveit_ros_perception/cmake/export_moveit_ros_perceptionExport-release.cmake
[171.808s] -- Installing: /home/b/ws_moveit2/install/moveit_ros_perception/share/moveit_ros_perception/cmake/ConfigExtras.cmake
[171.808s] -- Installing: /home/b/ws_moveit2/install/moveit_ros_perception/share/moveit_ros_perception/cmake/ament_cmake_export_targets-extras.cmake
[171.810s] -- Installing: /home/b/ws_moveit2/install/moveit_ros_perception/share/moveit_ros_perception/cmake/ament_cmake_export_dependencies-extras.cmake
[171.810s] -- Installing: /home/b/ws_moveit2/install/moveit_ros_perception/share/moveit_ros_perception/cmake/moveit_ros_perceptionConfig.cmake
[171.810s] -- Installing: /home/b/ws_moveit2/install/moveit_ros_perception/share/moveit_ros_perception/cmake/moveit_ros_perceptionConfig-version.cmake
[171.810s] -- Installing: /home/b/ws_moveit2/install/moveit_ros_perception/share/moveit_ros_perception/package.xml
[171.812s] Invoked command in '/home/b/ws_moveit2/build/moveit_ros_perception' returned '0': AMENT_PREFIX_PATH=/home/b/ws_moveit2/install/moveit_ros_planning:/home/b/ws_moveit2/install/moveit_ros_occupancy_map_monitor:/home/b/ws_moveit2/install/moveit_core:/home/b/ws_moveit2/install/moveit_resources_panda_moveit_config:/home/b/ws_moveit2/install/moveit_configs_utils:/home/b/ws_moveit2/install/srdfdom:/home/b/ws_moveit2/install/moveit_resources_pr2_description:/home/b/ws_moveit2/install/moveit_resources_panda_description:/home/b/ws_moveit2/install/moveit_common:/home/b/ws_moveit2/install/launch_param_builder:${AMENT_PREFIX_PATH} CMAKE_PREFIX_PATH=/home/b/ws_moveit2/install/moveit_ros_planning:/home/b/ws_moveit2/install/moveit_ros_occupancy_map_monitor:/home/b/ws_moveit2/install/moveit_core:/home/b/ws_moveit2/install/moveit_resources_panda_moveit_config:/home/b/ws_moveit2/install/srdfdom:/home/b/ws_moveit2/install/moveit_resources_pr2_description:/home/b/ws_moveit2/install/moveit_resources_panda_description:/home/b/ws_moveit2/install/moveit_common:/opt/ros/humble LD_LIBRARY_PATH=/home/b/ws_moveit2/install/moveit_ros_planning/lib:/home/b/ws_moveit2/install/moveit_ros_occupancy_map_monitor/lib:/home/b/ws_moveit2/install/moveit_core/lib:/home/b/ws_moveit2/install/srdfdom/lib:${LD_LIBRARY_PATH} PATH=/home/b/ws_moveit2/install/moveit_core/bin:${PATH} PYTHONPATH=/home/b/ws_moveit2/install/moveit_configs_utils/lib/python3.10/site-packages:/home/b/ws_moveit2/install/srdfdom/local/lib/python3.10/dist-packages:/home/b/ws_moveit2/install/launch_param_builder/lib/python3.10/site-packages:${PYTHONPATH} /usr/bin/cmake --install /home/b/ws_moveit2/build/moveit_ros_perception
