[0.036s] Invoking command in '/home/b/ws_moveit2/build/moveit_resources_panda_moveit_config': AMENT_PREFIX_PATH=/home/b/ws_moveit2/install/moveit_resources_panda_description:${AMENT_PREFIX_PATH} CMAKE_PREFIX_PATH=/home/b/ws_moveit2/install/moveit_resources_panda_description:/opt/ros/humble /usr/bin/cmake /home/b/ws_moveit2/src/moveit_resources/panda_moveit_config -DCMAKE_BUILD_TYPE=Release -DCMAKE_INSTALL_PREFIX=/home/b/ws_moveit2/install/moveit_resources_panda_moveit_config
[0.166s] -- The C compiler identification is GNU 11.4.0
[0.566s] -- The CXX compiler identification is GNU 11.4.0
[0.860s] -- Detecting C compiler ABI info
[1.006s] -- Detecting C compiler ABI info - done
[1.016s] -- Check for working C compiler: /usr/bin/cc - skipped
[1.016s] -- Detecting C compile features
[1.016s] -- Detecting C compile features - done
[1.018s] -- Detecting CXX compiler ABI info
[1.147s] -- Detecting CXX compiler ABI info - done
[1.155s] -- Check for working CXX compiler: /usr/bin/c++ - skipped
[1.156s] -- Detecting CXX compile features
[1.156s] -- Detecting CXX compile features - done
[1.158s] -- Found ament_cmake: 1.3.13 (/opt/ros/humble/share/ament_cmake/cmake)
[1.288s] -- Found Python3: /usr/bin/python3 (found version "3.10.12") found components: Interpreter 
[1.439s] -- Configuring done
[1.441s] -- Generating done
[1.442s] -- Build files have been written to: /home/b/ws_moveit2/build/moveit_resources_panda_moveit_config
[1.446s] Invoked command in '/home/b/ws_moveit2/build/moveit_resources_panda_moveit_config' returned '0': AMENT_PREFIX_PATH=/home/b/ws_moveit2/install/moveit_resources_panda_description:${AMENT_PREFIX_PATH} CMAKE_PREFIX_PATH=/home/b/ws_moveit2/install/moveit_resources_panda_description:/opt/ros/humble /usr/bin/cmake /home/b/ws_moveit2/src/moveit_resources/panda_moveit_config -DCMAKE_BUILD_TYPE=Release -DCMAKE_INSTALL_PREFIX=/home/b/ws_moveit2/install/moveit_resources_panda_moveit_config
[1.449s] Invoking command in '/home/b/ws_moveit2/build/moveit_resources_panda_moveit_config': AMENT_PREFIX_PATH=/home/b/ws_moveit2/install/moveit_resources_panda_description:${AMENT_PREFIX_PATH} CMAKE_PREFIX_PATH=/home/b/ws_moveit2/install/moveit_resources_panda_description:/opt/ros/humble /usr/bin/cmake --build /home/b/ws_moveit2/build/moveit_resources_panda_moveit_config -- -j12 -l12
[1.487s] Invoked command in '/home/b/ws_moveit2/build/moveit_resources_panda_moveit_config' returned '0': AMENT_PREFIX_PATH=/home/b/ws_moveit2/install/moveit_resources_panda_description:${AMENT_PREFIX_PATH} CMAKE_PREFIX_PATH=/home/b/ws_moveit2/install/moveit_resources_panda_description:/opt/ros/humble /usr/bin/cmake --build /home/b/ws_moveit2/build/moveit_resources_panda_moveit_config -- -j12 -l12
[1.490s] Invoking command in '/home/b/ws_moveit2/build/moveit_resources_panda_moveit_config': AMENT_PREFIX_PATH=/home/b/ws_moveit2/install/moveit_resources_panda_description:${AMENT_PREFIX_PATH} CMAKE_PREFIX_PATH=/home/b/ws_moveit2/install/moveit_resources_panda_description:/opt/ros/humble /usr/bin/cmake --install /home/b/ws_moveit2/build/moveit_resources_panda_moveit_config
[1.498s] -- Install configuration: "Release"
[1.499s] -- Installing: /home/b/ws_moveit2/install/moveit_resources_panda_moveit_config/share/ament_index/resource_index/package_run_dependencies/moveit_resources_panda_moveit_config
[1.500s] -- Installing: /home/b/ws_moveit2/install/moveit_resources_panda_moveit_config/share/ament_index/resource_index/parent_prefix_path/moveit_resources_panda_moveit_config
[1.501s] -- Installing: /home/b/ws_moveit2/install/moveit_resources_panda_moveit_config/share/moveit_resources_panda_moveit_config/environment/ament_prefix_path.sh
[1.501s] -- Installing: /home/b/ws_moveit2/install/moveit_resources_panda_moveit_config/share/moveit_resources_panda_moveit_config/environment/ament_prefix_path.dsv
[1.501s] -- Installing: /home/b/ws_moveit2/install/moveit_resources_panda_moveit_config/share/moveit_resources_panda_moveit_config/environment/path.sh
[1.501s] -- Installing: /home/b/ws_moveit2/install/moveit_resources_panda_moveit_config/share/moveit_resources_panda_moveit_config/environment/path.dsv
[1.501s] -- Installing: /home/b/ws_moveit2/install/moveit_resources_panda_moveit_config/share/moveit_resources_panda_moveit_config/local_setup.bash
[1.502s] -- Installing: /home/b/ws_moveit2/install/moveit_resources_panda_moveit_config/share/moveit_resources_panda_moveit_config/local_setup.sh
[1.502s] -- Installing: /home/b/ws_moveit2/install/moveit_resources_panda_moveit_config/share/moveit_resources_panda_moveit_config/local_setup.zsh
[1.502s] -- Installing: /home/b/ws_moveit2/install/moveit_resources_panda_moveit_config/share/moveit_resources_panda_moveit_config/local_setup.dsv
[1.502s] -- Installing: /home/b/ws_moveit2/install/moveit_resources_panda_moveit_config/share/moveit_resources_panda_moveit_config/package.dsv
[1.503s] -- Installing: /home/b/ws_moveit2/install/moveit_resources_panda_moveit_config/share/ament_index/resource_index/packages/moveit_resources_panda_moveit_config
[1.503s] -- Installing: /home/b/ws_moveit2/install/moveit_resources_panda_moveit_config/share/moveit_resources_panda_moveit_config/cmake/moveit_resources_panda_moveit_configConfig.cmake
[1.504s] -- Installing: /home/b/ws_moveit2/install/moveit_resources_panda_moveit_config/share/moveit_resources_panda_moveit_config/cmake/moveit_resources_panda_moveit_configConfig-version.cmake
[1.504s] -- Installing: /home/b/ws_moveit2/install/moveit_resources_panda_moveit_config/share/moveit_resources_panda_moveit_config/package.xml
[1.504s] -- Installing: /home/b/ws_moveit2/install/moveit_resources_panda_moveit_config/share/moveit_resources_panda_moveit_config/launch
[1.504s] -- Installing: /home/b/ws_moveit2/install/moveit_resources_panda_moveit_config/share/moveit_resources_panda_moveit_config/launch/moveit_empty.rviz
[1.505s] -- Installing: /home/b/ws_moveit2/install/moveit_resources_panda_moveit_config/share/moveit_resources_panda_moveit_config/launch/moveit.rviz
[1.505s] -- Installing: /home/b/ws_moveit2/install/moveit_resources_panda_moveit_config/share/moveit_resources_panda_moveit_config/launch/demo.launch.py
[1.505s] -- Installing: /home/b/ws_moveit2/install/moveit_resources_panda_moveit_config/share/moveit_resources_panda_moveit_config/launch/moveit_rviz.launch.py
[1.505s] -- Installing: /home/b/ws_moveit2/install/moveit_resources_panda_moveit_config/share/moveit_resources_panda_moveit_config/config
[1.506s] -- Installing: /home/b/ws_moveit2/install/moveit_resources_panda_moveit_config/share/moveit_resources_panda_moveit_config/config/panda_arm.srdf.xacro
[1.506s] -- Installing: /home/b/ws_moveit2/install/moveit_resources_panda_moveit_config/share/moveit_resources_panda_moveit_config/config/hand.xacro
[1.506s] -- Installing: /home/b/ws_moveit2/install/moveit_resources_panda_moveit_config/share/moveit_resources_panda_moveit_config/config/gripper_moveit_controllers.yaml
[1.506s] -- Installing: /home/b/ws_moveit2/install/moveit_resources_panda_moveit_config/share/moveit_resources_panda_moveit_config/config/joint_limits.yaml
[1.507s] -- Installing: /home/b/ws_moveit2/install/moveit_resources_panda_moveit_config/share/moveit_resources_panda_moveit_config/config/pilz_industrial_motion_planner_planning.yaml
[1.507s] -- Installing: /home/b/ws_moveit2/install/moveit_resources_panda_moveit_config/share/moveit_resources_panda_moveit_config/config/trajopt_planning.yaml
[1.507s] -- Installing: /home/b/ws_moveit2/install/moveit_resources_panda_moveit_config/share/moveit_resources_panda_moveit_config/config/panda_hand.ros2_control.xacro
[1.507s] -- Installing: /home/b/ws_moveit2/install/moveit_resources_panda_moveit_config/share/moveit_resources_panda_moveit_config/config/chomp_planning.yaml
[1.508s] -- Installing: /home/b/ws_moveit2/install/moveit_resources_panda_moveit_config/share/moveit_resources_panda_moveit_config/config/ros2_controllers.yaml
[1.508s] -- Installing: /home/b/ws_moveit2/install/moveit_resources_panda_moveit_config/share/moveit_resources_panda_moveit_config/config/panda_arm_hand.srdf.xacro
[1.508s] -- Installing: /home/b/ws_moveit2/install/moveit_resources_panda_moveit_config/share/moveit_resources_panda_moveit_config/config/ompl_planning.yaml
[1.508s] -- Installing: /home/b/ws_moveit2/install/moveit_resources_panda_moveit_config/share/moveit_resources_panda_moveit_config/config/lerp_planning.yaml
[1.508s] -- Installing: /home/b/ws_moveit2/install/moveit_resources_panda_moveit_config/share/moveit_resources_panda_moveit_config/config/panda.ros2_control.xacro
[1.509s] -- Installing: /home/b/ws_moveit2/install/moveit_resources_panda_moveit_config/share/moveit_resources_panda_moveit_config/config/pilz_cartesian_limits.yaml
[1.509s] -- Installing: /home/b/ws_moveit2/install/moveit_resources_panda_moveit_config/share/moveit_resources_panda_moveit_config/config/moveit_controllers.yaml
[1.509s] -- Installing: /home/b/ws_moveit2/install/moveit_resources_panda_moveit_config/share/moveit_resources_panda_moveit_config/config/initial_positions.yaml
[1.511s] -- Installing: /home/b/ws_moveit2/install/moveit_resources_panda_moveit_config/share/moveit_resources_panda_moveit_config/config/panda.urdf.xacro
[1.513s] -- Installing: /home/b/ws_moveit2/install/moveit_resources_panda_moveit_config/share/moveit_resources_panda_moveit_config/config/sensors_kinect_depthmap.yaml
[1.513s] -- Installing: /home/b/ws_moveit2/install/moveit_resources_panda_moveit_config/share/moveit_resources_panda_moveit_config/config/panda.srdf
[1.514s] -- Installing: /home/b/ws_moveit2/install/moveit_resources_panda_moveit_config/share/moveit_resources_panda_moveit_config/config/sensors_kinect_pointcloud.yaml
[1.514s] -- Installing: /home/b/ws_moveit2/install/moveit_resources_panda_moveit_config/share/moveit_resources_panda_moveit_config/config/panda_arm.xacro
[1.514s] -- Installing: /home/b/ws_moveit2/install/moveit_resources_panda_moveit_config/share/moveit_resources_panda_moveit_config/config/kinematics.yaml
[1.515s] -- Installing: /home/b/ws_moveit2/install/moveit_resources_panda_moveit_config/share/moveit_resources_panda_moveit_config/.setup_assistant
[1.515s] Invoked command in '/home/b/ws_moveit2/build/moveit_resources_panda_moveit_config' returned '0': AMENT_PREFIX_PATH=/home/b/ws_moveit2/install/moveit_resources_panda_description:${AMENT_PREFIX_PATH} CMAKE_PREFIX_PATH=/home/b/ws_moveit2/install/moveit_resources_panda_description:/opt/ros/humble /usr/bin/cmake --install /home/b/ws_moveit2/build/moveit_resources_panda_moveit_config
