[ 50%] Built target move_to_position_testing
[100%] Built target move_to_position
-- Install configuration: ""
-- Execute custom install script
-- Up-to-date symlink: /home/b/ws_moveit2/install/ur3e_motion_cpp/lib/ur3e_motion_cpp/move_to_position
-- Up-to-date symlink: /home/b/ws_moveit2/install/ur3e_motion_cpp/lib/ur3e_motion_cpp/move_to_position_testing
-- Up-to-date symlink: /home/b/ws_moveit2/install/ur3e_motion_cpp/share/ur3e_motion_cpp/launch/move_to_position.launch.py
-- Up-to-date symlink: /home/b/ws_moveit2/install/ur3e_motion_cpp/share/ament_index/resource_index/package_run_dependencies/ur3e_motion_cpp
-- Up-to-date symlink: /home/b/ws_moveit2/install/ur3e_motion_cpp/share/ament_index/resource_index/parent_prefix_path/ur3e_motion_cpp
-- Up-to-date symlink: /home/b/ws_moveit2/install/ur3e_motion_cpp/share/ur3e_motion_cpp/environment/ament_prefix_path.sh
-- Up-to-date symlink: /home/b/ws_moveit2/install/ur3e_motion_cpp/share/ur3e_motion_cpp/environment/ament_prefix_path.dsv
-- Up-to-date symlink: /home/b/ws_moveit2/install/ur3e_motion_cpp/share/ur3e_motion_cpp/environment/path.sh
-- Up-to-date symlink: /home/b/ws_moveit2/install/ur3e_motion_cpp/share/ur3e_motion_cpp/environment/path.dsv
-- Up-to-date symlink: /home/b/ws_moveit2/install/ur3e_motion_cpp/share/ur3e_motion_cpp/local_setup.bash
-- Up-to-date symlink: /home/b/ws_moveit2/install/ur3e_motion_cpp/share/ur3e_motion_cpp/local_setup.sh
-- Up-to-date symlink: /home/b/ws_moveit2/install/ur3e_motion_cpp/share/ur3e_motion_cpp/local_setup.zsh
-- Up-to-date symlink: /home/b/ws_moveit2/install/ur3e_motion_cpp/share/ur3e_motion_cpp/local_setup.dsv
-- Symlinking: /home/b/ws_moveit2/install/ur3e_motion_cpp/share/ur3e_motion_cpp/package.dsv
-- Up-to-date symlink: /home/b/ws_moveit2/install/ur3e_motion_cpp/share/ament_index/resource_index/packages/ur3e_motion_cpp
-- Up-to-date symlink: /home/b/ws_moveit2/install/ur3e_motion_cpp/share/ur3e_motion_cpp/cmake/ur3e_motion_cppConfig.cmake
-- Up-to-date symlink: /home/b/ws_moveit2/install/ur3e_motion_cpp/share/ur3e_motion_cpp/cmake/ur3e_motion_cppConfig-version.cmake
-- Up-to-date symlink: /home/b/ws_moveit2/install/ur3e_motion_cpp/share/ur3e_motion_cpp/package.xml
