[0.046s] Invoking command in '/home/b/ws_moveit2/build/moveit_resources_panda_description': CMAKE_PREFIX_PATH=/opt/ros/humble /usr/bin/cmake /home/b/ws_moveit2/src/moveit_resources/panda_description -DCMAKE_BUILD_TYPE=Release -DCMAKE_INSTALL_PREFIX=/home/b/ws_moveit2/install/moveit_resources_panda_description
[0.297s] -- The C compiler identification is GNU 11.4.0
[0.657s] -- The CXX compiler identification is GNU 11.4.0
[0.932s] -- Detecting C compiler ABI info
[1.049s] -- Detecting C compiler ABI info - done
[1.059s] -- Check for working C compiler: /usr/bin/cc - skipped
[1.060s] -- Detecting C compile features
[1.060s] -- Detecting C compile features - done
[1.064s] -- Detecting CXX compiler ABI info
[1.199s] -- Detecting CXX compiler ABI info - done
[1.205s] -- Check for working CXX compiler: /usr/bin/c++ - skipped
[1.206s] -- Detecting CXX compile features
[1.206s] -- Detecting CXX compile features - done
[1.208s] -- Found ament_cmake: 1.3.13 (/opt/ros/humble/share/ament_cmake/cmake)
[1.412s] -- Found Python3: /usr/bin/python3 (found version "3.10.12") found components: Interpreter 
[1.676s] -- Configuring done
[1.679s] -- Generating done
[1.682s] -- Build files have been written to: /home/b/ws_moveit2/build/moveit_resources_panda_description
[1.695s] Invoked command in '/home/b/ws_moveit2/build/moveit_resources_panda_description' returned '0': CMAKE_PREFIX_PATH=/opt/ros/humble /usr/bin/cmake /home/b/ws_moveit2/src/moveit_resources/panda_description -DCMAKE_BUILD_TYPE=Release -DCMAKE_INSTALL_PREFIX=/home/b/ws_moveit2/install/moveit_resources_panda_description
[1.697s] Invoking command in '/home/b/ws_moveit2/build/moveit_resources_panda_description': CMAKE_PREFIX_PATH=/opt/ros/humble /usr/bin/cmake --build /home/b/ws_moveit2/build/moveit_resources_panda_description -- -j12 -l12
[1.764s] Invoked command in '/home/b/ws_moveit2/build/moveit_resources_panda_description' returned '0': CMAKE_PREFIX_PATH=/opt/ros/humble /usr/bin/cmake --build /home/b/ws_moveit2/build/moveit_resources_panda_description -- -j12 -l12
[1.782s] Invoking command in '/home/b/ws_moveit2/build/moveit_resources_panda_description': CMAKE_PREFIX_PATH=/opt/ros/humble /usr/bin/cmake --install /home/b/ws_moveit2/build/moveit_resources_panda_description
[1.788s] -- Install configuration: "Release"
[1.789s] -- Installing: /home/b/ws_moveit2/install/moveit_resources_panda_description/share/ament_index/resource_index/package_run_dependencies/moveit_resources_panda_description
[1.790s] -- Installing: /home/b/ws_moveit2/install/moveit_resources_panda_description/share/ament_index/resource_index/parent_prefix_path/moveit_resources_panda_description
[1.792s] -- Installing: /home/b/ws_moveit2/install/moveit_resources_panda_description/share/moveit_resources_panda_description/environment/ament_prefix_path.sh
[1.792s] -- Installing: /home/b/ws_moveit2/install/moveit_resources_panda_description/share/moveit_resources_panda_description/environment/ament_prefix_path.dsv
[1.792s] -- Installing: /home/b/ws_moveit2/install/moveit_resources_panda_description/share/moveit_resources_panda_description/environment/path.sh
[1.792s] -- Installing: /home/b/ws_moveit2/install/moveit_resources_panda_description/share/moveit_resources_panda_description/environment/path.dsv
[1.793s] -- Installing: /home/b/ws_moveit2/install/moveit_resources_panda_description/share/moveit_resources_panda_description/local_setup.bash
[1.793s] -- Installing: /home/b/ws_moveit2/install/moveit_resources_panda_description/share/moveit_resources_panda_description/local_setup.sh
[1.794s] -- Installing: /home/b/ws_moveit2/install/moveit_resources_panda_description/share/moveit_resources_panda_description/local_setup.zsh
[1.794s] -- Installing: /home/b/ws_moveit2/install/moveit_resources_panda_description/share/moveit_resources_panda_description/local_setup.dsv
[1.794s] -- Installing: /home/b/ws_moveit2/install/moveit_resources_panda_description/share/moveit_resources_panda_description/package.dsv
[1.794s] -- Installing: /home/b/ws_moveit2/install/moveit_resources_panda_description/share/ament_index/resource_index/packages/moveit_resources_panda_description
[1.795s] -- Installing: /home/b/ws_moveit2/install/moveit_resources_panda_description/share/moveit_resources_panda_description/cmake/moveit_resources_panda_descriptionConfig.cmake
[1.795s] -- Installing: /home/b/ws_moveit2/install/moveit_resources_panda_description/share/moveit_resources_panda_description/cmake/moveit_resources_panda_descriptionConfig-version.cmake
[1.795s] -- Installing: /home/b/ws_moveit2/install/moveit_resources_panda_description/share/moveit_resources_panda_description/package.xml
[1.795s] -- Installing: /home/b/ws_moveit2/install/moveit_resources_panda_description/share/moveit_resources_panda_description/meshes
[1.796s] -- Installing: /home/b/ws_moveit2/install/moveit_resources_panda_description/share/moveit_resources_panda_description/meshes/visual
[1.796s] -- Installing: /home/b/ws_moveit2/install/moveit_resources_panda_description/share/moveit_resources_panda_description/meshes/visual/link6.dae
[1.797s] -- Installing: /home/b/ws_moveit2/install/moveit_resources_panda_description/share/moveit_resources_panda_description/meshes/visual/link0.dae
[1.801s] -- Installing: /home/b/ws_moveit2/install/moveit_resources_panda_description/share/moveit_resources_panda_description/meshes/visual/link4.dae
[1.801s] -- Installing: /home/b/ws_moveit2/install/moveit_resources_panda_description/share/moveit_resources_panda_description/meshes/visual/finger.dae
[1.804s] -- Installing: /home/b/ws_moveit2/install/moveit_resources_panda_description/share/moveit_resources_panda_description/meshes/visual/link2.dae
[1.805s] -- Installing: /home/b/ws_moveit2/install/moveit_resources_panda_description/share/moveit_resources_panda_description/meshes/visual/link5.dae
[1.805s] -- Installing: /home/b/ws_moveit2/install/moveit_resources_panda_description/share/moveit_resources_panda_description/meshes/visual/link3.dae
[1.807s] -- Installing: /home/b/ws_moveit2/install/moveit_resources_panda_description/share/moveit_resources_panda_description/meshes/visual/hand.dae
[1.808s] -- Installing: /home/b/ws_moveit2/install/moveit_resources_panda_description/share/moveit_resources_panda_description/meshes/visual/link7.dae
[1.809s] -- Installing: /home/b/ws_moveit2/install/moveit_resources_panda_description/share/moveit_resources_panda_description/meshes/visual/link1.dae
[1.810s] -- Installing: /home/b/ws_moveit2/install/moveit_resources_panda_description/share/moveit_resources_panda_description/meshes/collision
[1.811s] -- Installing: /home/b/ws_moveit2/install/moveit_resources_panda_description/share/moveit_resources_panda_description/meshes/collision/finger.stl
[1.811s] -- Installing: /home/b/ws_moveit2/install/moveit_resources_panda_description/share/moveit_resources_panda_description/meshes/collision/link1.stl
[1.811s] -- Installing: /home/b/ws_moveit2/install/moveit_resources_panda_description/share/moveit_resources_panda_description/meshes/collision/link2.stl
[1.811s] -- Installing: /home/b/ws_moveit2/install/moveit_resources_panda_description/share/moveit_resources_panda_description/meshes/collision/link0.stl
[1.811s] -- Installing: /home/b/ws_moveit2/install/moveit_resources_panda_description/share/moveit_resources_panda_description/meshes/collision/hand.stl
[1.811s] -- Installing: /home/b/ws_moveit2/install/moveit_resources_panda_description/share/moveit_resources_panda_description/meshes/collision/link3.stl
[1.811s] -- Installing: /home/b/ws_moveit2/install/moveit_resources_panda_description/share/moveit_resources_panda_description/meshes/collision/link7.stl
[1.811s] -- Installing: /home/b/ws_moveit2/install/moveit_resources_panda_description/share/moveit_resources_panda_description/meshes/collision/link5.stl
[1.811s] -- Installing: /home/b/ws_moveit2/install/moveit_resources_panda_description/share/moveit_resources_panda_description/meshes/collision/link6.stl
[1.811s] -- Installing: /home/b/ws_moveit2/install/moveit_resources_panda_description/share/moveit_resources_panda_description/meshes/collision/link4.stl
[1.811s] -- Installing: /home/b/ws_moveit2/install/moveit_resources_panda_description/share/moveit_resources_panda_description/urdf
[1.811s] -- Installing: /home/b/ws_moveit2/install/moveit_resources_panda_description/share/moveit_resources_panda_description/urdf/panda.urdf
[1.817s] Invoked command in '/home/b/ws_moveit2/build/moveit_resources_panda_description' returned '0': CMAKE_PREFIX_PATH=/opt/ros/humble /usr/bin/cmake --install /home/b/ws_moveit2/build/moveit_resources_panda_description
