[0.106s] Invoking command in '/home/b/ws_moveit2/build/moveit_common': CMAKE_PREFIX_PATH=${CMAKE_PREFIX_PATH}:/home/b/ws_moveit2/install/ur3e_motion:/home/b/ws_moveit2/install/moveit_configs_utils:/home/b/ws_moveit2/install/launch_param_builder:/opt/ros/humble /usr/bin/cmake /home/b/ws_moveit2/src/moveit2/moveit_common -DCMAKE_INSTALL_PREFIX=/home/b/ws_moveit2/install/moveit_common
[0.645s] -- Found ament_cmake: 1.3.13 (/opt/ros/humble/share/ament_cmake/cmake)
[0.645s] -- Found ament_lint_auto: 0.12.15 (/opt/ros/humble/share/ament_lint_auto/cmake)
[0.719s] -- Added test 'copyright' to check source files copyright and LICENSE
[0.725s] -- Added test 'lint_cmake' to check CMake code style
[0.729s] -- Added test 'xmllint' to check XML markup files
[0.735s] -- Configuring done
[0.750s] -- Generating done
[0.753s] -- Build files have been written to: /home/b/ws_moveit2/build/moveit_common
[0.760s] Invoked command in '/home/b/ws_moveit2/build/moveit_common' returned '0': CMAKE_PREFIX_PATH=${CMAKE_PREFIX_PATH}:/home/b/ws_moveit2/install/ur3e_motion:/home/b/ws_moveit2/install/moveit_configs_utils:/home/b/ws_moveit2/install/launch_param_builder:/opt/ros/humble /usr/bin/cmake /home/b/ws_moveit2/src/moveit2/moveit_common -DCMAKE_INSTALL_PREFIX=/home/b/ws_moveit2/install/moveit_common
[0.761s] Invoking command in '/home/b/ws_moveit2/build/moveit_common': CMAKE_PREFIX_PATH=${CMAKE_PREFIX_PATH}:/home/b/ws_moveit2/install/ur3e_motion:/home/b/ws_moveit2/install/moveit_configs_utils:/home/b/ws_moveit2/install/launch_param_builder:/opt/ros/humble /usr/bin/cmake --build /home/b/ws_moveit2/build/moveit_common -- -j12 -l12
[1.069s] Invoked command in '/home/b/ws_moveit2/build/moveit_common' returned '0': CMAKE_PREFIX_PATH=${CMAKE_PREFIX_PATH}:/home/b/ws_moveit2/install/ur3e_motion:/home/b/ws_moveit2/install/moveit_configs_utils:/home/b/ws_moveit2/install/launch_param_builder:/opt/ros/humble /usr/bin/cmake --build /home/b/ws_moveit2/build/moveit_common -- -j12 -l12
[1.072s] Invoking command in '/home/b/ws_moveit2/build/moveit_common': CMAKE_PREFIX_PATH=${CMAKE_PREFIX_PATH}:/home/b/ws_moveit2/install/ur3e_motion:/home/b/ws_moveit2/install/moveit_configs_utils:/home/b/ws_moveit2/install/launch_param_builder:/opt/ros/humble /usr/bin/cmake --install /home/b/ws_moveit2/build/moveit_common
[1.090s] -- Install configuration: "Release"
[1.090s] -- Up-to-date: /home/b/ws_moveit2/install/moveit_common/share/ament_index/resource_index/package_run_dependencies/moveit_common
[1.092s] -- Installing: /home/b/ws_moveit2/install/moveit_common/share/ament_index/resource_index/parent_prefix_path/moveit_common
[1.093s] -- Up-to-date: /home/b/ws_moveit2/install/moveit_common/share/moveit_common/environment/ament_prefix_path.sh
[1.094s] -- Installing: /home/b/ws_moveit2/install/moveit_common/share/moveit_common/environment/ament_prefix_path.dsv
[1.094s] -- Up-to-date: /home/b/ws_moveit2/install/moveit_common/share/moveit_common/environment/path.sh
[1.095s] -- Installing: /home/b/ws_moveit2/install/moveit_common/share/moveit_common/environment/path.dsv
[1.095s] -- Up-to-date: /home/b/ws_moveit2/install/moveit_common/share/moveit_common/local_setup.bash
[1.096s] -- Up-to-date: /home/b/ws_moveit2/install/moveit_common/share/moveit_common/local_setup.sh
[1.096s] -- Up-to-date: /home/b/ws_moveit2/install/moveit_common/share/moveit_common/local_setup.zsh
[1.097s] -- Installing: /home/b/ws_moveit2/install/moveit_common/share/moveit_common/local_setup.dsv
[1.098s] -- Installing: /home/b/ws_moveit2/install/moveit_common/share/moveit_common/package.dsv
[1.098s] -- Up-to-date: /home/b/ws_moveit2/install/moveit_common/share/ament_index/resource_index/packages/moveit_common
[1.100s] -- Up-to-date: /home/b/ws_moveit2/install/moveit_common/share/moveit_common/cmake/moveit_common-extras.cmake
[1.100s] -- Up-to-date: /home/b/ws_moveit2/install/moveit_common/share/moveit_common/cmake/moveit_commonConfig.cmake
[1.100s] -- Up-to-date: /home/b/ws_moveit2/install/moveit_common/share/moveit_common/cmake/moveit_commonConfig-version.cmake
[1.101s] -- Up-to-date: /home/b/ws_moveit2/install/moveit_common/share/moveit_common/package.xml
[1.101s] -- Up-to-date: /home/b/ws_moveit2/install/moveit_common/share/moveit_common/cmake
[1.101s] -- Up-to-date: /home/b/ws_moveit2/install/moveit_common/share/moveit_common/cmake/moveit_package.cmake
[1.127s] Invoked command in '/home/b/ws_moveit2/build/moveit_common' returned '0': CMAKE_PREFIX_PATH=${CMAKE_PREFIX_PATH}:/home/b/ws_moveit2/install/ur3e_motion:/home/b/ws_moveit2/install/moveit_configs_utils:/home/b/ws_moveit2/install/launch_param_builder:/opt/ros/humble /usr/bin/cmake --install /home/b/ws_moveit2/build/moveit_common
