[0.035s] Invoking command in '/home/b/ws_moveit2/src/build/moveit_resources_panda_description': CMAKE_PREFIX_PATH=/opt/ros/humble /usr/bin/cmake /home/b/ws_moveit2/src/moveit_resources/panda_description -DCMAKE_INSTALL_PREFIX=/home/b/ws_moveit2/src/install/moveit_resources_panda_description
[0.269s] -- The C compiler identification is GNU 11.4.0
[0.564s] -- The CXX compiler identification is GNU 11.4.0
[0.780s] -- Detecting C compiler ABI info
[0.888s] -- Detecting C compiler ABI info - done
[0.893s] -- Check for working C compiler: /usr/bin/cc - skipped
[0.893s] -- Detecting C compile features
[0.894s] -- Detecting C compile features - done
[0.898s] -- Detecting CXX compiler ABI info
[1.068s] -- Detecting CXX compiler ABI info - done
[1.077s] -- Check for working CXX compiler: /usr/bin/c++ - skipped
[1.077s] -- Detecting CXX compile features
[1.078s] -- Detecting CXX compile features - done
[1.080s] -- Found ament_cmake: 1.3.13 (/opt/ros/humble/share/ament_cmake/cmake)
[1.229s] -- Found Python3: /usr/bin/python3 (found version "3.10.12") found components: Interpreter 
[1.371s] -- Configuring done
[1.376s] -- Generating done
[1.378s] -- Build files have been written to: /home/b/ws_moveit2/src/build/moveit_resources_panda_description
[1.384s] Invoked command in '/home/b/ws_moveit2/src/build/moveit_resources_panda_description' returned '0': CMAKE_PREFIX_PATH=/opt/ros/humble /usr/bin/cmake /home/b/ws_moveit2/src/moveit_resources/panda_description -DCMAKE_INSTALL_PREFIX=/home/b/ws_moveit2/src/install/moveit_resources_panda_description
[1.404s] Invoking command in '/home/b/ws_moveit2/src/build/moveit_resources_panda_description': CMAKE_PREFIX_PATH=/opt/ros/humble /usr/bin/cmake --build /home/b/ws_moveit2/src/build/moveit_resources_panda_description -- -j12 -l12
[1.427s] Invoked command in '/home/b/ws_moveit2/src/build/moveit_resources_panda_description' returned '0': CMAKE_PREFIX_PATH=/opt/ros/humble /usr/bin/cmake --build /home/b/ws_moveit2/src/build/moveit_resources_panda_description -- -j12 -l12
[1.429s] Invoking command in '/home/b/ws_moveit2/src/build/moveit_resources_panda_description': CMAKE_PREFIX_PATH=/opt/ros/humble /usr/bin/cmake --install /home/b/ws_moveit2/src/build/moveit_resources_panda_description
[1.435s] -- Install configuration: ""
[1.438s] -- Installing: /home/b/ws_moveit2/src/install/moveit_resources_panda_description/share/ament_index/resource_index/package_run_dependencies/moveit_resources_panda_description
[1.439s] -- Installing: /home/b/ws_moveit2/src/install/moveit_resources_panda_description/share/ament_index/resource_index/parent_prefix_path/moveit_resources_panda_description
[1.439s] -- Installing: /home/b/ws_moveit2/src/install/moveit_resources_panda_description/share/moveit_resources_panda_description/environment/ament_prefix_path.sh
[1.440s] -- Installing: /home/b/ws_moveit2/src/install/moveit_resources_panda_description/share/moveit_resources_panda_description/environment/ament_prefix_path.dsv
[1.441s] -- Installing: /home/b/ws_moveit2/src/install/moveit_resources_panda_description/share/moveit_resources_panda_description/environment/path.sh
[1.442s] -- Installing: /home/b/ws_moveit2/src/install/moveit_resources_panda_description/share/moveit_resources_panda_description/environment/path.dsv
[1.444s] -- Installing: /home/b/ws_moveit2/src/install/moveit_resources_panda_description/share/moveit_resources_panda_description/local_setup.bash
[1.444s] -- Installing: /home/b/ws_moveit2/src/install/moveit_resources_panda_description/share/moveit_resources_panda_description/local_setup.sh
[1.445s] -- Installing: /home/b/ws_moveit2/src/install/moveit_resources_panda_description/share/moveit_resources_panda_description/local_setup.zsh
[1.445s] -- Installing: /home/b/ws_moveit2/src/install/moveit_resources_panda_description/share/moveit_resources_panda_description/local_setup.dsv
[1.445s] -- Installing: /home/b/ws_moveit2/src/install/moveit_resources_panda_description/share/moveit_resources_panda_description/package.dsv
[1.446s] -- Installing: /home/b/ws_moveit2/src/install/moveit_resources_panda_description/share/ament_index/resource_index/packages/moveit_resources_panda_description
[1.446s] -- Installing: /home/b/ws_moveit2/src/install/moveit_resources_panda_description/share/moveit_resources_panda_description/cmake/moveit_resources_panda_descriptionConfig.cmake
[1.446s] -- Installing: /home/b/ws_moveit2/src/install/moveit_resources_panda_description/share/moveit_resources_panda_description/cmake/moveit_resources_panda_descriptionConfig-version.cmake
[1.446s] -- Installing: /home/b/ws_moveit2/src/install/moveit_resources_panda_description/share/moveit_resources_panda_description/package.xml
[1.446s] -- Installing: /home/b/ws_moveit2/src/install/moveit_resources_panda_description/share/moveit_resources_panda_description/meshes
[1.446s] -- Installing: /home/b/ws_moveit2/src/install/moveit_resources_panda_description/share/moveit_resources_panda_description/meshes/visual
[1.446s] -- Installing: /home/b/ws_moveit2/src/install/moveit_resources_panda_description/share/moveit_resources_panda_description/meshes/visual/link6.dae
[1.449s] -- Installing: /home/b/ws_moveit2/src/install/moveit_resources_panda_description/share/moveit_resources_panda_description/meshes/visual/link0.dae
[1.453s] -- Installing: /home/b/ws_moveit2/src/install/moveit_resources_panda_description/share/moveit_resources_panda_description/meshes/visual/link4.dae
[1.457s] -- Installing: /home/b/ws_moveit2/src/install/moveit_resources_panda_description/share/moveit_resources_panda_description/meshes/visual/finger.dae
[1.460s] -- Installing: /home/b/ws_moveit2/src/install/moveit_resources_panda_description/share/moveit_resources_panda_description/meshes/visual/link2.dae
[1.461s] -- Installing: /home/b/ws_moveit2/src/install/moveit_resources_panda_description/share/moveit_resources_panda_description/meshes/visual/link5.dae
[1.466s] -- Installing: /home/b/ws_moveit2/src/install/moveit_resources_panda_description/share/moveit_resources_panda_description/meshes/visual/link3.dae
[1.469s] -- Installing: /home/b/ws_moveit2/src/install/moveit_resources_panda_description/share/moveit_resources_panda_description/meshes/visual/hand.dae
[1.471s] -- Installing: /home/b/ws_moveit2/src/install/moveit_resources_panda_description/share/moveit_resources_panda_description/meshes/visual/link7.dae
[1.472s] -- Installing: /home/b/ws_moveit2/src/install/moveit_resources_panda_description/share/moveit_resources_panda_description/meshes/visual/link1.dae
[1.477s] -- Installing: /home/b/ws_moveit2/src/install/moveit_resources_panda_description/share/moveit_resources_panda_description/meshes/collision
[1.477s] -- Installing: /home/b/ws_moveit2/src/install/moveit_resources_panda_description/share/moveit_resources_panda_description/meshes/collision/finger.stl
[1.478s] -- Installing: /home/b/ws_moveit2/src/install/moveit_resources_panda_description/share/moveit_resources_panda_description/meshes/collision/link1.stl
[1.478s] -- Installing: /home/b/ws_moveit2/src/install/moveit_resources_panda_description/share/moveit_resources_panda_description/meshes/collision/link2.stl
[1.478s] -- Installing: /home/b/ws_moveit2/src/install/moveit_resources_panda_description/share/moveit_resources_panda_description/meshes/collision/link0.stl
[1.479s] -- Installing: /home/b/ws_moveit2/src/install/moveit_resources_panda_description/share/moveit_resources_panda_description/meshes/collision/hand.stl
[1.479s] -- Installing: /home/b/ws_moveit2/src/install/moveit_resources_panda_description/share/moveit_resources_panda_description/meshes/collision/link3.stl
[1.479s] -- Installing: /home/b/ws_moveit2/src/install/moveit_resources_panda_description/share/moveit_resources_panda_description/meshes/collision/link7.stl
[1.479s] -- Installing: /home/b/ws_moveit2/src/install/moveit_resources_panda_description/share/moveit_resources_panda_description/meshes/collision/link5.stl
[1.480s] -- Installing: /home/b/ws_moveit2/src/install/moveit_resources_panda_description/share/moveit_resources_panda_description/meshes/collision/link6.stl
[1.480s] -- Installing: /home/b/ws_moveit2/src/install/moveit_resources_panda_description/share/moveit_resources_panda_description/meshes/collision/link4.stl
[1.481s] -- Installing: /home/b/ws_moveit2/src/install/moveit_resources_panda_description/share/moveit_resources_panda_description/urdf
[1.482s] -- Installing: /home/b/ws_moveit2/src/install/moveit_resources_panda_description/share/moveit_resources_panda_description/urdf/panda.urdf
[1.499s] Invoked command in '/home/b/ws_moveit2/src/build/moveit_resources_panda_description' returned '0': CMAKE_PREFIX_PATH=/opt/ros/humble /usr/bin/cmake --install /home/b/ws_moveit2/src/build/moveit_resources_panda_description
